V01 PASS
V02 PASS
V03 PASS
V04 PASS
[
  {
    "id": "V01",
    "name": "CR010 unknown/empty metric layout and bilingual copy at 320px",
    "result": "PASS"
  },
  {
    "id": "V02",
    "name": "CR010 populated/zero/observing data: both periods, languages, four widths",
    "result": "PASS"
  },
  {
    "id": "V03",
    "name": "CR010 Firefox/WebKit layout, language switching and timestamp hydration",
    "result": "PASS"
  },
  {
    "id": "V04",
    "name": "Scoped accessibility and runtime errors",
    "result": "PASS"
  }
]
