V11 FAIL
V12 PASS
V13 PASS
V14 PASS
[
  {
    "id": "V11",
    "name": "Inherited library exact-target search, pagination, paused batches and title exclusion",
    "result": "FAIL",
    "error": "Error: expect(received).toBe(expected) // Object.is equality\n\nExpected: 200\nReceived: 422"
  },
  {
    "id": "V12",
    "name": "Administrator opens actual user library and current title; all content write/impersonation routes deny access",
    "result": "PASS"
  },
  {
    "id": "V13",
    "name": "Account UI language persists across a new login with opposite browser locale",
    "result": "PASS"
  },
  {
    "id": "V14",
    "name": "Administrator password reset validates confirmation and revokes all target sessions only",
    "result": "PASS"
  }
]
