{"time":"2026-09-28T15:58:31.39546+08:00","level":"INFO","msg":"server_build","provenance":"unavailable"}
{"time":"2026-09-28T15:58:31.757317+08:00","level":"INFO","msg":"http_request","request_id":"req__CS5hW6pcJOqqukezYE-_w","method":"GET","route":"/health/ready","status":200,"duration_ms":0}
{"time":"2026-09-28T15:58:31.933331+08:00","level":"INFO","msg":"http_request","request_id":"req_miJ2qiQ-RLRTl5o39C61mg","method":"GET","route":"/api/v1/bootstrap","status":200,"duration_ms":1}
{"time":"2026-09-28T15:58:32.583246+08:00","level":"INFO","msg":"http_request","request_id":"req_iGT7vzPgqTvEUsYOksucmA","method":"GET","route":"/api/v1/bootstrap","status":200,"duration_ms":0}
{"time":"2026-09-28T15:58:32.681801+08:00","level":"INFO","msg":"http_request","request_id":"req_QuOijVqGRxeu6T3nv4CAKA","method":"POST","route":"/api/v1/auth/login","status":200,"duration_ms":85}
{"time":"2026-09-28T15:58:32.685632+08:00","level":"INFO","msg":"http_request","request_id":"req_2jePm5Y1dBHAgqaAxPX4dw","method":"GET","route":"/api/v1/bootstrap","status":200,"duration_ms":0}
{"time":"2026-09-28T15:58:32.688885+08:00","level":"INFO","msg":"http_request","request_id":"req_RADP8idPFNKOe3JV0KgGfg","method":"PUT","route":"/api/v1/me/ui-locale","status":200,"duration_ms":1}
{"time":"2026-09-28T15:58:32.697411+08:00","level":"INFO","msg":"http_request","request_id":"req_LODoJ1LDgwhdSwJpZa2WKA","method":"GET","route":"/api/v1/me/growth","status":200,"duration_ms":6}
{"time":"2026-09-28T15:58:32.70293+08:00","level":"INFO","msg":"http_request","request_id":"req_u4m4PnIXmZ-pgmlSJmMKaQ","method":"GET","route":"/api/v1/me/items","status":200,"duration_ms":2}
{"time":"2026-09-28T15:58:33.092812+08:00","level":"INFO","msg":"http_request","request_id":"req_G6Mo6mczxeKXD1IFVsVBwg","method":"GET","route":"/api/v1/bootstrap","status":200,"duration_ms":0}
{"time":"2026-09-28T15:58:33.096522+08:00","level":"INFO","msg":"http_request","request_id":"req_WWGDBwkBkfZKGTfWkB81tw","method":"GET","route":"/api/v1/me/account","status":200,"duration_ms":1}
{"time":"2026-09-28T15:58:33.103755+08:00","level":"INFO","msg":"http_request","request_id":"req__sOf3ZxBL0-hWUe3-9lpSA","method":"GET","route":"/api/v1/me/items","status":200,"duration_ms":1}
{"time":"2026-09-28T15:58:33.112871+08:00","level":"INFO","msg":"http_request","request_id":"req_C7auKBNJTqah75SxLP5sLQ","method":"GET","route":"/api/v1/me/growth","status":200,"duration_ms":10}
{"time":"2026-09-28T15:58:33.238866+08:00","level":"INFO","msg":"http_request","request_id":"req_mx2cVf61XRNEkjAT63EKuA","method":"GET","route":"/api/v1/bootstrap","status":200,"duration_ms":0}
{"time":"2026-09-28T15:58:33.24976+08:00","level":"INFO","msg":"http_request","request_id":"req_1PhVVBNbxumr0U80_JmF9g","method":"POST","route":"/api/v1/analytics/events","status":204,"duration_ms":6}
{"time":"2026-09-28T15:58:33.845855+08:00","level":"INFO","msg":"http_request","request_id":"req_8y_A6DW41x9EukF8u0Pp6A","method":"GET","route":"/api/v1/bootstrap","status":200,"duration_ms":0}
{"time":"2026-09-28T15:58:33.926749+08:00","level":"INFO","msg":"http_request","request_id":"req_e_RuZ1E4ex6FqpfYZkn0nQ","method":"POST","route":"/api/v1/auth/login","status":200,"duration_ms":78}
{"time":"2026-09-28T15:58:33.929516+08:00","level":"INFO","msg":"http_request","request_id":"req_IkQXJhxVJ_QmmEcrzYi64w","method":"GET","route":"/api/v1/bootstrap","status":200,"duration_ms":0}
{"time":"2026-09-28T15:58:33.932581+08:00","level":"INFO","msg":"http_request","request_id":"req_3xyLr9dlwSgfZcJJI76bIw","method":"PUT","route":"/api/v1/me/ui-locale","status":200,"duration_ms":1}
{"time":"2026-09-28T15:58:33.937082+08:00","level":"INFO","msg":"http_request","request_id":"req_Rqq6fc6-4vbFaE5BrhG0nw","method":"GET","route":"/api/v1/me/growth","status":200,"duration_ms":2}
{"time":"2026-09-28T15:58:33.940768+08:00","level":"INFO","msg":"http_request","request_id":"req_PlwKq04iQ_TE7uZVjqKD7w","method":"GET","route":"/api/v1/me/items","status":200,"duration_ms":2}
{"time":"2026-09-28T15:58:34.152663+08:00","level":"INFO","msg":"http_request","request_id":"req_vOZbRi0BEIYjDl9F8jQurA","method":"GET","route":"/api/v1/bootstrap","status":200,"duration_ms":0}
{"time":"2026-09-28T15:58:34.154812+08:00","level":"INFO","msg":"http_request","request_id":"req_lTL-DbPWIpFc9OW8tU4ayw","method":"GET","route":"/api/v1/me/account","status":200,"duration_ms":1}
{"time":"2026-09-28T15:58:34.161072+08:00","level":"INFO","msg":"http_request","request_id":"req_Vz2b3p5Njgx0uK8RXlVwiw","method":"GET","route":"/api/v1/me/items","status":200,"duration_ms":2}
{"time":"2026-09-28T15:58:34.163413+08:00","level":"INFO","msg":"http_request","request_id":"req_GTOptCkQbVTYxV_NsIEKJQ","method":"GET","route":"/api/v1/me/growth","status":200,"duration_ms":4}
{"time":"2026-09-28T15:58:34.278355+08:00","level":"INFO","msg":"http_request","request_id":"req_mInNnP6WZ6GkMcwdi443iw","method":"GET","route":"/api/v1/bootstrap","status":200,"duration_ms":0}
{"time":"2026-09-28T15:58:34.288229+08:00","level":"INFO","msg":"http_request","request_id":"req_Prnxl-lb3U7fTcaOEg3VQQ","method":"POST","route":"/api/v1/analytics/events","status":204,"duration_ms":4}
