{"time":"2026-09-28T15:10:31.110288+08:00","level":"INFO","msg":"server_build","provenance":"unavailable"}
{"time":"2026-09-28T15:10:31.763638+08:00","level":"INFO","msg":"http_request","request_id":"req_hp9bm9gUrqca_J4Pc1YLdw","method":"GET","route":"/health/ready","status":200,"duration_ms":0}
{"time":"2026-09-28T15:10:32.105887+08:00","level":"INFO","msg":"http_request","request_id":"req_cDrJ50fxuu40htPdqKHX4g","method":"GET","route":"/api/v1/bootstrap","status":200,"duration_ms":0}
{"time":"2026-09-28T15:10:32.756643+08:00","level":"INFO","msg":"http_request","request_id":"req_PDCermN2Sjjv3jf73Cp3vw","method":"GET","route":"/api/v1/bootstrap","status":200,"duration_ms":0}
{"time":"2026-09-28T15:10:32.869635+08:00","level":"INFO","msg":"http_request","request_id":"req_bFU2sqyfx62ieEBoizAlVw","method":"POST","route":"/api/v1/auth/login","status":200,"duration_ms":91}
{"time":"2026-09-28T15:10:32.873318+08:00","level":"INFO","msg":"http_request","request_id":"req_r0qxNwh42IIsWtmdiP21MA","method":"GET","route":"/api/v1/bootstrap","status":200,"duration_ms":0}
{"time":"2026-09-28T15:10:32.876181+08:00","level":"INFO","msg":"http_request","request_id":"req_zsxB8WdraWmTPjZZuACIOA","method":"PUT","route":"/api/v1/me/ui-locale","status":200,"duration_ms":1}
{"time":"2026-09-28T15:10:33.388807+08:00","level":"INFO","msg":"http_request","request_id":"req_ELrscipAf_aMOjIzISMNBg","method":"GET","route":"/api/v1/bootstrap","status":200,"duration_ms":0}
{"time":"2026-09-28T15:10:33.393317+08:00","level":"INFO","msg":"http_request","request_id":"req_XYwD31qd_j-lPXA6PLsWAw","method":"GET","route":"/api/v1/me/account","status":200,"duration_ms":2}
{"time":"2026-09-28T15:10:33.404197+08:00","level":"INFO","msg":"http_request","request_id":"req_DDWF7BkvDAPUUEWSlVTbWQ","method":"GET","route":"/api/v1/me/batches/{batch_id}","status":200,"duration_ms":6}
{"time":"2026-09-28T15:10:33.572384+08:00","level":"INFO","msg":"http_request","request_id":"req_irHhlHoYwfI96KDTjt1_WA","method":"GET","route":"/api/v1/bootstrap","status":200,"duration_ms":0}
{"time":"2026-09-28T15:10:33.582506+08:00","level":"INFO","msg":"http_request","request_id":"req_bQ5zgqIvGQyOJVfSdVhqCA","method":"POST","route":"/api/v1/analytics/events","status":204,"duration_ms":3}
{"time":"2026-09-28T15:10:33.619737+08:00","level":"INFO","msg":"http_request","request_id":"req_T4-qdKlTlQEpX0fZmC7oHw","method":"GET","route":"/api/v1/bootstrap","status":200,"duration_ms":0}
{"time":"2026-09-28T15:10:33.695737+08:00","level":"INFO","msg":"http_request","request_id":"req_j35kYjHierHlugkCu8PC9w","method":"POST","route":"/api/v1/auth/login","status":200,"duration_ms":73}
{"time":"2026-09-28T15:10:33.698024+08:00","level":"INFO","msg":"http_request","request_id":"req_S_1GBC5QSryl9sfYLJ1-_A","method":"GET","route":"/api/v1/bootstrap","status":200,"duration_ms":0}
{"time":"2026-09-28T15:10:33.700229+08:00","level":"INFO","msg":"http_request","request_id":"req_d_Aq_sOMON1w6A-GbWPEEQ","method":"PUT","route":"/api/v1/me/ui-locale","status":200,"duration_ms":1}
{"time":"2026-09-28T15:10:33.903636+08:00","level":"INFO","msg":"http_request","request_id":"req_NmJk5SKEnv391XRdP_hxYg","method":"GET","route":"/api/v1/bootstrap","status":200,"duration_ms":0}
{"time":"2026-09-28T15:10:33.905159+08:00","level":"INFO","msg":"http_request","request_id":"req_1x7Zr6eM1bY6vvx0snATqg","method":"GET","route":"/api/v1/me/account","status":200,"duration_ms":0}
{"time":"2026-09-28T15:10:33.912067+08:00","level":"INFO","msg":"http_request","request_id":"req_QyCQQ3T77kuUPkme_cS9GQ","method":"GET","route":"/api/v1/me/batches/{batch_id}","status":200,"duration_ms":1}
{"time":"2026-09-28T15:10:34.026434+08:00","level":"INFO","msg":"http_request","request_id":"req_Y9H2hMAL_QKxz-Y2tSJczw","method":"GET","route":"/api/v1/bootstrap","status":200,"duration_ms":0}
{"time":"2026-09-28T15:10:34.031772+08:00","level":"INFO","msg":"http_request","request_id":"req_Goplum25ubTW38JhqfwCHw","method":"POST","route":"/api/v1/analytics/events","status":204,"duration_ms":0}
