{"time":"2026-09-28T16:37:52.178291+08:00","level":"INFO","msg":"server_build","provenance":"unavailable"}
{"time":"2026-09-28T16:37:52.877476+08:00","level":"INFO","msg":"http_request","request_id":"req_QocVOINiTR3kFRv0L4ZRVw","method":"GET","route":"/health/ready","status":503,"duration_ms":0}
{"time":"2026-09-28T16:37:53.048442+08:00","level":"INFO","msg":"http_request","request_id":"req_jeNnDKbRcGl2E4W_QZPWeA","method":"GET","route":"/health/ready","status":200,"duration_ms":0}
{"time":"2026-09-28T16:37:53.245509+08:00","level":"INFO","msg":"http_request","request_id":"req_BNBSLpl0sFgP2b6Bq25KSw","method":"GET","route":"/api/v1/bootstrap","status":200,"duration_ms":0}
{"time":"2026-09-28T16:37:53.916985+08:00","level":"INFO","msg":"http_request","request_id":"req_-npnjLBd3pnLeM39lL0S6g","method":"GET","route":"/api/v1/bootstrap","status":200,"duration_ms":0}
{"time":"2026-09-28T16:37:54.011024+08:00","level":"INFO","msg":"http_request","request_id":"req_96ZiX-VvIqYDRR3Wmz73jw","method":"POST","route":"/api/v1/auth/login","status":200,"duration_ms":80}
{"time":"2026-09-28T16:37:54.014258+08:00","level":"INFO","msg":"http_request","request_id":"req_LCou7JT3_exWRD2-oaCFxA","method":"GET","route":"/api/v1/bootstrap","status":200,"duration_ms":0}
{"time":"2026-09-28T16:37:54.017038+08:00","level":"INFO","msg":"http_request","request_id":"req_ibWYA_puBos9S407tmRNow","method":"PUT","route":"/api/v1/me/ui-locale","status":200,"duration_ms":1}
{"time":"2026-09-28T16:37:54.0211+08:00","level":"INFO","msg":"http_request","request_id":"req_uibmhx9gi4NnHECghWHoNA","method":"GET","route":"/api/v1/me/batches/{batch_id}","status":200,"duration_ms":2}
{"time":"2026-09-28T16:37:54.420925+08:00","level":"INFO","msg":"http_request","request_id":"req_4k-DiSrq8Ufoeq96M4pWAQ","method":"GET","route":"/api/v1/bootstrap","status":200,"duration_ms":0}
{"time":"2026-09-28T16:37:54.423847+08:00","level":"INFO","msg":"http_request","request_id":"req_oPrzjY3fO4oyFeMwX3KzfQ","method":"GET","route":"/api/v1/me/account","status":200,"duration_ms":1}
{"time":"2026-09-28T16:37:54.431818+08:00","level":"INFO","msg":"http_request","request_id":"req_f6-xy6I9z5d9unaUO44OWA","method":"GET","route":"/api/v1/me/batches/{batch_id}","status":200,"duration_ms":1}
{"time":"2026-09-28T16:37:54.588328+08:00","level":"INFO","msg":"http_request","request_id":"req_UI8LcHwA2TuTgY25x_fskg","method":"GET","route":"/api/v1/bootstrap","status":200,"duration_ms":0}
{"time":"2026-09-28T16:37:54.597408+08:00","level":"INFO","msg":"http_request","request_id":"req_0a_Z137UGX4ClQZkpcpaDQ","method":"POST","route":"/api/v1/analytics/events","status":204,"duration_ms":4}
{"time":"2026-09-28T16:37:54.957763+08:00","level":"INFO","msg":"http_request","request_id":"req__xnzbZS-F-vl97bvDOyrkQ","method":"GET","route":"/api/v1/bootstrap","status":200,"duration_ms":0}
{"time":"2026-09-28T16:37:54.964929+08:00","level":"INFO","msg":"http_request","request_id":"req_TTL0YQ5MvJVzPs8h-fyXrw","method":"PATCH","route":"/api/v1/me/batches/{batch_id}","status":200,"duration_ms":2}
{"time":"2026-09-28T16:37:55.892642+08:00","level":"INFO","msg":"http_request","request_id":"req_pFbTN9oU_Zl38YAMGhrnow","method":"GET","route":"/api/v1/bootstrap","status":200,"duration_ms":0}
{"time":"2026-09-28T16:37:55.899424+08:00","level":"INFO","msg":"http_request","request_id":"req_sJv7DO4C0OyKwzpw9AAxdA","method":"PATCH","route":"/api/v1/me/batches/{batch_id}","status":200,"duration_ms":2}
{"time":"2026-09-28T16:37:58.3027+08:00","level":"INFO","msg":"http_request","request_id":"req_8pLOae8bOMzF0LxKRXAgYA","method":"GET","route":"/api/v1/bootstrap","status":200,"duration_ms":0}
{"time":"2026-09-28T16:37:58.304333+08:00","level":"INFO","msg":"http_request","request_id":"req_zl0sIp9MgZEKUpqx3_MT8Q","method":"GET","route":"/api/v1/me/account","status":200,"duration_ms":0}
{"time":"2026-09-28T16:37:58.308502+08:00","level":"INFO","msg":"http_request","request_id":"req_KXy9_mE_7Z-v9vDuY3KOJQ","method":"GET","route":"/api/v1/me/batches/{batch_id}","status":200,"duration_ms":1}
{"time":"2026-09-28T16:37:58.367704+08:00","level":"INFO","msg":"http_request","request_id":"req_3ZAokPp-KDqY2qwbxD22Bg","method":"GET","route":"/api/v1/bootstrap","status":200,"duration_ms":0}
{"time":"2026-09-28T16:37:58.382285+08:00","level":"INFO","msg":"http_request","request_id":"req_qfA2BU9KhGMM35pESzSLRQ","method":"POST","route":"/api/v1/analytics/events","status":204,"duration_ms":2}
{"time":"2026-09-28T16:37:58.425458+08:00","level":"INFO","msg":"http_request","request_id":"req_3it83mjxN3oTGZuZ9DFRjQ","method":"GET","route":"/api/v1/bootstrap","status":200,"duration_ms":0}
{"time":"2026-09-28T16:37:58.441626+08:00","level":"INFO","msg":"http_request","request_id":"req_UHiCJZ7BKOW7gDU5u72TUQ","method":"POST","route":"/api/v1/me/review-sessions","status":201,"duration_ms":8}
{"time":"2026-09-28T16:37:58.454989+08:00","level":"INFO","msg":"http_request","request_id":"req_nVU4EN1QDyiZhTT_tiGKAQ","method":"POST","route":"/api/v1/analytics/events","status":204,"duration_ms":2}
{"time":"2026-09-28T16:37:58.473083+08:00","level":"INFO","msg":"http_request","request_id":"req_8WcSxyFEJPO8c3YOooVu_w","method":"GET","route":"/api/v1/me/review-sessions/{session_id}","status":200,"duration_ms":1}
{"time":"2026-09-28T16:37:58.479239+08:00","level":"INFO","msg":"http_request","request_id":"req_39BalH7S3fhZQqX8yCAqiA","method":"GET","route":"/api/v1/bootstrap","status":200,"duration_ms":0}
{"time":"2026-09-28T16:37:58.48522+08:00","level":"INFO","msg":"http_request","request_id":"req_rferPivSB41KqAJGAuywiA","method":"POST","route":"/api/v1/analytics/events","status":204,"duration_ms":2}
{"time":"2026-09-28T16:37:58.49314+08:00","level":"INFO","msg":"http_request","request_id":"req_xamZVkRFu8H3H6L1WdC5DA","method":"POST","route":"/api/v1/me/review-sessions/{session_id}/attempts","status":201,"duration_ms":10}
{"time":"2026-09-28T16:37:58.51497+08:00","level":"INFO","msg":"http_request","request_id":"req_OZ6ruTNaE8J_uPEPiDrXRA","method":"GET","route":"/api/v1/me/review-sessions/{session_id}","status":200,"duration_ms":1}
{"time":"2026-09-28T16:37:58.897691+08:00","level":"INFO","msg":"http_request","request_id":"req_yhcnyU2v_ZJeyC_fvJpSBg","method":"GET","route":"/api/v1/bootstrap","status":200,"duration_ms":0}
{"time":"2026-09-28T16:37:58.97964+08:00","level":"INFO","msg":"http_request","request_id":"req_yjVeSVYjNdx1eqbA13syng","method":"POST","route":"/api/v1/auth/login","status":200,"duration_ms":79}
{"time":"2026-09-28T16:37:58.982175+08:00","level":"INFO","msg":"http_request","request_id":"req_77AHiy9iwIYysNzouXj44Q","method":"GET","route":"/api/v1/bootstrap","status":200,"duration_ms":0}
{"time":"2026-09-28T16:37:58.984897+08:00","level":"INFO","msg":"http_request","request_id":"req_B0vuQOCkK-RTKmsGSTVYBw","method":"PUT","route":"/api/v1/me/ui-locale","status":200,"duration_ms":1}
{"time":"2026-09-28T16:37:58.98824+08:00","level":"INFO","msg":"http_request","request_id":"req_AEbX9bbAG1iyK9w50rprMw","method":"GET","route":"/api/v1/me/batches/{batch_id}","status":200,"duration_ms":1}
{"time":"2026-09-28T16:37:59.359025+08:00","level":"INFO","msg":"http_request","request_id":"req_hcP0p8ttoRt5prZ5uOG89w","method":"GET","route":"/api/v1/bootstrap","status":200,"duration_ms":0}
{"time":"2026-09-28T16:37:59.361301+08:00","level":"INFO","msg":"http_request","request_id":"req_bl5h1XeZNOiKeghgS2wChw","method":"GET","route":"/api/v1/me/account","status":200,"duration_ms":1}
{"time":"2026-09-28T16:37:59.365394+08:00","level":"INFO","msg":"http_request","request_id":"req_J-MG0qLrh7HkTQ4Ht9rFEA","method":"GET","route":"/api/v1/me/batches/{batch_id}","status":200,"duration_ms":1}
{"time":"2026-09-28T16:37:59.47775+08:00","level":"INFO","msg":"http_request","request_id":"req_iy6kbj0voF0vM9jO1WwfxA","method":"GET","route":"/api/v1/bootstrap","status":200,"duration_ms":0}
{"time":"2026-09-28T16:37:59.486736+08:00","level":"INFO","msg":"http_request","request_id":"req_5_ufm5U9lVWJtRMEqs6gcw","method":"POST","route":"/api/v1/analytics/events","status":204,"duration_ms":3}
{"time":"2026-09-28T16:37:59.807554+08:00","level":"INFO","msg":"http_request","request_id":"req_AbAfcSc4xsxT1F5460trMA","method":"GET","route":"/api/v1/bootstrap","status":200,"duration_ms":0}
{"time":"2026-09-28T16:37:59.813982+08:00","level":"INFO","msg":"http_request","request_id":"req_2_jA9vbDQUIjQ2glBM94xg","method":"PATCH","route":"/api/v1/me/batches/{batch_id}","status":200,"duration_ms":2}
{"time":"2026-09-28T16:38:00.712721+08:00","level":"INFO","msg":"http_request","request_id":"req_M-bIKBatFNzjzCNif4RmOg","method":"GET","route":"/api/v1/bootstrap","status":200,"duration_ms":0}
{"time":"2026-09-28T16:38:00.719007+08:00","level":"INFO","msg":"http_request","request_id":"req_CtAnBtXYBYYpOgWfJRUmbA","method":"PATCH","route":"/api/v1/me/batches/{batch_id}","status":200,"duration_ms":1}
{"time":"2026-09-28T16:38:03.115349+08:00","level":"INFO","msg":"http_request","request_id":"req_pF4uwWC0kDI8Xo_cGEe0uw","method":"GET","route":"/api/v1/bootstrap","status":200,"duration_ms":0}
{"time":"2026-09-28T16:38:03.117346+08:00","level":"INFO","msg":"http_request","request_id":"req_VTpnUR0tEqmK87KDrS0nug","method":"GET","route":"/api/v1/me/account","status":200,"duration_ms":0}
{"time":"2026-09-28T16:38:03.120608+08:00","level":"INFO","msg":"http_request","request_id":"req_xJHBt74EpAIR3YvwsALDoQ","method":"GET","route":"/api/v1/me/batches/{batch_id}","status":200,"duration_ms":1}
{"time":"2026-09-28T16:38:03.18382+08:00","level":"INFO","msg":"http_request","request_id":"req_kUcg7SFRj3kIbY-sCGk5JQ","method":"GET","route":"/api/v1/bootstrap","status":200,"duration_ms":0}
{"time":"2026-09-28T16:38:03.197895+08:00","level":"INFO","msg":"http_request","request_id":"req_ljP48J4y-Va_FDBZt9Ew8Q","method":"POST","route":"/api/v1/analytics/events","status":204,"duration_ms":2}
{"time":"2026-09-28T16:38:03.245699+08:00","level":"INFO","msg":"http_request","request_id":"req_cIA2r_jJB7JtMO93nq37Kw","method":"GET","route":"/api/v1/bootstrap","status":200,"duration_ms":0}
{"time":"2026-09-28T16:38:03.256876+08:00","level":"INFO","msg":"http_request","request_id":"req_FJyJrHUZVWfcPUPLLCZ2Xg","method":"POST","route":"/api/v1/me/review-sessions","status":200,"duration_ms":3}
{"time":"2026-09-28T16:38:03.276379+08:00","level":"INFO","msg":"http_request","request_id":"req_pvnui7gIfm8cQ0SdMRHlkw","method":"POST","route":"/api/v1/analytics/events","status":204,"duration_ms":2}
{"time":"2026-09-28T16:38:03.293908+08:00","level":"INFO","msg":"http_request","request_id":"req_Km0EN-uOaTjFqoqikapbtQ","method":"GET","route":"/api/v1/me/review-sessions/{session_id}","status":200,"duration_ms":1}
{"time":"2026-09-28T16:38:03.301151+08:00","level":"INFO","msg":"http_request","request_id":"req_TDNowlob5hRXuQfyjB5aEw","method":"GET","route":"/api/v1/me/review-attempts/{attempt_id}","status":200,"duration_ms":1}
{"time":"2026-09-28T16:38:03.334612+08:00","level":"INFO","msg":"http_request","request_id":"req_frlGMj4y0U0bZZ0u6b6i2w","method":"GET","route":"/api/v1/me/review-sessions/{session_id}","status":200,"duration_ms":0}
