T01 PASS
T02 PASS
T03 PASS
T04 PASS
T05 PASS
T06 PASS
T07 PASS
[
  {
    "id": "T01",
    "name": "Sole reference beyond two catalog pages loads automatically; editing price preserves the retired model",
    "result": "PASS"
  },
  {
    "id": "T02",
    "name": "Old refund confirmation rejects changed value; re-preview credits the current value exactly once",
    "result": "PASS"
  },
  {
    "id": "T03",
    "name": "Actual modifier-click adds a first-page model while retaining the later retired reference",
    "result": "PASS"
  },
  {
    "id": "T04",
    "name": "Only explicit removal changes the retired reference set; new cards exclude retired models and still require a choice",
    "result": "PASS"
  },
  {
    "id": "T05",
    "name": "Failed reference-page request disables saving, retains typed input, and supports explicit retry",
    "result": "PASS"
  },
  {
    "id": "T06",
    "name": "Concurrent card revision with a new reference recovers a stale catalog cursor and requires explicit retry",
    "result": "PASS"
  },
  {
    "id": "T07",
    "name": "320px edit shows the loaded sole retired reference without horizontal overflow and preserves it on save",
    "result": "PASS"
  }
]
