=== RUN   TestM002LibrarySearchHTTP
2026/09/22 10:16:04 INFO http_request request_id=req_f2L8Xce93mgSRU_X2nfGMQ method=GET route=/api/v1/bootstrap status=200 duration_ms=3
2026/09/22 10:16:05 INFO http_request request_id=req_him95jpFa6paeghbb0chRg method=POST route=/api/v1/auth/login status=200 duration_ms=753
2026/09/22 10:16:05 INFO http_request request_id=req_noVpHHRKJQCZTvYwOfbxQw method=GET route=/api/v1/bootstrap status=200 duration_ms=0
2026/09/22 10:16:05 INFO http_request request_id=req_3PY_h6bidNTk2xQeqFqBnA method=POST route=/api/v1/auth/login status=200 duration_ms=757
2026/09/22 10:16:05 INFO http_request request_id=req_ucRHuCGs2RhoZMPknJqtrw method=GET route=/api/v1/bootstrap status=200 duration_ms=0
2026/09/22 10:16:06 INFO http_request request_id=req_nNHLkDT9hKkMY06UPmN0OA method=POST route=/api/v1/auth/login status=200 duration_ms=749
2026/09/22 10:16:06 INFO http_request request_id=req_IF_4Wz3WmrKi6BQYiV0d5w method=GET route=/api/v1/bootstrap status=200 duration_ms=1
2026/09/22 10:16:06 INFO http_request request_id=req_LloyrVMEpY7P5AeQlel69w method=DELETE route=/api/v1/me/batches/{batch_id} status=204 duration_ms=7
2026/09/22 10:16:06 INFO http_request request_id=req_q4g4PaD3JxPKTHiTnz1ytg method=GET route=/api/v1/me/learning-summary status=200 duration_ms=1
=== RUN   TestM002LibrarySearchHTTP/complete_word_normalization_includes_paused_but_not_deleted_or_other-owner_batches
=== RUN   TestM002LibrarySearchHTTP/complete_word_normalization_includes_paused_but_not_deleted_or_other-owner_batches/learn
2026/09/22 10:16:06 INFO http_request request_id=req_2vKlxP4GeJ0PfFmb578kXA method=GET route=/api/v1/me/batches status=200 duration_ms=2
=== RUN   TestM002LibrarySearchHTTP/complete_word_normalization_includes_paused_but_not_deleted_or_other-owner_batches/LEARN
2026/09/22 10:16:06 INFO http_request request_id=req_tnxD8DLjbXnjec6oQZmCSw method=GET route=/api/v1/me/batches status=200 duration_ms=1
=== RUN   TestM002LibrarySearchHTTP/complete_word_normalization_includes_paused_but_not_deleted_or_other-owner_batches/Learn
2026/09/22 10:16:06 INFO http_request request_id=req_fvZgaPGz7oc1ou4r7o9a7Q method=GET route=/api/v1/me/batches status=200 duration_ms=1
=== RUN   TestM002LibrarySearchHTTP/complete_word_normalization_includes_paused_but_not_deleted_or_other-owner_batches/__LeArN_
2026/09/22 10:16:06 INFO http_request request_id=req_6xOY-OvXp-JGRamva5ZGcw method=GET route=/api/v1/me/batches status=200 duration_ms=0
=== RUN   TestM002LibrarySearchHTTP/complete_word_normalization_includes_paused_but_not_deleted_or_other-owner_batches/_LEARN_
2026/09/22 10:16:06 INFO http_request request_id=req_qU24xqQZTpSAHncopU5Rbg method=GET route=/api/v1/me/batches status=200 duration_ms=0
=== RUN   TestM002LibrarySearchHTTP/cursor_follows_normalized_spelling_in_both_directions
=== RUN   TestM002LibrarySearchHTTP/cursor_follows_normalized_spelling_in_both_directions/learn
2026/09/22 10:16:06 INFO http_request request_id=req_NgcLhQ5eUSz1BxawZ7OKjg method=GET route=/api/v1/me/batches status=200 duration_ms=0
2026/09/22 10:16:06 INFO http_request request_id=req_YIsroVdX3MStZ1NfcRuiFg method=GET route=/api/v1/me/batches status=200 duration_ms=0
=== RUN   TestM002LibrarySearchHTTP/cursor_follows_normalized_spelling_in_both_directions/Learn
2026/09/22 10:16:06 INFO http_request request_id=req_DAuClL4P4Ben5LkqcHSE6A method=GET route=/api/v1/me/batches status=200 duration_ms=0
2026/09/22 10:16:06 INFO http_request request_id=req_MMrLVUZsbPbKWoq5lUlfUw method=GET route=/api/v1/me/batches status=200 duration_ms=0
=== RUN   TestM002LibrarySearchHTTP/cursor_remains_bound_to_owner_and_exact_filter
2026/09/22 10:16:06 INFO http_request request_id=req_FKYyUOarsAkcMreL5mHftQ method=GET route=/api/v1/me/batches status=200 duration_ms=0
2026/09/22 10:16:06 INFO http_request request_id=req_ENZw4aYQ0vA26D9bmjAcUg method=GET route=/api/v1/me/batches status=422 duration_ms=0
2026/09/22 10:16:06 INFO http_request request_id=req_WTsd6y568hGQQ7IU5xNYxA method=GET route=/api/v1/me/batches status=422 duration_ms=0
2026/09/22 10:16:06 INFO http_request request_id=req_rtGEwUGYzVGhxsd6pEmq3Q method=GET route=/api/v1/me/batches status=422 duration_ms=0
2026/09/22 10:16:06 INFO http_request request_id=req_yHryLGmFA3xIXkojQd08JQ method=GET route=/api/v1/me/batches status=422 duration_ms=0
2026/09/22 10:16:06 INFO http_request request_id=req_ZjEtt0hg2BYvlyAKeSOIrA method=GET route=/api/v1/me/batches status=422 duration_ms=0
2026/09/22 10:16:06 INFO http_request request_id=req_t8RZj57FSxpg0fQs9NFsvw method=GET route=/api/v1/me/batches status=200 duration_ms=0
=== RUN   TestM002LibrarySearchHTTP/title_and_tags_are_not_searched_and_invalid_words_stay_invalid
2026/09/22 10:16:06 INFO http_request request_id=req_PuwX1Npjvh94uTfivlteDg method=GET route=/api/v1/me/batches status=200 duration_ms=0
2026/09/22 10:16:06 INFO http_request request_id=req_jtx128YvDx6AlXFOr2VrlA method=GET route=/api/v1/me/batches status=200 duration_ms=0
2026/09/22 10:16:06 INFO http_request request_id=req_AJAW_af7agEVcnGXiPBNEw method=GET route=/api/v1/me/batches status=422 duration_ms=0
2026/09/22 10:16:06 INFO http_request request_id=req_O8XWykFn72dO3Xwnb0CUfQ method=GET route=/api/v1/me/batches status=422 duration_ms=0
2026/09/22 10:16:06 INFO http_request request_id=req_sulq0ATfFh5w2F3I7Upr9g method=GET route=/api/v1/me/batches status=422 duration_ms=0
2026/09/22 10:16:06 INFO http_request request_id=req_ztAODldnXDUghGOgN9gfUQ method=GET route=/api/v1/me/batches status=422 duration_ms=0
2026/09/22 10:16:06 INFO http_request request_id=req_5X7kMcML8e8IbBEx18utEw method=GET route=/api/v1/me/batches status=422 duration_ms=0
=== RUN   TestM002LibrarySearchHTTP/omitted_and_empty_filters_preserve_unfiltered_listing_and_access_rules
2026/09/22 10:16:06 INFO http_request request_id=req_6iguq7LiF5pSonSVIXxISQ method=GET route=/api/v1/me/batches status=200 duration_ms=0
2026/09/22 10:16:06 INFO http_request request_id=req_Zrtg4r_7r7Ax1bDkm06etg method=GET route=/api/v1/me/batches status=200 duration_ms=0
2026/09/22 10:16:06 INFO http_request request_id=req_NR0bIV636RsDw916Nd3A5A method=GET route=/api/v1/me/batches status=401 duration_ms=0
2026/09/22 10:16:06 INFO http_request request_id=req_ui8T2LyQC4PfQ9Xrcqr-pw method=GET route=/api/v1/me/batches status=403 duration_ms=0
2026/09/22 10:16:06 INFO http_request request_id=req_6sqCjyUgKNfcfnsYQdaCYw method=GET route=/api/v1/admin/users/{user_id}/batches status=200 duration_ms=0
=== RUN   TestM002LibrarySearchHTTP/direct_library_service_uses_the_same_exact_normalization
2026/09/22 10:16:06 INFO http_request request_id=req_4L0yLb4kOyuuk4exlVlMRQ method=GET route=/api/v1/me/learning-summary status=200 duration_ms=0
--- PASS: TestM002LibrarySearchHTTP (6.97s)
    --- PASS: TestM002LibrarySearchHTTP/complete_word_normalization_includes_paused_but_not_deleted_or_other-owner_batches (0.01s)
        --- PASS: TestM002LibrarySearchHTTP/complete_word_normalization_includes_paused_but_not_deleted_or_other-owner_batches/learn (0.00s)
        --- PASS: TestM002LibrarySearchHTTP/complete_word_normalization_includes_paused_but_not_deleted_or_other-owner_batches/LEARN (0.00s)
        --- PASS: TestM002LibrarySearchHTTP/complete_word_normalization_includes_paused_but_not_deleted_or_other-owner_batches/Learn (0.00s)
        --- PASS: TestM002LibrarySearchHTTP/complete_word_normalization_includes_paused_but_not_deleted_or_other-owner_batches/__LeArN_ (0.00s)
        --- PASS: TestM002LibrarySearchHTTP/complete_word_normalization_includes_paused_but_not_deleted_or_other-owner_batches/_LEARN_ (0.00s)
    --- PASS: TestM002LibrarySearchHTTP/cursor_follows_normalized_spelling_in_both_directions (0.01s)
        --- PASS: TestM002LibrarySearchHTTP/cursor_follows_normalized_spelling_in_both_directions/learn (0.00s)
        --- PASS: TestM002LibrarySearchHTTP/cursor_follows_normalized_spelling_in_both_directions/Learn (0.00s)
    --- PASS: TestM002LibrarySearchHTTP/cursor_remains_bound_to_owner_and_exact_filter (0.01s)
    --- PASS: TestM002LibrarySearchHTTP/title_and_tags_are_not_searched_and_invalid_words_stay_invalid (0.01s)
    --- PASS: TestM002LibrarySearchHTTP/omitted_and_empty_filters_preserve_unfiltered_listing_and_access_rules (0.01s)
    --- PASS: TestM002LibrarySearchHTTP/direct_library_service_uses_the_same_exact_normalization (0.00s)
PASS
ok  	wordweave/internal/httpapi	8.356s
