?   	wordweave/assets/lexicon	[no test files]
?   	wordweave/assets/vocabulary	[no test files]
?   	wordweave/cmd/build-lexicon	[no test files]
ok  	wordweave/cmd/build-provenance	1.273s
?   	wordweave/cmd/wordweave	[no test files]
ok  	wordweave/cmd/wordweave-admin	1.508s
?   	wordweave/db/migrations	[no test files]
ok  	wordweave/internal/admin	2.479s
ok  	wordweave/internal/ai	22.794s
?   	wordweave/internal/analytics	[no test files]
ok  	wordweave/internal/buildinfo	1.739s
?   	wordweave/internal/dbgen	[no test files]
ok  	wordweave/internal/diagnostics	5.198s
?   	wordweave/internal/entitlement	[no test files]
ok  	wordweave/internal/generation	1.265s
ok  	wordweave/internal/generationevidence	4.276s
ok  	wordweave/internal/generationtrace	2.960s
?   	wordweave/internal/generationtrace/tracetest	[no test files]
ok  	wordweave/internal/growth	3.075s
ok  	wordweave/internal/httpapi	2.633s
ok  	wordweave/internal/identity	2.406s
ok  	wordweave/internal/learning	2.394s
?   	wordweave/internal/maintenance	[no test files]
ok  	wordweave/internal/notices	2.406s
ok  	wordweave/internal/observability	1.902s
ok  	wordweave/internal/platform/business	1.674s
ok  	wordweave/internal/platform/config	1.666s
?   	wordweave/internal/platform/postgres	[no test files]
ok  	wordweave/internal/platform/security	3.965s
ok  	wordweave/internal/review	1.669s
?   	wordweave/internal/vocabulary	[no test files]
ok  	wordweave/internal/wordnet	1.683s
