FE10-empty-en-7 PASS
FE10-empty-en-30 PASS
FE10-empty-zh-7 PASS
FE10-empty-zh-30 PASS
FE10-chromium-en-320-7 PASS
FE10-chromium-en-320-30 PASS
FE10-chromium-en-390-7 PASS
FE10-chromium-en-390-30 PASS
FE10-chromium-en-1280-7 PASS
FE10-chromium-en-1280-30 PASS
FE10-chromium-en-1440-7 PASS
FE10-chromium-en-1440-30 PASS
FE10-chromium-zh-320-7 PASS
FE10-chromium-zh-320-30 PASS
FE10-chromium-zh-390-7 PASS
FE10-chromium-zh-390-30 PASS
FE10-chromium-zh-1280-7 PASS
FE10-chromium-zh-1280-30 PASS
FE10-chromium-zh-1440-7 PASS
FE10-chromium-zh-1440-30 PASS
FE10-firefox-en-320-30 PASS
FE10-firefox-zh-1440-30 PASS
FE10-webkit-en-320-30 PASS
FE10-webkit-zh-1440-30 PASS
FE10-accessibility PASS
FE10-runtime PASS
[
  {
    "id": "FE10-empty-en-7",
    "result": "PASS"
  },
  {
    "id": "FE10-empty-en-30",
    "result": "PASS"
  },
  {
    "id": "FE10-empty-zh-7",
    "result": "PASS"
  },
  {
    "id": "FE10-empty-zh-30",
    "result": "PASS"
  },
  {
    "id": "FE10-chromium-en-320-7",
    "result": "PASS"
  },
  {
    "id": "FE10-chromium-en-320-30",
    "result": "PASS"
  },
  {
    "id": "FE10-chromium-en-390-7",
    "result": "PASS"
  },
  {
    "id": "FE10-chromium-en-390-30",
    "result": "PASS"
  },
  {
    "id": "FE10-chromium-en-1280-7",
    "result": "PASS"
  },
  {
    "id": "FE10-chromium-en-1280-30",
    "result": "PASS"
  },
  {
    "id": "FE10-chromium-en-1440-7",
    "result": "PASS"
  },
  {
    "id": "FE10-chromium-en-1440-30",
    "result": "PASS"
  },
  {
    "id": "FE10-chromium-zh-320-7",
    "result": "PASS"
  },
  {
    "id": "FE10-chromium-zh-320-30",
    "result": "PASS"
  },
  {
    "id": "FE10-chromium-zh-390-7",
    "result": "PASS"
  },
  {
    "id": "FE10-chromium-zh-390-30",
    "result": "PASS"
  },
  {
    "id": "FE10-chromium-zh-1280-7",
    "result": "PASS"
  },
  {
    "id": "FE10-chromium-zh-1280-30",
    "result": "PASS"
  },
  {
    "id": "FE10-chromium-zh-1440-7",
    "result": "PASS"
  },
  {
    "id": "FE10-chromium-zh-1440-30",
    "result": "PASS"
  },
  {
    "id": "FE10-firefox-en-320-30",
    "result": "PASS"
  },
  {
    "id": "FE10-firefox-zh-1440-30",
    "result": "PASS"
  },
  {
    "id": "FE10-webkit-en-320-30",
    "result": "PASS"
  },
  {
    "id": "FE10-webkit-zh-1440-30",
    "result": "PASS"
  },
  {
    "id": "FE10-accessibility",
    "result": "PASS"
  },
  {
    "id": "FE10-runtime",
    "result": "PASS"
  }
]
