ℹ Building client...
ℹ vite v8.2.2 building client environment for production...
transforming...
✓ 569 modules transformed.
rendering chunks...
computing gzip size...
ℹ ../../../../../../../var/folders/z9/99ckxr957v901zwwc8jdk8640000gn/T/wordweave-cr010-build-ZSpbrp/.nuxt/dist/client/manifest.json                  24.07 kB │ gzip:  2.39 kB
../../../../../../../var/folders/z9/99ckxr957v901zwwc8jdk8640000gn/T/wordweave-cr010-build-ZSpbrp/.nuxt/dist/client/_nuxt/analytics.C9iHd0kV.css    0.93 kB │ gzip:  0.34 kB
../../../../../../../var/folders/z9/99ckxr957v901zwwc8jdk8640000gn/T/wordweave-cr010-build-ZSpbrp/.nuxt/dist/client/_nuxt/error-500.BCwb1ls_.css    1.90 kB │ gzip:  0.72 kB
../../../../../../../var/folders/z9/99ckxr957v901zwwc8jdk8640000gn/T/wordweave-cr010-build-ZSpbrp/.nuxt/dist/client/_nuxt/error-404.DtX14caB.css    2.42 kB │ gzip:  0.85 kB
../../../../../../../var/folders/z9/99ckxr957v901zwwc8jdk8640000gn/T/wordweave-cr010-build-ZSpbrp/.nuxt/dist/client/_nuxt/entry.Cs_0zkhe.css       64.67 kB │ gzip: 13.54 kB
../../../../../../../var/folders/z9/99ckxr957v901zwwc8jdk8640000gn/T/wordweave-cr010-build-ZSpbrp/.nuxt/dist/client/_nuxt/CNs_Ozdc.js               0.02 kB │ gzip:  0.04 kB
../../../../../../../var/folders/z9/99ckxr957v901zwwc8jdk8640000gn/T/wordweave-cr010-build-ZSpbrp/.nuxt/dist/client/_nuxt/BDNMzG2s.js               0.08 kB │ gzip:  0.09 kB
../../../../../../../var/folders/z9/99ckxr957v901zwwc8jdk8640000gn/T/wordweave-cr010-build-ZSpbrp/.nuxt/dist/client/_nuxt/BDgPJ9R5.js               0.10 kB │ gzip:  0.10 kB
../../../../../../../var/folders/z9/99ckxr957v901zwwc8jdk8640000gn/T/wordweave-cr010-build-ZSpbrp/.nuxt/dist/client/_nuxt/CVd6l7ad.js               0.11 kB │ gzip:  0.10 kB
../../../../../../../var/folders/z9/99ckxr957v901zwwc8jdk8640000gn/T/wordweave-cr010-build-ZSpbrp/.nuxt/dist/client/_nuxt/BKARNJg6.js               0.13 kB │ gzip:  0.12 kB
../../../../../../../var/folders/z9/99ckxr957v901zwwc8jdk8640000gn/T/wordweave-cr010-build-ZSpbrp/.nuxt/dist/client/_nuxt/CtLoWwMR.js               0.14 kB │ gzip:  0.13 kB
../../../../../../../var/folders/z9/99ckxr957v901zwwc8jdk8640000gn/T/wordweave-cr010-build-ZSpbrp/.nuxt/dist/client/_nuxt/D6v253L3.js               0.23 kB │ gzip:  0.18 kB
../../../../../../../var/folders/z9/99ckxr957v901zwwc8jdk8640000gn/T/wordweave-cr010-build-ZSpbrp/.nuxt/dist/client/_nuxt/BvP9HOPg.js               0.23 kB │ gzip:  0.19 kB
../../../../../../../var/folders/z9/99ckxr957v901zwwc8jdk8640000gn/T/wordweave-cr010-build-ZSpbrp/.nuxt/dist/client/_nuxt/BcmnoBS-.js               0.23 kB │ gzip:  0.19 kB
../../../../../../../var/folders/z9/99ckxr957v901zwwc8jdk8640000gn/T/wordweave-cr010-build-ZSpbrp/.nuxt/dist/client/_nuxt/BD0BSFin.js               0.23 kB │ gzip:  0.19 kB
../../../../../../../var/folders/z9/99ckxr957v901zwwc8jdk8640000gn/T/wordweave-cr010-build-ZSpbrp/.nuxt/dist/client/_nuxt/Dy24A1r0.js               0.25 kB │ gzip:  0.20 kB
../../../../../../../var/folders/z9/99ckxr957v901zwwc8jdk8640000gn/T/wordweave-cr010-build-ZSpbrp/.nuxt/dist/client/_nuxt/BCV0MyGW.js               0.28 kB │ gzip:  0.21 kB
../../../../../../../var/folders/z9/99ckxr957v901zwwc8jdk8640000gn/T/wordweave-cr010-build-ZSpbrp/.nuxt/dist/client/_nuxt/CjLoWdSv.js               0.38 kB │ gzip:  0.26 kB
../../../../../../../var/folders/z9/99ckxr957v901zwwc8jdk8640000gn/T/wordweave-cr010-build-ZSpbrp/.nuxt/dist/client/_nuxt/WqizIAGF.js               0.61 kB │ gzip:  0.41 kB
../../../../../../../var/folders/z9/99ckxr957v901zwwc8jdk8640000gn/T/wordweave-cr010-build-ZSpbrp/.nuxt/dist/client/_nuxt/DcViFzIV.js               0.68 kB │ gzip:  0.43 kB
../../../../../../../var/folders/z9/99ckxr957v901zwwc8jdk8640000gn/T/wordweave-cr010-build-ZSpbrp/.nuxt/dist/client/_nuxt/DiZSV6Qv.js               0.71 kB │ gzip:  0.42 kB
../../../../../../../var/folders/z9/99ckxr957v901zwwc8jdk8640000gn/T/wordweave-cr010-build-ZSpbrp/.nuxt/dist/client/_nuxt/B2dYOVPV.js               0.88 kB │ gzip:  0.49 kB
../../../../../../../var/folders/z9/99ckxr957v901zwwc8jdk8640000gn/T/wordweave-cr010-build-ZSpbrp/.nuxt/dist/client/_nuxt/uEmVmb9U.js               1.14 kB │ gzip:  0.48 kB
../../../../../../../var/folders/z9/99ckxr957v901zwwc8jdk8640000gn/T/wordweave-cr010-build-ZSpbrp/.nuxt/dist/client/_nuxt/UJIc1-E9.js               1.23 kB │ gzip:  0.66 kB
../../../../../../../var/folders/z9/99ckxr957v901zwwc8jdk8640000gn/T/wordweave-cr010-build-ZSpbrp/.nuxt/dist/client/_nuxt/BNHcy7Bg.js               1.31 kB │ gzip:  0.55 kB
../../../../../../../var/folders/z9/99ckxr957v901zwwc8jdk8640000gn/T/wordweave-cr010-build-ZSpbrp/.nuxt/dist/client/_nuxt/7hXgkzzF.js               1.94 kB │ gzip:  0.90 kB
../../../../../../../var/folders/z9/99ckxr957v901zwwc8jdk8640000gn/T/wordweave-cr010-build-ZSpbrp/.nuxt/dist/client/_nuxt/BCXVeM7W.js               2.03 kB │ gzip:  0.89 kB
../../../../../../../var/folders/z9/99ckxr957v901zwwc8jdk8640000gn/T/wordweave-cr010-build-ZSpbrp/.nuxt/dist/client/_nuxt/DMv_tqqv.js               2.08 kB │ gzip:  0.89 kB
../../../../../../../var/folders/z9/99ckxr957v901zwwc8jdk8640000gn/T/wordweave-cr010-build-ZSpbrp/.nuxt/dist/client/_nuxt/iu5wr1Iq.js               2.29 kB │ gzip:  1.09 kB
../../../../../../../var/folders/z9/99ckxr957v901zwwc8jdk8640000gn/T/wordweave-cr010-build-ZSpbrp/.nuxt/dist/client/_nuxt/DYA2rhi9.js               2.32 kB │ gzip:  1.00 kB
../../../../../../../var/folders/z9/99ckxr957v901zwwc8jdk8640000gn/T/wordweave-cr010-build-ZSpbrp/.nuxt/dist/client/_nuxt/DpD1P1nJ.js               2.38 kB │ gzip:  1.14 kB
../../../../../../../var/folders/z9/99ckxr957v901zwwc8jdk8640000gn/T/wordweave-cr010-build-ZSpbrp/.nuxt/dist/client/_nuxt/oc7UUt1H.js               2.41 kB │ gzip:  1.06 kB
../../../../../../../var/folders/z9/99ckxr957v901zwwc8jdk8640000gn/T/wordweave-cr010-build-ZSpbrp/.nuxt/dist/client/_nuxt/CWAjX6S8.js               2.77 kB │ gzip:  1.20 kB
../../../../../../../var/folders/z9/99ckxr957v901zwwc8jdk8640000gn/T/wordweave-cr010-build-ZSpbrp/.nuxt/dist/client/_nuxt/DXe2Km3G.js               3.40 kB │ gzip:  1.54 kB
../../../../../../../var/folders/z9/99ckxr957v901zwwc8jdk8640000gn/T/wordweave-cr010-build-ZSpbrp/.nuxt/dist/client/_nuxt/CFlngwlb.js               3.45 kB │ gzip:  1.47 kB
../../../../../../../var/folders/z9/99ckxr957v901zwwc8jdk8640000gn/T/wordweave-cr010-build-ZSpbrp/.nuxt/dist/client/_nuxt/CkY2L-lT.js               3.53 kB │ gzip:  1.58 kB
../../../../../../../var/folders/z9/99ckxr957v901zwwc8jdk8640000gn/T/wordweave-cr010-build-ZSpbrp/.nuxt/dist/client/_nuxt/C4zOlG7N.js               3.72 kB │ gzip:  1.69 kB
../../../../../../../var/folders/z9/99ckxr957v901zwwc8jdk8640000gn/T/wordweave-cr010-build-ZSpbrp/.nuxt/dist/client/_nuxt/DSimFYyf.js               4.04 kB │ gzip:  1.69 kB
../../../../../../../var/folders/z9/99ckxr957v901zwwc8jdk8640000gn/T/wordweave-cr010-build-ZSpbrp/.nuxt/dist/client/_nuxt/idIgFrSc.js               4.45 kB │ gzip:  1.80 kB
../../../../../../../var/folders/z9/99ckxr957v901zwwc8jdk8640000gn/T/wordweave-cr010-build-ZSpbrp/.nuxt/dist/client/_nuxt/Dffa_gin.js               4.78 kB │ gzip:  1.59 kB
../../../../../../../var/folders/z9/99ckxr957v901zwwc8jdk8640000gn/T/wordweave-cr010-build-ZSpbrp/.nuxt/dist/client/_nuxt/C9SMaCZw.js               5.78 kB │ gzip:  2.36 kB
../../../../../../../var/folders/z9/99ckxr957v901zwwc8jdk8640000gn/T/wordweave-cr010-build-ZSpbrp/.nuxt/dist/client/_nuxt/DqnvYF6i.js               6.11 kB │ gzip:  2.90 kB
../../../../../../../var/folders/z9/99ckxr957v901zwwc8jdk8640000gn/T/wordweave-cr010-build-ZSpbrp/.nuxt/dist/client/_nuxt/RWXTcr3S.js               6.34 kB │ gzip:  2.62 kB
../../../../../../../var/folders/z9/99ckxr957v901zwwc8jdk8640000gn/T/wordweave-cr010-build-ZSpbrp/.nuxt/dist/client/_nuxt/CV8wmWsw.js               6.35 kB │ gzip:  2.81 kB
../../../../../../../var/folders/z9/99ckxr957v901zwwc8jdk8640000gn/T/wordweave-cr010-build-ZSpbrp/.nuxt/dist/client/_nuxt/CzS8dPRN.js               6.62 kB │ gzip:  2.13 kB
../../../../../../../var/folders/z9/99ckxr957v901zwwc8jdk8640000gn/T/wordweave-cr010-build-ZSpbrp/.nuxt/dist/client/_nuxt/DfYZh6FV.js               7.29 kB │ gzip:  2.83 kB
../../../../../../../var/folders/z9/99ckxr957v901zwwc8jdk8640000gn/T/wordweave-cr010-build-ZSpbrp/.nuxt/dist/client/_nuxt/M61th90Q.js               8.00 kB │ gzip:  3.07 kB
../../../../../../../var/folders/z9/99ckxr957v901zwwc8jdk8640000gn/T/wordweave-cr010-build-ZSpbrp/.nuxt/dist/client/_nuxt/BTrhxus6.js               8.10 kB │ gzip:  2.35 kB
../../../../../../../var/folders/z9/99ckxr957v901zwwc8jdk8640000gn/T/wordweave-cr010-build-ZSpbrp/.nuxt/dist/client/_nuxt/DAHNe3iz.js               8.26 kB │ gzip:  2.99 kB
../../../../../../../var/folders/z9/99ckxr957v901zwwc8jdk8640000gn/T/wordweave-cr010-build-ZSpbrp/.nuxt/dist/client/_nuxt/AqCrHfJl.js               9.03 kB │ gzip:  2.88 kB
../../../../../../../var/folders/z9/99ckxr957v901zwwc8jdk8640000gn/T/wordweave-cr010-build-ZSpbrp/.nuxt/dist/client/_nuxt/D3OfA0HA.js               9.15 kB │ gzip:  3.18 kB
../../../../../../../var/folders/z9/99ckxr957v901zwwc8jdk8640000gn/T/wordweave-cr010-build-ZSpbrp/.nuxt/dist/client/_nuxt/C4k0SkH8.js               9.20 kB │ gzip:  3.00 kB
../../../../../../../var/folders/z9/99ckxr957v901zwwc8jdk8640000gn/T/wordweave-cr010-build-ZSpbrp/.nuxt/dist/client/_nuxt/DeVAbjHr.js               9.27 kB │ gzip:  3.92 kB
../../../../../../../var/folders/z9/99ckxr957v901zwwc8jdk8640000gn/T/wordweave-cr010-build-ZSpbrp/.nuxt/dist/client/_nuxt/Do5SZBaf.js               9.74 kB │ gzip:  3.40 kB
../../../../../../../var/folders/z9/99ckxr957v901zwwc8jdk8640000gn/T/wordweave-cr010-build-ZSpbrp/.nuxt/dist/client/_nuxt/DvbBI7nW.js              12.72 kB │ gzip:  4.13 kB
../../../../../../../var/folders/z9/99ckxr957v901zwwc8jdk8640000gn/T/wordweave-cr010-build-ZSpbrp/.nuxt/dist/client/_nuxt/DyUM36y0.js              13.46 kB │ gzip:  5.77 kB
../../../../../../../var/folders/z9/99ckxr957v901zwwc8jdk8640000gn/T/wordweave-cr010-build-ZSpbrp/.nuxt/dist/client/_nuxt/DZ2iJ5K6.js              13.67 kB │ gzip:  4.75 kB
../../../../../../../var/folders/z9/99ckxr957v901zwwc8jdk8640000gn/T/wordweave-cr010-build-ZSpbrp/.nuxt/dist/client/_nuxt/COa2iTm-.js              16.57 kB │ gzip:  5.35 kB
../../../../../../../var/folders/z9/99ckxr957v901zwwc8jdk8640000gn/T/wordweave-cr010-build-ZSpbrp/.nuxt/dist/client/_nuxt/BrADuwnk.js              16.83 kB │ gzip:  4.09 kB
../../../../../../../var/folders/z9/99ckxr957v901zwwc8jdk8640000gn/T/wordweave-cr010-build-ZSpbrp/.nuxt/dist/client/_nuxt/CGfVl5YF.js              19.01 kB │ gzip:  6.00 kB
../../../../../../../var/folders/z9/99ckxr957v901zwwc8jdk8640000gn/T/wordweave-cr010-build-ZSpbrp/.nuxt/dist/client/_nuxt/CvslgUEF.js              22.65 kB │ gzip:  7.77 kB
../../../../../../../var/folders/z9/99ckxr957v901zwwc8jdk8640000gn/T/wordweave-cr010-build-ZSpbrp/.nuxt/dist/client/_nuxt/pLwSqcez.js              23.10 kB │ gzip:  7.46 kB
../../../../../../../var/folders/z9/99ckxr957v901zwwc8jdk8640000gn/T/wordweave-cr010-build-ZSpbrp/.nuxt/dist/client/_nuxt/BtIp2Pjt.js              34.59 kB │ gzip:  9.71 kB
../../../../../../../var/folders/z9/99ckxr957v901zwwc8jdk8640000gn/T/wordweave-cr010-build-ZSpbrp/.nuxt/dist/client/_nuxt/CJVO5aPu.js              49.46 kB │ gzip: 17.06 kB
../../../../../../../var/folders/z9/99ckxr957v901zwwc8jdk8640000gn/T/wordweave-cr010-build-ZSpbrp/.nuxt/dist/client/_nuxt/DyjLnLfz.js              87.22 kB │ gzip: 33.69 kB
../../../../../../../var/folders/z9/99ckxr957v901zwwc8jdk8640000gn/T/wordweave-cr010-build-ZSpbrp/.nuxt/dist/client/_nuxt/D2VlaU2V.js             309.60 kB │ gzip: 95.60 kB

ℹ ✓ built in 4.49s

 WARN  [33m[PLUGIN_TIMINGS] [0mYour build spent 96% of 4.5s inside plugin hooks (4.3s).
Measured inside the callback, so queue time is excluded and time the callback itself awaited is not:
  - vite-plugin-checker buildEnd (53%, 2.4s, 1 call)
Those rows are 53% of the build; the rest of the 96% is below.
Not measurable — 2 hooks whose calls overlap, so elapsed time covers work other calls were doing. Profile with node --cpu-prof:
  - nuxt:ssr-styles:client resolveId (143 calls)
  - nuxt:resolve-bare-imports resolveId (28 calls)
See https://rolldown.rs/reference/InputOptions.checks#plugintimings for more details.


✔ Client built in 4512ms
ℹ Building server...
ℹ vite v8.2.2 building ssr environment for production...
transforming...
✓ 384 modules transformed.
rendering chunks...
ℹ ../../../../../../../var/folders/z9/99ckxr957v901zwwc8jdk8640000gn/T/wordweave-cr010-build-ZSpbrp/.nuxt/dist/server/_nuxt/analytics-styles.DuSp3_HR.mjs            0.08 kB
../../../../../../../var/folders/z9/99ckxr957v901zwwc8jdk8640000gn/T/wordweave-cr010-build-ZSpbrp/.nuxt/dist/server/_nuxt/error-404-styles.UP1AHB9m.mjs            0.08 kB
../../../../../../../var/folders/z9/99ckxr957v901zwwc8jdk8640000gn/T/wordweave-cr010-build-ZSpbrp/.nuxt/dist/server/_nuxt/error-500-styles.CvfOP9g8.mjs            0.08 kB
../../../../../../../var/folders/z9/99ckxr957v901zwwc8jdk8640000gn/T/wordweave-cr010-build-ZSpbrp/.nuxt/dist/server/styles.mjs                                     0.72 kB
../../../../../../../var/folders/z9/99ckxr957v901zwwc8jdk8640000gn/T/wordweave-cr010-build-ZSpbrp/.nuxt/dist/server/_nuxt/_plugin-vue_export-helper-BOaGB7Aw.js    0.26 kB
../../../../../../../var/folders/z9/99ckxr957v901zwwc8jdk8640000gn/T/wordweave-cr010-build-ZSpbrp/.nuxt/dist/server/_nuxt/page-loader-BVJN2kbQ.js                  0.29 kB │ map:     0.52 kB
../../../../../../../var/folders/z9/99ckxr957v901zwwc8jdk8640000gn/T/wordweave-cr010-build-ZSpbrp/.nuxt/dist/server/_nuxt/feedback-DQoG5NE0.js                     0.31 kB │ map:     0.44 kB
../../../../../../../var/folders/z9/99ckxr957v901zwwc8jdk8640000gn/T/wordweave-cr010-build-ZSpbrp/.nuxt/dist/server/_nuxt/use-localized-head-BayQuIUR.js           0.31 kB │ map:     0.51 kB
../../../../../../../var/folders/z9/99ckxr957v901zwwc8jdk8640000gn/T/wordweave-cr010-build-ZSpbrp/.nuxt/dist/server/_nuxt/pages--YsvhwVQ.js                        0.36 kB │ map:     1.92 kB
../../../../../../../var/folders/z9/99ckxr957v901zwwc8jdk8640000gn/T/wordweave-cr010-build-ZSpbrp/.nuxt/dist/server/_nuxt/private-state-CRTF4xNb.js                0.43 kB │ map:     0.64 kB
../../../../../../../var/folders/z9/99ckxr957v901zwwc8jdk8640000gn/T/wordweave-cr010-build-ZSpbrp/.nuxt/dist/server/_nuxt/use-design-copy-C27vTo7e.js              0.51 kB │ map:     0.84 kB
../../../../../../../var/folders/z9/99ckxr957v901zwwc8jdk8640000gn/T/wordweave-cr010-build-ZSpbrp/.nuxt/dist/server/_nuxt/analytics-events--LSTdlD5.js             0.57 kB │ map:     2.68 kB
../../../../../../../var/folders/z9/99ckxr957v901zwwc8jdk8640000gn/T/wordweave-cr010-build-ZSpbrp/.nuxt/dist/server/_nuxt/admin-BBx67F9R.js                        0.83 kB │ map:     0.61 kB
../../../../../../../var/folders/z9/99ckxr957v901zwwc8jdk8640000gn/T/wordweave-cr010-build-ZSpbrp/.nuxt/dist/server/_nuxt/learner-C2Q9fF8d.js                      0.85 kB │ map:     0.70 kB
../../../../../../../var/folders/z9/99ckxr957v901zwwc8jdk8640000gn/T/wordweave-cr010-build-ZSpbrp/.nuxt/dist/server/_nuxt/guest-BM7AjnT0.js                        0.89 kB │ map:     0.71 kB
../../../../../../../var/folders/z9/99ckxr957v901zwwc8jdk8640000gn/T/wordweave-cr010-build-ZSpbrp/.nuxt/dist/server/_nuxt/items-Cr_EcieF.js                        1.21 kB │ map:     0.69 kB
../../../../../../../var/folders/z9/99ckxr957v901zwwc8jdk8640000gn/T/wordweave-cr010-build-ZSpbrp/.nuxt/dist/server/_nuxt/create-DcHHJ_Ok.js                       1.22 kB │ map:     0.65 kB
../../../../../../../var/folders/z9/99ckxr957v901zwwc8jdk8640000gn/T/wordweave-cr010-build-ZSpbrp/.nuxt/dist/server/_nuxt/exchange-6ayFF86d.js                     1.28 kB │ map:     0.78 kB
../../../../../../../var/folders/z9/99ckxr957v901zwwc8jdk8640000gn/T/wordweave-cr010-build-ZSpbrp/.nuxt/dist/server/_nuxt/analytics-styles-1.mjs-BoYOoqSS.js       1.29 kB │ map:    13.23 kB
../../../../../../../var/folders/z9/99ckxr957v901zwwc8jdk8640000gn/T/wordweave-cr010-build-ZSpbrp/.nuxt/dist/server/_nuxt/growth-drafts-g6NGAUre.js                1.37 kB │ map:     6.79 kB
../../../../../../../var/folders/z9/99ckxr957v901zwwc8jdk8640000gn/T/wordweave-cr010-build-ZSpbrp/.nuxt/dist/server/_nuxt/BrandMark-Dfw0giN0.js                    1.40 kB │ map:     0.92 kB
../../../../../../../var/folders/z9/99ckxr957v901zwwc8jdk8640000gn/T/wordweave-cr010-build-ZSpbrp/.nuxt/dist/server/_nuxt/use-display-formatters-CT6_rKNu.js       1.45 kB │ map:     2.69 kB
../../../../../../../var/folders/z9/99ckxr957v901zwwc8jdk8640000gn/T/wordweave-cr010-build-ZSpbrp/.nuxt/dist/server/_nuxt/_presetId_-Cpa0UAa5.js                   1.50 kB │ map:     1.05 kB
../../../../../../../var/folders/z9/99ckxr957v901zwwc8jdk8640000gn/T/wordweave-cr010-build-ZSpbrp/.nuxt/dist/server/_nuxt/AppError-Bl2g5x6x.js                     1.74 kB │ map:     1.68 kB
../../../../../../../var/folders/z9/99ckxr957v901zwwc8jdk8640000gn/T/wordweave-cr010-build-ZSpbrp/.nuxt/dist/server/_nuxt/return-intent-CO5nbQnf.js                1.92 kB │ map:     4.46 kB
../../../../../../../var/folders/z9/99ckxr957v901zwwc8jdk8640000gn/T/wordweave-cr010-build-ZSpbrp/.nuxt/dist/server/_nuxt/_batchId_-JDJhz5Q8.js                    2.03 kB │ map:     2.54 kB
../../../../../../../var/folders/z9/99ckxr957v901zwwc8jdk8640000gn/T/wordweave-cr010-build-ZSpbrp/.nuxt/dist/server/_nuxt/error-500-styles-1.mjs-BIY4rstB.js       2.44 kB │ map:     5.40 kB
../../../../../../../var/folders/z9/99ckxr957v901zwwc8jdk8640000gn/T/wordweave-cr010-build-ZSpbrp/.nuxt/dist/server/_nuxt/presets-BgNa_k3W.js                      2.53 kB │ map:     4.58 kB
../../../../../../../var/folders/z9/99ckxr957v901zwwc8jdk8640000gn/T/wordweave-cr010-build-ZSpbrp/.nuxt/dist/server/_nuxt/AppDialog-77b3OpL_.js                    2.75 kB │ map:     4.49 kB
../../../../../../../var/folders/z9/99ckxr957v901zwwc8jdk8640000gn/T/wordweave-cr010-build-ZSpbrp/.nuxt/dist/server/_nuxt/GenerationSettings-Cr7m6dnl.js           2.75 kB │ map:     3.83 kB
../../../../../../../var/folders/z9/99ckxr957v901zwwc8jdk8640000gn/T/wordweave-cr010-build-ZSpbrp/.nuxt/dist/server/_nuxt/error-404-styles-1.mjs-DwzLrrzA.js       2.97 kB │ map:     6.05 kB
../../../../../../../var/folders/z9/99ckxr957v901zwwc8jdk8640000gn/T/wordweave-cr010-build-ZSpbrp/.nuxt/dist/server/_nuxt/AccountPage-MtU3j05Y.js                  3.14 kB │ map:     2.35 kB
../../../../../../../var/folders/z9/99ckxr957v901zwwc8jdk8640000gn/T/wordweave-cr010-build-ZSpbrp/.nuxt/dist/server/_nuxt/analytics-CnJlluHl.js                    3.76 kB │ map:     7.18 kB
../../../../../../../var/folders/z9/99ckxr957v901zwwc8jdk8640000gn/T/wordweave-cr010-build-ZSpbrp/.nuxt/dist/server/_nuxt/AccountShell-DToBK7op.js                 4.45 kB │ map:     6.98 kB
../../../../../../../var/folders/z9/99ckxr957v901zwwc8jdk8640000gn/T/wordweave-cr010-build-ZSpbrp/.nuxt/dist/server/_nuxt/error-500-BJnntww5.js                    4.65 kB │ map:     5.73 kB
../../../../../../../var/folders/z9/99ckxr957v901zwwc8jdk8640000gn/T/wordweave-cr010-build-ZSpbrp/.nuxt/dist/server/_nuxt/admin-gQR9bXee.js                        4.87 kB │ map:     7.66 kB
../../../../../../../var/folders/z9/99ckxr957v901zwwc8jdk8640000gn/T/wordweave-cr010-build-ZSpbrp/.nuxt/dist/server/_nuxt/error-404-DloFcJfy.js                    5.32 kB │ map:     6.53 kB
../../../../../../../var/folders/z9/99ckxr957v901zwwc8jdk8640000gn/T/wordweave-cr010-build-ZSpbrp/.nuxt/dist/server/_nuxt/login-B7PXcHlJ.js                        5.53 kB │ map:    12.85 kB
../../../../../../../var/folders/z9/99ckxr957v901zwwc8jdk8640000gn/T/wordweave-cr010-build-ZSpbrp/.nuxt/dist/server/_nuxt/admin-Bf7obMqz.js                        5.63 kB │ map:     8.89 kB
../../../../../../../var/folders/z9/99ckxr957v901zwwc8jdk8640000gn/T/wordweave-cr010-build-ZSpbrp/.nuxt/dist/server/_nuxt/register--PvoT12j.js                     6.12 kB │ map:    14.76 kB
../../../../../../../var/folders/z9/99ckxr957v901zwwc8jdk8640000gn/T/wordweave-cr010-build-ZSpbrp/.nuxt/dist/server/_nuxt/learner-access-C427D0og.js               6.60 kB │ map:     9.03 kB
../../../../../../../var/folders/z9/99ckxr957v901zwwc8jdk8640000gn/T/wordweave-cr010-build-ZSpbrp/.nuxt/dist/server/_nuxt/pages-Ck2GS1nP.js                        6.99 kB │ map:    13.03 kB
../../../../../../../var/folders/z9/99ckxr957v901zwwc8jdk8640000gn/T/wordweave-cr010-build-ZSpbrp/.nuxt/dist/server/_nuxt/notices-Ck5o2rno.js                      7.70 kB │ map:    12.85 kB
../../../../../../../var/folders/z9/99ckxr957v901zwwc8jdk8640000gn/T/wordweave-cr010-build-ZSpbrp/.nuxt/dist/server/_nuxt/BatchParticipation-CA1WU8xb.js           8.19 kB │ map:    15.05 kB
../../../../../../../var/folders/z9/99ckxr957v901zwwc8jdk8640000gn/T/wordweave-cr010-build-ZSpbrp/.nuxt/dist/server/_nuxt/session-CQ2Z6q1n.js                      8.80 kB │ map:    21.73 kB
../../../../../../../var/folders/z9/99ckxr957v901zwwc8jdk8640000gn/T/wordweave-cr010-build-ZSpbrp/.nuxt/dist/server/_nuxt/default-D19qibPT.js                      8.82 kB │ map:    13.36 kB
../../../../../../../var/folders/z9/99ckxr957v901zwwc8jdk8640000gn/T/wordweave-cr010-build-ZSpbrp/.nuxt/dist/server/_nuxt/error-L_hwVYbR.js                        8.83 kB │ map:    23.41 kB
../../../../../../../var/folders/z9/99ckxr957v901zwwc8jdk8640000gn/T/wordweave-cr010-build-ZSpbrp/.nuxt/dist/server/_nuxt/users-BzpOx7pk.js                       10.24 kB │ map:    21.85 kB
../../../../../../../var/folders/z9/99ckxr957v901zwwc8jdk8640000gn/T/wordweave-cr010-build-ZSpbrp/.nuxt/dist/server/_nuxt/nuxt-CLhTXzq1.js                        12.67 kB │ map:    33.79 kB
../../../../../../../var/folders/z9/99ckxr957v901zwwc8jdk8640000gn/T/wordweave-cr010-build-ZSpbrp/.nuxt/dist/server/_nuxt/explore-DrOkHLKr.js                     12.70 kB │ map:    31.36 kB
../../../../../../../var/folders/z9/99ckxr957v901zwwc8jdk8640000gn/T/wordweave-cr010-build-ZSpbrp/.nuxt/dist/server/_nuxt/notices-VLpmJ3Bw.js                     14.38 kB │ map:    34.24 kB
../../../../../../../var/folders/z9/99ckxr957v901zwwc8jdk8640000gn/T/wordweave-cr010-build-ZSpbrp/.nuxt/dist/server/_nuxt/admin-rCsUubck.js                       14.91 kB │ map:    31.27 kB
../../../../../../../var/folders/z9/99ckxr957v901zwwc8jdk8640000gn/T/wordweave-cr010-build-ZSpbrp/.nuxt/dist/server/_nuxt/analytics-BusMb2Yq.js                   17.38 kB │ map:    37.12 kB
../../../../../../../var/folders/z9/99ckxr957v901zwwc8jdk8640000gn/T/wordweave-cr010-build-ZSpbrp/.nuxt/dist/server/_nuxt/AppIcon-B7K2XjAS.js                     17.65 kB │ map:    49.77 kB
../../../../../../../var/folders/z9/99ckxr957v901zwwc8jdk8640000gn/T/wordweave-cr010-build-ZSpbrp/.nuxt/dist/server/_nuxt/plans-B-JKHzeo.js                       18.10 kB │ map:    40.82 kB
../../../../../../../var/folders/z9/99ckxr957v901zwwc8jdk8640000gn/T/wordweave-cr010-build-ZSpbrp/.nuxt/dist/server/_nuxt/_batchId_-guK27iO6.js                   19.25 kB │ map:    25.98 kB
../../../../../../../var/folders/z9/99ckxr957v901zwwc8jdk8640000gn/T/wordweave-cr010-build-ZSpbrp/.nuxt/dist/server/_nuxt/models-C-ZGQPsH.js                      21.00 kB │ map:    40.95 kB
../../../../../../../var/folders/z9/99ckxr957v901zwwc8jdk8640000gn/T/wordweave-cr010-build-ZSpbrp/.nuxt/dist/server/_nuxt/devtools-CLRpXhL7-CYb7ggQw.js           21.27 kB │ map:    73.24 kB
../../../../../../../var/folders/z9/99ckxr957v901zwwc8jdk8640000gn/T/wordweave-cr010-build-ZSpbrp/.nuxt/dist/server/_nuxt/library-iJAAfI-K.js                     23.70 kB │ map:    33.98 kB
../../../../../../../var/folders/z9/99ckxr957v901zwwc8jdk8640000gn/T/wordweave-cr010-build-ZSpbrp/.nuxt/dist/server/_nuxt/presets-CEQ3Wqwt.js                     26.30 kB │ map:    67.42 kB
../../../../../../../var/folders/z9/99ckxr957v901zwwc8jdk8640000gn/T/wordweave-cr010-build-ZSpbrp/.nuxt/dist/server/_nuxt/growth-D4FtswZE.js                      26.57 kB │ map:    42.76 kB
../../../../../../../var/folders/z9/99ckxr957v901zwwc8jdk8640000gn/T/wordweave-cr010-build-ZSpbrp/.nuxt/dist/server/_nuxt/review-DGGpeRlk.js                      26.97 kB │ map:    49.97 kB
../../../../../../../var/folders/z9/99ckxr957v901zwwc8jdk8640000gn/T/wordweave-cr010-build-ZSpbrp/.nuxt/dist/server/_nuxt/GenerationWorkspace-B86kBvWr.js         30.77 kB │ map:    83.87 kB
../../../../../../../var/folders/z9/99ckxr957v901zwwc8jdk8640000gn/T/wordweave-cr010-build-ZSpbrp/.nuxt/dist/server/_nuxt/account-BRtEg_Hn.js                     30.99 kB │ map:    37.19 kB
../../../../../../../var/folders/z9/99ckxr957v901zwwc8jdk8640000gn/T/wordweave-cr010-build-ZSpbrp/.nuxt/dist/server/_nuxt/ItemsWorkspace-CrApwAXV.js              42.79 kB │ map:    64.83 kB
../../../../../../../var/folders/z9/99ckxr957v901zwwc8jdk8640000gn/T/wordweave-cr010-build-ZSpbrp/.nuxt/dist/server/_nuxt/_userId_-Dx53WjDv.js                    44.48 kB │ map:    88.82 kB
../../../../../../../var/folders/z9/99ckxr957v901zwwc8jdk8640000gn/T/wordweave-cr010-build-ZSpbrp/.nuxt/dist/server/_nuxt/_sessionId_-Deatnwuj.js                 60.58 kB │ map:   111.55 kB
../../../../../../../var/folders/z9/99ckxr957v901zwwc8jdk8640000gn/T/wordweave-cr010-build-ZSpbrp/.nuxt/dist/server/_nuxt/growth-BxAnLZOw.js                      67.87 kB │ map:   154.34 kB
../../../../../../../var/folders/z9/99ckxr957v901zwwc8jdk8640000gn/T/wordweave-cr010-build-ZSpbrp/.nuxt/dist/server/server.mjs                                   424.55 kB │ map: 1,132.38 kB

ℹ ✓ built in 3.67s

 WARN  [33m[PLUGIN_TIMINGS] [0mYour build spent 98% of 3.7s inside plugin hooks (3.6s).
Measured inside the callback, so queue time is excluded and time the callback itself awaited is not:
  - vite-plugin-checker buildEnd (67%, 2.5s, 1 call)
Those rows are 67% of the build; the rest of the 98% is below.
Not measurable — 4 hooks whose calls overlap, so elapsed time covers work other calls were doing. Profile with node --cpu-prof:
  - nuxt:ssr-styles:ssr resolveId (141 calls)
  - nuxt:resolve-externals:external resolveId (43 calls)
  - nuxt:resolve-bare-imports resolveId (21 calls)
  … and 1 more
See https://rolldown.rs/reference/InputOptions.checks#plugintimings for more details.


✔ Server built in 3683ms
[nitro] ✔ Generated public ../../../../../../../var/folders/z9/99ckxr957v901zwwc8jdk8640000gn/T/wordweave-cr010-build-ZSpbrp/.output/public
[nitro] ℹ Building Nuxt Nitro server (preset: node-server, compatibility date: 2026-09-01)
[plugin esbuild] ../../../../../../../private/var/folders/z9/99ckxr957v901zwwc8jdk8640000gn/T/wordweave-cr010-build-ZSpbrp/.nuxt/dist/server/_nuxt/growth-D4FtswZE.js: [esbuild] (../../../../../../../private/var/folders/z9/99ckxr957v901zwwc8jdk8640000gn/T/wordweave-cr010-build-ZSpbrp/.nuxt/dist/server/_nuxt/growth-D4FtswZE.js:182:18) Big integer literals are not available in the configured target environment ("es2019") and may crash at run-time
[plugin esbuild] ../../../../../../../private/var/folders/z9/99ckxr957v901zwwc8jdk8640000gn/T/wordweave-cr010-build-ZSpbrp/.nuxt/dist/server/_nuxt/growth-D4FtswZE.js: [esbuild] (../../../../../../../private/var/folders/z9/99ckxr957v901zwwc8jdk8640000gn/T/wordweave-cr010-build-ZSpbrp/.nuxt/dist/server/_nuxt/growth-D4FtswZE.js:182:68) Big integer literals are not available in the configured target environment ("es2019") and may crash at run-time
[plugin esbuild] ../../../../../../../private/var/folders/z9/99ckxr957v901zwwc8jdk8640000gn/T/wordweave-cr010-build-ZSpbrp/.nuxt/dist/server/_nuxt/growth-drafts-g6NGAUre.js: [esbuild] (../../../../../../../private/var/folders/z9/99ckxr957v901zwwc8jdk8640000gn/T/wordweave-cr010-build-ZSpbrp/.nuxt/dist/server/_nuxt/growth-drafts-g6NGAUre.js:2:82) Big integer literals are not available in the configured target environment ("es2019") and may crash at run-time
[nitro] ✔ Nuxt Nitro server built
  ├─ ../../../../../../../var/folders/z9/99ckxr957v901zwwc8jdk8640000gn/T/wordweave-cr010-build-ZSpbrp/.output/server/chunks/_/_batchId_-guK27iO6.mjs (21.7 kB) (4.54 kB gzip)
  ├─ ../../../../../../../var/folders/z9/99ckxr957v901zwwc8jdk8640000gn/T/wordweave-cr010-build-ZSpbrp/.output/server/chunks/_/_batchId_-guK27iO6.mjs.map (20.2 kB) (3.87 kB gzip)
  ├─ ../../../../../../../var/folders/z9/99ckxr957v901zwwc8jdk8640000gn/T/wordweave-cr010-build-ZSpbrp/.output/server/chunks/_/_batchId_-JDJhz5Q8.mjs (2.28 kB) (950 B gzip)
  ├─ ../../../../../../../var/folders/z9/99ckxr957v901zwwc8jdk8640000gn/T/wordweave-cr010-build-ZSpbrp/.output/server/chunks/_/_batchId_-JDJhz5Q8.mjs.map (1.58 kB) (650 B gzip)
  ├─ ../../../../../../../var/folders/z9/99ckxr957v901zwwc8jdk8640000gn/T/wordweave-cr010-build-ZSpbrp/.output/server/chunks/_/_plugin-vue_export-helper-BOaGB7Aw.mjs (286 B) (206 B gzip)
  ├─ ../../../../../../../var/folders/z9/99ckxr957v901zwwc8jdk8640000gn/T/wordweave-cr010-build-ZSpbrp/.output/server/chunks/_/_plugin-vue_export-helper-BOaGB7Aw.mjs.map (483 B) (310 B gzip)
  ├─ ../../../../../../../var/folders/z9/99ckxr957v901zwwc8jdk8640000gn/T/wordweave-cr010-build-ZSpbrp/.output/server/chunks/_/_presetId_-Cpa0UAa5.mjs (2.25 kB) (922 B gzip)
  ├─ ../../../../../../../var/folders/z9/99ckxr957v901zwwc8jdk8640000gn/T/wordweave-cr010-build-ZSpbrp/.output/server/chunks/_/_presetId_-Cpa0UAa5.mjs.map (1.09 kB) (512 B gzip)
  ├─ ../../../../../../../var/folders/z9/99ckxr957v901zwwc8jdk8640000gn/T/wordweave-cr010-build-ZSpbrp/.output/server/chunks/_/_sessionId_-Deatnwuj.mjs (68.9 kB) (12.9 kB gzip)
  ├─ ../../../../../../../var/folders/z9/99ckxr957v901zwwc8jdk8640000gn/T/wordweave-cr010-build-ZSpbrp/.output/server/chunks/_/_sessionId_-Deatnwuj.mjs.map (73.4 kB) (11.9 kB gzip)
  ├─ ../../../../../../../var/folders/z9/99ckxr957v901zwwc8jdk8640000gn/T/wordweave-cr010-build-ZSpbrp/.output/server/chunks/_/_userId_-Dx53WjDv.mjs (48.4 kB) (9.75 kB gzip)
  ├─ ../../../../../../../var/folders/z9/99ckxr957v901zwwc8jdk8640000gn/T/wordweave-cr010-build-ZSpbrp/.output/server/chunks/_/_userId_-Dx53WjDv.mjs.map (52 kB) (8.71 kB gzip)
  ├─ ../../../../../../../var/folders/z9/99ckxr957v901zwwc8jdk8640000gn/T/wordweave-cr010-build-ZSpbrp/.output/server/chunks/_/account-BRtEg_Hn.mjs (34.8 kB) (4.53 kB gzip)
  ├─ ../../../../../../../var/folders/z9/99ckxr957v901zwwc8jdk8640000gn/T/wordweave-cr010-build-ZSpbrp/.output/server/chunks/_/account-BRtEg_Hn.mjs.map (32 kB) (4.08 kB gzip)
  ├─ ../../../../../../../var/folders/z9/99ckxr957v901zwwc8jdk8640000gn/T/wordweave-cr010-build-ZSpbrp/.output/server/chunks/_/AccountPage-MtU3j05Y.mjs (3.14 kB) (1.01 kB gzip)
  ├─ ../../../../../../../var/folders/z9/99ckxr957v901zwwc8jdk8640000gn/T/wordweave-cr010-build-ZSpbrp/.output/server/chunks/_/AccountPage-MtU3j05Y.mjs.map (2.7 kB) (883 B gzip)
  ├─ ../../../../../../../var/folders/z9/99ckxr957v901zwwc8jdk8640000gn/T/wordweave-cr010-build-ZSpbrp/.output/server/chunks/_/AccountShell-DToBK7op.mjs (4.65 kB) (1.48 kB gzip)
  ├─ ../../../../../../../var/folders/z9/99ckxr957v901zwwc8jdk8640000gn/T/wordweave-cr010-build-ZSpbrp/.output/server/chunks/_/AccountShell-DToBK7op.mjs.map (4.11 kB) (1.19 kB gzip)
  ├─ ../../../../../../../var/folders/z9/99ckxr957v901zwwc8jdk8640000gn/T/wordweave-cr010-build-ZSpbrp/.output/server/chunks/_/admin-BBx67F9R.mjs (1.03 kB) (471 B gzip)
  ├─ ../../../../../../../var/folders/z9/99ckxr957v901zwwc8jdk8640000gn/T/wordweave-cr010-build-ZSpbrp/.output/server/chunks/_/admin-BBx67F9R.mjs.map (552 B) (332 B gzip)
  ├─ ../../../../../../../var/folders/z9/99ckxr957v901zwwc8jdk8640000gn/T/wordweave-cr010-build-ZSpbrp/.output/server/chunks/_/admin-Bf7obMqz.mjs (6.53 kB) (2.01 kB gzip)
  ├─ ../../../../../../../var/folders/z9/99ckxr957v901zwwc8jdk8640000gn/T/wordweave-cr010-build-ZSpbrp/.output/server/chunks/_/admin-Bf7obMqz.mjs.map (5.85 kB) (1.47 kB gzip)
  ├─ ../../../../../../../var/folders/z9/99ckxr957v901zwwc8jdk8640000gn/T/wordweave-cr010-build-ZSpbrp/.output/server/chunks/_/admin-gQR9bXee.mjs (5.6 kB) (1.81 kB gzip)
  ├─ ../../../../../../../var/folders/z9/99ckxr957v901zwwc8jdk8640000gn/T/wordweave-cr010-build-ZSpbrp/.output/server/chunks/_/admin-gQR9bXee.mjs.map (4.42 kB) (1.21 kB gzip)
  ├─ ../../../../../../../var/folders/z9/99ckxr957v901zwwc8jdk8640000gn/T/wordweave-cr010-build-ZSpbrp/.output/server/chunks/_/admin-rCsUubck.mjs (16 kB) (3.19 kB gzip)
  ├─ ../../../../../../../var/folders/z9/99ckxr957v901zwwc8jdk8640000gn/T/wordweave-cr010-build-ZSpbrp/.output/server/chunks/_/admin-rCsUubck.mjs.map (17.3 kB) (3.09 kB gzip)
  ├─ ../../../../../../../var/folders/z9/99ckxr957v901zwwc8jdk8640000gn/T/wordweave-cr010-build-ZSpbrp/.output/server/chunks/_/analytics-BusMb2Yq.mjs (20.1 kB) (4.39 kB gzip)
  ├─ ../../../../../../../var/folders/z9/99ckxr957v901zwwc8jdk8640000gn/T/wordweave-cr010-build-ZSpbrp/.output/server/chunks/_/analytics-BusMb2Yq.mjs.map (18.5 kB) (3.44 kB gzip)
  ├─ ../../../../../../../var/folders/z9/99ckxr957v901zwwc8jdk8640000gn/T/wordweave-cr010-build-ZSpbrp/.output/server/chunks/_/analytics-CnJlluHl.mjs (3.77 kB) (1.27 kB gzip)
  ├─ ../../../../../../../var/folders/z9/99ckxr957v901zwwc8jdk8640000gn/T/wordweave-cr010-build-ZSpbrp/.output/server/chunks/_/analytics-CnJlluHl.mjs.map (4.46 kB) (1.22 kB gzip)
  ├─ ../../../../../../../var/folders/z9/99ckxr957v901zwwc8jdk8640000gn/T/wordweave-cr010-build-ZSpbrp/.output/server/chunks/_/analytics-events--LSTdlD5.mjs (498 B) (313 B gzip)
  ├─ ../../../../../../../var/folders/z9/99ckxr957v901zwwc8jdk8640000gn/T/wordweave-cr010-build-ZSpbrp/.output/server/chunks/_/analytics-events--LSTdlD5.mjs.map (648 B) (370 B gzip)
  ├─ ../../../../../../../var/folders/z9/99ckxr957v901zwwc8jdk8640000gn/T/wordweave-cr010-build-ZSpbrp/.output/server/chunks/_/analytics-styles.DuSp3_HR.mjs (1.24 kB) (486 B gzip)
  ├─ ../../../../../../../var/folders/z9/99ckxr957v901zwwc8jdk8640000gn/T/wordweave-cr010-build-ZSpbrp/.output/server/chunks/_/analytics-styles.DuSp3_HR.mjs.map (504 B) (270 B gzip)
  ├─ ../../../../../../../var/folders/z9/99ckxr957v901zwwc8jdk8640000gn/T/wordweave-cr010-build-ZSpbrp/.output/server/chunks/_/AppDialog-77b3OpL_.mjs (2.74 kB) (1.08 kB gzip)
  ├─ ../../../../../../../var/folders/z9/99ckxr957v901zwwc8jdk8640000gn/T/wordweave-cr010-build-ZSpbrp/.output/server/chunks/_/AppDialog-77b3OpL_.mjs.map (2.65 kB) (917 B gzip)
  ├─ ../../../../../../../var/folders/z9/99ckxr957v901zwwc8jdk8640000gn/T/wordweave-cr010-build-ZSpbrp/.output/server/chunks/_/AppError-Bl2g5x6x.mjs (1.64 kB) (707 B gzip)
  ├─ ../../../../../../../var/folders/z9/99ckxr957v901zwwc8jdk8640000gn/T/wordweave-cr010-build-ZSpbrp/.output/server/chunks/_/AppError-Bl2g5x6x.mjs.map (1.52 kB) (623 B gzip)
  ├─ ../../../../../../../var/folders/z9/99ckxr957v901zwwc8jdk8640000gn/T/wordweave-cr010-build-ZSpbrp/.output/server/chunks/_/AppIcon-B7K2XjAS.mjs (17.8 kB) (3.87 kB gzip)
  ├─ ../../../../../../../var/folders/z9/99ckxr957v901zwwc8jdk8640000gn/T/wordweave-cr010-build-ZSpbrp/.output/server/chunks/_/AppIcon-B7K2XjAS.mjs.map (5.52 kB) (1.3 kB gzip)
  ├─ ../../../../../../../var/folders/z9/99ckxr957v901zwwc8jdk8640000gn/T/wordweave-cr010-build-ZSpbrp/.output/server/chunks/_/BatchParticipation-CA1WU8xb.mjs (8.33 kB) (2.04 kB gzip)
  ├─ ../../../../../../../var/folders/z9/99ckxr957v901zwwc8jdk8640000gn/T/wordweave-cr010-build-ZSpbrp/.output/server/chunks/_/BatchParticipation-CA1WU8xb.mjs.map (8.68 kB) (1.76 kB gzip)
  ├─ ../../../../../../../var/folders/z9/99ckxr957v901zwwc8jdk8640000gn/T/wordweave-cr010-build-ZSpbrp/.output/server/chunks/_/BrandMark-Dfw0giN0.mjs (1.35 kB) (709 B gzip)
  ├─ ../../../../../../../var/folders/z9/99ckxr957v901zwwc8jdk8640000gn/T/wordweave-cr010-build-ZSpbrp/.output/server/chunks/_/BrandMark-Dfw0giN0.mjs.map (940 B) (468 B gzip)
  ├─ ../../../../../../../var/folders/z9/99ckxr957v901zwwc8jdk8640000gn/T/wordweave-cr010-build-ZSpbrp/.output/server/chunks/_/create-DcHHJ_Ok.mjs (2.01 kB) (834 B gzip)
  ├─ ../../../../../../../var/folders/z9/99ckxr957v901zwwc8jdk8640000gn/T/wordweave-cr010-build-ZSpbrp/.output/server/chunks/_/create-DcHHJ_Ok.mjs.map (902 B) (455 B gzip)
  ├─ ../../../../../../../var/folders/z9/99ckxr957v901zwwc8jdk8640000gn/T/wordweave-cr010-build-ZSpbrp/.output/server/chunks/_/default-D19qibPT.mjs (9.97 kB) (2.46 kB gzip)
  ├─ ../../../../../../../var/folders/z9/99ckxr957v901zwwc8jdk8640000gn/T/wordweave-cr010-build-ZSpbrp/.output/server/chunks/_/default-D19qibPT.mjs.map (9.23 kB) (1.9 kB gzip)
  ├─ ../../../../../../../var/folders/z9/99ckxr957v901zwwc8jdk8640000gn/T/wordweave-cr010-build-ZSpbrp/.output/server/chunks/_/error-404-DloFcJfy.mjs (5.76 kB) (2.37 kB gzip)
  ├─ ../../../../../../../var/folders/z9/99ckxr957v901zwwc8jdk8640000gn/T/wordweave-cr010-build-ZSpbrp/.output/server/chunks/_/error-404-DloFcJfy.mjs.map (2.26 kB) (800 B gzip)
  ├─ ../../../../../../../var/folders/z9/99ckxr957v901zwwc8jdk8640000gn/T/wordweave-cr010-build-ZSpbrp/.output/server/chunks/_/error-404-styles.UP1AHB9m.mjs (2.76 kB) (1 kB gzip)
  ├─ ../../../../../../../var/folders/z9/99ckxr957v901zwwc8jdk8640000gn/T/wordweave-cr010-build-ZSpbrp/.output/server/chunks/_/error-404-styles.UP1AHB9m.mjs.map (504 B) (267 B gzip)
  ├─ ../../../../../../../var/folders/z9/99ckxr957v901zwwc8jdk8640000gn/T/wordweave-cr010-build-ZSpbrp/.output/server/chunks/_/error-500-BJnntww5.mjs (5.05 kB) (2.12 kB gzip)
  ├─ ../../../../../../../var/folders/z9/99ckxr957v901zwwc8jdk8640000gn/T/wordweave-cr010-build-ZSpbrp/.output/server/chunks/_/error-500-BJnntww5.mjs.map (1.76 kB) (641 B gzip)
  ├─ ../../../../../../../var/folders/z9/99ckxr957v901zwwc8jdk8640000gn/T/wordweave-cr010-build-ZSpbrp/.output/server/chunks/_/error-500-styles.CvfOP9g8.mjs (2.23 kB) (877 B gzip)
  ├─ ../../../../../../../var/folders/z9/99ckxr957v901zwwc8jdk8640000gn/T/wordweave-cr010-build-ZSpbrp/.output/server/chunks/_/error-500-styles.CvfOP9g8.mjs.map (504 B) (268 B gzip)
  ├─ ../../../../../../../var/folders/z9/99ckxr957v901zwwc8jdk8640000gn/T/wordweave-cr010-build-ZSpbrp/.output/server/chunks/_/error-500.mjs (5.05 kB) (2.07 kB gzip)
  ├─ ../../../../../../../var/folders/z9/99ckxr957v901zwwc8jdk8640000gn/T/wordweave-cr010-build-ZSpbrp/.output/server/chunks/_/error-500.mjs.map (366 B) (253 B gzip)
  ├─ ../../../../../../../var/folders/z9/99ckxr957v901zwwc8jdk8640000gn/T/wordweave-cr010-build-ZSpbrp/.output/server/chunks/_/exchange-6ayFF86d.mjs (1.98 kB) (829 B gzip)
  ├─ ../../../../../../../var/folders/z9/99ckxr957v901zwwc8jdk8640000gn/T/wordweave-cr010-build-ZSpbrp/.output/server/chunks/_/exchange-6ayFF86d.mjs.map (919 B) (459 B gzip)
  ├─ ../../../../../../../var/folders/z9/99ckxr957v901zwwc8jdk8640000gn/T/wordweave-cr010-build-ZSpbrp/.output/server/chunks/_/explore-DrOkHLKr.mjs (13.8 kB) (3.96 kB gzip)
  ├─ ../../../../../../../var/folders/z9/99ckxr957v901zwwc8jdk8640000gn/T/wordweave-cr010-build-ZSpbrp/.output/server/chunks/_/explore-DrOkHLKr.mjs.map (13.5 kB) (3.02 kB gzip)
  ├─ ../../../../../../../var/folders/z9/99ckxr957v901zwwc8jdk8640000gn/T/wordweave-cr010-build-ZSpbrp/.output/server/chunks/_/GenerationSettings-Cr7m6dnl.mjs (2.63 kB) (848 B gzip)
  ├─ ../../../../../../../var/folders/z9/99ckxr957v901zwwc8jdk8640000gn/T/wordweave-cr010-build-ZSpbrp/.output/server/chunks/_/GenerationSettings-Cr7m6dnl.mjs.map (2.09 kB) (699 B gzip)
  ├─ ../../../../../../../var/folders/z9/99ckxr957v901zwwc8jdk8640000gn/T/wordweave-cr010-build-ZSpbrp/.output/server/chunks/_/GenerationWorkspace-B86kBvWr.mjs (33.4 kB) (7 kB gzip)
  ├─ ../../../../../../../var/folders/z9/99ckxr957v901zwwc8jdk8640000gn/T/wordweave-cr010-build-ZSpbrp/.output/server/chunks/_/GenerationWorkspace-B86kBvWr.mjs.map (34 kB) (6.32 kB gzip)
  ├─ ../../../../../../../var/folders/z9/99ckxr957v901zwwc8jdk8640000gn/T/wordweave-cr010-build-ZSpbrp/.output/server/chunks/_/growth-BxAnLZOw.mjs (74.4 kB) (12.9 kB gzip)
  ├─ ../../../../../../../var/folders/z9/99ckxr957v901zwwc8jdk8640000gn/T/wordweave-cr010-build-ZSpbrp/.output/server/chunks/_/growth-BxAnLZOw.mjs.map (80.5 kB) (12.4 kB gzip)
  ├─ ../../../../../../../var/folders/z9/99ckxr957v901zwwc8jdk8640000gn/T/wordweave-cr010-build-ZSpbrp/.output/server/chunks/_/growth-D4FtswZE.mjs (29.1 kB) (5.76 kB gzip)
  ├─ ../../../../../../../var/folders/z9/99ckxr957v901zwwc8jdk8640000gn/T/wordweave-cr010-build-ZSpbrp/.output/server/chunks/_/growth-D4FtswZE.mjs.map (28.4 kB) (5.03 kB gzip)
  ├─ ../../../../../../../var/folders/z9/99ckxr957v901zwwc8jdk8640000gn/T/wordweave-cr010-build-ZSpbrp/.output/server/chunks/_/growth-drafts-g6NGAUre.mjs (1.47 kB) (707 B gzip)
  ├─ ../../../../../../../var/folders/z9/99ckxr957v901zwwc8jdk8640000gn/T/wordweave-cr010-build-ZSpbrp/.output/server/chunks/_/growth-drafts-g6NGAUre.mjs.map (1.98 kB) (714 B gzip)
  ├─ ../../../../../../../var/folders/z9/99ckxr957v901zwwc8jdk8640000gn/T/wordweave-cr010-build-ZSpbrp/.output/server/chunks/_/guest-BM7AjnT0.mjs (1.13 kB) (526 B gzip)
  ├─ ../../../../../../../var/folders/z9/99ckxr957v901zwwc8jdk8640000gn/T/wordweave-cr010-build-ZSpbrp/.output/server/chunks/_/guest-BM7AjnT0.mjs.map (683 B) (372 B gzip)
  ├─ ../../../../../../../var/folders/z9/99ckxr957v901zwwc8jdk8640000gn/T/wordweave-cr010-build-ZSpbrp/.output/server/chunks/_/items-Cr_EcieF.mjs (1.91 kB) (805 B gzip)
  ├─ ../../../../../../../var/folders/z9/99ckxr957v901zwwc8jdk8640000gn/T/wordweave-cr010-build-ZSpbrp/.output/server/chunks/_/items-Cr_EcieF.mjs.map (867 B) (438 B gzip)
  ├─ ../../../../../../../var/folders/z9/99ckxr957v901zwwc8jdk8640000gn/T/wordweave-cr010-build-ZSpbrp/.output/server/chunks/_/ItemsWorkspace-CrApwAXV.mjs (47.7 kB) (7.16 kB gzip)
  ├─ ../../../../../../../var/folders/z9/99ckxr957v901zwwc8jdk8640000gn/T/wordweave-cr010-build-ZSpbrp/.output/server/chunks/_/ItemsWorkspace-CrApwAXV.mjs.map (50 kB) (7.27 kB gzip)
  ├─ ../../../../../../../var/folders/z9/99ckxr957v901zwwc8jdk8640000gn/T/wordweave-cr010-build-ZSpbrp/.output/server/chunks/_/learner-access-C427D0og.mjs (6.38 kB) (1.86 kB gzip)
  ├─ ../../../../../../../var/folders/z9/99ckxr957v901zwwc8jdk8640000gn/T/wordweave-cr010-build-ZSpbrp/.output/server/chunks/_/learner-access-C427D0og.mjs.map (5.99 kB) (1.57 kB gzip)
  ├─ ../../../../../../../var/folders/z9/99ckxr957v901zwwc8jdk8640000gn/T/wordweave-cr010-build-ZSpbrp/.output/server/chunks/_/learner-C2Q9fF8d.mjs (1.04 kB) (473 B gzip)
  ├─ ../../../../../../../var/folders/z9/99ckxr957v901zwwc8jdk8640000gn/T/wordweave-cr010-build-ZSpbrp/.output/server/chunks/_/learner-C2Q9fF8d.mjs.map (551 B) (331 B gzip)
  ├─ ../../../../../../../var/folders/z9/99ckxr957v901zwwc8jdk8640000gn/T/wordweave-cr010-build-ZSpbrp/.output/server/chunks/_/library-iJAAfI-K.mjs (27 kB) (5.18 kB gzip)
  ├─ ../../../../../../../var/folders/z9/99ckxr957v901zwwc8jdk8640000gn/T/wordweave-cr010-build-ZSpbrp/.output/server/chunks/_/library-iJAAfI-K.mjs.map (25.7 kB) (4.57 kB gzip)
  ├─ ../../../../../../../var/folders/z9/99ckxr957v901zwwc8jdk8640000gn/T/wordweave-cr010-build-ZSpbrp/.output/server/chunks/_/login-B7PXcHlJ.mjs (5.93 kB) (1.93 kB gzip)
  ├─ ../../../../../../../var/folders/z9/99ckxr957v901zwwc8jdk8640000gn/T/wordweave-cr010-build-ZSpbrp/.output/server/chunks/_/login-B7PXcHlJ.mjs.map (4.71 kB) (1.27 kB gzip)
  ├─ ../../../../../../../var/folders/z9/99ckxr957v901zwwc8jdk8640000gn/T/wordweave-cr010-build-ZSpbrp/.output/server/chunks/_/models-C-ZGQPsH.mjs (22.9 kB) (4.52 kB gzip)
  ├─ ../../../../../../../var/folders/z9/99ckxr957v901zwwc8jdk8640000gn/T/wordweave-cr010-build-ZSpbrp/.output/server/chunks/_/models-C-ZGQPsH.mjs.map (23.2 kB) (3.84 kB gzip)
  ├─ ../../../../../../../var/folders/z9/99ckxr957v901zwwc8jdk8640000gn/T/wordweave-cr010-build-ZSpbrp/.output/server/chunks/_/notices-Ck5o2rno.mjs (8.56 kB) (2.47 kB gzip)
  ├─ ../../../../../../../var/folders/z9/99ckxr957v901zwwc8jdk8640000gn/T/wordweave-cr010-build-ZSpbrp/.output/server/chunks/_/notices-Ck5o2rno.mjs.map (8.57 kB) (2.02 kB gzip)
  ├─ ../../../../../../../var/folders/z9/99ckxr957v901zwwc8jdk8640000gn/T/wordweave-cr010-build-ZSpbrp/.output/server/chunks/_/notices-VLpmJ3Bw.mjs (15.5 kB) (3.93 kB gzip)
  ├─ ../../../../../../../var/folders/z9/99ckxr957v901zwwc8jdk8640000gn/T/wordweave-cr010-build-ZSpbrp/.output/server/chunks/_/notices-VLpmJ3Bw.mjs.map (15.2 kB) (3.25 kB gzip)
  ├─ ../../../../../../../var/folders/z9/99ckxr957v901zwwc8jdk8640000gn/T/wordweave-cr010-build-ZSpbrp/.output/server/chunks/_/page-loader-BVJN2kbQ.mjs (248 B) (206 B gzip)
  ├─ ../../../../../../../var/folders/z9/99ckxr957v901zwwc8jdk8640000gn/T/wordweave-cr010-build-ZSpbrp/.output/server/chunks/_/page-loader-BVJN2kbQ.mjs.map (374 B) (271 B gzip)
  ├─ ../../../../../../../var/folders/z9/99ckxr957v901zwwc8jdk8640000gn/T/wordweave-cr010-build-ZSpbrp/.output/server/chunks/_/pages-Ck2GS1nP.mjs (7.86 kB) (2.54 kB gzip)
  ├─ ../../../../../../../var/folders/z9/99ckxr957v901zwwc8jdk8640000gn/T/wordweave-cr010-build-ZSpbrp/.output/server/chunks/_/pages-Ck2GS1nP.mjs.map (6.47 kB) (1.52 kB gzip)
  ├─ ../../../../../../../var/folders/z9/99ckxr957v901zwwc8jdk8640000gn/T/wordweave-cr010-build-ZSpbrp/.output/server/chunks/_/plans-B-JKHzeo.mjs (19.9 kB) (4.41 kB gzip)
  ├─ ../../../../../../../var/folders/z9/99ckxr957v901zwwc8jdk8640000gn/T/wordweave-cr010-build-ZSpbrp/.output/server/chunks/_/plans-B-JKHzeo.mjs.map (20.2 kB) (3.83 kB gzip)
  ├─ ../../../../../../../var/folders/z9/99ckxr957v901zwwc8jdk8640000gn/T/wordweave-cr010-build-ZSpbrp/.output/server/chunks/_/presets-BgNa_k3W.mjs (2.57 kB) (803 B gzip)
  ├─ ../../../../../../../var/folders/z9/99ckxr957v901zwwc8jdk8640000gn/T/wordweave-cr010-build-ZSpbrp/.output/server/chunks/_/presets-BgNa_k3W.mjs.map (2.99 kB) (817 B gzip)
  ├─ ../../../../../../../var/folders/z9/99ckxr957v901zwwc8jdk8640000gn/T/wordweave-cr010-build-ZSpbrp/.output/server/chunks/_/presets-CEQ3Wqwt.mjs (29.6 kB) (6.37 kB gzip)
  ├─ ../../../../../../../var/folders/z9/99ckxr957v901zwwc8jdk8640000gn/T/wordweave-cr010-build-ZSpbrp/.output/server/chunks/_/presets-CEQ3Wqwt.mjs.map (31.8 kB) (5.71 kB gzip)
  ├─ ../../../../../../../var/folders/z9/99ckxr957v901zwwc8jdk8640000gn/T/wordweave-cr010-build-ZSpbrp/.output/server/chunks/_/register--PvoT12j.mjs (6.51 kB) (2.03 kB gzip)
  ├─ ../../../../../../../var/folders/z9/99ckxr957v901zwwc8jdk8640000gn/T/wordweave-cr010-build-ZSpbrp/.output/server/chunks/_/register--PvoT12j.mjs.map (5.05 kB) (1.31 kB gzip)
  ├─ ../../../../../../../var/folders/z9/99ckxr957v901zwwc8jdk8640000gn/T/wordweave-cr010-build-ZSpbrp/.output/server/chunks/_/return-intent-CO5nbQnf.mjs (1.97 kB) (808 B gzip)
  ├─ ../../../../../../../var/folders/z9/99ckxr957v901zwwc8jdk8640000gn/T/wordweave-cr010-build-ZSpbrp/.output/server/chunks/_/return-intent-CO5nbQnf.mjs.map (2.6 kB) (826 B gzip)
  ├─ ../../../../../../../var/folders/z9/99ckxr957v901zwwc8jdk8640000gn/T/wordweave-cr010-build-ZSpbrp/.output/server/chunks/_/review-DGGpeRlk.mjs (28.9 kB) (6.61 kB gzip)
  ├─ ../../../../../../../var/folders/z9/99ckxr957v901zwwc8jdk8640000gn/T/wordweave-cr010-build-ZSpbrp/.output/server/chunks/_/review-DGGpeRlk.mjs.map (29.7 kB) (5.6 kB gzip)
  ├─ ../../../../../../../var/folders/z9/99ckxr957v901zwwc8jdk8640000gn/T/wordweave-cr010-build-ZSpbrp/.output/server/chunks/_/use-design-copy-C27vTo7e.mjs (416 B) (294 B gzip)
  ├─ ../../../../../../../var/folders/z9/99ckxr957v901zwwc8jdk8640000gn/T/wordweave-cr010-build-ZSpbrp/.output/server/chunks/_/use-design-copy-C27vTo7e.mjs.map (591 B) (353 B gzip)
  ├─ ../../../../../../../var/folders/z9/99ckxr957v901zwwc8jdk8640000gn/T/wordweave-cr010-build-ZSpbrp/.output/server/chunks/_/use-display-formatters-CT6_rKNu.mjs (1.5 kB) (640 B gzip)
  ├─ ../../../../../../../var/folders/z9/99ckxr957v901zwwc8jdk8640000gn/T/wordweave-cr010-build-ZSpbrp/.output/server/chunks/_/use-display-formatters-CT6_rKNu.mjs.map (1.79 kB) (607 B gzip)
  ├─ ../../../../../../../var/folders/z9/99ckxr957v901zwwc8jdk8640000gn/T/wordweave-cr010-build-ZSpbrp/.output/server/chunks/_/use-localized-head-BayQuIUR.mjs (270 B) (215 B gzip)
  ├─ ../../../../../../../var/folders/z9/99ckxr957v901zwwc8jdk8640000gn/T/wordweave-cr010-build-ZSpbrp/.output/server/chunks/_/use-localized-head-BayQuIUR.mjs.map (426 B) (288 B gzip)
  ├─ ../../../../../../../var/folders/z9/99ckxr957v901zwwc8jdk8640000gn/T/wordweave-cr010-build-ZSpbrp/.output/server/chunks/_/users-BzpOx7pk.mjs (10.6 kB) (3.27 kB gzip)
  ├─ ../../../../../../../var/folders/z9/99ckxr957v901zwwc8jdk8640000gn/T/wordweave-cr010-build-ZSpbrp/.output/server/chunks/_/users-BzpOx7pk.mjs.map (9.74 kB) (2.49 kB gzip)
  ├─ ../../../../../../../var/folders/z9/99ckxr957v901zwwc8jdk8640000gn/T/wordweave-cr010-build-ZSpbrp/.output/server/chunks/nitro/nitro.mjs (218 kB) (54.8 kB gzip)
  ├─ ../../../../../../../var/folders/z9/99ckxr957v901zwwc8jdk8640000gn/T/wordweave-cr010-build-ZSpbrp/.output/server/chunks/nitro/nitro.mjs.map (17.2 kB) (1.55 kB gzip)
  ├─ ../../../../../../../var/folders/z9/99ckxr957v901zwwc8jdk8640000gn/T/wordweave-cr010-build-ZSpbrp/.output/server/chunks/raw/0286ed24.mjs (50.1 kB) (14.9 kB gzip)
  ├─ ../../../../../../../var/folders/z9/99ckxr957v901zwwc8jdk8640000gn/T/wordweave-cr010-build-ZSpbrp/.output/server/chunks/raw/0286ed24.mjs.map (76 B) (89 B gzip)
  ├─ ../../../../../../../var/folders/z9/99ckxr957v901zwwc8jdk8640000gn/T/wordweave-cr010-build-ZSpbrp/.output/server/chunks/raw/c75dadbf.mjs (49.1 kB) (16.5 kB gzip)
  ├─ ../../../../../../../var/folders/z9/99ckxr957v901zwwc8jdk8640000gn/T/wordweave-cr010-build-ZSpbrp/.output/server/chunks/raw/c75dadbf.mjs.map (76 B) (89 B gzip)
  ├─ ../../../../../../../var/folders/z9/99ckxr957v901zwwc8jdk8640000gn/T/wordweave-cr010-build-ZSpbrp/.output/server/chunks/routes/renderer.mjs (15.4 kB) (5.35 kB gzip)
  ├─ ../../../../../../../var/folders/z9/99ckxr957v901zwwc8jdk8640000gn/T/wordweave-cr010-build-ZSpbrp/.output/server/chunks/routes/renderer.mjs.map (3.24 kB) (489 B gzip)
  ├─ ../../../../../../../var/folders/z9/99ckxr957v901zwwc8jdk8640000gn/T/wordweave-cr010-build-ZSpbrp/.output/server/chunks/virtual/_virtual_spa-template.mjs (94 B) (100 B gzip)
  ├─ ../../../../../../../var/folders/z9/99ckxr957v901zwwc8jdk8640000gn/T/wordweave-cr010-build-ZSpbrp/.output/server/chunks/virtual/_virtual_spa-template.mjs.map (88 B) (97 B gzip)
  ├─ ../../../../../../../var/folders/z9/99ckxr957v901zwwc8jdk8640000gn/T/wordweave-cr010-build-ZSpbrp/.output/server/chunks/virtual/entry.mjs (463 kB) (107 kB gzip)
  ├─ ../../../../../../../var/folders/z9/99ckxr957v901zwwc8jdk8640000gn/T/wordweave-cr010-build-ZSpbrp/.output/server/chunks/virtual/entry.mjs.map (2.49 kB) (738 B gzip)
  ├─ ../../../../../../../var/folders/z9/99ckxr957v901zwwc8jdk8640000gn/T/wordweave-cr010-build-ZSpbrp/.output/server/chunks/virtual/precomputed.mjs (51.9 kB) (4.07 kB gzip)
  ├─ ../../../../../../../var/folders/z9/99ckxr957v901zwwc8jdk8640000gn/T/wordweave-cr010-build-ZSpbrp/.output/server/chunks/virtual/precomputed.mjs.map (43.5 kB) (1.39 kB gzip)
  ├─ ../../../../../../../var/folders/z9/99ckxr957v901zwwc8jdk8640000gn/T/wordweave-cr010-build-ZSpbrp/.output/server/chunks/virtual/styles.mjs (786 B) (355 B gzip)
  ├─ ../../../../../../../var/folders/z9/99ckxr957v901zwwc8jdk8640000gn/T/wordweave-cr010-build-ZSpbrp/.output/server/chunks/virtual/styles.mjs.map (498 B) (274 B gzip)
  ├─ ../../../../../../../var/folders/z9/99ckxr957v901zwwc8jdk8640000gn/T/wordweave-cr010-build-ZSpbrp/.output/server/index.mjs (374 B) (215 B gzip)
  └─ ../../../../../../../var/folders/z9/99ckxr957v901zwwc8jdk8640000gn/T/wordweave-cr010-build-ZSpbrp/.output/server/package.json (1.27 kB) (497 B gzip)
Σ Total size: 5.23 MB (1.22 MB gzip)
[nitro] ✔ You can preview this build using node ../../../../../../../var/folders/z9/99ckxr957v901zwwc8jdk8640000gn/T/wordweave-cr010-build-ZSpbrp/.output/server/index.mjs
