ℹ Building client...
ℹ vite v8.2.2 building client environment for production...
transforming...
✓ 570 modules transformed.
rendering chunks...
computing gzip size...
ℹ ../../../../../../../var/folders/z9/99ckxr957v901zwwc8jdk8640000gn/T/wordweave-cr010-build-HqbmRK/.nuxt/dist/client/manifest.json                  24.21 kB │ gzip:  2.43 kB
../../../../../../../var/folders/z9/99ckxr957v901zwwc8jdk8640000gn/T/wordweave-cr010-build-HqbmRK/.nuxt/dist/client/_nuxt/analytics.SFhFgM4I.css    0.94 kB │ gzip:  0.34 kB
../../../../../../../var/folders/z9/99ckxr957v901zwwc8jdk8640000gn/T/wordweave-cr010-build-HqbmRK/.nuxt/dist/client/_nuxt/error-500.BCwb1ls_.css    1.90 kB │ gzip:  0.72 kB
../../../../../../../var/folders/z9/99ckxr957v901zwwc8jdk8640000gn/T/wordweave-cr010-build-HqbmRK/.nuxt/dist/client/_nuxt/error-404.DtX14caB.css    2.42 kB │ gzip:  0.85 kB
../../../../../../../var/folders/z9/99ckxr957v901zwwc8jdk8640000gn/T/wordweave-cr010-build-HqbmRK/.nuxt/dist/client/_nuxt/entry.Cs_0zkhe.css       64.67 kB │ gzip: 13.54 kB
../../../../../../../var/folders/z9/99ckxr957v901zwwc8jdk8640000gn/T/wordweave-cr010-build-HqbmRK/.nuxt/dist/client/_nuxt/CNs_Ozdc.js               0.02 kB │ gzip:  0.04 kB
../../../../../../../var/folders/z9/99ckxr957v901zwwc8jdk8640000gn/T/wordweave-cr010-build-HqbmRK/.nuxt/dist/client/_nuxt/BDNMzG2s.js               0.08 kB │ gzip:  0.09 kB
../../../../../../../var/folders/z9/99ckxr957v901zwwc8jdk8640000gn/T/wordweave-cr010-build-HqbmRK/.nuxt/dist/client/_nuxt/BDgPJ9R5.js               0.10 kB │ gzip:  0.10 kB
../../../../../../../var/folders/z9/99ckxr957v901zwwc8jdk8640000gn/T/wordweave-cr010-build-HqbmRK/.nuxt/dist/client/_nuxt/CVd6l7ad.js               0.11 kB │ gzip:  0.10 kB
../../../../../../../var/folders/z9/99ckxr957v901zwwc8jdk8640000gn/T/wordweave-cr010-build-HqbmRK/.nuxt/dist/client/_nuxt/36uOzkuD.js               0.13 kB │ gzip:  0.12 kB
../../../../../../../var/folders/z9/99ckxr957v901zwwc8jdk8640000gn/T/wordweave-cr010-build-HqbmRK/.nuxt/dist/client/_nuxt/CtLoWwMR.js               0.14 kB │ gzip:  0.13 kB
../../../../../../../var/folders/z9/99ckxr957v901zwwc8jdk8640000gn/T/wordweave-cr010-build-HqbmRK/.nuxt/dist/client/_nuxt/D7qRaRrx.js               0.23 kB │ gzip:  0.18 kB
../../../../../../../var/folders/z9/99ckxr957v901zwwc8jdk8640000gn/T/wordweave-cr010-build-HqbmRK/.nuxt/dist/client/_nuxt/BvP9HOPg.js               0.23 kB │ gzip:  0.19 kB
../../../../../../../var/folders/z9/99ckxr957v901zwwc8jdk8640000gn/T/wordweave-cr010-build-HqbmRK/.nuxt/dist/client/_nuxt/BcmnoBS-.js               0.23 kB │ gzip:  0.19 kB
../../../../../../../var/folders/z9/99ckxr957v901zwwc8jdk8640000gn/T/wordweave-cr010-build-HqbmRK/.nuxt/dist/client/_nuxt/nGQemrBA.js               0.23 kB │ gzip:  0.19 kB
../../../../../../../var/folders/z9/99ckxr957v901zwwc8jdk8640000gn/T/wordweave-cr010-build-HqbmRK/.nuxt/dist/client/_nuxt/v_ub8Vkm.js               0.25 kB │ gzip:  0.20 kB
../../../../../../../var/folders/z9/99ckxr957v901zwwc8jdk8640000gn/T/wordweave-cr010-build-HqbmRK/.nuxt/dist/client/_nuxt/BCV0MyGW.js               0.28 kB │ gzip:  0.21 kB
../../../../../../../var/folders/z9/99ckxr957v901zwwc8jdk8640000gn/T/wordweave-cr010-build-HqbmRK/.nuxt/dist/client/_nuxt/BVqgFJcH.js               0.38 kB │ gzip:  0.25 kB
../../../../../../../var/folders/z9/99ckxr957v901zwwc8jdk8640000gn/T/wordweave-cr010-build-HqbmRK/.nuxt/dist/client/_nuxt/WqizIAGF.js               0.61 kB │ gzip:  0.41 kB
../../../../../../../var/folders/z9/99ckxr957v901zwwc8jdk8640000gn/T/wordweave-cr010-build-HqbmRK/.nuxt/dist/client/_nuxt/DcViFzIV.js               0.68 kB │ gzip:  0.43 kB
../../../../../../../var/folders/z9/99ckxr957v901zwwc8jdk8640000gn/T/wordweave-cr010-build-HqbmRK/.nuxt/dist/client/_nuxt/C8orgTTV.js               0.71 kB │ gzip:  0.41 kB
../../../../../../../var/folders/z9/99ckxr957v901zwwc8jdk8640000gn/T/wordweave-cr010-build-HqbmRK/.nuxt/dist/client/_nuxt/DTkGnwhQ.js               0.88 kB │ gzip:  0.49 kB
../../../../../../../var/folders/z9/99ckxr957v901zwwc8jdk8640000gn/T/wordweave-cr010-build-HqbmRK/.nuxt/dist/client/_nuxt/DLGYIxbx.js               1.14 kB │ gzip:  0.48 kB
../../../../../../../var/folders/z9/99ckxr957v901zwwc8jdk8640000gn/T/wordweave-cr010-build-HqbmRK/.nuxt/dist/client/_nuxt/UJIc1-E9.js               1.23 kB │ gzip:  0.66 kB
../../../../../../../var/folders/z9/99ckxr957v901zwwc8jdk8640000gn/T/wordweave-cr010-build-HqbmRK/.nuxt/dist/client/_nuxt/BNHcy7Bg.js               1.31 kB │ gzip:  0.55 kB
../../../../../../../var/folders/z9/99ckxr957v901zwwc8jdk8640000gn/T/wordweave-cr010-build-HqbmRK/.nuxt/dist/client/_nuxt/C1gBL_7l.js               1.94 kB │ gzip:  0.90 kB
../../../../../../../var/folders/z9/99ckxr957v901zwwc8jdk8640000gn/T/wordweave-cr010-build-HqbmRK/.nuxt/dist/client/_nuxt/BCXVeM7W.js               2.03 kB │ gzip:  0.89 kB
../../../../../../../var/folders/z9/99ckxr957v901zwwc8jdk8640000gn/T/wordweave-cr010-build-HqbmRK/.nuxt/dist/client/_nuxt/DfV4Xzv0.js               2.08 kB │ gzip:  0.88 kB
../../../../../../../var/folders/z9/99ckxr957v901zwwc8jdk8640000gn/T/wordweave-cr010-build-HqbmRK/.nuxt/dist/client/_nuxt/tXNrxY6e.js               2.29 kB │ gzip:  1.09 kB
../../../../../../../var/folders/z9/99ckxr957v901zwwc8jdk8640000gn/T/wordweave-cr010-build-HqbmRK/.nuxt/dist/client/_nuxt/DYA2rhi9.js               2.32 kB │ gzip:  1.00 kB
../../../../../../../var/folders/z9/99ckxr957v901zwwc8jdk8640000gn/T/wordweave-cr010-build-HqbmRK/.nuxt/dist/client/_nuxt/DHYEBPKo.js               2.38 kB │ gzip:  1.14 kB
../../../../../../../var/folders/z9/99ckxr957v901zwwc8jdk8640000gn/T/wordweave-cr010-build-HqbmRK/.nuxt/dist/client/_nuxt/oc7UUt1H.js               2.41 kB │ gzip:  1.06 kB
../../../../../../../var/folders/z9/99ckxr957v901zwwc8jdk8640000gn/T/wordweave-cr010-build-HqbmRK/.nuxt/dist/client/_nuxt/D_qo59mv.js               2.77 kB │ gzip:  1.20 kB
../../../../../../../var/folders/z9/99ckxr957v901zwwc8jdk8640000gn/T/wordweave-cr010-build-HqbmRK/.nuxt/dist/client/_nuxt/DXe2Km3G.js               3.40 kB │ gzip:  1.54 kB
../../../../../../../var/folders/z9/99ckxr957v901zwwc8jdk8640000gn/T/wordweave-cr010-build-HqbmRK/.nuxt/dist/client/_nuxt/BIByWpPt.js               3.45 kB │ gzip:  1.47 kB
../../../../../../../var/folders/z9/99ckxr957v901zwwc8jdk8640000gn/T/wordweave-cr010-build-HqbmRK/.nuxt/dist/client/_nuxt/BfSiVOix.js               3.53 kB │ gzip:  1.58 kB
../../../../../../../var/folders/z9/99ckxr957v901zwwc8jdk8640000gn/T/wordweave-cr010-build-HqbmRK/.nuxt/dist/client/_nuxt/C4zOlG7N.js               3.72 kB │ gzip:  1.69 kB
../../../../../../../var/folders/z9/99ckxr957v901zwwc8jdk8640000gn/T/wordweave-cr010-build-HqbmRK/.nuxt/dist/client/_nuxt/DN5ARCKS.js               4.04 kB │ gzip:  1.69 kB
../../../../../../../var/folders/z9/99ckxr957v901zwwc8jdk8640000gn/T/wordweave-cr010-build-HqbmRK/.nuxt/dist/client/_nuxt/idIgFrSc.js               4.45 kB │ gzip:  1.80 kB
../../../../../../../var/folders/z9/99ckxr957v901zwwc8jdk8640000gn/T/wordweave-cr010-build-HqbmRK/.nuxt/dist/client/_nuxt/Dw5KJCYR.js               4.78 kB │ gzip:  1.59 kB
../../../../../../../var/folders/z9/99ckxr957v901zwwc8jdk8640000gn/T/wordweave-cr010-build-HqbmRK/.nuxt/dist/client/_nuxt/K6kRU-va.js               5.78 kB │ gzip:  2.36 kB
../../../../../../../var/folders/z9/99ckxr957v901zwwc8jdk8640000gn/T/wordweave-cr010-build-HqbmRK/.nuxt/dist/client/_nuxt/BwbJUs3N.js               6.11 kB │ gzip:  2.90 kB
../../../../../../../var/folders/z9/99ckxr957v901zwwc8jdk8640000gn/T/wordweave-cr010-build-HqbmRK/.nuxt/dist/client/_nuxt/BwH17m2x.js               6.34 kB │ gzip:  2.62 kB
../../../../../../../var/folders/z9/99ckxr957v901zwwc8jdk8640000gn/T/wordweave-cr010-build-HqbmRK/.nuxt/dist/client/_nuxt/CV8wmWsw.js               6.35 kB │ gzip:  2.81 kB
../../../../../../../var/folders/z9/99ckxr957v901zwwc8jdk8640000gn/T/wordweave-cr010-build-HqbmRK/.nuxt/dist/client/_nuxt/BOPYz72d.js               6.62 kB │ gzip:  2.13 kB
../../../../../../../var/folders/z9/99ckxr957v901zwwc8jdk8640000gn/T/wordweave-cr010-build-HqbmRK/.nuxt/dist/client/_nuxt/CXCw2V-i.js               7.14 kB │ gzip:  2.88 kB
../../../../../../../var/folders/z9/99ckxr957v901zwwc8jdk8640000gn/T/wordweave-cr010-build-HqbmRK/.nuxt/dist/client/_nuxt/CrHxeVD7.js               7.29 kB │ gzip:  2.83 kB
../../../../../../../var/folders/z9/99ckxr957v901zwwc8jdk8640000gn/T/wordweave-cr010-build-HqbmRK/.nuxt/dist/client/_nuxt/-_nN97AQ.js               8.00 kB │ gzip:  3.07 kB
../../../../../../../var/folders/z9/99ckxr957v901zwwc8jdk8640000gn/T/wordweave-cr010-build-HqbmRK/.nuxt/dist/client/_nuxt/BTrhxus6.js               8.10 kB │ gzip:  2.35 kB
../../../../../../../var/folders/z9/99ckxr957v901zwwc8jdk8640000gn/T/wordweave-cr010-build-HqbmRK/.nuxt/dist/client/_nuxt/D4pVigV6.js               8.26 kB │ gzip:  2.99 kB
../../../../../../../var/folders/z9/99ckxr957v901zwwc8jdk8640000gn/T/wordweave-cr010-build-HqbmRK/.nuxt/dist/client/_nuxt/CLEvzZpw.js               9.03 kB │ gzip:  2.89 kB
../../../../../../../var/folders/z9/99ckxr957v901zwwc8jdk8640000gn/T/wordweave-cr010-build-HqbmRK/.nuxt/dist/client/_nuxt/Dau0-AeC.js               9.20 kB │ gzip:  3.01 kB
../../../../../../../var/folders/z9/99ckxr957v901zwwc8jdk8640000gn/T/wordweave-cr010-build-HqbmRK/.nuxt/dist/client/_nuxt/DeVAbjHr.js               9.27 kB │ gzip:  3.92 kB
../../../../../../../var/folders/z9/99ckxr957v901zwwc8jdk8640000gn/T/wordweave-cr010-build-HqbmRK/.nuxt/dist/client/_nuxt/DG9UqG7Z.js               9.74 kB │ gzip:  3.40 kB
../../../../../../../var/folders/z9/99ckxr957v901zwwc8jdk8640000gn/T/wordweave-cr010-build-HqbmRK/.nuxt/dist/client/_nuxt/BuRC9TEJ.js              11.63 kB │ gzip:  4.03 kB
../../../../../../../var/folders/z9/99ckxr957v901zwwc8jdk8640000gn/T/wordweave-cr010-build-HqbmRK/.nuxt/dist/client/_nuxt/CbvW0Ckb.js              12.72 kB │ gzip:  4.13 kB
../../../../../../../var/folders/z9/99ckxr957v901zwwc8jdk8640000gn/T/wordweave-cr010-build-HqbmRK/.nuxt/dist/client/_nuxt/DyUM36y0.js              13.46 kB │ gzip:  5.77 kB
../../../../../../../var/folders/z9/99ckxr957v901zwwc8jdk8640000gn/T/wordweave-cr010-build-HqbmRK/.nuxt/dist/client/_nuxt/B_7ejodq.js              13.67 kB │ gzip:  4.75 kB
../../../../../../../var/folders/z9/99ckxr957v901zwwc8jdk8640000gn/T/wordweave-cr010-build-HqbmRK/.nuxt/dist/client/_nuxt/CmbluwC9.js              16.57 kB │ gzip:  5.35 kB
../../../../../../../var/folders/z9/99ckxr957v901zwwc8jdk8640000gn/T/wordweave-cr010-build-HqbmRK/.nuxt/dist/client/_nuxt/BrADuwnk.js              16.83 kB │ gzip:  4.09 kB
../../../../../../../var/folders/z9/99ckxr957v901zwwc8jdk8640000gn/T/wordweave-cr010-build-HqbmRK/.nuxt/dist/client/_nuxt/CTQeMcJX.js              19.01 kB │ gzip:  5.99 kB
../../../../../../../var/folders/z9/99ckxr957v901zwwc8jdk8640000gn/T/wordweave-cr010-build-HqbmRK/.nuxt/dist/client/_nuxt/oZrM902T.js              22.65 kB │ gzip:  7.76 kB
../../../../../../../var/folders/z9/99ckxr957v901zwwc8jdk8640000gn/T/wordweave-cr010-build-HqbmRK/.nuxt/dist/client/_nuxt/BuGlldFk.js              23.10 kB │ gzip:  7.46 kB
../../../../../../../var/folders/z9/99ckxr957v901zwwc8jdk8640000gn/T/wordweave-cr010-build-HqbmRK/.nuxt/dist/client/_nuxt/0nPAoPiu.js              34.59 kB │ gzip:  9.71 kB
../../../../../../../var/folders/z9/99ckxr957v901zwwc8jdk8640000gn/T/wordweave-cr010-build-HqbmRK/.nuxt/dist/client/_nuxt/D-VbHypG.js              49.47 kB │ gzip: 17.06 kB
../../../../../../../var/folders/z9/99ckxr957v901zwwc8jdk8640000gn/T/wordweave-cr010-build-HqbmRK/.nuxt/dist/client/_nuxt/DyjLnLfz.js              87.22 kB │ gzip: 33.69 kB
../../../../../../../var/folders/z9/99ckxr957v901zwwc8jdk8640000gn/T/wordweave-cr010-build-HqbmRK/.nuxt/dist/client/_nuxt/Cw2FCCLu.js             302.56 kB │ gzip: 93.20 kB

ℹ ✓ built in 4.77s

 WARN  [33m[PLUGIN_TIMINGS] [0mYour build spent 96% of 4.7s inside plugin hooks (4.6s).
Measured inside the callback, so queue time is excluded and time the callback itself awaited is not:
  - vite-plugin-checker buildEnd (48%, 2.3s, 1 call)
Those rows are 48% of the build; the rest of the 96% is below.
Not measurable — 2 hooks whose calls overlap, so elapsed time covers work other calls were doing. Profile with node --cpu-prof:
  - nuxt:ssr-styles:client resolveId (144 calls)
  - nuxt:resolve-bare-imports resolveId (29 calls)
See https://rolldown.rs/reference/InputOptions.checks#plugintimings for more details.


✔ Client built in 4819ms
ℹ Building server...
ℹ vite v8.2.2 building ssr environment for production...
transforming...
✓ 386 modules transformed.
rendering chunks...
ℹ ../../../../../../../var/folders/z9/99ckxr957v901zwwc8jdk8640000gn/T/wordweave-cr010-build-HqbmRK/.nuxt/dist/server/_nuxt/analytics-styles.COS2yGzo.mjs            0.08 kB
../../../../../../../var/folders/z9/99ckxr957v901zwwc8jdk8640000gn/T/wordweave-cr010-build-HqbmRK/.nuxt/dist/server/_nuxt/error-404-styles.UP1AHB9m.mjs            0.08 kB
../../../../../../../var/folders/z9/99ckxr957v901zwwc8jdk8640000gn/T/wordweave-cr010-build-HqbmRK/.nuxt/dist/server/_nuxt/error-500-styles.CvfOP9g8.mjs            0.08 kB
../../../../../../../var/folders/z9/99ckxr957v901zwwc8jdk8640000gn/T/wordweave-cr010-build-HqbmRK/.nuxt/dist/server/styles.mjs                                     0.72 kB
../../../../../../../var/folders/z9/99ckxr957v901zwwc8jdk8640000gn/T/wordweave-cr010-build-HqbmRK/.nuxt/dist/server/_nuxt/_plugin-vue_export-helper-BOaGB7Aw.js    0.26 kB
../../../../../../../var/folders/z9/99ckxr957v901zwwc8jdk8640000gn/T/wordweave-cr010-build-HqbmRK/.nuxt/dist/server/_nuxt/page-loader-JPF-RMuF.js                  0.29 kB │ map:     0.52 kB
../../../../../../../var/folders/z9/99ckxr957v901zwwc8jdk8640000gn/T/wordweave-cr010-build-HqbmRK/.nuxt/dist/server/_nuxt/feedback-BOx_Mtb6.js                     0.31 kB │ map:     0.44 kB
../../../../../../../var/folders/z9/99ckxr957v901zwwc8jdk8640000gn/T/wordweave-cr010-build-HqbmRK/.nuxt/dist/server/_nuxt/use-localized-head-BHf5noZb.js           0.35 kB │ map:     0.51 kB
../../../../../../../var/folders/z9/99ckxr957v901zwwc8jdk8640000gn/T/wordweave-cr010-build-HqbmRK/.nuxt/dist/server/_nuxt/pages-DOgsuHoj.js                        0.36 kB │ map:     1.92 kB
../../../../../../../var/folders/z9/99ckxr957v901zwwc8jdk8640000gn/T/wordweave-cr010-build-HqbmRK/.nuxt/dist/server/_nuxt/private-state-Blz_Ymcm.js                0.43 kB │ map:     0.64 kB
../../../../../../../var/folders/z9/99ckxr957v901zwwc8jdk8640000gn/T/wordweave-cr010-build-HqbmRK/.nuxt/dist/server/_nuxt/use-design-copy-DAtFtba3.js              0.51 kB │ map:     0.84 kB
../../../../../../../var/folders/z9/99ckxr957v901zwwc8jdk8640000gn/T/wordweave-cr010-build-HqbmRK/.nuxt/dist/server/_nuxt/analytics-events-DfqoNZue.js             0.57 kB │ map:     2.68 kB
../../../../../../../var/folders/z9/99ckxr957v901zwwc8jdk8640000gn/T/wordweave-cr010-build-HqbmRK/.nuxt/dist/server/_nuxt/admin-CMQykeLR.js                        0.59 kB │ map:     0.61 kB
../../../../../../../var/folders/z9/99ckxr957v901zwwc8jdk8640000gn/T/wordweave-cr010-build-HqbmRK/.nuxt/dist/server/_nuxt/learner-D00pEyTb.js                      0.61 kB │ map:     0.70 kB
../../../../../../../var/folders/z9/99ckxr957v901zwwc8jdk8640000gn/T/wordweave-cr010-build-HqbmRK/.nuxt/dist/server/_nuxt/guest-CW6nMoyA.js                        0.65 kB │ map:     0.71 kB
../../../../../../../var/folders/z9/99ckxr957v901zwwc8jdk8640000gn/T/wordweave-cr010-build-HqbmRK/.nuxt/dist/server/_nuxt/items-DYdnrhvS.js                        1.21 kB │ map:     0.69 kB
../../../../../../../var/folders/z9/99ckxr957v901zwwc8jdk8640000gn/T/wordweave-cr010-build-HqbmRK/.nuxt/dist/server/_nuxt/create-WSVV93vD.js                       1.22 kB │ map:     0.65 kB
../../../../../../../var/folders/z9/99ckxr957v901zwwc8jdk8640000gn/T/wordweave-cr010-build-HqbmRK/.nuxt/dist/server/_nuxt/exchange-BKqMXF1J.js                     1.28 kB │ map:     0.78 kB
../../../../../../../var/folders/z9/99ckxr957v901zwwc8jdk8640000gn/T/wordweave-cr010-build-HqbmRK/.nuxt/dist/server/_nuxt/analytics-styles-1.mjs-Cd-vY-BB.js       1.30 kB │ map:    13.60 kB
../../../../../../../var/folders/z9/99ckxr957v901zwwc8jdk8640000gn/T/wordweave-cr010-build-HqbmRK/.nuxt/dist/server/_nuxt/growth-drafts-g6NGAUre.js                1.37 kB │ map:     6.79 kB
../../../../../../../var/folders/z9/99ckxr957v901zwwc8jdk8640000gn/T/wordweave-cr010-build-HqbmRK/.nuxt/dist/server/_nuxt/BrandMark-Dfw0giN0.js                    1.40 kB │ map:     0.92 kB
../../../../../../../var/folders/z9/99ckxr957v901zwwc8jdk8640000gn/T/wordweave-cr010-build-HqbmRK/.nuxt/dist/server/_nuxt/use-display-formatters-6TT967_4.js       1.45 kB │ map:     2.69 kB
../../../../../../../var/folders/z9/99ckxr957v901zwwc8jdk8640000gn/T/wordweave-cr010-build-HqbmRK/.nuxt/dist/server/_nuxt/_presetId_-BdAjpnHE.js                   1.50 kB │ map:     1.05 kB
../../../../../../../var/folders/z9/99ckxr957v901zwwc8jdk8640000gn/T/wordweave-cr010-build-HqbmRK/.nuxt/dist/server/_nuxt/head-CmKkJiuJ.js                         1.62 kB │ map:     4.51 kB
../../../../../../../var/folders/z9/99ckxr957v901zwwc8jdk8640000gn/T/wordweave-cr010-build-HqbmRK/.nuxt/dist/server/_nuxt/AppError-AIk1fG1k.js                     1.74 kB │ map:     1.68 kB
../../../../../../../var/folders/z9/99ckxr957v901zwwc8jdk8640000gn/T/wordweave-cr010-build-HqbmRK/.nuxt/dist/server/_nuxt/return-intent-CO5nbQnf.js                1.92 kB │ map:     4.46 kB
../../../../../../../var/folders/z9/99ckxr957v901zwwc8jdk8640000gn/T/wordweave-cr010-build-HqbmRK/.nuxt/dist/server/_nuxt/_batchId_-Bh4wysFj.js                    2.03 kB │ map:     2.54 kB
../../../../../../../var/folders/z9/99ckxr957v901zwwc8jdk8640000gn/T/wordweave-cr010-build-HqbmRK/.nuxt/dist/server/_nuxt/error-500-styles-1.mjs-BIY4rstB.js       2.44 kB │ map:     5.40 kB
../../../../../../../var/folders/z9/99ckxr957v901zwwc8jdk8640000gn/T/wordweave-cr010-build-HqbmRK/.nuxt/dist/server/_nuxt/presets-J5rUuhvD.js                      2.53 kB │ map:     4.58 kB
../../../../../../../var/folders/z9/99ckxr957v901zwwc8jdk8640000gn/T/wordweave-cr010-build-HqbmRK/.nuxt/dist/server/_nuxt/AppDialog-CYul8euu.js                    2.75 kB │ map:     4.49 kB
../../../../../../../var/folders/z9/99ckxr957v901zwwc8jdk8640000gn/T/wordweave-cr010-build-HqbmRK/.nuxt/dist/server/_nuxt/GenerationSettings--xPNoD1P.js           2.75 kB │ map:     3.83 kB
../../../../../../../var/folders/z9/99ckxr957v901zwwc8jdk8640000gn/T/wordweave-cr010-build-HqbmRK/.nuxt/dist/server/_nuxt/ssr-CsYtL5n6.js                          2.93 kB │ map:     5.69 kB
../../../../../../../var/folders/z9/99ckxr957v901zwwc8jdk8640000gn/T/wordweave-cr010-build-HqbmRK/.nuxt/dist/server/_nuxt/error-404-styles-1.mjs-DwzLrrzA.js       2.97 kB │ map:     6.05 kB
../../../../../../../var/folders/z9/99ckxr957v901zwwc8jdk8640000gn/T/wordweave-cr010-build-HqbmRK/.nuxt/dist/server/_nuxt/AccountPage-DSzHNXmN.js                  3.14 kB │ map:     2.35 kB
../../../../../../../var/folders/z9/99ckxr957v901zwwc8jdk8640000gn/T/wordweave-cr010-build-HqbmRK/.nuxt/dist/server/_nuxt/analytics-fbFzv2lK.js                    3.76 kB │ map:     7.18 kB
../../../../../../../var/folders/z9/99ckxr957v901zwwc8jdk8640000gn/T/wordweave-cr010-build-HqbmRK/.nuxt/dist/server/_nuxt/AccountShell-DC9s8E-I.js                 4.45 kB │ map:     6.98 kB
../../../../../../../var/folders/z9/99ckxr957v901zwwc8jdk8640000gn/T/wordweave-cr010-build-HqbmRK/.nuxt/dist/server/_nuxt/error-500-BsHlORxF.js                    4.66 kB │ map:     5.73 kB
../../../../../../../var/folders/z9/99ckxr957v901zwwc8jdk8640000gn/T/wordweave-cr010-build-HqbmRK/.nuxt/dist/server/_nuxt/admin-C2uI1YLy.js                        4.87 kB │ map:     7.66 kB
../../../../../../../var/folders/z9/99ckxr957v901zwwc8jdk8640000gn/T/wordweave-cr010-build-HqbmRK/.nuxt/dist/server/_nuxt/error-404-BfW3NVSJ.js                    5.36 kB │ map:     6.53 kB
../../../../../../../var/folders/z9/99ckxr957v901zwwc8jdk8640000gn/T/wordweave-cr010-build-HqbmRK/.nuxt/dist/server/_nuxt/login-Df8zhKES.js                        5.53 kB │ map:    12.85 kB
../../../../../../../var/folders/z9/99ckxr957v901zwwc8jdk8640000gn/T/wordweave-cr010-build-HqbmRK/.nuxt/dist/server/_nuxt/admin-n-uOTSHH.js                        5.63 kB │ map:     8.89 kB
../../../../../../../var/folders/z9/99ckxr957v901zwwc8jdk8640000gn/T/wordweave-cr010-build-HqbmRK/.nuxt/dist/server/_nuxt/register-DVqXkb8O.js                     6.12 kB │ map:    14.76 kB
../../../../../../../var/folders/z9/99ckxr957v901zwwc8jdk8640000gn/T/wordweave-cr010-build-HqbmRK/.nuxt/dist/server/_nuxt/learner-access-CC6Lagp8.js               6.60 kB │ map:     9.03 kB
../../../../../../../var/folders/z9/99ckxr957v901zwwc8jdk8640000gn/T/wordweave-cr010-build-HqbmRK/.nuxt/dist/server/_nuxt/pages-BSJUC2qh.js                        7.02 kB │ map:    13.03 kB
../../../../../../../var/folders/z9/99ckxr957v901zwwc8jdk8640000gn/T/wordweave-cr010-build-HqbmRK/.nuxt/dist/server/_nuxt/notices-DnxtYuvF.js                      7.74 kB │ map:    12.85 kB
../../../../../../../var/folders/z9/99ckxr957v901zwwc8jdk8640000gn/T/wordweave-cr010-build-HqbmRK/.nuxt/dist/server/_nuxt/BatchParticipation-EX8r_TvD.js           8.19 kB │ map:    15.05 kB
../../../../../../../var/folders/z9/99ckxr957v901zwwc8jdk8640000gn/T/wordweave-cr010-build-HqbmRK/.nuxt/dist/server/_nuxt/session-BlbKUzwG.js                      8.80 kB │ map:    21.73 kB
../../../../../../../var/folders/z9/99ckxr957v901zwwc8jdk8640000gn/T/wordweave-cr010-build-HqbmRK/.nuxt/dist/server/_nuxt/default-C4Jifg61.js                      8.82 kB │ map:    13.36 kB
../../../../../../../var/folders/z9/99ckxr957v901zwwc8jdk8640000gn/T/wordweave-cr010-build-HqbmRK/.nuxt/dist/server/_nuxt/error-iKXWHTF3.js                        8.83 kB │ map:    23.41 kB
../../../../../../../var/folders/z9/99ckxr957v901zwwc8jdk8640000gn/T/wordweave-cr010-build-HqbmRK/.nuxt/dist/server/_nuxt/users-LiQgw5h9.js                       10.24 kB │ map:    21.85 kB
../../../../../../../var/folders/z9/99ckxr957v901zwwc8jdk8640000gn/T/wordweave-cr010-build-HqbmRK/.nuxt/dist/server/_nuxt/explore-IlndTDCA.js                     12.70 kB │ map:    31.36 kB
../../../../../../../var/folders/z9/99ckxr957v901zwwc8jdk8640000gn/T/wordweave-cr010-build-HqbmRK/.nuxt/dist/server/_nuxt/notices-Dmt7s17a.js                     14.38 kB │ map:    34.24 kB
../../../../../../../var/folders/z9/99ckxr957v901zwwc8jdk8640000gn/T/wordweave-cr010-build-HqbmRK/.nuxt/dist/server/_nuxt/admin-eqDYJx7R.js                       14.91 kB │ map:    31.27 kB
../../../../../../../var/folders/z9/99ckxr957v901zwwc8jdk8640000gn/T/wordweave-cr010-build-HqbmRK/.nuxt/dist/server/_nuxt/nuxt-DxZwf6wq.js                        16.13 kB │ map:    40.70 kB
../../../../../../../var/folders/z9/99ckxr957v901zwwc8jdk8640000gn/T/wordweave-cr010-build-HqbmRK/.nuxt/dist/server/_nuxt/AppIcon-B7K2XjAS.js                     17.65 kB │ map:    49.77 kB
../../../../../../../var/folders/z9/99ckxr957v901zwwc8jdk8640000gn/T/wordweave-cr010-build-HqbmRK/.nuxt/dist/server/_nuxt/plans-x3i61u7K.js                       18.10 kB │ map:    40.82 kB
../../../../../../../var/folders/z9/99ckxr957v901zwwc8jdk8640000gn/T/wordweave-cr010-build-HqbmRK/.nuxt/dist/server/_nuxt/_batchId_-7mXmBK4K.js                   19.25 kB │ map:    25.98 kB
../../../../../../../var/folders/z9/99ckxr957v901zwwc8jdk8640000gn/T/wordweave-cr010-build-HqbmRK/.nuxt/dist/server/_nuxt/models-Bc_9rQ_C.js                      21.00 kB │ map:    40.95 kB
../../../../../../../var/folders/z9/99ckxr957v901zwwc8jdk8640000gn/T/wordweave-cr010-build-HqbmRK/.nuxt/dist/server/_nuxt/devtools-CLRpXhL7-CYb7ggQw.js           21.27 kB │ map:    73.24 kB
../../../../../../../var/folders/z9/99ckxr957v901zwwc8jdk8640000gn/T/wordweave-cr010-build-HqbmRK/.nuxt/dist/server/_nuxt/library-BPBMSXEX.js                     23.70 kB │ map:    33.98 kB
../../../../../../../var/folders/z9/99ckxr957v901zwwc8jdk8640000gn/T/wordweave-cr010-build-HqbmRK/.nuxt/dist/server/_nuxt/analytics-D9jCmI1Q.js                   24.12 kB │ map:    47.31 kB
../../../../../../../var/folders/z9/99ckxr957v901zwwc8jdk8640000gn/T/wordweave-cr010-build-HqbmRK/.nuxt/dist/server/_nuxt/presets-B2v8H9IS.js                     26.30 kB │ map:    67.42 kB
../../../../../../../var/folders/z9/99ckxr957v901zwwc8jdk8640000gn/T/wordweave-cr010-build-HqbmRK/.nuxt/dist/server/_nuxt/growth-B4RrEH7b.js                      26.57 kB │ map:    42.76 kB
../../../../../../../var/folders/z9/99ckxr957v901zwwc8jdk8640000gn/T/wordweave-cr010-build-HqbmRK/.nuxt/dist/server/_nuxt/review-Bjimz1nj.js                      26.97 kB │ map:    49.97 kB
../../../../../../../var/folders/z9/99ckxr957v901zwwc8jdk8640000gn/T/wordweave-cr010-build-HqbmRK/.nuxt/dist/server/_nuxt/GenerationWorkspace-BcsvvXGK.js         30.77 kB │ map:    83.87 kB
../../../../../../../var/folders/z9/99ckxr957v901zwwc8jdk8640000gn/T/wordweave-cr010-build-HqbmRK/.nuxt/dist/server/_nuxt/account-BkTHGubd.js                     31.03 kB │ map:    37.19 kB
../../../../../../../var/folders/z9/99ckxr957v901zwwc8jdk8640000gn/T/wordweave-cr010-build-HqbmRK/.nuxt/dist/server/_nuxt/ItemsWorkspace-CBT5TZIE.js              42.79 kB │ map:    64.83 kB
../../../../../../../var/folders/z9/99ckxr957v901zwwc8jdk8640000gn/T/wordweave-cr010-build-HqbmRK/.nuxt/dist/server/_nuxt/_userId_-Cg4Pu-Cg.js                    44.52 kB │ map:    88.82 kB
../../../../../../../var/folders/z9/99ckxr957v901zwwc8jdk8640000gn/T/wordweave-cr010-build-HqbmRK/.nuxt/dist/server/_nuxt/_sessionId_-LVwvmPHn.js                 60.58 kB │ map:   111.55 kB
../../../../../../../var/folders/z9/99ckxr957v901zwwc8jdk8640000gn/T/wordweave-cr010-build-HqbmRK/.nuxt/dist/server/_nuxt/growth-CaMcRkb1.js                      67.87 kB │ map:   154.34 kB
../../../../../../../var/folders/z9/99ckxr957v901zwwc8jdk8640000gn/T/wordweave-cr010-build-HqbmRK/.nuxt/dist/server/server.mjs                                   421.46 kB │ map: 1,123.23 kB

ℹ ✓ built in 3.89s

 WARN  [33m[PLUGIN_TIMINGS] [0mYour build spent 96% of 3.9s inside plugin hooks (3.7s).
Measured inside the callback, so queue time is excluded and time the callback itself awaited is not:
  - vite-plugin-checker buildEnd (65%, 2.5s, 1 call)
Those rows are 65% of the build; the rest of the 96% is below.
Not measurable — 4 hooks whose calls overlap, so elapsed time covers work other calls were doing. Profile with node --cpu-prof:
  - nuxt:ssr-styles:ssr resolveId (142 calls)
  - nuxt:resolve-externals:external resolveId (43 calls)
  - nuxt:resolve-bare-imports resolveId (22 calls)
  … and 1 more
See https://rolldown.rs/reference/InputOptions.checks#plugintimings for more details.


✔ Server built in 3902ms
[nitro] ✔ Generated public ../../../../../../../var/folders/z9/99ckxr957v901zwwc8jdk8640000gn/T/wordweave-cr010-build-HqbmRK/.output/public
[nitro] ℹ Building Nuxt Nitro server (preset: node-server, compatibility date: 2026-09-01)
[plugin esbuild] ../../../../../../../private/var/folders/z9/99ckxr957v901zwwc8jdk8640000gn/T/wordweave-cr010-build-HqbmRK/.nuxt/dist/server/_nuxt/growth-B4RrEH7b.js: [esbuild] (../../../../../../../private/var/folders/z9/99ckxr957v901zwwc8jdk8640000gn/T/wordweave-cr010-build-HqbmRK/.nuxt/dist/server/_nuxt/growth-B4RrEH7b.js:182:18) Big integer literals are not available in the configured target environment ("es2019") and may crash at run-time
[plugin esbuild] ../../../../../../../private/var/folders/z9/99ckxr957v901zwwc8jdk8640000gn/T/wordweave-cr010-build-HqbmRK/.nuxt/dist/server/_nuxt/growth-B4RrEH7b.js: [esbuild] (../../../../../../../private/var/folders/z9/99ckxr957v901zwwc8jdk8640000gn/T/wordweave-cr010-build-HqbmRK/.nuxt/dist/server/_nuxt/growth-B4RrEH7b.js:182:68) Big integer literals are not available in the configured target environment ("es2019") and may crash at run-time
[plugin esbuild] ../../../../../../../private/var/folders/z9/99ckxr957v901zwwc8jdk8640000gn/T/wordweave-cr010-build-HqbmRK/.nuxt/dist/server/_nuxt/growth-drafts-g6NGAUre.js: [esbuild] (../../../../../../../private/var/folders/z9/99ckxr957v901zwwc8jdk8640000gn/T/wordweave-cr010-build-HqbmRK/.nuxt/dist/server/_nuxt/growth-drafts-g6NGAUre.js:2:82) Big integer literals are not available in the configured target environment ("es2019") and may crash at run-time
[nitro] ✔ Nuxt Nitro server built
  ├─ ../../../../../../../var/folders/z9/99ckxr957v901zwwc8jdk8640000gn/T/wordweave-cr010-build-HqbmRK/.output/server/chunks/_/_batchId_-7mXmBK4K.mjs (21.7 kB) (4.54 kB gzip)
  ├─ ../../../../../../../var/folders/z9/99ckxr957v901zwwc8jdk8640000gn/T/wordweave-cr010-build-HqbmRK/.output/server/chunks/_/_batchId_-7mXmBK4K.mjs.map (20.2 kB) (3.87 kB gzip)
  ├─ ../../../../../../../var/folders/z9/99ckxr957v901zwwc8jdk8640000gn/T/wordweave-cr010-build-HqbmRK/.output/server/chunks/_/_batchId_-Bh4wysFj.mjs (2.28 kB) (950 B gzip)
  ├─ ../../../../../../../var/folders/z9/99ckxr957v901zwwc8jdk8640000gn/T/wordweave-cr010-build-HqbmRK/.output/server/chunks/_/_batchId_-Bh4wysFj.mjs.map (1.58 kB) (650 B gzip)
  ├─ ../../../../../../../var/folders/z9/99ckxr957v901zwwc8jdk8640000gn/T/wordweave-cr010-build-HqbmRK/.output/server/chunks/_/_plugin-vue_export-helper-BOaGB7Aw.mjs (286 B) (206 B gzip)
  ├─ ../../../../../../../var/folders/z9/99ckxr957v901zwwc8jdk8640000gn/T/wordweave-cr010-build-HqbmRK/.output/server/chunks/_/_plugin-vue_export-helper-BOaGB7Aw.mjs.map (483 B) (310 B gzip)
  ├─ ../../../../../../../var/folders/z9/99ckxr957v901zwwc8jdk8640000gn/T/wordweave-cr010-build-HqbmRK/.output/server/chunks/_/_presetId_-BdAjpnHE.mjs (2.25 kB) (920 B gzip)
  ├─ ../../../../../../../var/folders/z9/99ckxr957v901zwwc8jdk8640000gn/T/wordweave-cr010-build-HqbmRK/.output/server/chunks/_/_presetId_-BdAjpnHE.mjs.map (1.09 kB) (512 B gzip)
  ├─ ../../../../../../../var/folders/z9/99ckxr957v901zwwc8jdk8640000gn/T/wordweave-cr010-build-HqbmRK/.output/server/chunks/_/_sessionId_-LVwvmPHn.mjs (68.9 kB) (12.9 kB gzip)
  ├─ ../../../../../../../var/folders/z9/99ckxr957v901zwwc8jdk8640000gn/T/wordweave-cr010-build-HqbmRK/.output/server/chunks/_/_sessionId_-LVwvmPHn.mjs.map (73.4 kB) (11.9 kB gzip)
  ├─ ../../../../../../../var/folders/z9/99ckxr957v901zwwc8jdk8640000gn/T/wordweave-cr010-build-HqbmRK/.output/server/chunks/_/_userId_-Cg4Pu-Cg.mjs (48.4 kB) (9.75 kB gzip)
  ├─ ../../../../../../../var/folders/z9/99ckxr957v901zwwc8jdk8640000gn/T/wordweave-cr010-build-HqbmRK/.output/server/chunks/_/_userId_-Cg4Pu-Cg.mjs.map (52 kB) (8.71 kB gzip)
  ├─ ../../../../../../../var/folders/z9/99ckxr957v901zwwc8jdk8640000gn/T/wordweave-cr010-build-HqbmRK/.output/server/chunks/_/account-BkTHGubd.mjs (34.8 kB) (4.53 kB gzip)
  ├─ ../../../../../../../var/folders/z9/99ckxr957v901zwwc8jdk8640000gn/T/wordweave-cr010-build-HqbmRK/.output/server/chunks/_/account-BkTHGubd.mjs.map (32 kB) (4.07 kB gzip)
  ├─ ../../../../../../../var/folders/z9/99ckxr957v901zwwc8jdk8640000gn/T/wordweave-cr010-build-HqbmRK/.output/server/chunks/_/AccountPage-DSzHNXmN.mjs (3.14 kB) (1.01 kB gzip)
  ├─ ../../../../../../../var/folders/z9/99ckxr957v901zwwc8jdk8640000gn/T/wordweave-cr010-build-HqbmRK/.output/server/chunks/_/AccountPage-DSzHNXmN.mjs.map (2.7 kB) (884 B gzip)
  ├─ ../../../../../../../var/folders/z9/99ckxr957v901zwwc8jdk8640000gn/T/wordweave-cr010-build-HqbmRK/.output/server/chunks/_/AccountShell-DC9s8E-I.mjs (4.65 kB) (1.48 kB gzip)
  ├─ ../../../../../../../var/folders/z9/99ckxr957v901zwwc8jdk8640000gn/T/wordweave-cr010-build-HqbmRK/.output/server/chunks/_/AccountShell-DC9s8E-I.mjs.map (4.11 kB) (1.19 kB gzip)
  ├─ ../../../../../../../var/folders/z9/99ckxr957v901zwwc8jdk8640000gn/T/wordweave-cr010-build-HqbmRK/.output/server/chunks/_/admin-C2uI1YLy.mjs (5.6 kB) (1.81 kB gzip)
  ├─ ../../../../../../../var/folders/z9/99ckxr957v901zwwc8jdk8640000gn/T/wordweave-cr010-build-HqbmRK/.output/server/chunks/_/admin-C2uI1YLy.mjs.map (4.42 kB) (1.21 kB gzip)
  ├─ ../../../../../../../var/folders/z9/99ckxr957v901zwwc8jdk8640000gn/T/wordweave-cr010-build-HqbmRK/.output/server/chunks/_/admin-CMQykeLR.mjs (1.03 kB) (470 B gzip)
  ├─ ../../../../../../../var/folders/z9/99ckxr957v901zwwc8jdk8640000gn/T/wordweave-cr010-build-HqbmRK/.output/server/chunks/_/admin-CMQykeLR.mjs.map (552 B) (333 B gzip)
  ├─ ../../../../../../../var/folders/z9/99ckxr957v901zwwc8jdk8640000gn/T/wordweave-cr010-build-HqbmRK/.output/server/chunks/_/admin-eqDYJx7R.mjs (16 kB) (3.19 kB gzip)
  ├─ ../../../../../../../var/folders/z9/99ckxr957v901zwwc8jdk8640000gn/T/wordweave-cr010-build-HqbmRK/.output/server/chunks/_/admin-eqDYJx7R.mjs.map (17.3 kB) (3.09 kB gzip)
  ├─ ../../../../../../../var/folders/z9/99ckxr957v901zwwc8jdk8640000gn/T/wordweave-cr010-build-HqbmRK/.output/server/chunks/_/admin-n-uOTSHH.mjs (6.53 kB) (2.01 kB gzip)
  ├─ ../../../../../../../var/folders/z9/99ckxr957v901zwwc8jdk8640000gn/T/wordweave-cr010-build-HqbmRK/.output/server/chunks/_/admin-n-uOTSHH.mjs.map (5.85 kB) (1.47 kB gzip)
  ├─ ../../../../../../../var/folders/z9/99ckxr957v901zwwc8jdk8640000gn/T/wordweave-cr010-build-HqbmRK/.output/server/chunks/_/analytics-D9jCmI1Q.mjs (27.5 kB) (6.17 kB gzip)
  ├─ ../../../../../../../var/folders/z9/99ckxr957v901zwwc8jdk8640000gn/T/wordweave-cr010-build-HqbmRK/.output/server/chunks/_/analytics-D9jCmI1Q.mjs.map (25.2 kB) (4.54 kB gzip)
  ├─ ../../../../../../../var/folders/z9/99ckxr957v901zwwc8jdk8640000gn/T/wordweave-cr010-build-HqbmRK/.output/server/chunks/_/analytics-events-DfqoNZue.mjs (498 B) (312 B gzip)
  ├─ ../../../../../../../var/folders/z9/99ckxr957v901zwwc8jdk8640000gn/T/wordweave-cr010-build-HqbmRK/.output/server/chunks/_/analytics-events-DfqoNZue.mjs.map (648 B) (371 B gzip)
  ├─ ../../../../../../../var/folders/z9/99ckxr957v901zwwc8jdk8640000gn/T/wordweave-cr010-build-HqbmRK/.output/server/chunks/_/analytics-fbFzv2lK.mjs (3.77 kB) (1.27 kB gzip)
  ├─ ../../../../../../../var/folders/z9/99ckxr957v901zwwc8jdk8640000gn/T/wordweave-cr010-build-HqbmRK/.output/server/chunks/_/analytics-fbFzv2lK.mjs.map (4.46 kB) (1.22 kB gzip)
  ├─ ../../../../../../../var/folders/z9/99ckxr957v901zwwc8jdk8640000gn/T/wordweave-cr010-build-HqbmRK/.output/server/chunks/_/analytics-styles.COS2yGzo.mjs (1.25 kB) (492 B gzip)
  ├─ ../../../../../../../var/folders/z9/99ckxr957v901zwwc8jdk8640000gn/T/wordweave-cr010-build-HqbmRK/.output/server/chunks/_/analytics-styles.COS2yGzo.mjs.map (504 B) (270 B gzip)
  ├─ ../../../../../../../var/folders/z9/99ckxr957v901zwwc8jdk8640000gn/T/wordweave-cr010-build-HqbmRK/.output/server/chunks/_/AppDialog-CYul8euu.mjs (2.74 kB) (1.07 kB gzip)
  ├─ ../../../../../../../var/folders/z9/99ckxr957v901zwwc8jdk8640000gn/T/wordweave-cr010-build-HqbmRK/.output/server/chunks/_/AppDialog-CYul8euu.mjs.map (2.65 kB) (916 B gzip)
  ├─ ../../../../../../../var/folders/z9/99ckxr957v901zwwc8jdk8640000gn/T/wordweave-cr010-build-HqbmRK/.output/server/chunks/_/AppError-AIk1fG1k.mjs (1.64 kB) (706 B gzip)
  ├─ ../../../../../../../var/folders/z9/99ckxr957v901zwwc8jdk8640000gn/T/wordweave-cr010-build-HqbmRK/.output/server/chunks/_/AppError-AIk1fG1k.mjs.map (1.52 kB) (622 B gzip)
  ├─ ../../../../../../../var/folders/z9/99ckxr957v901zwwc8jdk8640000gn/T/wordweave-cr010-build-HqbmRK/.output/server/chunks/_/AppIcon-B7K2XjAS.mjs (17.8 kB) (3.87 kB gzip)
  ├─ ../../../../../../../var/folders/z9/99ckxr957v901zwwc8jdk8640000gn/T/wordweave-cr010-build-HqbmRK/.output/server/chunks/_/AppIcon-B7K2XjAS.mjs.map (5.52 kB) (1.3 kB gzip)
  ├─ ../../../../../../../var/folders/z9/99ckxr957v901zwwc8jdk8640000gn/T/wordweave-cr010-build-HqbmRK/.output/server/chunks/_/BatchParticipation-EX8r_TvD.mjs (8.33 kB) (2.04 kB gzip)
  ├─ ../../../../../../../var/folders/z9/99ckxr957v901zwwc8jdk8640000gn/T/wordweave-cr010-build-HqbmRK/.output/server/chunks/_/BatchParticipation-EX8r_TvD.mjs.map (8.68 kB) (1.76 kB gzip)
  ├─ ../../../../../../../var/folders/z9/99ckxr957v901zwwc8jdk8640000gn/T/wordweave-cr010-build-HqbmRK/.output/server/chunks/_/BrandMark-Dfw0giN0.mjs (1.35 kB) (709 B gzip)
  ├─ ../../../../../../../var/folders/z9/99ckxr957v901zwwc8jdk8640000gn/T/wordweave-cr010-build-HqbmRK/.output/server/chunks/_/BrandMark-Dfw0giN0.mjs.map (940 B) (470 B gzip)
  ├─ ../../../../../../../var/folders/z9/99ckxr957v901zwwc8jdk8640000gn/T/wordweave-cr010-build-HqbmRK/.output/server/chunks/_/create-WSVV93vD.mjs (2.01 kB) (832 B gzip)
  ├─ ../../../../../../../var/folders/z9/99ckxr957v901zwwc8jdk8640000gn/T/wordweave-cr010-build-HqbmRK/.output/server/chunks/_/create-WSVV93vD.mjs.map (902 B) (455 B gzip)
  ├─ ../../../../../../../var/folders/z9/99ckxr957v901zwwc8jdk8640000gn/T/wordweave-cr010-build-HqbmRK/.output/server/chunks/_/default-C4Jifg61.mjs (9.97 kB) (2.46 kB gzip)
  ├─ ../../../../../../../var/folders/z9/99ckxr957v901zwwc8jdk8640000gn/T/wordweave-cr010-build-HqbmRK/.output/server/chunks/_/default-C4Jifg61.mjs.map (9.23 kB) (1.9 kB gzip)
  ├─ ../../../../../../../var/folders/z9/99ckxr957v901zwwc8jdk8640000gn/T/wordweave-cr010-build-HqbmRK/.output/server/chunks/_/error-404-BfW3NVSJ.mjs (5.76 kB) (2.37 kB gzip)
  ├─ ../../../../../../../var/folders/z9/99ckxr957v901zwwc8jdk8640000gn/T/wordweave-cr010-build-HqbmRK/.output/server/chunks/_/error-404-BfW3NVSJ.mjs.map (2.26 kB) (800 B gzip)
  ├─ ../../../../../../../var/folders/z9/99ckxr957v901zwwc8jdk8640000gn/T/wordweave-cr010-build-HqbmRK/.output/server/chunks/_/error-404-styles.UP1AHB9m.mjs (2.76 kB) (1 kB gzip)
  ├─ ../../../../../../../var/folders/z9/99ckxr957v901zwwc8jdk8640000gn/T/wordweave-cr010-build-HqbmRK/.output/server/chunks/_/error-404-styles.UP1AHB9m.mjs.map (504 B) (268 B gzip)
  ├─ ../../../../../../../var/folders/z9/99ckxr957v901zwwc8jdk8640000gn/T/wordweave-cr010-build-HqbmRK/.output/server/chunks/_/error-500-BsHlORxF.mjs (5.05 kB) (2.12 kB gzip)
  ├─ ../../../../../../../var/folders/z9/99ckxr957v901zwwc8jdk8640000gn/T/wordweave-cr010-build-HqbmRK/.output/server/chunks/_/error-500-BsHlORxF.mjs.map (1.76 kB) (642 B gzip)
  ├─ ../../../../../../../var/folders/z9/99ckxr957v901zwwc8jdk8640000gn/T/wordweave-cr010-build-HqbmRK/.output/server/chunks/_/error-500-styles.CvfOP9g8.mjs (2.23 kB) (877 B gzip)
  ├─ ../../../../../../../var/folders/z9/99ckxr957v901zwwc8jdk8640000gn/T/wordweave-cr010-build-HqbmRK/.output/server/chunks/_/error-500-styles.CvfOP9g8.mjs.map (504 B) (270 B gzip)
  ├─ ../../../../../../../var/folders/z9/99ckxr957v901zwwc8jdk8640000gn/T/wordweave-cr010-build-HqbmRK/.output/server/chunks/_/error-500.mjs (5.05 kB) (2.07 kB gzip)
  ├─ ../../../../../../../var/folders/z9/99ckxr957v901zwwc8jdk8640000gn/T/wordweave-cr010-build-HqbmRK/.output/server/chunks/_/error-500.mjs.map (366 B) (253 B gzip)
  ├─ ../../../../../../../var/folders/z9/99ckxr957v901zwwc8jdk8640000gn/T/wordweave-cr010-build-HqbmRK/.output/server/chunks/_/exchange-BKqMXF1J.mjs (1.98 kB) (831 B gzip)
  ├─ ../../../../../../../var/folders/z9/99ckxr957v901zwwc8jdk8640000gn/T/wordweave-cr010-build-HqbmRK/.output/server/chunks/_/exchange-BKqMXF1J.mjs.map (919 B) (460 B gzip)
  ├─ ../../../../../../../var/folders/z9/99ckxr957v901zwwc8jdk8640000gn/T/wordweave-cr010-build-HqbmRK/.output/server/chunks/_/explore-IlndTDCA.mjs (13.8 kB) (3.96 kB gzip)
  ├─ ../../../../../../../var/folders/z9/99ckxr957v901zwwc8jdk8640000gn/T/wordweave-cr010-build-HqbmRK/.output/server/chunks/_/explore-IlndTDCA.mjs.map (13.5 kB) (3.02 kB gzip)
  ├─ ../../../../../../../var/folders/z9/99ckxr957v901zwwc8jdk8640000gn/T/wordweave-cr010-build-HqbmRK/.output/server/chunks/_/GenerationSettings--xPNoD1P.mjs (2.63 kB) (852 B gzip)
  ├─ ../../../../../../../var/folders/z9/99ckxr957v901zwwc8jdk8640000gn/T/wordweave-cr010-build-HqbmRK/.output/server/chunks/_/GenerationSettings--xPNoD1P.mjs.map (2.09 kB) (701 B gzip)
  ├─ ../../../../../../../var/folders/z9/99ckxr957v901zwwc8jdk8640000gn/T/wordweave-cr010-build-HqbmRK/.output/server/chunks/_/GenerationWorkspace-BcsvvXGK.mjs (33.4 kB) (7 kB gzip)
  ├─ ../../../../../../../var/folders/z9/99ckxr957v901zwwc8jdk8640000gn/T/wordweave-cr010-build-HqbmRK/.output/server/chunks/_/GenerationWorkspace-BcsvvXGK.mjs.map (34 kB) (6.32 kB gzip)
  ├─ ../../../../../../../var/folders/z9/99ckxr957v901zwwc8jdk8640000gn/T/wordweave-cr010-build-HqbmRK/.output/server/chunks/_/growth-B4RrEH7b.mjs (29.1 kB) (5.76 kB gzip)
  ├─ ../../../../../../../var/folders/z9/99ckxr957v901zwwc8jdk8640000gn/T/wordweave-cr010-build-HqbmRK/.output/server/chunks/_/growth-B4RrEH7b.mjs.map (28.4 kB) (5.04 kB gzip)
  ├─ ../../../../../../../var/folders/z9/99ckxr957v901zwwc8jdk8640000gn/T/wordweave-cr010-build-HqbmRK/.output/server/chunks/_/growth-CaMcRkb1.mjs (74.4 kB) (12.9 kB gzip)
  ├─ ../../../../../../../var/folders/z9/99ckxr957v901zwwc8jdk8640000gn/T/wordweave-cr010-build-HqbmRK/.output/server/chunks/_/growth-CaMcRkb1.mjs.map (80.5 kB) (12.4 kB gzip)
  ├─ ../../../../../../../var/folders/z9/99ckxr957v901zwwc8jdk8640000gn/T/wordweave-cr010-build-HqbmRK/.output/server/chunks/_/growth-drafts-g6NGAUre.mjs (1.47 kB) (707 B gzip)
  ├─ ../../../../../../../var/folders/z9/99ckxr957v901zwwc8jdk8640000gn/T/wordweave-cr010-build-HqbmRK/.output/server/chunks/_/growth-drafts-g6NGAUre.mjs.map (1.98 kB) (714 B gzip)
  ├─ ../../../../../../../var/folders/z9/99ckxr957v901zwwc8jdk8640000gn/T/wordweave-cr010-build-HqbmRK/.output/server/chunks/_/guest-CW6nMoyA.mjs (1.13 kB) (527 B gzip)
  ├─ ../../../../../../../var/folders/z9/99ckxr957v901zwwc8jdk8640000gn/T/wordweave-cr010-build-HqbmRK/.output/server/chunks/_/guest-CW6nMoyA.mjs.map (683 B) (373 B gzip)
  ├─ ../../../../../../../var/folders/z9/99ckxr957v901zwwc8jdk8640000gn/T/wordweave-cr010-build-HqbmRK/.output/server/chunks/_/items-DYdnrhvS.mjs (1.91 kB) (805 B gzip)
  ├─ ../../../../../../../var/folders/z9/99ckxr957v901zwwc8jdk8640000gn/T/wordweave-cr010-build-HqbmRK/.output/server/chunks/_/items-DYdnrhvS.mjs.map (867 B) (440 B gzip)
  ├─ ../../../../../../../var/folders/z9/99ckxr957v901zwwc8jdk8640000gn/T/wordweave-cr010-build-HqbmRK/.output/server/chunks/_/ItemsWorkspace-CBT5TZIE.mjs (47.7 kB) (7.16 kB gzip)
  ├─ ../../../../../../../var/folders/z9/99ckxr957v901zwwc8jdk8640000gn/T/wordweave-cr010-build-HqbmRK/.output/server/chunks/_/ItemsWorkspace-CBT5TZIE.mjs.map (50 kB) (7.27 kB gzip)
  ├─ ../../../../../../../var/folders/z9/99ckxr957v901zwwc8jdk8640000gn/T/wordweave-cr010-build-HqbmRK/.output/server/chunks/_/learner-access-CC6Lagp8.mjs (6.38 kB) (1.86 kB gzip)
  ├─ ../../../../../../../var/folders/z9/99ckxr957v901zwwc8jdk8640000gn/T/wordweave-cr010-build-HqbmRK/.output/server/chunks/_/learner-access-CC6Lagp8.mjs.map (5.99 kB) (1.56 kB gzip)
  ├─ ../../../../../../../var/folders/z9/99ckxr957v901zwwc8jdk8640000gn/T/wordweave-cr010-build-HqbmRK/.output/server/chunks/_/learner-D00pEyTb.mjs (1.04 kB) (473 B gzip)
  ├─ ../../../../../../../var/folders/z9/99ckxr957v901zwwc8jdk8640000gn/T/wordweave-cr010-build-HqbmRK/.output/server/chunks/_/learner-D00pEyTb.mjs.map (551 B) (333 B gzip)
  ├─ ../../../../../../../var/folders/z9/99ckxr957v901zwwc8jdk8640000gn/T/wordweave-cr010-build-HqbmRK/.output/server/chunks/_/library-BPBMSXEX.mjs (27 kB) (5.18 kB gzip)
  ├─ ../../../../../../../var/folders/z9/99ckxr957v901zwwc8jdk8640000gn/T/wordweave-cr010-build-HqbmRK/.output/server/chunks/_/library-BPBMSXEX.mjs.map (25.7 kB) (4.57 kB gzip)
  ├─ ../../../../../../../var/folders/z9/99ckxr957v901zwwc8jdk8640000gn/T/wordweave-cr010-build-HqbmRK/.output/server/chunks/_/login-Df8zhKES.mjs (5.93 kB) (1.93 kB gzip)
  ├─ ../../../../../../../var/folders/z9/99ckxr957v901zwwc8jdk8640000gn/T/wordweave-cr010-build-HqbmRK/.output/server/chunks/_/login-Df8zhKES.mjs.map (4.71 kB) (1.27 kB gzip)
  ├─ ../../../../../../../var/folders/z9/99ckxr957v901zwwc8jdk8640000gn/T/wordweave-cr010-build-HqbmRK/.output/server/chunks/_/models-Bc_9rQ_C.mjs (22.9 kB) (4.52 kB gzip)
  ├─ ../../../../../../../var/folders/z9/99ckxr957v901zwwc8jdk8640000gn/T/wordweave-cr010-build-HqbmRK/.output/server/chunks/_/models-Bc_9rQ_C.mjs.map (23.2 kB) (3.84 kB gzip)
  ├─ ../../../../../../../var/folders/z9/99ckxr957v901zwwc8jdk8640000gn/T/wordweave-cr010-build-HqbmRK/.output/server/chunks/_/notices-Dmt7s17a.mjs (15.5 kB) (3.93 kB gzip)
  ├─ ../../../../../../../var/folders/z9/99ckxr957v901zwwc8jdk8640000gn/T/wordweave-cr010-build-HqbmRK/.output/server/chunks/_/notices-Dmt7s17a.mjs.map (15.2 kB) (3.25 kB gzip)
  ├─ ../../../../../../../var/folders/z9/99ckxr957v901zwwc8jdk8640000gn/T/wordweave-cr010-build-HqbmRK/.output/server/chunks/_/notices-DnxtYuvF.mjs (8.56 kB) (2.47 kB gzip)
  ├─ ../../../../../../../var/folders/z9/99ckxr957v901zwwc8jdk8640000gn/T/wordweave-cr010-build-HqbmRK/.output/server/chunks/_/notices-DnxtYuvF.mjs.map (8.57 kB) (2.02 kB gzip)
  ├─ ../../../../../../../var/folders/z9/99ckxr957v901zwwc8jdk8640000gn/T/wordweave-cr010-build-HqbmRK/.output/server/chunks/_/page-loader-JPF-RMuF.mjs (248 B) (203 B gzip)
  ├─ ../../../../../../../var/folders/z9/99ckxr957v901zwwc8jdk8640000gn/T/wordweave-cr010-build-HqbmRK/.output/server/chunks/_/page-loader-JPF-RMuF.mjs.map (374 B) (272 B gzip)
  ├─ ../../../../../../../var/folders/z9/99ckxr957v901zwwc8jdk8640000gn/T/wordweave-cr010-build-HqbmRK/.output/server/chunks/_/pages-BSJUC2qh.mjs (7.86 kB) (2.54 kB gzip)
  ├─ ../../../../../../../var/folders/z9/99ckxr957v901zwwc8jdk8640000gn/T/wordweave-cr010-build-HqbmRK/.output/server/chunks/_/pages-BSJUC2qh.mjs.map (6.47 kB) (1.52 kB gzip)
  ├─ ../../../../../../../var/folders/z9/99ckxr957v901zwwc8jdk8640000gn/T/wordweave-cr010-build-HqbmRK/.output/server/chunks/_/plans-x3i61u7K.mjs (19.9 kB) (4.41 kB gzip)
  ├─ ../../../../../../../var/folders/z9/99ckxr957v901zwwc8jdk8640000gn/T/wordweave-cr010-build-HqbmRK/.output/server/chunks/_/plans-x3i61u7K.mjs.map (20.2 kB) (3.83 kB gzip)
  ├─ ../../../../../../../var/folders/z9/99ckxr957v901zwwc8jdk8640000gn/T/wordweave-cr010-build-HqbmRK/.output/server/chunks/_/presets-B2v8H9IS.mjs (29.6 kB) (6.38 kB gzip)
  ├─ ../../../../../../../var/folders/z9/99ckxr957v901zwwc8jdk8640000gn/T/wordweave-cr010-build-HqbmRK/.output/server/chunks/_/presets-B2v8H9IS.mjs.map (31.8 kB) (5.71 kB gzip)
  ├─ ../../../../../../../var/folders/z9/99ckxr957v901zwwc8jdk8640000gn/T/wordweave-cr010-build-HqbmRK/.output/server/chunks/_/presets-J5rUuhvD.mjs (2.57 kB) (801 B gzip)
  ├─ ../../../../../../../var/folders/z9/99ckxr957v901zwwc8jdk8640000gn/T/wordweave-cr010-build-HqbmRK/.output/server/chunks/_/presets-J5rUuhvD.mjs.map (2.99 kB) (817 B gzip)
  ├─ ../../../../../../../var/folders/z9/99ckxr957v901zwwc8jdk8640000gn/T/wordweave-cr010-build-HqbmRK/.output/server/chunks/_/register-DVqXkb8O.mjs (6.51 kB) (2.03 kB gzip)
  ├─ ../../../../../../../var/folders/z9/99ckxr957v901zwwc8jdk8640000gn/T/wordweave-cr010-build-HqbmRK/.output/server/chunks/_/register-DVqXkb8O.mjs.map (5.05 kB) (1.31 kB gzip)
  ├─ ../../../../../../../var/folders/z9/99ckxr957v901zwwc8jdk8640000gn/T/wordweave-cr010-build-HqbmRK/.output/server/chunks/_/return-intent-CO5nbQnf.mjs (1.97 kB) (808 B gzip)
  ├─ ../../../../../../../var/folders/z9/99ckxr957v901zwwc8jdk8640000gn/T/wordweave-cr010-build-HqbmRK/.output/server/chunks/_/return-intent-CO5nbQnf.mjs.map (2.6 kB) (827 B gzip)
  ├─ ../../../../../../../var/folders/z9/99ckxr957v901zwwc8jdk8640000gn/T/wordweave-cr010-build-HqbmRK/.output/server/chunks/_/review-Bjimz1nj.mjs (28.9 kB) (6.61 kB gzip)
  ├─ ../../../../../../../var/folders/z9/99ckxr957v901zwwc8jdk8640000gn/T/wordweave-cr010-build-HqbmRK/.output/server/chunks/_/review-Bjimz1nj.mjs.map (29.7 kB) (5.61 kB gzip)
  ├─ ../../../../../../../var/folders/z9/99ckxr957v901zwwc8jdk8640000gn/T/wordweave-cr010-build-HqbmRK/.output/server/chunks/_/use-design-copy-DAtFtba3.mjs (416 B) (295 B gzip)
  ├─ ../../../../../../../var/folders/z9/99ckxr957v901zwwc8jdk8640000gn/T/wordweave-cr010-build-HqbmRK/.output/server/chunks/_/use-design-copy-DAtFtba3.mjs.map (591 B) (354 B gzip)
  ├─ ../../../../../../../var/folders/z9/99ckxr957v901zwwc8jdk8640000gn/T/wordweave-cr010-build-HqbmRK/.output/server/chunks/_/use-display-formatters-6TT967_4.mjs (1.5 kB) (641 B gzip)
  ├─ ../../../../../../../var/folders/z9/99ckxr957v901zwwc8jdk8640000gn/T/wordweave-cr010-build-HqbmRK/.output/server/chunks/_/use-display-formatters-6TT967_4.mjs.map (1.79 kB) (607 B gzip)
  ├─ ../../../../../../../var/folders/z9/99ckxr957v901zwwc8jdk8640000gn/T/wordweave-cr010-build-HqbmRK/.output/server/chunks/_/use-localized-head-BHf5noZb.mjs (270 B) (216 B gzip)
  ├─ ../../../../../../../var/folders/z9/99ckxr957v901zwwc8jdk8640000gn/T/wordweave-cr010-build-HqbmRK/.output/server/chunks/_/use-localized-head-BHf5noZb.mjs.map (426 B) (288 B gzip)
  ├─ ../../../../../../../var/folders/z9/99ckxr957v901zwwc8jdk8640000gn/T/wordweave-cr010-build-HqbmRK/.output/server/chunks/_/users-LiQgw5h9.mjs (10.6 kB) (3.27 kB gzip)
  ├─ ../../../../../../../var/folders/z9/99ckxr957v901zwwc8jdk8640000gn/T/wordweave-cr010-build-HqbmRK/.output/server/chunks/_/users-LiQgw5h9.mjs.map (9.74 kB) (2.49 kB gzip)
  ├─ ../../../../../../../var/folders/z9/99ckxr957v901zwwc8jdk8640000gn/T/wordweave-cr010-build-HqbmRK/.output/server/chunks/nitro/nitro.mjs (219 kB) (54.9 kB gzip)
  ├─ ../../../../../../../var/folders/z9/99ckxr957v901zwwc8jdk8640000gn/T/wordweave-cr010-build-HqbmRK/.output/server/chunks/nitro/nitro.mjs.map (17.2 kB) (1.55 kB gzip)
  ├─ ../../../../../../../var/folders/z9/99ckxr957v901zwwc8jdk8640000gn/T/wordweave-cr010-build-HqbmRK/.output/server/chunks/raw/0286ed24.mjs (50.1 kB) (14.9 kB gzip)
  ├─ ../../../../../../../var/folders/z9/99ckxr957v901zwwc8jdk8640000gn/T/wordweave-cr010-build-HqbmRK/.output/server/chunks/raw/0286ed24.mjs.map (76 B) (89 B gzip)
  ├─ ../../../../../../../var/folders/z9/99ckxr957v901zwwc8jdk8640000gn/T/wordweave-cr010-build-HqbmRK/.output/server/chunks/raw/c75dadbf.mjs (49.1 kB) (16.5 kB gzip)
  ├─ ../../../../../../../var/folders/z9/99ckxr957v901zwwc8jdk8640000gn/T/wordweave-cr010-build-HqbmRK/.output/server/chunks/raw/c75dadbf.mjs.map (76 B) (89 B gzip)
  ├─ ../../../../../../../var/folders/z9/99ckxr957v901zwwc8jdk8640000gn/T/wordweave-cr010-build-HqbmRK/.output/server/chunks/routes/renderer.mjs (15.4 kB) (5.35 kB gzip)
  ├─ ../../../../../../../var/folders/z9/99ckxr957v901zwwc8jdk8640000gn/T/wordweave-cr010-build-HqbmRK/.output/server/chunks/routes/renderer.mjs.map (3.24 kB) (489 B gzip)
  ├─ ../../../../../../../var/folders/z9/99ckxr957v901zwwc8jdk8640000gn/T/wordweave-cr010-build-HqbmRK/.output/server/chunks/virtual/_virtual_spa-template.mjs (94 B) (100 B gzip)
  ├─ ../../../../../../../var/folders/z9/99ckxr957v901zwwc8jdk8640000gn/T/wordweave-cr010-build-HqbmRK/.output/server/chunks/virtual/_virtual_spa-template.mjs.map (88 B) (97 B gzip)
  ├─ ../../../../../../../var/folders/z9/99ckxr957v901zwwc8jdk8640000gn/T/wordweave-cr010-build-HqbmRK/.output/server/chunks/virtual/entry.mjs (464 kB) (107 kB gzip)
  ├─ ../../../../../../../var/folders/z9/99ckxr957v901zwwc8jdk8640000gn/T/wordweave-cr010-build-HqbmRK/.output/server/chunks/virtual/entry.mjs.map (2.56 kB) (703 B gzip)
  ├─ ../../../../../../../var/folders/z9/99ckxr957v901zwwc8jdk8640000gn/T/wordweave-cr010-build-HqbmRK/.output/server/chunks/virtual/precomputed.mjs (52.9 kB) (4.13 kB gzip)
  ├─ ../../../../../../../var/folders/z9/99ckxr957v901zwwc8jdk8640000gn/T/wordweave-cr010-build-HqbmRK/.output/server/chunks/virtual/precomputed.mjs.map (44.7 kB) (1.4 kB gzip)
  ├─ ../../../../../../../var/folders/z9/99ckxr957v901zwwc8jdk8640000gn/T/wordweave-cr010-build-HqbmRK/.output/server/chunks/virtual/styles.mjs (786 B) (354 B gzip)
  ├─ ../../../../../../../var/folders/z9/99ckxr957v901zwwc8jdk8640000gn/T/wordweave-cr010-build-HqbmRK/.output/server/chunks/virtual/styles.mjs.map (498 B) (274 B gzip)
  ├─ ../../../../../../../var/folders/z9/99ckxr957v901zwwc8jdk8640000gn/T/wordweave-cr010-build-HqbmRK/.output/server/index.mjs (374 B) (215 B gzip)
  └─ ../../../../../../../var/folders/z9/99ckxr957v901zwwc8jdk8640000gn/T/wordweave-cr010-build-HqbmRK/.output/server/package.json (1.27 kB) (497 B gzip)
Σ Total size: 5.25 MB (1.23 MB gzip)
[nitro] ✔ You can preview this build using node ../../../../../../../var/folders/z9/99ckxr957v901zwwc8jdk8640000gn/T/wordweave-cr010-build-HqbmRK/.output/server/index.mjs
