ℹ Building client...
ℹ vite v8.2.2 building client environment for production...
transforming...
✓ 569 modules transformed.
rendering chunks...
computing gzip size...
ℹ ../../../../../../../var/folders/z9/99ckxr957v901zwwc8jdk8640000gn/T/wordweave-cr010-build-cUwfZS/.nuxt/dist/client/manifest.json                  24.07 kB │ gzip:  2.40 kB
../../../../../../../var/folders/z9/99ckxr957v901zwwc8jdk8640000gn/T/wordweave-cr010-build-cUwfZS/.nuxt/dist/client/_nuxt/analytics.Bq4FsWtM.css    0.94 kB │ gzip:  0.34 kB
../../../../../../../var/folders/z9/99ckxr957v901zwwc8jdk8640000gn/T/wordweave-cr010-build-cUwfZS/.nuxt/dist/client/_nuxt/error-500.BCwb1ls_.css    1.90 kB │ gzip:  0.72 kB
../../../../../../../var/folders/z9/99ckxr957v901zwwc8jdk8640000gn/T/wordweave-cr010-build-cUwfZS/.nuxt/dist/client/_nuxt/error-404.DtX14caB.css    2.42 kB │ gzip:  0.85 kB
../../../../../../../var/folders/z9/99ckxr957v901zwwc8jdk8640000gn/T/wordweave-cr010-build-cUwfZS/.nuxt/dist/client/_nuxt/entry.Cs_0zkhe.css       64.67 kB │ gzip: 13.54 kB
../../../../../../../var/folders/z9/99ckxr957v901zwwc8jdk8640000gn/T/wordweave-cr010-build-cUwfZS/.nuxt/dist/client/_nuxt/CNs_Ozdc.js               0.02 kB │ gzip:  0.04 kB
../../../../../../../var/folders/z9/99ckxr957v901zwwc8jdk8640000gn/T/wordweave-cr010-build-cUwfZS/.nuxt/dist/client/_nuxt/BDNMzG2s.js               0.08 kB │ gzip:  0.09 kB
../../../../../../../var/folders/z9/99ckxr957v901zwwc8jdk8640000gn/T/wordweave-cr010-build-cUwfZS/.nuxt/dist/client/_nuxt/BDgPJ9R5.js               0.10 kB │ gzip:  0.10 kB
../../../../../../../var/folders/z9/99ckxr957v901zwwc8jdk8640000gn/T/wordweave-cr010-build-cUwfZS/.nuxt/dist/client/_nuxt/BXhv1N5T.js               0.11 kB │ gzip:  0.10 kB
../../../../../../../var/folders/z9/99ckxr957v901zwwc8jdk8640000gn/T/wordweave-cr010-build-cUwfZS/.nuxt/dist/client/_nuxt/BYuXzDtj.js               0.13 kB │ gzip:  0.12 kB
../../../../../../../var/folders/z9/99ckxr957v901zwwc8jdk8640000gn/T/wordweave-cr010-build-cUwfZS/.nuxt/dist/client/_nuxt/CI_XXStN.js               0.14 kB │ gzip:  0.13 kB
../../../../../../../var/folders/z9/99ckxr957v901zwwc8jdk8640000gn/T/wordweave-cr010-build-cUwfZS/.nuxt/dist/client/_nuxt/BZf8oPAO.js               0.23 kB │ gzip:  0.18 kB
../../../../../../../var/folders/z9/99ckxr957v901zwwc8jdk8640000gn/T/wordweave-cr010-build-cUwfZS/.nuxt/dist/client/_nuxt/CY0aWHLG.js               0.23 kB │ gzip:  0.19 kB
../../../../../../../var/folders/z9/99ckxr957v901zwwc8jdk8640000gn/T/wordweave-cr010-build-cUwfZS/.nuxt/dist/client/_nuxt/CzY9KXdF.js               0.23 kB │ gzip:  0.19 kB
../../../../../../../var/folders/z9/99ckxr957v901zwwc8jdk8640000gn/T/wordweave-cr010-build-cUwfZS/.nuxt/dist/client/_nuxt/CXt4mWOk.js               0.23 kB │ gzip:  0.19 kB
../../../../../../../var/folders/z9/99ckxr957v901zwwc8jdk8640000gn/T/wordweave-cr010-build-cUwfZS/.nuxt/dist/client/_nuxt/BRTDOr2T.js               0.25 kB │ gzip:  0.20 kB
../../../../../../../var/folders/z9/99ckxr957v901zwwc8jdk8640000gn/T/wordweave-cr010-build-cUwfZS/.nuxt/dist/client/_nuxt/By8ZNPvr.js               0.28 kB │ gzip:  0.22 kB
../../../../../../../var/folders/z9/99ckxr957v901zwwc8jdk8640000gn/T/wordweave-cr010-build-cUwfZS/.nuxt/dist/client/_nuxt/2JWj4GUw.js               0.38 kB │ gzip:  0.26 kB
../../../../../../../var/folders/z9/99ckxr957v901zwwc8jdk8640000gn/T/wordweave-cr010-build-cUwfZS/.nuxt/dist/client/_nuxt/BkmwxWiF.js               0.61 kB │ gzip:  0.41 kB
../../../../../../../var/folders/z9/99ckxr957v901zwwc8jdk8640000gn/T/wordweave-cr010-build-cUwfZS/.nuxt/dist/client/_nuxt/O6oNFv9y.js               0.68 kB │ gzip:  0.43 kB
../../../../../../../var/folders/z9/99ckxr957v901zwwc8jdk8640000gn/T/wordweave-cr010-build-cUwfZS/.nuxt/dist/client/_nuxt/BFxUZGl_.js               0.71 kB │ gzip:  0.41 kB
../../../../../../../var/folders/z9/99ckxr957v901zwwc8jdk8640000gn/T/wordweave-cr010-build-cUwfZS/.nuxt/dist/client/_nuxt/D38EeZW_.js               0.88 kB │ gzip:  0.49 kB
../../../../../../../var/folders/z9/99ckxr957v901zwwc8jdk8640000gn/T/wordweave-cr010-build-cUwfZS/.nuxt/dist/client/_nuxt/CvZoeuHx.js               1.14 kB │ gzip:  0.48 kB
../../../../../../../var/folders/z9/99ckxr957v901zwwc8jdk8640000gn/T/wordweave-cr010-build-cUwfZS/.nuxt/dist/client/_nuxt/UJIc1-E9.js               1.23 kB │ gzip:  0.66 kB
../../../../../../../var/folders/z9/99ckxr957v901zwwc8jdk8640000gn/T/wordweave-cr010-build-cUwfZS/.nuxt/dist/client/_nuxt/D2C5VjJC.js               1.31 kB │ gzip:  0.55 kB
../../../../../../../var/folders/z9/99ckxr957v901zwwc8jdk8640000gn/T/wordweave-cr010-build-cUwfZS/.nuxt/dist/client/_nuxt/DBcWsHoK.js               1.94 kB │ gzip:  0.91 kB
../../../../../../../var/folders/z9/99ckxr957v901zwwc8jdk8640000gn/T/wordweave-cr010-build-cUwfZS/.nuxt/dist/client/_nuxt/E7IulqHu.js               2.03 kB │ gzip:  0.89 kB
../../../../../../../var/folders/z9/99ckxr957v901zwwc8jdk8640000gn/T/wordweave-cr010-build-cUwfZS/.nuxt/dist/client/_nuxt/B1KumglV.js               2.08 kB │ gzip:  0.89 kB
../../../../../../../var/folders/z9/99ckxr957v901zwwc8jdk8640000gn/T/wordweave-cr010-build-cUwfZS/.nuxt/dist/client/_nuxt/GaHIEqsl.js               2.29 kB │ gzip:  1.10 kB
../../../../../../../var/folders/z9/99ckxr957v901zwwc8jdk8640000gn/T/wordweave-cr010-build-cUwfZS/.nuxt/dist/client/_nuxt/DYA2rhi9.js               2.32 kB │ gzip:  1.00 kB
../../../../../../../var/folders/z9/99ckxr957v901zwwc8jdk8640000gn/T/wordweave-cr010-build-cUwfZS/.nuxt/dist/client/_nuxt/CyvzqvNx.js               2.38 kB │ gzip:  1.14 kB
../../../../../../../var/folders/z9/99ckxr957v901zwwc8jdk8640000gn/T/wordweave-cr010-build-cUwfZS/.nuxt/dist/client/_nuxt/oc7UUt1H.js               2.41 kB │ gzip:  1.06 kB
../../../../../../../var/folders/z9/99ckxr957v901zwwc8jdk8640000gn/T/wordweave-cr010-build-cUwfZS/.nuxt/dist/client/_nuxt/BM4tuTus.js               2.77 kB │ gzip:  1.20 kB
../../../../../../../var/folders/z9/99ckxr957v901zwwc8jdk8640000gn/T/wordweave-cr010-build-cUwfZS/.nuxt/dist/client/_nuxt/DNzsPnFb.js               3.40 kB │ gzip:  1.54 kB
../../../../../../../var/folders/z9/99ckxr957v901zwwc8jdk8640000gn/T/wordweave-cr010-build-cUwfZS/.nuxt/dist/client/_nuxt/ZkwCwuIE.js               3.45 kB │ gzip:  1.48 kB
../../../../../../../var/folders/z9/99ckxr957v901zwwc8jdk8640000gn/T/wordweave-cr010-build-cUwfZS/.nuxt/dist/client/_nuxt/Ce8J_ewR.js               3.53 kB │ gzip:  1.58 kB
../../../../../../../var/folders/z9/99ckxr957v901zwwc8jdk8640000gn/T/wordweave-cr010-build-cUwfZS/.nuxt/dist/client/_nuxt/ZUs1gj9-.js               3.72 kB │ gzip:  1.69 kB
../../../../../../../var/folders/z9/99ckxr957v901zwwc8jdk8640000gn/T/wordweave-cr010-build-cUwfZS/.nuxt/dist/client/_nuxt/Bre5RTpN.js               4.04 kB │ gzip:  1.69 kB
../../../../../../../var/folders/z9/99ckxr957v901zwwc8jdk8640000gn/T/wordweave-cr010-build-cUwfZS/.nuxt/dist/client/_nuxt/CO-gJitN.js               4.45 kB │ gzip:  1.80 kB
../../../../../../../var/folders/z9/99ckxr957v901zwwc8jdk8640000gn/T/wordweave-cr010-build-cUwfZS/.nuxt/dist/client/_nuxt/DaqlnmzE.js               4.78 kB │ gzip:  1.59 kB
../../../../../../../var/folders/z9/99ckxr957v901zwwc8jdk8640000gn/T/wordweave-cr010-build-cUwfZS/.nuxt/dist/client/_nuxt/ClBxTwhx.js               5.78 kB │ gzip:  2.36 kB
../../../../../../../var/folders/z9/99ckxr957v901zwwc8jdk8640000gn/T/wordweave-cr010-build-cUwfZS/.nuxt/dist/client/_nuxt/Dp6XL7ne.js               6.11 kB │ gzip:  2.90 kB
../../../../../../../var/folders/z9/99ckxr957v901zwwc8jdk8640000gn/T/wordweave-cr010-build-cUwfZS/.nuxt/dist/client/_nuxt/DzKz7anM.js               6.34 kB │ gzip:  2.62 kB
../../../../../../../var/folders/z9/99ckxr957v901zwwc8jdk8640000gn/T/wordweave-cr010-build-cUwfZS/.nuxt/dist/client/_nuxt/BYo7u1ec.js               6.35 kB │ gzip:  2.81 kB
../../../../../../../var/folders/z9/99ckxr957v901zwwc8jdk8640000gn/T/wordweave-cr010-build-cUwfZS/.nuxt/dist/client/_nuxt/DyjblSCj.js               6.62 kB │ gzip:  2.13 kB
../../../../../../../var/folders/z9/99ckxr957v901zwwc8jdk8640000gn/T/wordweave-cr010-build-cUwfZS/.nuxt/dist/client/_nuxt/BremZSrN.js               7.29 kB │ gzip:  2.83 kB
../../../../../../../var/folders/z9/99ckxr957v901zwwc8jdk8640000gn/T/wordweave-cr010-build-cUwfZS/.nuxt/dist/client/_nuxt/cD8UQW9v.js               8.00 kB │ gzip:  3.07 kB
../../../../../../../var/folders/z9/99ckxr957v901zwwc8jdk8640000gn/T/wordweave-cr010-build-cUwfZS/.nuxt/dist/client/_nuxt/gr2GKPqz.js               8.10 kB │ gzip:  2.36 kB
../../../../../../../var/folders/z9/99ckxr957v901zwwc8jdk8640000gn/T/wordweave-cr010-build-cUwfZS/.nuxt/dist/client/_nuxt/BW4BFu6b.js               8.26 kB │ gzip:  3.00 kB
../../../../../../../var/folders/z9/99ckxr957v901zwwc8jdk8640000gn/T/wordweave-cr010-build-cUwfZS/.nuxt/dist/client/_nuxt/DFawdwmk.js               9.03 kB │ gzip:  2.89 kB
../../../../../../../var/folders/z9/99ckxr957v901zwwc8jdk8640000gn/T/wordweave-cr010-build-cUwfZS/.nuxt/dist/client/_nuxt/D6FTLpWo.js               9.15 kB │ gzip:  3.19 kB
../../../../../../../var/folders/z9/99ckxr957v901zwwc8jdk8640000gn/T/wordweave-cr010-build-cUwfZS/.nuxt/dist/client/_nuxt/DUpx4kVx.js               9.20 kB │ gzip:  3.01 kB
../../../../../../../var/folders/z9/99ckxr957v901zwwc8jdk8640000gn/T/wordweave-cr010-build-cUwfZS/.nuxt/dist/client/_nuxt/WTJOBK7w.js               9.27 kB │ gzip:  3.92 kB
../../../../../../../var/folders/z9/99ckxr957v901zwwc8jdk8640000gn/T/wordweave-cr010-build-cUwfZS/.nuxt/dist/client/_nuxt/DA9Og_kS.js               9.74 kB │ gzip:  3.40 kB
../../../../../../../var/folders/z9/99ckxr957v901zwwc8jdk8640000gn/T/wordweave-cr010-build-cUwfZS/.nuxt/dist/client/_nuxt/D9MPX64s.js              12.72 kB │ gzip:  4.13 kB
../../../../../../../var/folders/z9/99ckxr957v901zwwc8jdk8640000gn/T/wordweave-cr010-build-cUwfZS/.nuxt/dist/client/_nuxt/C42_Ehfr.js              13.46 kB │ gzip:  5.77 kB
../../../../../../../var/folders/z9/99ckxr957v901zwwc8jdk8640000gn/T/wordweave-cr010-build-cUwfZS/.nuxt/dist/client/_nuxt/OmwV4UTr.js              13.67 kB │ gzip:  4.75 kB
../../../../../../../var/folders/z9/99ckxr957v901zwwc8jdk8640000gn/T/wordweave-cr010-build-cUwfZS/.nuxt/dist/client/_nuxt/BPUP6utt.js              16.57 kB │ gzip:  5.35 kB
../../../../../../../var/folders/z9/99ckxr957v901zwwc8jdk8640000gn/T/wordweave-cr010-build-cUwfZS/.nuxt/dist/client/_nuxt/CSG8oX3o.js              16.83 kB │ gzip:  4.09 kB
../../../../../../../var/folders/z9/99ckxr957v901zwwc8jdk8640000gn/T/wordweave-cr010-build-cUwfZS/.nuxt/dist/client/_nuxt/BsjVKC72.js              19.01 kB │ gzip:  6.00 kB
../../../../../../../var/folders/z9/99ckxr957v901zwwc8jdk8640000gn/T/wordweave-cr010-build-cUwfZS/.nuxt/dist/client/_nuxt/CR-8UFpN.js              22.65 kB │ gzip:  7.76 kB
../../../../../../../var/folders/z9/99ckxr957v901zwwc8jdk8640000gn/T/wordweave-cr010-build-cUwfZS/.nuxt/dist/client/_nuxt/DCS9XCqK.js              23.10 kB │ gzip:  7.47 kB
../../../../../../../var/folders/z9/99ckxr957v901zwwc8jdk8640000gn/T/wordweave-cr010-build-cUwfZS/.nuxt/dist/client/_nuxt/DY0u8-Cu.js              34.59 kB │ gzip:  9.71 kB
../../../../../../../var/folders/z9/99ckxr957v901zwwc8jdk8640000gn/T/wordweave-cr010-build-cUwfZS/.nuxt/dist/client/_nuxt/CpRjzCnR.js              49.46 kB │ gzip: 17.06 kB
../../../../../../../var/folders/z9/99ckxr957v901zwwc8jdk8640000gn/T/wordweave-cr010-build-cUwfZS/.nuxt/dist/client/_nuxt/dTXuQMit.js              95.62 kB │ gzip: 37.30 kB
../../../../../../../var/folders/z9/99ckxr957v901zwwc8jdk8640000gn/T/wordweave-cr010-build-cUwfZS/.nuxt/dist/client/_nuxt/DHmBhZti.js             309.60 kB │ gzip: 95.61 kB

ℹ ✓ built in 4.18s

 WARN  [33m[PLUGIN_TIMINGS] [0mYour build spent 96% of 4.2s inside plugin hooks (4.0s).
Measured inside the callback, so queue time is excluded and time the callback itself awaited is not:
  - vite-plugin-checker buildEnd (58%, 2.4s, 1 call)
Those rows are 58% of the build; the rest of the 96% is below.
Not measurable — 2 hooks whose calls overlap, so elapsed time covers work other calls were doing. Profile with node --cpu-prof:
  - nuxt:ssr-styles:client resolveId (143 calls)
  - nuxt:resolve-bare-imports resolveId (28 calls)
See https://rolldown.rs/reference/InputOptions.checks#plugintimings for more details.


✔ Client built in 4216ms
ℹ Building server...
ℹ vite v8.2.2 building ssr environment for production...
transforming...
✓ 384 modules transformed.
rendering chunks...
ℹ ../../../../../../../var/folders/z9/99ckxr957v901zwwc8jdk8640000gn/T/wordweave-cr010-build-cUwfZS/.nuxt/dist/server/_nuxt/analytics-styles.CUoKgGTZ.mjs            0.08 kB
../../../../../../../var/folders/z9/99ckxr957v901zwwc8jdk8640000gn/T/wordweave-cr010-build-cUwfZS/.nuxt/dist/server/_nuxt/error-404-styles.UP1AHB9m.mjs            0.08 kB
../../../../../../../var/folders/z9/99ckxr957v901zwwc8jdk8640000gn/T/wordweave-cr010-build-cUwfZS/.nuxt/dist/server/_nuxt/error-500-styles.CvfOP9g8.mjs            0.08 kB
../../../../../../../var/folders/z9/99ckxr957v901zwwc8jdk8640000gn/T/wordweave-cr010-build-cUwfZS/.nuxt/dist/server/styles.mjs                                     0.72 kB
../../../../../../../var/folders/z9/99ckxr957v901zwwc8jdk8640000gn/T/wordweave-cr010-build-cUwfZS/.nuxt/dist/server/_nuxt/_plugin-vue_export-helper-BOaGB7Aw.js    0.26 kB
../../../../../../../var/folders/z9/99ckxr957v901zwwc8jdk8640000gn/T/wordweave-cr010-build-cUwfZS/.nuxt/dist/server/_nuxt/page-loader-BVJN2kbQ.js                  0.29 kB │ map:     0.52 kB
../../../../../../../var/folders/z9/99ckxr957v901zwwc8jdk8640000gn/T/wordweave-cr010-build-cUwfZS/.nuxt/dist/server/_nuxt/feedback-CUJ93nAi.js                     0.31 kB │ map:     0.44 kB
../../../../../../../var/folders/z9/99ckxr957v901zwwc8jdk8640000gn/T/wordweave-cr010-build-cUwfZS/.nuxt/dist/server/_nuxt/use-localized-head-BayQuIUR.js           0.31 kB │ map:     0.51 kB
../../../../../../../var/folders/z9/99ckxr957v901zwwc8jdk8640000gn/T/wordweave-cr010-build-cUwfZS/.nuxt/dist/server/_nuxt/pages-DcLWx0Pj.js                        0.36 kB │ map:     1.92 kB
../../../../../../../var/folders/z9/99ckxr957v901zwwc8jdk8640000gn/T/wordweave-cr010-build-cUwfZS/.nuxt/dist/server/_nuxt/private-state-Dts87vxb.js                0.43 kB │ map:     0.64 kB
../../../../../../../var/folders/z9/99ckxr957v901zwwc8jdk8640000gn/T/wordweave-cr010-build-cUwfZS/.nuxt/dist/server/_nuxt/use-design-copy-C27vTo7e.js              0.51 kB │ map:     0.84 kB
../../../../../../../var/folders/z9/99ckxr957v901zwwc8jdk8640000gn/T/wordweave-cr010-build-cUwfZS/.nuxt/dist/server/_nuxt/analytics-events-C-zn4XR-.js             0.57 kB │ map:     2.68 kB
../../../../../../../var/folders/z9/99ckxr957v901zwwc8jdk8640000gn/T/wordweave-cr010-build-cUwfZS/.nuxt/dist/server/_nuxt/admin-CcVUhGzt.js                        0.83 kB │ map:     0.61 kB
../../../../../../../var/folders/z9/99ckxr957v901zwwc8jdk8640000gn/T/wordweave-cr010-build-cUwfZS/.nuxt/dist/server/_nuxt/learner-CUfJbIQJ.js                      0.85 kB │ map:     0.70 kB
../../../../../../../var/folders/z9/99ckxr957v901zwwc8jdk8640000gn/T/wordweave-cr010-build-cUwfZS/.nuxt/dist/server/_nuxt/guest-CYFJsNEU.js                        0.89 kB │ map:     0.71 kB
../../../../../../../var/folders/z9/99ckxr957v901zwwc8jdk8640000gn/T/wordweave-cr010-build-cUwfZS/.nuxt/dist/server/_nuxt/items-BCzB4-hG.js                        1.21 kB │ map:     0.69 kB
../../../../../../../var/folders/z9/99ckxr957v901zwwc8jdk8640000gn/T/wordweave-cr010-build-cUwfZS/.nuxt/dist/server/_nuxt/create-BqFGL3qK.js                       1.22 kB │ map:     0.65 kB
../../../../../../../var/folders/z9/99ckxr957v901zwwc8jdk8640000gn/T/wordweave-cr010-build-cUwfZS/.nuxt/dist/server/_nuxt/exchange-CbA27T3n.js                     1.28 kB │ map:     0.78 kB
../../../../../../../var/folders/z9/99ckxr957v901zwwc8jdk8640000gn/T/wordweave-cr010-build-cUwfZS/.nuxt/dist/server/_nuxt/analytics-styles-1.mjs-BD6r7g7Z.js       1.30 kB │ map:    13.24 kB
../../../../../../../var/folders/z9/99ckxr957v901zwwc8jdk8640000gn/T/wordweave-cr010-build-cUwfZS/.nuxt/dist/server/_nuxt/growth-drafts-g6NGAUre.js                1.37 kB │ map:     6.79 kB
../../../../../../../var/folders/z9/99ckxr957v901zwwc8jdk8640000gn/T/wordweave-cr010-build-cUwfZS/.nuxt/dist/server/_nuxt/BrandMark-Dfw0giN0.js                    1.40 kB │ map:     0.92 kB
../../../../../../../var/folders/z9/99ckxr957v901zwwc8jdk8640000gn/T/wordweave-cr010-build-cUwfZS/.nuxt/dist/server/_nuxt/use-display-formatters-CT6_rKNu.js       1.45 kB │ map:     2.69 kB
../../../../../../../var/folders/z9/99ckxr957v901zwwc8jdk8640000gn/T/wordweave-cr010-build-cUwfZS/.nuxt/dist/server/_nuxt/_presetId_-Q3JxNU2N.js                   1.50 kB │ map:     1.05 kB
../../../../../../../var/folders/z9/99ckxr957v901zwwc8jdk8640000gn/T/wordweave-cr010-build-cUwfZS/.nuxt/dist/server/_nuxt/AppError-Bl2g5x6x.js                     1.74 kB │ map:     1.68 kB
../../../../../../../var/folders/z9/99ckxr957v901zwwc8jdk8640000gn/T/wordweave-cr010-build-cUwfZS/.nuxt/dist/server/_nuxt/return-intent-CO5nbQnf.js                1.92 kB │ map:     4.46 kB
../../../../../../../var/folders/z9/99ckxr957v901zwwc8jdk8640000gn/T/wordweave-cr010-build-cUwfZS/.nuxt/dist/server/_nuxt/_batchId_-BxSxop3X.js                    2.03 kB │ map:     2.54 kB
../../../../../../../var/folders/z9/99ckxr957v901zwwc8jdk8640000gn/T/wordweave-cr010-build-cUwfZS/.nuxt/dist/server/_nuxt/error-500-styles-1.mjs-BIY4rstB.js       2.44 kB │ map:     5.40 kB
../../../../../../../var/folders/z9/99ckxr957v901zwwc8jdk8640000gn/T/wordweave-cr010-build-cUwfZS/.nuxt/dist/server/_nuxt/presets-haO-W0HG.js                      2.53 kB │ map:     4.58 kB
../../../../../../../var/folders/z9/99ckxr957v901zwwc8jdk8640000gn/T/wordweave-cr010-build-cUwfZS/.nuxt/dist/server/_nuxt/AppDialog-xRVSSPoI.js                    2.75 kB │ map:     4.49 kB
../../../../../../../var/folders/z9/99ckxr957v901zwwc8jdk8640000gn/T/wordweave-cr010-build-cUwfZS/.nuxt/dist/server/_nuxt/GenerationSettings-Cr7m6dnl.js           2.75 kB │ map:     3.83 kB
../../../../../../../var/folders/z9/99ckxr957v901zwwc8jdk8640000gn/T/wordweave-cr010-build-cUwfZS/.nuxt/dist/server/_nuxt/error-404-styles-1.mjs-DwzLrrzA.js       2.97 kB │ map:     6.05 kB
../../../../../../../var/folders/z9/99ckxr957v901zwwc8jdk8640000gn/T/wordweave-cr010-build-cUwfZS/.nuxt/dist/server/_nuxt/AccountPage-AX-Htk2C.js                  3.14 kB │ map:     2.35 kB
../../../../../../../var/folders/z9/99ckxr957v901zwwc8jdk8640000gn/T/wordweave-cr010-build-cUwfZS/.nuxt/dist/server/_nuxt/analytics-BnLB9usX.js                    3.76 kB │ map:     7.18 kB
../../../../../../../var/folders/z9/99ckxr957v901zwwc8jdk8640000gn/T/wordweave-cr010-build-cUwfZS/.nuxt/dist/server/_nuxt/AccountShell-BBxBm3rV.js                 4.45 kB │ map:     6.98 kB
../../../../../../../var/folders/z9/99ckxr957v901zwwc8jdk8640000gn/T/wordweave-cr010-build-cUwfZS/.nuxt/dist/server/_nuxt/error-500-BJnntww5.js                    4.65 kB │ map:     5.73 kB
../../../../../../../var/folders/z9/99ckxr957v901zwwc8jdk8640000gn/T/wordweave-cr010-build-cUwfZS/.nuxt/dist/server/_nuxt/admin-DGVxUZu2.js                        4.87 kB │ map:     7.66 kB
../../../../../../../var/folders/z9/99ckxr957v901zwwc8jdk8640000gn/T/wordweave-cr010-build-cUwfZS/.nuxt/dist/server/_nuxt/error-404-DloFcJfy.js                    5.32 kB │ map:     6.53 kB
../../../../../../../var/folders/z9/99ckxr957v901zwwc8jdk8640000gn/T/wordweave-cr010-build-cUwfZS/.nuxt/dist/server/_nuxt/login-Df9Yps5B.js                        5.53 kB │ map:    12.85 kB
../../../../../../../var/folders/z9/99ckxr957v901zwwc8jdk8640000gn/T/wordweave-cr010-build-cUwfZS/.nuxt/dist/server/_nuxt/admin-HILmI8f4.js                        5.63 kB │ map:     8.89 kB
../../../../../../../var/folders/z9/99ckxr957v901zwwc8jdk8640000gn/T/wordweave-cr010-build-cUwfZS/.nuxt/dist/server/_nuxt/register--6c7BVmT.js                     6.12 kB │ map:    14.76 kB
../../../../../../../var/folders/z9/99ckxr957v901zwwc8jdk8640000gn/T/wordweave-cr010-build-cUwfZS/.nuxt/dist/server/_nuxt/learner-access-Bz6li534.js               6.60 kB │ map:     9.03 kB
../../../../../../../var/folders/z9/99ckxr957v901zwwc8jdk8640000gn/T/wordweave-cr010-build-cUwfZS/.nuxt/dist/server/_nuxt/pages-Ck2GS1nP.js                        6.99 kB │ map:    13.03 kB
../../../../../../../var/folders/z9/99ckxr957v901zwwc8jdk8640000gn/T/wordweave-cr010-build-cUwfZS/.nuxt/dist/server/_nuxt/notices-7OHjmaLm.js                      7.70 kB │ map:    12.85 kB
../../../../../../../var/folders/z9/99ckxr957v901zwwc8jdk8640000gn/T/wordweave-cr010-build-cUwfZS/.nuxt/dist/server/_nuxt/BatchParticipation-BAp3V3tz.js           8.19 kB │ map:    15.05 kB
../../../../../../../var/folders/z9/99ckxr957v901zwwc8jdk8640000gn/T/wordweave-cr010-build-cUwfZS/.nuxt/dist/server/_nuxt/session-BegLBYW0.js                      8.80 kB │ map:    21.73 kB
../../../../../../../var/folders/z9/99ckxr957v901zwwc8jdk8640000gn/T/wordweave-cr010-build-cUwfZS/.nuxt/dist/server/_nuxt/default-HGI_k8yD.js                      8.82 kB │ map:    13.36 kB
../../../../../../../var/folders/z9/99ckxr957v901zwwc8jdk8640000gn/T/wordweave-cr010-build-cUwfZS/.nuxt/dist/server/_nuxt/error-3I7NggTq.js                        8.83 kB │ map:    23.41 kB
../../../../../../../var/folders/z9/99ckxr957v901zwwc8jdk8640000gn/T/wordweave-cr010-build-cUwfZS/.nuxt/dist/server/_nuxt/users-Dxt_wJoG.js                       10.24 kB │ map:    21.85 kB
../../../../../../../var/folders/z9/99ckxr957v901zwwc8jdk8640000gn/T/wordweave-cr010-build-cUwfZS/.nuxt/dist/server/_nuxt/nuxt-CmruIrns.js                        12.67 kB │ map:    33.79 kB
../../../../../../../var/folders/z9/99ckxr957v901zwwc8jdk8640000gn/T/wordweave-cr010-build-cUwfZS/.nuxt/dist/server/_nuxt/explore-BRVM0xqQ.js                     12.70 kB │ map:    31.36 kB
../../../../../../../var/folders/z9/99ckxr957v901zwwc8jdk8640000gn/T/wordweave-cr010-build-cUwfZS/.nuxt/dist/server/_nuxt/notices-Ch0T8Dim.js                     14.38 kB │ map:    34.24 kB
../../../../../../../var/folders/z9/99ckxr957v901zwwc8jdk8640000gn/T/wordweave-cr010-build-cUwfZS/.nuxt/dist/server/_nuxt/admin-DR_iKiPG.js                       14.91 kB │ map:    31.27 kB
../../../../../../../var/folders/z9/99ckxr957v901zwwc8jdk8640000gn/T/wordweave-cr010-build-cUwfZS/.nuxt/dist/server/_nuxt/analytics-3h91uomj.js                   17.38 kB │ map:    37.15 kB
../../../../../../../var/folders/z9/99ckxr957v901zwwc8jdk8640000gn/T/wordweave-cr010-build-cUwfZS/.nuxt/dist/server/_nuxt/AppIcon-B7K2XjAS.js                     17.65 kB │ map:    49.77 kB
../../../../../../../var/folders/z9/99ckxr957v901zwwc8jdk8640000gn/T/wordweave-cr010-build-cUwfZS/.nuxt/dist/server/_nuxt/plans-BPAq5khR.js                       18.10 kB │ map:    40.82 kB
../../../../../../../var/folders/z9/99ckxr957v901zwwc8jdk8640000gn/T/wordweave-cr010-build-cUwfZS/.nuxt/dist/server/_nuxt/_batchId_-BJFXlpHF.js                   19.25 kB │ map:    25.98 kB
../../../../../../../var/folders/z9/99ckxr957v901zwwc8jdk8640000gn/T/wordweave-cr010-build-cUwfZS/.nuxt/dist/server/_nuxt/models-C0uXxpX8.js                      21.00 kB │ map:    40.95 kB
../../../../../../../var/folders/z9/99ckxr957v901zwwc8jdk8640000gn/T/wordweave-cr010-build-cUwfZS/.nuxt/dist/server/_nuxt/devtools-CLRpXhL7-CYb7ggQw.js           21.27 kB │ map:    73.24 kB
../../../../../../../var/folders/z9/99ckxr957v901zwwc8jdk8640000gn/T/wordweave-cr010-build-cUwfZS/.nuxt/dist/server/_nuxt/library-BlpgwCED.js                     23.70 kB │ map:    33.98 kB
../../../../../../../var/folders/z9/99ckxr957v901zwwc8jdk8640000gn/T/wordweave-cr010-build-cUwfZS/.nuxt/dist/server/_nuxt/presets-DXGnAeNW.js                     26.30 kB │ map:    67.42 kB
../../../../../../../var/folders/z9/99ckxr957v901zwwc8jdk8640000gn/T/wordweave-cr010-build-cUwfZS/.nuxt/dist/server/_nuxt/growth-DzxZpNbK.js                      26.57 kB │ map:    42.76 kB
../../../../../../../var/folders/z9/99ckxr957v901zwwc8jdk8640000gn/T/wordweave-cr010-build-cUwfZS/.nuxt/dist/server/_nuxt/review-Den85hbD.js                      26.97 kB │ map:    49.97 kB
../../../../../../../var/folders/z9/99ckxr957v901zwwc8jdk8640000gn/T/wordweave-cr010-build-cUwfZS/.nuxt/dist/server/_nuxt/GenerationWorkspace-D8Ipp8W7.js         30.77 kB │ map:    83.87 kB
../../../../../../../var/folders/z9/99ckxr957v901zwwc8jdk8640000gn/T/wordweave-cr010-build-cUwfZS/.nuxt/dist/server/_nuxt/account-rpxxWQ6D.js                     30.99 kB │ map:    37.19 kB
../../../../../../../var/folders/z9/99ckxr957v901zwwc8jdk8640000gn/T/wordweave-cr010-build-cUwfZS/.nuxt/dist/server/_nuxt/ItemsWorkspace-CkGPKyUl.js              42.79 kB │ map:    64.83 kB
../../../../../../../var/folders/z9/99ckxr957v901zwwc8jdk8640000gn/T/wordweave-cr010-build-cUwfZS/.nuxt/dist/server/_nuxt/_userId_-DihE8uHB.js                    44.48 kB │ map:    88.82 kB
../../../../../../../var/folders/z9/99ckxr957v901zwwc8jdk8640000gn/T/wordweave-cr010-build-cUwfZS/.nuxt/dist/server/_nuxt/_sessionId_-hV7MCH-m.js                 60.58 kB │ map:   111.55 kB
../../../../../../../var/folders/z9/99ckxr957v901zwwc8jdk8640000gn/T/wordweave-cr010-build-cUwfZS/.nuxt/dist/server/_nuxt/growth-BNtKckpM.js                      67.87 kB │ map:   154.34 kB
../../../../../../../var/folders/z9/99ckxr957v901zwwc8jdk8640000gn/T/wordweave-cr010-build-cUwfZS/.nuxt/dist/server/server.mjs                                   424.55 kB │ map: 1,132.39 kB

ℹ ✓ built in 3.80s

 WARN  [33m[PLUGIN_TIMINGS] [0mYour build spent 98% of 3.8s inside plugin hooks (3.7s).
Measured inside the callback, so queue time is excluded and time the callback itself awaited is not:
  - vite-plugin-checker buildEnd (67%, 2.6s, 1 call)
Those rows are 67% of the build; the rest of the 98% is below.
Not measurable — 4 hooks whose calls overlap, so elapsed time covers work other calls were doing. Profile with node --cpu-prof:
  - nuxt:ssr-styles:ssr resolveId (141 calls)
  - nuxt:resolve-externals:external resolveId (43 calls)
  - nuxt:resolve-bare-imports resolveId (21 calls)
  … and 1 more
See https://rolldown.rs/reference/InputOptions.checks#plugintimings for more details.


✔ Server built in 3810ms
[nitro] ✔ Generated public ../../../../../../../var/folders/z9/99ckxr957v901zwwc8jdk8640000gn/T/wordweave-cr010-build-cUwfZS/.output/public
[nitro] ℹ Building Nuxt Nitro server (preset: node-server, compatibility date: 2026-09-01)
[plugin esbuild] ../../../../../../../private/var/folders/z9/99ckxr957v901zwwc8jdk8640000gn/T/wordweave-cr010-build-cUwfZS/.nuxt/dist/server/_nuxt/growth-DzxZpNbK.js: [esbuild] (../../../../../../../private/var/folders/z9/99ckxr957v901zwwc8jdk8640000gn/T/wordweave-cr010-build-cUwfZS/.nuxt/dist/server/_nuxt/growth-DzxZpNbK.js:182:18) Big integer literals are not available in the configured target environment ("es2019") and may crash at run-time
[plugin esbuild] ../../../../../../../private/var/folders/z9/99ckxr957v901zwwc8jdk8640000gn/T/wordweave-cr010-build-cUwfZS/.nuxt/dist/server/_nuxt/growth-DzxZpNbK.js: [esbuild] (../../../../../../../private/var/folders/z9/99ckxr957v901zwwc8jdk8640000gn/T/wordweave-cr010-build-cUwfZS/.nuxt/dist/server/_nuxt/growth-DzxZpNbK.js:182:68) Big integer literals are not available in the configured target environment ("es2019") and may crash at run-time
[plugin esbuild] ../../../../../../../private/var/folders/z9/99ckxr957v901zwwc8jdk8640000gn/T/wordweave-cr010-build-cUwfZS/.nuxt/dist/server/_nuxt/growth-drafts-g6NGAUre.js: [esbuild] (../../../../../../../private/var/folders/z9/99ckxr957v901zwwc8jdk8640000gn/T/wordweave-cr010-build-cUwfZS/.nuxt/dist/server/_nuxt/growth-drafts-g6NGAUre.js:2:82) Big integer literals are not available in the configured target environment ("es2019") and may crash at run-time
[nitro] ✔ Nuxt Nitro server built
  ├─ ../../../../../../../var/folders/z9/99ckxr957v901zwwc8jdk8640000gn/T/wordweave-cr010-build-cUwfZS/.output/server/chunks/_/_batchId_-BJFXlpHF.mjs (21.7 kB) (4.54 kB gzip)
  ├─ ../../../../../../../var/folders/z9/99ckxr957v901zwwc8jdk8640000gn/T/wordweave-cr010-build-cUwfZS/.output/server/chunks/_/_batchId_-BJFXlpHF.mjs.map (20.2 kB) (3.87 kB gzip)
  ├─ ../../../../../../../var/folders/z9/99ckxr957v901zwwc8jdk8640000gn/T/wordweave-cr010-build-cUwfZS/.output/server/chunks/_/_batchId_-BxSxop3X.mjs (2.28 kB) (949 B gzip)
  ├─ ../../../../../../../var/folders/z9/99ckxr957v901zwwc8jdk8640000gn/T/wordweave-cr010-build-cUwfZS/.output/server/chunks/_/_batchId_-BxSxop3X.mjs.map (1.58 kB) (650 B gzip)
  ├─ ../../../../../../../var/folders/z9/99ckxr957v901zwwc8jdk8640000gn/T/wordweave-cr010-build-cUwfZS/.output/server/chunks/_/_plugin-vue_export-helper-BOaGB7Aw.mjs (286 B) (206 B gzip)
  ├─ ../../../../../../../var/folders/z9/99ckxr957v901zwwc8jdk8640000gn/T/wordweave-cr010-build-cUwfZS/.output/server/chunks/_/_plugin-vue_export-helper-BOaGB7Aw.mjs.map (483 B) (310 B gzip)
  ├─ ../../../../../../../var/folders/z9/99ckxr957v901zwwc8jdk8640000gn/T/wordweave-cr010-build-cUwfZS/.output/server/chunks/_/_presetId_-Q3JxNU2N.mjs (2.25 kB) (925 B gzip)
  ├─ ../../../../../../../var/folders/z9/99ckxr957v901zwwc8jdk8640000gn/T/wordweave-cr010-build-cUwfZS/.output/server/chunks/_/_presetId_-Q3JxNU2N.mjs.map (1.09 kB) (514 B gzip)
  ├─ ../../../../../../../var/folders/z9/99ckxr957v901zwwc8jdk8640000gn/T/wordweave-cr010-build-cUwfZS/.output/server/chunks/_/_sessionId_-hV7MCH-m.mjs (68.9 kB) (12.9 kB gzip)
  ├─ ../../../../../../../var/folders/z9/99ckxr957v901zwwc8jdk8640000gn/T/wordweave-cr010-build-cUwfZS/.output/server/chunks/_/_sessionId_-hV7MCH-m.mjs.map (73.4 kB) (11.9 kB gzip)
  ├─ ../../../../../../../var/folders/z9/99ckxr957v901zwwc8jdk8640000gn/T/wordweave-cr010-build-cUwfZS/.output/server/chunks/_/_userId_-DihE8uHB.mjs (48.4 kB) (9.75 kB gzip)
  ├─ ../../../../../../../var/folders/z9/99ckxr957v901zwwc8jdk8640000gn/T/wordweave-cr010-build-cUwfZS/.output/server/chunks/_/_userId_-DihE8uHB.mjs.map (52 kB) (8.71 kB gzip)
  ├─ ../../../../../../../var/folders/z9/99ckxr957v901zwwc8jdk8640000gn/T/wordweave-cr010-build-cUwfZS/.output/server/chunks/_/account-rpxxWQ6D.mjs (34.8 kB) (4.53 kB gzip)
  ├─ ../../../../../../../var/folders/z9/99ckxr957v901zwwc8jdk8640000gn/T/wordweave-cr010-build-cUwfZS/.output/server/chunks/_/account-rpxxWQ6D.mjs.map (32 kB) (4.08 kB gzip)
  ├─ ../../../../../../../var/folders/z9/99ckxr957v901zwwc8jdk8640000gn/T/wordweave-cr010-build-cUwfZS/.output/server/chunks/_/AccountPage-AX-Htk2C.mjs (3.14 kB) (1.01 kB gzip)
  ├─ ../../../../../../../var/folders/z9/99ckxr957v901zwwc8jdk8640000gn/T/wordweave-cr010-build-cUwfZS/.output/server/chunks/_/AccountPage-AX-Htk2C.mjs.map (2.7 kB) (883 B gzip)
  ├─ ../../../../../../../var/folders/z9/99ckxr957v901zwwc8jdk8640000gn/T/wordweave-cr010-build-cUwfZS/.output/server/chunks/_/AccountShell-BBxBm3rV.mjs (4.65 kB) (1.48 kB gzip)
  ├─ ../../../../../../../var/folders/z9/99ckxr957v901zwwc8jdk8640000gn/T/wordweave-cr010-build-cUwfZS/.output/server/chunks/_/AccountShell-BBxBm3rV.mjs.map (4.11 kB) (1.19 kB gzip)
  ├─ ../../../../../../../var/folders/z9/99ckxr957v901zwwc8jdk8640000gn/T/wordweave-cr010-build-cUwfZS/.output/server/chunks/_/admin-CcVUhGzt.mjs (1.03 kB) (470 B gzip)
  ├─ ../../../../../../../var/folders/z9/99ckxr957v901zwwc8jdk8640000gn/T/wordweave-cr010-build-cUwfZS/.output/server/chunks/_/admin-CcVUhGzt.mjs.map (552 B) (332 B gzip)
  ├─ ../../../../../../../var/folders/z9/99ckxr957v901zwwc8jdk8640000gn/T/wordweave-cr010-build-cUwfZS/.output/server/chunks/_/admin-DGVxUZu2.mjs (5.6 kB) (1.81 kB gzip)
  ├─ ../../../../../../../var/folders/z9/99ckxr957v901zwwc8jdk8640000gn/T/wordweave-cr010-build-cUwfZS/.output/server/chunks/_/admin-DGVxUZu2.mjs.map (4.42 kB) (1.21 kB gzip)
  ├─ ../../../../../../../var/folders/z9/99ckxr957v901zwwc8jdk8640000gn/T/wordweave-cr010-build-cUwfZS/.output/server/chunks/_/admin-DR_iKiPG.mjs (16 kB) (3.19 kB gzip)
  ├─ ../../../../../../../var/folders/z9/99ckxr957v901zwwc8jdk8640000gn/T/wordweave-cr010-build-cUwfZS/.output/server/chunks/_/admin-DR_iKiPG.mjs.map (17.3 kB) (3.09 kB gzip)
  ├─ ../../../../../../../var/folders/z9/99ckxr957v901zwwc8jdk8640000gn/T/wordweave-cr010-build-cUwfZS/.output/server/chunks/_/admin-HILmI8f4.mjs (6.53 kB) (2.01 kB gzip)
  ├─ ../../../../../../../var/folders/z9/99ckxr957v901zwwc8jdk8640000gn/T/wordweave-cr010-build-cUwfZS/.output/server/chunks/_/admin-HILmI8f4.mjs.map (5.85 kB) (1.47 kB gzip)
  ├─ ../../../../../../../var/folders/z9/99ckxr957v901zwwc8jdk8640000gn/T/wordweave-cr010-build-cUwfZS/.output/server/chunks/_/analytics-3h91uomj.mjs (20.1 kB) (4.39 kB gzip)
  ├─ ../../../../../../../var/folders/z9/99ckxr957v901zwwc8jdk8640000gn/T/wordweave-cr010-build-cUwfZS/.output/server/chunks/_/analytics-3h91uomj.mjs.map (18.5 kB) (3.44 kB gzip)
  ├─ ../../../../../../../var/folders/z9/99ckxr957v901zwwc8jdk8640000gn/T/wordweave-cr010-build-cUwfZS/.output/server/chunks/_/analytics-BnLB9usX.mjs (3.77 kB) (1.27 kB gzip)
  ├─ ../../../../../../../var/folders/z9/99ckxr957v901zwwc8jdk8640000gn/T/wordweave-cr010-build-cUwfZS/.output/server/chunks/_/analytics-BnLB9usX.mjs.map (4.46 kB) (1.22 kB gzip)
  ├─ ../../../../../../../var/folders/z9/99ckxr957v901zwwc8jdk8640000gn/T/wordweave-cr010-build-cUwfZS/.output/server/chunks/_/analytics-events-C-zn4XR-.mjs (498 B) (313 B gzip)
  ├─ ../../../../../../../var/folders/z9/99ckxr957v901zwwc8jdk8640000gn/T/wordweave-cr010-build-cUwfZS/.output/server/chunks/_/analytics-events-C-zn4XR-.mjs.map (648 B) (370 B gzip)
  ├─ ../../../../../../../var/folders/z9/99ckxr957v901zwwc8jdk8640000gn/T/wordweave-cr010-build-cUwfZS/.output/server/chunks/_/analytics-styles.CUoKgGTZ.mjs (1.25 kB) (494 B gzip)
  ├─ ../../../../../../../var/folders/z9/99ckxr957v901zwwc8jdk8640000gn/T/wordweave-cr010-build-cUwfZS/.output/server/chunks/_/analytics-styles.CUoKgGTZ.mjs.map (504 B) (269 B gzip)
  ├─ ../../../../../../../var/folders/z9/99ckxr957v901zwwc8jdk8640000gn/T/wordweave-cr010-build-cUwfZS/.output/server/chunks/_/AppDialog-xRVSSPoI.mjs (2.74 kB) (1.08 kB gzip)
  ├─ ../../../../../../../var/folders/z9/99ckxr957v901zwwc8jdk8640000gn/T/wordweave-cr010-build-cUwfZS/.output/server/chunks/_/AppDialog-xRVSSPoI.mjs.map (2.65 kB) (917 B gzip)
  ├─ ../../../../../../../var/folders/z9/99ckxr957v901zwwc8jdk8640000gn/T/wordweave-cr010-build-cUwfZS/.output/server/chunks/_/AppError-Bl2g5x6x.mjs (1.64 kB) (707 B gzip)
  ├─ ../../../../../../../var/folders/z9/99ckxr957v901zwwc8jdk8640000gn/T/wordweave-cr010-build-cUwfZS/.output/server/chunks/_/AppError-Bl2g5x6x.mjs.map (1.52 kB) (623 B gzip)
  ├─ ../../../../../../../var/folders/z9/99ckxr957v901zwwc8jdk8640000gn/T/wordweave-cr010-build-cUwfZS/.output/server/chunks/_/AppIcon-B7K2XjAS.mjs (17.8 kB) (3.87 kB gzip)
  ├─ ../../../../../../../var/folders/z9/99ckxr957v901zwwc8jdk8640000gn/T/wordweave-cr010-build-cUwfZS/.output/server/chunks/_/AppIcon-B7K2XjAS.mjs.map (5.52 kB) (1.3 kB gzip)
  ├─ ../../../../../../../var/folders/z9/99ckxr957v901zwwc8jdk8640000gn/T/wordweave-cr010-build-cUwfZS/.output/server/chunks/_/BatchParticipation-BAp3V3tz.mjs (8.33 kB) (2.04 kB gzip)
  ├─ ../../../../../../../var/folders/z9/99ckxr957v901zwwc8jdk8640000gn/T/wordweave-cr010-build-cUwfZS/.output/server/chunks/_/BatchParticipation-BAp3V3tz.mjs.map (8.68 kB) (1.76 kB gzip)
  ├─ ../../../../../../../var/folders/z9/99ckxr957v901zwwc8jdk8640000gn/T/wordweave-cr010-build-cUwfZS/.output/server/chunks/_/BrandMark-Dfw0giN0.mjs (1.35 kB) (709 B gzip)
  ├─ ../../../../../../../var/folders/z9/99ckxr957v901zwwc8jdk8640000gn/T/wordweave-cr010-build-cUwfZS/.output/server/chunks/_/BrandMark-Dfw0giN0.mjs.map (940 B) (468 B gzip)
  ├─ ../../../../../../../var/folders/z9/99ckxr957v901zwwc8jdk8640000gn/T/wordweave-cr010-build-cUwfZS/.output/server/chunks/_/create-BqFGL3qK.mjs (2.01 kB) (836 B gzip)
  ├─ ../../../../../../../var/folders/z9/99ckxr957v901zwwc8jdk8640000gn/T/wordweave-cr010-build-cUwfZS/.output/server/chunks/_/create-BqFGL3qK.mjs.map (902 B) (454 B gzip)
  ├─ ../../../../../../../var/folders/z9/99ckxr957v901zwwc8jdk8640000gn/T/wordweave-cr010-build-cUwfZS/.output/server/chunks/_/default-HGI_k8yD.mjs (9.97 kB) (2.46 kB gzip)
  ├─ ../../../../../../../var/folders/z9/99ckxr957v901zwwc8jdk8640000gn/T/wordweave-cr010-build-cUwfZS/.output/server/chunks/_/default-HGI_k8yD.mjs.map (9.23 kB) (1.9 kB gzip)
  ├─ ../../../../../../../var/folders/z9/99ckxr957v901zwwc8jdk8640000gn/T/wordweave-cr010-build-cUwfZS/.output/server/chunks/_/error-404-DloFcJfy.mjs (5.76 kB) (2.37 kB gzip)
  ├─ ../../../../../../../var/folders/z9/99ckxr957v901zwwc8jdk8640000gn/T/wordweave-cr010-build-cUwfZS/.output/server/chunks/_/error-404-DloFcJfy.mjs.map (2.26 kB) (800 B gzip)
  ├─ ../../../../../../../var/folders/z9/99ckxr957v901zwwc8jdk8640000gn/T/wordweave-cr010-build-cUwfZS/.output/server/chunks/_/error-404-styles.UP1AHB9m.mjs (2.76 kB) (1 kB gzip)
  ├─ ../../../../../../../var/folders/z9/99ckxr957v901zwwc8jdk8640000gn/T/wordweave-cr010-build-cUwfZS/.output/server/chunks/_/error-404-styles.UP1AHB9m.mjs.map (504 B) (266 B gzip)
  ├─ ../../../../../../../var/folders/z9/99ckxr957v901zwwc8jdk8640000gn/T/wordweave-cr010-build-cUwfZS/.output/server/chunks/_/error-500-BJnntww5.mjs (5.05 kB) (2.12 kB gzip)
  ├─ ../../../../../../../var/folders/z9/99ckxr957v901zwwc8jdk8640000gn/T/wordweave-cr010-build-cUwfZS/.output/server/chunks/_/error-500-BJnntww5.mjs.map (1.76 kB) (641 B gzip)
  ├─ ../../../../../../../var/folders/z9/99ckxr957v901zwwc8jdk8640000gn/T/wordweave-cr010-build-cUwfZS/.output/server/chunks/_/error-500-styles.CvfOP9g8.mjs (2.23 kB) (877 B gzip)
  ├─ ../../../../../../../var/folders/z9/99ckxr957v901zwwc8jdk8640000gn/T/wordweave-cr010-build-cUwfZS/.output/server/chunks/_/error-500-styles.CvfOP9g8.mjs.map (504 B) (268 B gzip)
  ├─ ../../../../../../../var/folders/z9/99ckxr957v901zwwc8jdk8640000gn/T/wordweave-cr010-build-cUwfZS/.output/server/chunks/_/error-500.mjs (5.05 kB) (2.07 kB gzip)
  ├─ ../../../../../../../var/folders/z9/99ckxr957v901zwwc8jdk8640000gn/T/wordweave-cr010-build-cUwfZS/.output/server/chunks/_/error-500.mjs.map (366 B) (253 B gzip)
  ├─ ../../../../../../../var/folders/z9/99ckxr957v901zwwc8jdk8640000gn/T/wordweave-cr010-build-cUwfZS/.output/server/chunks/_/exchange-CbA27T3n.mjs (1.98 kB) (828 B gzip)
  ├─ ../../../../../../../var/folders/z9/99ckxr957v901zwwc8jdk8640000gn/T/wordweave-cr010-build-cUwfZS/.output/server/chunks/_/exchange-CbA27T3n.mjs.map (919 B) (459 B gzip)
  ├─ ../../../../../../../var/folders/z9/99ckxr957v901zwwc8jdk8640000gn/T/wordweave-cr010-build-cUwfZS/.output/server/chunks/_/explore-BRVM0xqQ.mjs (13.8 kB) (3.96 kB gzip)
  ├─ ../../../../../../../var/folders/z9/99ckxr957v901zwwc8jdk8640000gn/T/wordweave-cr010-build-cUwfZS/.output/server/chunks/_/explore-BRVM0xqQ.mjs.map (13.5 kB) (3.02 kB gzip)
  ├─ ../../../../../../../var/folders/z9/99ckxr957v901zwwc8jdk8640000gn/T/wordweave-cr010-build-cUwfZS/.output/server/chunks/_/GenerationSettings-Cr7m6dnl.mjs (2.63 kB) (848 B gzip)
  ├─ ../../../../../../../var/folders/z9/99ckxr957v901zwwc8jdk8640000gn/T/wordweave-cr010-build-cUwfZS/.output/server/chunks/_/GenerationSettings-Cr7m6dnl.mjs.map (2.09 kB) (699 B gzip)
  ├─ ../../../../../../../var/folders/z9/99ckxr957v901zwwc8jdk8640000gn/T/wordweave-cr010-build-cUwfZS/.output/server/chunks/_/GenerationWorkspace-D8Ipp8W7.mjs (33.4 kB) (7 kB gzip)
  ├─ ../../../../../../../var/folders/z9/99ckxr957v901zwwc8jdk8640000gn/T/wordweave-cr010-build-cUwfZS/.output/server/chunks/_/GenerationWorkspace-D8Ipp8W7.mjs.map (34 kB) (6.32 kB gzip)
  ├─ ../../../../../../../var/folders/z9/99ckxr957v901zwwc8jdk8640000gn/T/wordweave-cr010-build-cUwfZS/.output/server/chunks/_/growth-BNtKckpM.mjs (74.4 kB) (12.9 kB gzip)
  ├─ ../../../../../../../var/folders/z9/99ckxr957v901zwwc8jdk8640000gn/T/wordweave-cr010-build-cUwfZS/.output/server/chunks/_/growth-BNtKckpM.mjs.map (80.5 kB) (12.4 kB gzip)
  ├─ ../../../../../../../var/folders/z9/99ckxr957v901zwwc8jdk8640000gn/T/wordweave-cr010-build-cUwfZS/.output/server/chunks/_/growth-drafts-g6NGAUre.mjs (1.47 kB) (707 B gzip)
  ├─ ../../../../../../../var/folders/z9/99ckxr957v901zwwc8jdk8640000gn/T/wordweave-cr010-build-cUwfZS/.output/server/chunks/_/growth-drafts-g6NGAUre.mjs.map (1.98 kB) (714 B gzip)
  ├─ ../../../../../../../var/folders/z9/99ckxr957v901zwwc8jdk8640000gn/T/wordweave-cr010-build-cUwfZS/.output/server/chunks/_/growth-DzxZpNbK.mjs (29.1 kB) (5.76 kB gzip)
  ├─ ../../../../../../../var/folders/z9/99ckxr957v901zwwc8jdk8640000gn/T/wordweave-cr010-build-cUwfZS/.output/server/chunks/_/growth-DzxZpNbK.mjs.map (28.4 kB) (5.04 kB gzip)
  ├─ ../../../../../../../var/folders/z9/99ckxr957v901zwwc8jdk8640000gn/T/wordweave-cr010-build-cUwfZS/.output/server/chunks/_/guest-CYFJsNEU.mjs (1.13 kB) (530 B gzip)
  ├─ ../../../../../../../var/folders/z9/99ckxr957v901zwwc8jdk8640000gn/T/wordweave-cr010-build-cUwfZS/.output/server/chunks/_/guest-CYFJsNEU.mjs.map (683 B) (372 B gzip)
  ├─ ../../../../../../../var/folders/z9/99ckxr957v901zwwc8jdk8640000gn/T/wordweave-cr010-build-cUwfZS/.output/server/chunks/_/items-BCzB4-hG.mjs (1.91 kB) (807 B gzip)
  ├─ ../../../../../../../var/folders/z9/99ckxr957v901zwwc8jdk8640000gn/T/wordweave-cr010-build-cUwfZS/.output/server/chunks/_/items-BCzB4-hG.mjs.map (867 B) (439 B gzip)
  ├─ ../../../../../../../var/folders/z9/99ckxr957v901zwwc8jdk8640000gn/T/wordweave-cr010-build-cUwfZS/.output/server/chunks/_/ItemsWorkspace-CkGPKyUl.mjs (47.7 kB) (7.16 kB gzip)
  ├─ ../../../../../../../var/folders/z9/99ckxr957v901zwwc8jdk8640000gn/T/wordweave-cr010-build-cUwfZS/.output/server/chunks/_/ItemsWorkspace-CkGPKyUl.mjs.map (50 kB) (7.27 kB gzip)
  ├─ ../../../../../../../var/folders/z9/99ckxr957v901zwwc8jdk8640000gn/T/wordweave-cr010-build-cUwfZS/.output/server/chunks/_/learner-access-Bz6li534.mjs (6.38 kB) (1.86 kB gzip)
  ├─ ../../../../../../../var/folders/z9/99ckxr957v901zwwc8jdk8640000gn/T/wordweave-cr010-build-cUwfZS/.output/server/chunks/_/learner-access-Bz6li534.mjs.map (5.99 kB) (1.57 kB gzip)
  ├─ ../../../../../../../var/folders/z9/99ckxr957v901zwwc8jdk8640000gn/T/wordweave-cr010-build-cUwfZS/.output/server/chunks/_/learner-CUfJbIQJ.mjs (1.04 kB) (473 B gzip)
  ├─ ../../../../../../../var/folders/z9/99ckxr957v901zwwc8jdk8640000gn/T/wordweave-cr010-build-cUwfZS/.output/server/chunks/_/learner-CUfJbIQJ.mjs.map (551 B) (332 B gzip)
  ├─ ../../../../../../../var/folders/z9/99ckxr957v901zwwc8jdk8640000gn/T/wordweave-cr010-build-cUwfZS/.output/server/chunks/_/library-BlpgwCED.mjs (27 kB) (5.18 kB gzip)
  ├─ ../../../../../../../var/folders/z9/99ckxr957v901zwwc8jdk8640000gn/T/wordweave-cr010-build-cUwfZS/.output/server/chunks/_/library-BlpgwCED.mjs.map (25.7 kB) (4.57 kB gzip)
  ├─ ../../../../../../../var/folders/z9/99ckxr957v901zwwc8jdk8640000gn/T/wordweave-cr010-build-cUwfZS/.output/server/chunks/_/login-Df9Yps5B.mjs (5.93 kB) (1.93 kB gzip)
  ├─ ../../../../../../../var/folders/z9/99ckxr957v901zwwc8jdk8640000gn/T/wordweave-cr010-build-cUwfZS/.output/server/chunks/_/login-Df9Yps5B.mjs.map (4.71 kB) (1.26 kB gzip)
  ├─ ../../../../../../../var/folders/z9/99ckxr957v901zwwc8jdk8640000gn/T/wordweave-cr010-build-cUwfZS/.output/server/chunks/_/models-C0uXxpX8.mjs (22.9 kB) (4.51 kB gzip)
  ├─ ../../../../../../../var/folders/z9/99ckxr957v901zwwc8jdk8640000gn/T/wordweave-cr010-build-cUwfZS/.output/server/chunks/_/models-C0uXxpX8.mjs.map (23.2 kB) (3.84 kB gzip)
  ├─ ../../../../../../../var/folders/z9/99ckxr957v901zwwc8jdk8640000gn/T/wordweave-cr010-build-cUwfZS/.output/server/chunks/_/notices-7OHjmaLm.mjs (8.56 kB) (2.47 kB gzip)
  ├─ ../../../../../../../var/folders/z9/99ckxr957v901zwwc8jdk8640000gn/T/wordweave-cr010-build-cUwfZS/.output/server/chunks/_/notices-7OHjmaLm.mjs.map (8.57 kB) (2.02 kB gzip)
  ├─ ../../../../../../../var/folders/z9/99ckxr957v901zwwc8jdk8640000gn/T/wordweave-cr010-build-cUwfZS/.output/server/chunks/_/notices-Ch0T8Dim.mjs (15.5 kB) (3.93 kB gzip)
  ├─ ../../../../../../../var/folders/z9/99ckxr957v901zwwc8jdk8640000gn/T/wordweave-cr010-build-cUwfZS/.output/server/chunks/_/notices-Ch0T8Dim.mjs.map (15.2 kB) (3.25 kB gzip)
  ├─ ../../../../../../../var/folders/z9/99ckxr957v901zwwc8jdk8640000gn/T/wordweave-cr010-build-cUwfZS/.output/server/chunks/_/page-loader-BVJN2kbQ.mjs (248 B) (206 B gzip)
  ├─ ../../../../../../../var/folders/z9/99ckxr957v901zwwc8jdk8640000gn/T/wordweave-cr010-build-cUwfZS/.output/server/chunks/_/page-loader-BVJN2kbQ.mjs.map (374 B) (272 B gzip)
  ├─ ../../../../../../../var/folders/z9/99ckxr957v901zwwc8jdk8640000gn/T/wordweave-cr010-build-cUwfZS/.output/server/chunks/_/pages-Ck2GS1nP.mjs (7.86 kB) (2.54 kB gzip)
  ├─ ../../../../../../../var/folders/z9/99ckxr957v901zwwc8jdk8640000gn/T/wordweave-cr010-build-cUwfZS/.output/server/chunks/_/pages-Ck2GS1nP.mjs.map (6.47 kB) (1.52 kB gzip)
  ├─ ../../../../../../../var/folders/z9/99ckxr957v901zwwc8jdk8640000gn/T/wordweave-cr010-build-cUwfZS/.output/server/chunks/_/plans-BPAq5khR.mjs (19.9 kB) (4.41 kB gzip)
  ├─ ../../../../../../../var/folders/z9/99ckxr957v901zwwc8jdk8640000gn/T/wordweave-cr010-build-cUwfZS/.output/server/chunks/_/plans-BPAq5khR.mjs.map (20.2 kB) (3.83 kB gzip)
  ├─ ../../../../../../../var/folders/z9/99ckxr957v901zwwc8jdk8640000gn/T/wordweave-cr010-build-cUwfZS/.output/server/chunks/_/presets-DXGnAeNW.mjs (29.6 kB) (6.37 kB gzip)
  ├─ ../../../../../../../var/folders/z9/99ckxr957v901zwwc8jdk8640000gn/T/wordweave-cr010-build-cUwfZS/.output/server/chunks/_/presets-DXGnAeNW.mjs.map (31.8 kB) (5.71 kB gzip)
  ├─ ../../../../../../../var/folders/z9/99ckxr957v901zwwc8jdk8640000gn/T/wordweave-cr010-build-cUwfZS/.output/server/chunks/_/presets-haO-W0HG.mjs (2.57 kB) (799 B gzip)
  ├─ ../../../../../../../var/folders/z9/99ckxr957v901zwwc8jdk8640000gn/T/wordweave-cr010-build-cUwfZS/.output/server/chunks/_/presets-haO-W0HG.mjs.map (2.99 kB) (816 B gzip)
  ├─ ../../../../../../../var/folders/z9/99ckxr957v901zwwc8jdk8640000gn/T/wordweave-cr010-build-cUwfZS/.output/server/chunks/_/register--6c7BVmT.mjs (6.51 kB) (2.03 kB gzip)
  ├─ ../../../../../../../var/folders/z9/99ckxr957v901zwwc8jdk8640000gn/T/wordweave-cr010-build-cUwfZS/.output/server/chunks/_/register--6c7BVmT.mjs.map (5.05 kB) (1.31 kB gzip)
  ├─ ../../../../../../../var/folders/z9/99ckxr957v901zwwc8jdk8640000gn/T/wordweave-cr010-build-cUwfZS/.output/server/chunks/_/return-intent-CO5nbQnf.mjs (1.97 kB) (808 B gzip)
  ├─ ../../../../../../../var/folders/z9/99ckxr957v901zwwc8jdk8640000gn/T/wordweave-cr010-build-cUwfZS/.output/server/chunks/_/return-intent-CO5nbQnf.mjs.map (2.6 kB) (826 B gzip)
  ├─ ../../../../../../../var/folders/z9/99ckxr957v901zwwc8jdk8640000gn/T/wordweave-cr010-build-cUwfZS/.output/server/chunks/_/review-Den85hbD.mjs (28.9 kB) (6.61 kB gzip)
  ├─ ../../../../../../../var/folders/z9/99ckxr957v901zwwc8jdk8640000gn/T/wordweave-cr010-build-cUwfZS/.output/server/chunks/_/review-Den85hbD.mjs.map (29.7 kB) (5.61 kB gzip)
  ├─ ../../../../../../../var/folders/z9/99ckxr957v901zwwc8jdk8640000gn/T/wordweave-cr010-build-cUwfZS/.output/server/chunks/_/use-design-copy-C27vTo7e.mjs (416 B) (294 B gzip)
  ├─ ../../../../../../../var/folders/z9/99ckxr957v901zwwc8jdk8640000gn/T/wordweave-cr010-build-cUwfZS/.output/server/chunks/_/use-design-copy-C27vTo7e.mjs.map (591 B) (353 B gzip)
  ├─ ../../../../../../../var/folders/z9/99ckxr957v901zwwc8jdk8640000gn/T/wordweave-cr010-build-cUwfZS/.output/server/chunks/_/use-display-formatters-CT6_rKNu.mjs (1.5 kB) (640 B gzip)
  ├─ ../../../../../../../var/folders/z9/99ckxr957v901zwwc8jdk8640000gn/T/wordweave-cr010-build-cUwfZS/.output/server/chunks/_/use-display-formatters-CT6_rKNu.mjs.map (1.79 kB) (606 B gzip)
  ├─ ../../../../../../../var/folders/z9/99ckxr957v901zwwc8jdk8640000gn/T/wordweave-cr010-build-cUwfZS/.output/server/chunks/_/use-localized-head-BayQuIUR.mjs (270 B) (215 B gzip)
  ├─ ../../../../../../../var/folders/z9/99ckxr957v901zwwc8jdk8640000gn/T/wordweave-cr010-build-cUwfZS/.output/server/chunks/_/use-localized-head-BayQuIUR.mjs.map (426 B) (288 B gzip)
  ├─ ../../../../../../../var/folders/z9/99ckxr957v901zwwc8jdk8640000gn/T/wordweave-cr010-build-cUwfZS/.output/server/chunks/_/users-Dxt_wJoG.mjs (10.6 kB) (3.27 kB gzip)
  ├─ ../../../../../../../var/folders/z9/99ckxr957v901zwwc8jdk8640000gn/T/wordweave-cr010-build-cUwfZS/.output/server/chunks/_/users-Dxt_wJoG.mjs.map (9.74 kB) (2.49 kB gzip)
  ├─ ../../../../../../../var/folders/z9/99ckxr957v901zwwc8jdk8640000gn/T/wordweave-cr010-build-cUwfZS/.output/server/chunks/nitro/nitro.mjs (218 kB) (54.8 kB gzip)
  ├─ ../../../../../../../var/folders/z9/99ckxr957v901zwwc8jdk8640000gn/T/wordweave-cr010-build-cUwfZS/.output/server/chunks/nitro/nitro.mjs.map (17.2 kB) (1.55 kB gzip)
  ├─ ../../../../../../../var/folders/z9/99ckxr957v901zwwc8jdk8640000gn/T/wordweave-cr010-build-cUwfZS/.output/server/chunks/raw/0286ed24.mjs (50.1 kB) (14.9 kB gzip)
  ├─ ../../../../../../../var/folders/z9/99ckxr957v901zwwc8jdk8640000gn/T/wordweave-cr010-build-cUwfZS/.output/server/chunks/raw/0286ed24.mjs.map (76 B) (89 B gzip)
  ├─ ../../../../../../../var/folders/z9/99ckxr957v901zwwc8jdk8640000gn/T/wordweave-cr010-build-cUwfZS/.output/server/chunks/raw/c75dadbf.mjs (49.1 kB) (16.5 kB gzip)
  ├─ ../../../../../../../var/folders/z9/99ckxr957v901zwwc8jdk8640000gn/T/wordweave-cr010-build-cUwfZS/.output/server/chunks/raw/c75dadbf.mjs.map (76 B) (89 B gzip)
  ├─ ../../../../../../../var/folders/z9/99ckxr957v901zwwc8jdk8640000gn/T/wordweave-cr010-build-cUwfZS/.output/server/chunks/routes/renderer.mjs (15.4 kB) (5.35 kB gzip)
  ├─ ../../../../../../../var/folders/z9/99ckxr957v901zwwc8jdk8640000gn/T/wordweave-cr010-build-cUwfZS/.output/server/chunks/routes/renderer.mjs.map (3.24 kB) (489 B gzip)
  ├─ ../../../../../../../var/folders/z9/99ckxr957v901zwwc8jdk8640000gn/T/wordweave-cr010-build-cUwfZS/.output/server/chunks/virtual/_virtual_spa-template.mjs (94 B) (100 B gzip)
  ├─ ../../../../../../../var/folders/z9/99ckxr957v901zwwc8jdk8640000gn/T/wordweave-cr010-build-cUwfZS/.output/server/chunks/virtual/_virtual_spa-template.mjs.map (88 B) (97 B gzip)
  ├─ ../../../../../../../var/folders/z9/99ckxr957v901zwwc8jdk8640000gn/T/wordweave-cr010-build-cUwfZS/.output/server/chunks/virtual/entry.mjs (463 kB) (107 kB gzip)
  ├─ ../../../../../../../var/folders/z9/99ckxr957v901zwwc8jdk8640000gn/T/wordweave-cr010-build-cUwfZS/.output/server/chunks/virtual/entry.mjs.map (2.49 kB) (737 B gzip)
  ├─ ../../../../../../../var/folders/z9/99ckxr957v901zwwc8jdk8640000gn/T/wordweave-cr010-build-cUwfZS/.output/server/chunks/virtual/precomputed.mjs (51.9 kB) (4.07 kB gzip)
  ├─ ../../../../../../../var/folders/z9/99ckxr957v901zwwc8jdk8640000gn/T/wordweave-cr010-build-cUwfZS/.output/server/chunks/virtual/precomputed.mjs.map (43.5 kB) (1.39 kB gzip)
  ├─ ../../../../../../../var/folders/z9/99ckxr957v901zwwc8jdk8640000gn/T/wordweave-cr010-build-cUwfZS/.output/server/chunks/virtual/styles.mjs (786 B) (355 B gzip)
  ├─ ../../../../../../../var/folders/z9/99ckxr957v901zwwc8jdk8640000gn/T/wordweave-cr010-build-cUwfZS/.output/server/chunks/virtual/styles.mjs.map (498 B) (275 B gzip)
  ├─ ../../../../../../../var/folders/z9/99ckxr957v901zwwc8jdk8640000gn/T/wordweave-cr010-build-cUwfZS/.output/server/index.mjs (374 B) (215 B gzip)
  └─ ../../../../../../../var/folders/z9/99ckxr957v901zwwc8jdk8640000gn/T/wordweave-cr010-build-cUwfZS/.output/server/package.json (1.27 kB) (497 B gzip)
Σ Total size: 5.23 MB (1.22 MB gzip)
[nitro] ✔ You can preview this build using node ../../../../../../../var/folders/z9/99ckxr957v901zwwc8jdk8640000gn/T/wordweave-cr010-build-cUwfZS/.output/server/index.mjs
