FE9-01 PASS
FE9-02 PASS
FE9-03 PASS
FE9-04 PASS
FE9-05 PASS
{
  "results": [
    {
      "id": "FE9-01",
      "name": "Later-page sole reference is auto-loaded and price-only save retains it",
      "result": "PASS"
    },
    {
      "id": "FE9-02",
      "name": "Actual modifier-click adds a visible model without dropping the later-page reference",
      "result": "PASS"
    },
    {
      "id": "FE9-03",
      "name": "Explicit removal persists and cannot newly add retired model on reopen or a new card",
      "result": "PASS"
    },
    {
      "id": "FE9-04",
      "name": "Failed reference page blocks incomplete selection/save, retains input and retries on mobile",
      "result": "PASS"
    },
    {
      "id": "FE9-05",
      "name": "Revision conflict loads newly referenced later-page retired models and waits for explicit retry",
      "result": "PASS"
    }
  ],
  "pageErrors": []
}
