ℹ Building client...
ℹ vite v8.2.2 building client environment for production...
transforming...
✓ 572 modules transformed.
rendering chunks...
computing gzip size...
ℹ ../../../../../../../var/folders/z9/99ckxr957v901zwwc8jdk8640000gn/T/wordweave-cr014-015-build-ErgiGY/.nuxt/dist/client/manifest.json                  24.25 kB │ gzip:  2.43 kB
../../../../../../../var/folders/z9/99ckxr957v901zwwc8jdk8640000gn/T/wordweave-cr014-015-build-ErgiGY/.nuxt/dist/client/_nuxt/analytics.SFhFgM4I.css    0.94 kB │ gzip:  0.34 kB
../../../../../../../var/folders/z9/99ckxr957v901zwwc8jdk8640000gn/T/wordweave-cr014-015-build-ErgiGY/.nuxt/dist/client/_nuxt/error-500.BCwb1ls_.css    1.90 kB │ gzip:  0.72 kB
../../../../../../../var/folders/z9/99ckxr957v901zwwc8jdk8640000gn/T/wordweave-cr014-015-build-ErgiGY/.nuxt/dist/client/_nuxt/error-404.DtX14caB.css    2.42 kB │ gzip:  0.85 kB
../../../../../../../var/folders/z9/99ckxr957v901zwwc8jdk8640000gn/T/wordweave-cr014-015-build-ErgiGY/.nuxt/dist/client/_nuxt/entry.Cs_0zkhe.css       64.67 kB │ gzip: 13.54 kB
../../../../../../../var/folders/z9/99ckxr957v901zwwc8jdk8640000gn/T/wordweave-cr014-015-build-ErgiGY/.nuxt/dist/client/_nuxt/CNs_Ozdc.js               0.02 kB │ gzip:  0.04 kB
../../../../../../../var/folders/z9/99ckxr957v901zwwc8jdk8640000gn/T/wordweave-cr014-015-build-ErgiGY/.nuxt/dist/client/_nuxt/BDNMzG2s.js               0.08 kB │ gzip:  0.09 kB
../../../../../../../var/folders/z9/99ckxr957v901zwwc8jdk8640000gn/T/wordweave-cr014-015-build-ErgiGY/.nuxt/dist/client/_nuxt/BDgPJ9R5.js               0.10 kB │ gzip:  0.10 kB
../../../../../../../var/folders/z9/99ckxr957v901zwwc8jdk8640000gn/T/wordweave-cr014-015-build-ErgiGY/.nuxt/dist/client/_nuxt/CVd6l7ad.js               0.11 kB │ gzip:  0.10 kB
../../../../../../../var/folders/z9/99ckxr957v901zwwc8jdk8640000gn/T/wordweave-cr014-015-build-ErgiGY/.nuxt/dist/client/_nuxt/36uOzkuD.js               0.13 kB │ gzip:  0.12 kB
../../../../../../../var/folders/z9/99ckxr957v901zwwc8jdk8640000gn/T/wordweave-cr014-015-build-ErgiGY/.nuxt/dist/client/_nuxt/CtLoWwMR.js               0.14 kB │ gzip:  0.13 kB
../../../../../../../var/folders/z9/99ckxr957v901zwwc8jdk8640000gn/T/wordweave-cr014-015-build-ErgiGY/.nuxt/dist/client/_nuxt/D7qRaRrx.js               0.23 kB │ gzip:  0.18 kB
../../../../../../../var/folders/z9/99ckxr957v901zwwc8jdk8640000gn/T/wordweave-cr014-015-build-ErgiGY/.nuxt/dist/client/_nuxt/BvP9HOPg.js               0.23 kB │ gzip:  0.19 kB
../../../../../../../var/folders/z9/99ckxr957v901zwwc8jdk8640000gn/T/wordweave-cr014-015-build-ErgiGY/.nuxt/dist/client/_nuxt/BcmnoBS-.js               0.23 kB │ gzip:  0.19 kB
../../../../../../../var/folders/z9/99ckxr957v901zwwc8jdk8640000gn/T/wordweave-cr014-015-build-ErgiGY/.nuxt/dist/client/_nuxt/nGQemrBA.js               0.23 kB │ gzip:  0.19 kB
../../../../../../../var/folders/z9/99ckxr957v901zwwc8jdk8640000gn/T/wordweave-cr014-015-build-ErgiGY/.nuxt/dist/client/_nuxt/v_ub8Vkm.js               0.25 kB │ gzip:  0.20 kB
../../../../../../../var/folders/z9/99ckxr957v901zwwc8jdk8640000gn/T/wordweave-cr014-015-build-ErgiGY/.nuxt/dist/client/_nuxt/BCV0MyGW.js               0.28 kB │ gzip:  0.21 kB
../../../../../../../var/folders/z9/99ckxr957v901zwwc8jdk8640000gn/T/wordweave-cr014-015-build-ErgiGY/.nuxt/dist/client/_nuxt/BVqgFJcH.js               0.38 kB │ gzip:  0.25 kB
../../../../../../../var/folders/z9/99ckxr957v901zwwc8jdk8640000gn/T/wordweave-cr014-015-build-ErgiGY/.nuxt/dist/client/_nuxt/WqizIAGF.js               0.61 kB │ gzip:  0.41 kB
../../../../../../../var/folders/z9/99ckxr957v901zwwc8jdk8640000gn/T/wordweave-cr014-015-build-ErgiGY/.nuxt/dist/client/_nuxt/DcViFzIV.js               0.68 kB │ gzip:  0.43 kB
../../../../../../../var/folders/z9/99ckxr957v901zwwc8jdk8640000gn/T/wordweave-cr014-015-build-ErgiGY/.nuxt/dist/client/_nuxt/C8orgTTV.js               0.71 kB │ gzip:  0.41 kB
../../../../../../../var/folders/z9/99ckxr957v901zwwc8jdk8640000gn/T/wordweave-cr014-015-build-ErgiGY/.nuxt/dist/client/_nuxt/DTkGnwhQ.js               0.88 kB │ gzip:  0.49 kB
../../../../../../../var/folders/z9/99ckxr957v901zwwc8jdk8640000gn/T/wordweave-cr014-015-build-ErgiGY/.nuxt/dist/client/_nuxt/DLGYIxbx.js               1.14 kB │ gzip:  0.48 kB
../../../../../../../var/folders/z9/99ckxr957v901zwwc8jdk8640000gn/T/wordweave-cr014-015-build-ErgiGY/.nuxt/dist/client/_nuxt/UJIc1-E9.js               1.23 kB │ gzip:  0.66 kB
../../../../../../../var/folders/z9/99ckxr957v901zwwc8jdk8640000gn/T/wordweave-cr014-015-build-ErgiGY/.nuxt/dist/client/_nuxt/BNHcy7Bg.js               1.31 kB │ gzip:  0.55 kB
../../../../../../../var/folders/z9/99ckxr957v901zwwc8jdk8640000gn/T/wordweave-cr014-015-build-ErgiGY/.nuxt/dist/client/_nuxt/C1gBL_7l.js               1.94 kB │ gzip:  0.90 kB
../../../../../../../var/folders/z9/99ckxr957v901zwwc8jdk8640000gn/T/wordweave-cr014-015-build-ErgiGY/.nuxt/dist/client/_nuxt/BCXVeM7W.js               2.03 kB │ gzip:  0.89 kB
../../../../../../../var/folders/z9/99ckxr957v901zwwc8jdk8640000gn/T/wordweave-cr014-015-build-ErgiGY/.nuxt/dist/client/_nuxt/DfV4Xzv0.js               2.08 kB │ gzip:  0.88 kB
../../../../../../../var/folders/z9/99ckxr957v901zwwc8jdk8640000gn/T/wordweave-cr014-015-build-ErgiGY/.nuxt/dist/client/_nuxt/tXNrxY6e.js               2.29 kB │ gzip:  1.09 kB
../../../../../../../var/folders/z9/99ckxr957v901zwwc8jdk8640000gn/T/wordweave-cr014-015-build-ErgiGY/.nuxt/dist/client/_nuxt/DYA2rhi9.js               2.32 kB │ gzip:  1.00 kB
../../../../../../../var/folders/z9/99ckxr957v901zwwc8jdk8640000gn/T/wordweave-cr014-015-build-ErgiGY/.nuxt/dist/client/_nuxt/DHYEBPKo.js               2.38 kB │ gzip:  1.14 kB
../../../../../../../var/folders/z9/99ckxr957v901zwwc8jdk8640000gn/T/wordweave-cr014-015-build-ErgiGY/.nuxt/dist/client/_nuxt/oc7UUt1H.js               2.41 kB │ gzip:  1.06 kB
../../../../../../../var/folders/z9/99ckxr957v901zwwc8jdk8640000gn/T/wordweave-cr014-015-build-ErgiGY/.nuxt/dist/client/_nuxt/D_qo59mv.js               2.77 kB │ gzip:  1.20 kB
../../../../../../../var/folders/z9/99ckxr957v901zwwc8jdk8640000gn/T/wordweave-cr014-015-build-ErgiGY/.nuxt/dist/client/_nuxt/DXe2Km3G.js               3.40 kB │ gzip:  1.54 kB
../../../../../../../var/folders/z9/99ckxr957v901zwwc8jdk8640000gn/T/wordweave-cr014-015-build-ErgiGY/.nuxt/dist/client/_nuxt/BIByWpPt.js               3.45 kB │ gzip:  1.47 kB
../../../../../../../var/folders/z9/99ckxr957v901zwwc8jdk8640000gn/T/wordweave-cr014-015-build-ErgiGY/.nuxt/dist/client/_nuxt/BfSiVOix.js               3.53 kB │ gzip:  1.58 kB
../../../../../../../var/folders/z9/99ckxr957v901zwwc8jdk8640000gn/T/wordweave-cr014-015-build-ErgiGY/.nuxt/dist/client/_nuxt/C4zOlG7N.js               3.72 kB │ gzip:  1.69 kB
../../../../../../../var/folders/z9/99ckxr957v901zwwc8jdk8640000gn/T/wordweave-cr014-015-build-ErgiGY/.nuxt/dist/client/_nuxt/DN5ARCKS.js               4.04 kB │ gzip:  1.69 kB
../../../../../../../var/folders/z9/99ckxr957v901zwwc8jdk8640000gn/T/wordweave-cr014-015-build-ErgiGY/.nuxt/dist/client/_nuxt/idIgFrSc.js               4.45 kB │ gzip:  1.80 kB
../../../../../../../var/folders/z9/99ckxr957v901zwwc8jdk8640000gn/T/wordweave-cr014-015-build-ErgiGY/.nuxt/dist/client/_nuxt/CNS5u8Sq.js               5.14 kB │ gzip:  1.67 kB
../../../../../../../var/folders/z9/99ckxr957v901zwwc8jdk8640000gn/T/wordweave-cr014-015-build-ErgiGY/.nuxt/dist/client/_nuxt/Bj-ROn-Q.js               5.78 kB │ gzip:  2.36 kB
../../../../../../../var/folders/z9/99ckxr957v901zwwc8jdk8640000gn/T/wordweave-cr014-015-build-ErgiGY/.nuxt/dist/client/_nuxt/BwbJUs3N.js               6.11 kB │ gzip:  2.90 kB
../../../../../../../var/folders/z9/99ckxr957v901zwwc8jdk8640000gn/T/wordweave-cr014-015-build-ErgiGY/.nuxt/dist/client/_nuxt/BwH17m2x.js               6.34 kB │ gzip:  2.62 kB
../../../../../../../var/folders/z9/99ckxr957v901zwwc8jdk8640000gn/T/wordweave-cr014-015-build-ErgiGY/.nuxt/dist/client/_nuxt/CV8wmWsw.js               6.35 kB │ gzip:  2.81 kB
../../../../../../../var/folders/z9/99ckxr957v901zwwc8jdk8640000gn/T/wordweave-cr014-015-build-ErgiGY/.nuxt/dist/client/_nuxt/BOPYz72d.js               6.62 kB │ gzip:  2.13 kB
../../../../../../../var/folders/z9/99ckxr957v901zwwc8jdk8640000gn/T/wordweave-cr014-015-build-ErgiGY/.nuxt/dist/client/_nuxt/CXCw2V-i.js               7.14 kB │ gzip:  2.88 kB
../../../../../../../var/folders/z9/99ckxr957v901zwwc8jdk8640000gn/T/wordweave-cr014-015-build-ErgiGY/.nuxt/dist/client/_nuxt/-_nN97AQ.js               8.00 kB │ gzip:  3.07 kB
../../../../../../../var/folders/z9/99ckxr957v901zwwc8jdk8640000gn/T/wordweave-cr014-015-build-ErgiGY/.nuxt/dist/client/_nuxt/5SdfamW9.js               8.09 kB │ gzip:  3.09 kB
../../../../../../../var/folders/z9/99ckxr957v901zwwc8jdk8640000gn/T/wordweave-cr014-015-build-ErgiGY/.nuxt/dist/client/_nuxt/BTrhxus6.js               8.10 kB │ gzip:  2.35 kB
../../../../../../../var/folders/z9/99ckxr957v901zwwc8jdk8640000gn/T/wordweave-cr014-015-build-ErgiGY/.nuxt/dist/client/_nuxt/D4pVigV6.js               8.26 kB │ gzip:  2.99 kB
../../../../../../../var/folders/z9/99ckxr957v901zwwc8jdk8640000gn/T/wordweave-cr014-015-build-ErgiGY/.nuxt/dist/client/_nuxt/CLEvzZpw.js               9.03 kB │ gzip:  2.89 kB
../../../../../../../var/folders/z9/99ckxr957v901zwwc8jdk8640000gn/T/wordweave-cr014-015-build-ErgiGY/.nuxt/dist/client/_nuxt/Dau0-AeC.js               9.20 kB │ gzip:  3.01 kB
../../../../../../../var/folders/z9/99ckxr957v901zwwc8jdk8640000gn/T/wordweave-cr014-015-build-ErgiGY/.nuxt/dist/client/_nuxt/DeVAbjHr.js               9.27 kB │ gzip:  3.92 kB
../../../../../../../var/folders/z9/99ckxr957v901zwwc8jdk8640000gn/T/wordweave-cr014-015-build-ErgiGY/.nuxt/dist/client/_nuxt/DG9UqG7Z.js               9.74 kB │ gzip:  3.40 kB
../../../../../../../var/folders/z9/99ckxr957v901zwwc8jdk8640000gn/T/wordweave-cr014-015-build-ErgiGY/.nuxt/dist/client/_nuxt/BuRC9TEJ.js              11.63 kB │ gzip:  4.03 kB
../../../../../../../var/folders/z9/99ckxr957v901zwwc8jdk8640000gn/T/wordweave-cr014-015-build-ErgiGY/.nuxt/dist/client/_nuxt/CbvW0Ckb.js              12.72 kB │ gzip:  4.13 kB
../../../../../../../var/folders/z9/99ckxr957v901zwwc8jdk8640000gn/T/wordweave-cr014-015-build-ErgiGY/.nuxt/dist/client/_nuxt/DyUM36y0.js              13.46 kB │ gzip:  5.77 kB
../../../../../../../var/folders/z9/99ckxr957v901zwwc8jdk8640000gn/T/wordweave-cr014-015-build-ErgiGY/.nuxt/dist/client/_nuxt/B_7ejodq.js              13.67 kB │ gzip:  4.75 kB
../../../../../../../var/folders/z9/99ckxr957v901zwwc8jdk8640000gn/T/wordweave-cr014-015-build-ErgiGY/.nuxt/dist/client/_nuxt/CmbluwC9.js              16.57 kB │ gzip:  5.35 kB
../../../../../../../var/folders/z9/99ckxr957v901zwwc8jdk8640000gn/T/wordweave-cr014-015-build-ErgiGY/.nuxt/dist/client/_nuxt/BrADuwnk.js              16.83 kB │ gzip:  4.09 kB
../../../../../../../var/folders/z9/99ckxr957v901zwwc8jdk8640000gn/T/wordweave-cr014-015-build-ErgiGY/.nuxt/dist/client/_nuxt/CTQeMcJX.js              19.01 kB │ gzip:  5.99 kB
../../../../../../../var/folders/z9/99ckxr957v901zwwc8jdk8640000gn/T/wordweave-cr014-015-build-ErgiGY/.nuxt/dist/client/_nuxt/oZrM902T.js              22.65 kB │ gzip:  7.76 kB
../../../../../../../var/folders/z9/99ckxr957v901zwwc8jdk8640000gn/T/wordweave-cr014-015-build-ErgiGY/.nuxt/dist/client/_nuxt/BuGlldFk.js              23.10 kB │ gzip:  7.46 kB
../../../../../../../var/folders/z9/99ckxr957v901zwwc8jdk8640000gn/T/wordweave-cr014-015-build-ErgiGY/.nuxt/dist/client/_nuxt/0nPAoPiu.js              34.59 kB │ gzip:  9.71 kB
../../../../../../../var/folders/z9/99ckxr957v901zwwc8jdk8640000gn/T/wordweave-cr014-015-build-ErgiGY/.nuxt/dist/client/_nuxt/D-VbHypG.js              49.47 kB │ gzip: 17.06 kB
../../../../../../../var/folders/z9/99ckxr957v901zwwc8jdk8640000gn/T/wordweave-cr014-015-build-ErgiGY/.nuxt/dist/client/_nuxt/DyjLnLfz.js              87.22 kB │ gzip: 33.69 kB
../../../../../../../var/folders/z9/99ckxr957v901zwwc8jdk8640000gn/T/wordweave-cr014-015-build-ErgiGY/.nuxt/dist/client/_nuxt/BIp86Vh-.js             302.79 kB │ gzip: 93.28 kB

ℹ ✓ built in 4.24s

 WARN  [33m[PLUGIN_TIMINGS] [0mYour build spent 97% of 4.2s inside plugin hooks (4.1s).
Measured inside the callback, so queue time is excluded and time the callback itself awaited is not:
  - vite-plugin-checker buildEnd (58%, 2.4s, 1 call)
Those rows are 58% of the build; the rest of the 97% is below.
Not measurable — 2 hooks whose calls overlap, so elapsed time covers work other calls were doing. Profile with node --cpu-prof:
  - nuxt:ssr-styles:client resolveId (144 calls)
  - nuxt:resolve-bare-imports resolveId (29 calls)
See https://rolldown.rs/reference/InputOptions.checks#plugintimings for more details.


✔ Client built in 4268ms
ℹ Building server...
ℹ vite v8.2.2 building ssr environment for production...
transforming...
✓ 388 modules transformed.
rendering chunks...
ℹ ../../../../../../../var/folders/z9/99ckxr957v901zwwc8jdk8640000gn/T/wordweave-cr014-015-build-ErgiGY/.nuxt/dist/server/_nuxt/analytics-styles.COS2yGzo.mjs            0.08 kB
../../../../../../../var/folders/z9/99ckxr957v901zwwc8jdk8640000gn/T/wordweave-cr014-015-build-ErgiGY/.nuxt/dist/server/_nuxt/error-404-styles.UP1AHB9m.mjs            0.08 kB
../../../../../../../var/folders/z9/99ckxr957v901zwwc8jdk8640000gn/T/wordweave-cr014-015-build-ErgiGY/.nuxt/dist/server/_nuxt/error-500-styles.CvfOP9g8.mjs            0.08 kB
../../../../../../../var/folders/z9/99ckxr957v901zwwc8jdk8640000gn/T/wordweave-cr014-015-build-ErgiGY/.nuxt/dist/server/styles.mjs                                     0.72 kB
../../../../../../../var/folders/z9/99ckxr957v901zwwc8jdk8640000gn/T/wordweave-cr014-015-build-ErgiGY/.nuxt/dist/server/_nuxt/_plugin-vue_export-helper-BOaGB7Aw.js    0.26 kB
../../../../../../../var/folders/z9/99ckxr957v901zwwc8jdk8640000gn/T/wordweave-cr014-015-build-ErgiGY/.nuxt/dist/server/_nuxt/page-loader-JPF-RMuF.js                  0.29 kB │ map:     0.52 kB
../../../../../../../var/folders/z9/99ckxr957v901zwwc8jdk8640000gn/T/wordweave-cr014-015-build-ErgiGY/.nuxt/dist/server/_nuxt/feedback-CtYPkkGq.js                     0.31 kB │ map:     0.44 kB
../../../../../../../var/folders/z9/99ckxr957v901zwwc8jdk8640000gn/T/wordweave-cr014-015-build-ErgiGY/.nuxt/dist/server/_nuxt/use-localized-head-Bfq3AgDJ.js           0.35 kB │ map:     0.51 kB
../../../../../../../var/folders/z9/99ckxr957v901zwwc8jdk8640000gn/T/wordweave-cr014-015-build-ErgiGY/.nuxt/dist/server/_nuxt/pages-BafKeNM4.js                        0.36 kB │ map:     1.92 kB
../../../../../../../var/folders/z9/99ckxr957v901zwwc8jdk8640000gn/T/wordweave-cr014-015-build-ErgiGY/.nuxt/dist/server/_nuxt/private-state-BY0EksjV.js                0.43 kB │ map:     0.64 kB
../../../../../../../var/folders/z9/99ckxr957v901zwwc8jdk8640000gn/T/wordweave-cr014-015-build-ErgiGY/.nuxt/dist/server/_nuxt/use-design-copy-DAtFtba3.js              0.51 kB │ map:     0.84 kB
../../../../../../../var/folders/z9/99ckxr957v901zwwc8jdk8640000gn/T/wordweave-cr014-015-build-ErgiGY/.nuxt/dist/server/_nuxt/analytics-events-CAEq7fBS.js             0.57 kB │ map:     2.68 kB
../../../../../../../var/folders/z9/99ckxr957v901zwwc8jdk8640000gn/T/wordweave-cr014-015-build-ErgiGY/.nuxt/dist/server/_nuxt/admin-CbGtmg4Q.js                        0.59 kB │ map:     0.61 kB
../../../../../../../var/folders/z9/99ckxr957v901zwwc8jdk8640000gn/T/wordweave-cr014-015-build-ErgiGY/.nuxt/dist/server/_nuxt/learner-CtxOyMaH.js                      0.61 kB │ map:     0.70 kB
../../../../../../../var/folders/z9/99ckxr957v901zwwc8jdk8640000gn/T/wordweave-cr014-015-build-ErgiGY/.nuxt/dist/server/_nuxt/guest-HSQKrWv5.js                        0.65 kB │ map:     0.71 kB
../../../../../../../var/folders/z9/99ckxr957v901zwwc8jdk8640000gn/T/wordweave-cr014-015-build-ErgiGY/.nuxt/dist/server/_nuxt/items-CmP2Dlld.js                        1.21 kB │ map:     0.69 kB
../../../../../../../var/folders/z9/99ckxr957v901zwwc8jdk8640000gn/T/wordweave-cr014-015-build-ErgiGY/.nuxt/dist/server/_nuxt/create-DBzWo-62.js                       1.22 kB │ map:     0.65 kB
../../../../../../../var/folders/z9/99ckxr957v901zwwc8jdk8640000gn/T/wordweave-cr014-015-build-ErgiGY/.nuxt/dist/server/_nuxt/exchange-BQzezFgh.js                     1.28 kB │ map:     0.78 kB
../../../../../../../var/folders/z9/99ckxr957v901zwwc8jdk8640000gn/T/wordweave-cr014-015-build-ErgiGY/.nuxt/dist/server/_nuxt/analytics-styles-1.mjs-Cd-vY-BB.js       1.30 kB │ map:    13.60 kB
../../../../../../../var/folders/z9/99ckxr957v901zwwc8jdk8640000gn/T/wordweave-cr014-015-build-ErgiGY/.nuxt/dist/server/_nuxt/growth-drafts-g6NGAUre.js                1.37 kB │ map:     6.79 kB
../../../../../../../var/folders/z9/99ckxr957v901zwwc8jdk8640000gn/T/wordweave-cr014-015-build-ErgiGY/.nuxt/dist/server/_nuxt/BrandMark-Dfw0giN0.js                    1.40 kB │ map:     0.92 kB
../../../../../../../var/folders/z9/99ckxr957v901zwwc8jdk8640000gn/T/wordweave-cr014-015-build-ErgiGY/.nuxt/dist/server/_nuxt/use-display-formatters-6TT967_4.js       1.45 kB │ map:     2.69 kB
../../../../../../../var/folders/z9/99ckxr957v901zwwc8jdk8640000gn/T/wordweave-cr014-015-build-ErgiGY/.nuxt/dist/server/_nuxt/_presetId_-CDnU3xyj.js                   1.50 kB │ map:     1.05 kB
../../../../../../../var/folders/z9/99ckxr957v901zwwc8jdk8640000gn/T/wordweave-cr014-015-build-ErgiGY/.nuxt/dist/server/_nuxt/head-CZOzE4-B.js                         1.62 kB │ map:     4.51 kB
../../../../../../../var/folders/z9/99ckxr957v901zwwc8jdk8640000gn/T/wordweave-cr014-015-build-ErgiGY/.nuxt/dist/server/_nuxt/AppError-AIk1fG1k.js                     1.74 kB │ map:     1.68 kB
../../../../../../../var/folders/z9/99ckxr957v901zwwc8jdk8640000gn/T/wordweave-cr014-015-build-ErgiGY/.nuxt/dist/server/_nuxt/return-intent-CO5nbQnf.js                1.92 kB │ map:     4.46 kB
../../../../../../../var/folders/z9/99ckxr957v901zwwc8jdk8640000gn/T/wordweave-cr014-015-build-ErgiGY/.nuxt/dist/server/_nuxt/_batchId_-B6UXTCx3.js                    2.03 kB │ map:     2.54 kB
../../../../../../../var/folders/z9/99ckxr957v901zwwc8jdk8640000gn/T/wordweave-cr014-015-build-ErgiGY/.nuxt/dist/server/_nuxt/error-500-styles-1.mjs-BIY4rstB.js       2.44 kB │ map:     5.40 kB
../../../../../../../var/folders/z9/99ckxr957v901zwwc8jdk8640000gn/T/wordweave-cr014-015-build-ErgiGY/.nuxt/dist/server/_nuxt/presets-CFdjAaqi.js                      2.53 kB │ map:     4.58 kB
../../../../../../../var/folders/z9/99ckxr957v901zwwc8jdk8640000gn/T/wordweave-cr014-015-build-ErgiGY/.nuxt/dist/server/_nuxt/AppDialog-CAO1byXJ.js                    2.75 kB │ map:     4.49 kB
../../../../../../../var/folders/z9/99ckxr957v901zwwc8jdk8640000gn/T/wordweave-cr014-015-build-ErgiGY/.nuxt/dist/server/_nuxt/GenerationSettings--xPNoD1P.js           2.75 kB │ map:     3.83 kB
../../../../../../../var/folders/z9/99ckxr957v901zwwc8jdk8640000gn/T/wordweave-cr014-015-build-ErgiGY/.nuxt/dist/server/_nuxt/ssr-CxuF-Qz2.js                          2.94 kB │ map:     5.69 kB
../../../../../../../var/folders/z9/99ckxr957v901zwwc8jdk8640000gn/T/wordweave-cr014-015-build-ErgiGY/.nuxt/dist/server/_nuxt/error-404-styles-1.mjs-DwzLrrzA.js       2.97 kB │ map:     6.05 kB
../../../../../../../var/folders/z9/99ckxr957v901zwwc8jdk8640000gn/T/wordweave-cr014-015-build-ErgiGY/.nuxt/dist/server/_nuxt/AccountPage-Dnsc_h7Y.js                  3.14 kB │ map:     2.35 kB
../../../../../../../var/folders/z9/99ckxr957v901zwwc8jdk8640000gn/T/wordweave-cr014-015-build-ErgiGY/.nuxt/dist/server/_nuxt/analytics-DNjpAWMp.js                    3.76 kB │ map:     7.18 kB
../../../../../../../var/folders/z9/99ckxr957v901zwwc8jdk8640000gn/T/wordweave-cr014-015-build-ErgiGY/.nuxt/dist/server/_nuxt/AccountShell-BtlX_Nnq.js                 4.45 kB │ map:     6.98 kB
../../../../../../../var/folders/z9/99ckxr957v901zwwc8jdk8640000gn/T/wordweave-cr014-015-build-ErgiGY/.nuxt/dist/server/_nuxt/error-500-DX9GX4lK.js                    4.66 kB │ map:     5.73 kB
../../../../../../../var/folders/z9/99ckxr957v901zwwc8jdk8640000gn/T/wordweave-cr014-015-build-ErgiGY/.nuxt/dist/server/_nuxt/admin-dDis6R_Z.js                        4.87 kB │ map:     7.66 kB
../../../../../../../var/folders/z9/99ckxr957v901zwwc8jdk8640000gn/T/wordweave-cr014-015-build-ErgiGY/.nuxt/dist/server/_nuxt/error-404-BNBSPHbo.js                    5.36 kB │ map:     6.53 kB
../../../../../../../var/folders/z9/99ckxr957v901zwwc8jdk8640000gn/T/wordweave-cr014-015-build-ErgiGY/.nuxt/dist/server/_nuxt/login-ekKzmXa5.js                        5.53 kB │ map:    12.85 kB
../../../../../../../var/folders/z9/99ckxr957v901zwwc8jdk8640000gn/T/wordweave-cr014-015-build-ErgiGY/.nuxt/dist/server/_nuxt/admin-DnISqE_P.js                        5.63 kB │ map:     8.89 kB
../../../../../../../var/folders/z9/99ckxr957v901zwwc8jdk8640000gn/T/wordweave-cr014-015-build-ErgiGY/.nuxt/dist/server/_nuxt/register-CoYjHVhx.js                     6.12 kB │ map:    14.76 kB
../../../../../../../var/folders/z9/99ckxr957v901zwwc8jdk8640000gn/T/wordweave-cr014-015-build-ErgiGY/.nuxt/dist/server/_nuxt/learner-access-KB9vYT_S.js               6.60 kB │ map:     9.03 kB
../../../../../../../var/folders/z9/99ckxr957v901zwwc8jdk8640000gn/T/wordweave-cr014-015-build-ErgiGY/.nuxt/dist/server/_nuxt/pages-DE6tvDvw.js                        7.02 kB │ map:    13.03 kB
../../../../../../../var/folders/z9/99ckxr957v901zwwc8jdk8640000gn/T/wordweave-cr014-015-build-ErgiGY/.nuxt/dist/server/_nuxt/notices-DzEL50ZQ.js                      7.74 kB │ map:    12.85 kB
../../../../../../../var/folders/z9/99ckxr957v901zwwc8jdk8640000gn/T/wordweave-cr014-015-build-ErgiGY/.nuxt/dist/server/_nuxt/BatchParticipation-BRevmFZI.js           8.74 kB │ map:    16.24 kB
../../../../../../../var/folders/z9/99ckxr957v901zwwc8jdk8640000gn/T/wordweave-cr014-015-build-ErgiGY/.nuxt/dist/server/_nuxt/session-XGQWqz-F.js                      8.80 kB │ map:    21.73 kB
../../../../../../../var/folders/z9/99ckxr957v901zwwc8jdk8640000gn/T/wordweave-cr014-015-build-ErgiGY/.nuxt/dist/server/_nuxt/default-myUsjfSy.js                      8.82 kB │ map:    13.36 kB
../../../../../../../var/folders/z9/99ckxr957v901zwwc8jdk8640000gn/T/wordweave-cr014-015-build-ErgiGY/.nuxt/dist/server/_nuxt/error-r57E6AMU.js                        8.83 kB │ map:    23.41 kB
../../../../../../../var/folders/z9/99ckxr957v901zwwc8jdk8640000gn/T/wordweave-cr014-015-build-ErgiGY/.nuxt/dist/server/_nuxt/users-Y7pjMcIr.js                       10.24 kB │ map:    21.85 kB
../../../../../../../var/folders/z9/99ckxr957v901zwwc8jdk8640000gn/T/wordweave-cr014-015-build-ErgiGY/.nuxt/dist/server/_nuxt/explore-D_p_h9Zs.js                     12.70 kB │ map:    31.36 kB
../../../../../../../var/folders/z9/99ckxr957v901zwwc8jdk8640000gn/T/wordweave-cr014-015-build-ErgiGY/.nuxt/dist/server/_nuxt/notices-wNGOJkIt.js                     14.38 kB │ map:    34.24 kB
../../../../../../../var/folders/z9/99ckxr957v901zwwc8jdk8640000gn/T/wordweave-cr014-015-build-ErgiGY/.nuxt/dist/server/_nuxt/admin-CHEO8h8c.js                       14.91 kB │ map:    31.27 kB
../../../../../../../var/folders/z9/99ckxr957v901zwwc8jdk8640000gn/T/wordweave-cr014-015-build-ErgiGY/.nuxt/dist/server/_nuxt/nuxt-8FrKi-KO.js                        16.14 kB │ map:    40.70 kB
../../../../../../../var/folders/z9/99ckxr957v901zwwc8jdk8640000gn/T/wordweave-cr014-015-build-ErgiGY/.nuxt/dist/server/_nuxt/AppIcon-B7K2XjAS.js                     17.65 kB │ map:    49.77 kB
../../../../../../../var/folders/z9/99ckxr957v901zwwc8jdk8640000gn/T/wordweave-cr014-015-build-ErgiGY/.nuxt/dist/server/_nuxt/plans-rOwJByiQ.js                       18.10 kB │ map:    40.82 kB
../../../../../../../var/folders/z9/99ckxr957v901zwwc8jdk8640000gn/T/wordweave-cr014-015-build-ErgiGY/.nuxt/dist/server/_nuxt/_batchId_-C9ODysVj.js                   19.25 kB │ map:    25.98 kB
../../../../../../../var/folders/z9/99ckxr957v901zwwc8jdk8640000gn/T/wordweave-cr014-015-build-ErgiGY/.nuxt/dist/server/_nuxt/models-D2c14SYw.js                      21.00 kB │ map:    40.95 kB
../../../../../../../var/folders/z9/99ckxr957v901zwwc8jdk8640000gn/T/wordweave-cr014-015-build-ErgiGY/.nuxt/dist/server/_nuxt/devtools-CLRpXhL7-CYb7ggQw.js           21.27 kB │ map:    73.24 kB
../../../../../../../var/folders/z9/99ckxr957v901zwwc8jdk8640000gn/T/wordweave-cr014-015-build-ErgiGY/.nuxt/dist/server/_nuxt/analytics-CtPd0sIw.js                   24.12 kB │ map:    47.31 kB
../../../../../../../var/folders/z9/99ckxr957v901zwwc8jdk8640000gn/T/wordweave-cr014-015-build-ErgiGY/.nuxt/dist/server/_nuxt/library-BgW2zIhY.js                     25.06 kB │ map:    38.34 kB
../../../../../../../var/folders/z9/99ckxr957v901zwwc8jdk8640000gn/T/wordweave-cr014-015-build-ErgiGY/.nuxt/dist/server/_nuxt/presets-BG5RDihs.js                     26.30 kB │ map:    67.42 kB
../../../../../../../var/folders/z9/99ckxr957v901zwwc8jdk8640000gn/T/wordweave-cr014-015-build-ErgiGY/.nuxt/dist/server/_nuxt/growth-CnMZVTwe.js                      26.57 kB │ map:    42.76 kB
../../../../../../../var/folders/z9/99ckxr957v901zwwc8jdk8640000gn/T/wordweave-cr014-015-build-ErgiGY/.nuxt/dist/server/_nuxt/review-DDXIt6n8.js                      26.97 kB │ map:    49.97 kB
../../../../../../../var/folders/z9/99ckxr957v901zwwc8jdk8640000gn/T/wordweave-cr014-015-build-ErgiGY/.nuxt/dist/server/_nuxt/GenerationWorkspace-CmSK86UG.js         30.77 kB │ map:    83.87 kB
../../../../../../../var/folders/z9/99ckxr957v901zwwc8jdk8640000gn/T/wordweave-cr014-015-build-ErgiGY/.nuxt/dist/server/_nuxt/account-DkLP-l42.js                     31.03 kB │ map:    37.19 kB
../../../../../../../var/folders/z9/99ckxr957v901zwwc8jdk8640000gn/T/wordweave-cr014-015-build-ErgiGY/.nuxt/dist/server/_nuxt/ItemsWorkspace-C4-Ebhpk.js              42.79 kB │ map:    64.83 kB
../../../../../../../var/folders/z9/99ckxr957v901zwwc8jdk8640000gn/T/wordweave-cr014-015-build-ErgiGY/.nuxt/dist/server/_nuxt/_userId_-4fCZNIzZ.js                    44.52 kB │ map:    88.82 kB
../../../../../../../var/folders/z9/99ckxr957v901zwwc8jdk8640000gn/T/wordweave-cr014-015-build-ErgiGY/.nuxt/dist/server/_nuxt/_sessionId_-a8bd3F9H.js                 60.58 kB │ map:   111.55 kB
../../../../../../../var/folders/z9/99ckxr957v901zwwc8jdk8640000gn/T/wordweave-cr014-015-build-ErgiGY/.nuxt/dist/server/_nuxt/growth-BvBE69Jr.js                      67.87 kB │ map:   154.34 kB
../../../../../../../var/folders/z9/99ckxr957v901zwwc8jdk8640000gn/T/wordweave-cr014-015-build-ErgiGY/.nuxt/dist/server/server.mjs                                   422.11 kB │ map: 1,135.77 kB

ℹ ✓ built in 3.75s

 WARN  [33m[PLUGIN_TIMINGS] [0mYour build spent 97% of 3.7s inside plugin hooks (3.6s).
Measured inside the callback, so queue time is excluded and time the callback itself awaited is not:
  - vite-plugin-checker buildEnd (66%, 2.5s, 1 call)
Those rows are 66% of the build; the rest of the 97% is below.
Not measurable — 4 hooks whose calls overlap, so elapsed time covers work other calls were doing. Profile with node --cpu-prof:
  - nuxt:ssr-styles:ssr resolveId (142 calls)
  - nuxt:resolve-externals:external resolveId (43 calls)
  - nuxt:resolve-bare-imports resolveId (22 calls)
  … and 1 more
See https://rolldown.rs/reference/InputOptions.checks#plugintimings for more details.


✔ Server built in 3762ms
[nitro] ✔ Generated public ../../../../../../../var/folders/z9/99ckxr957v901zwwc8jdk8640000gn/T/wordweave-cr014-015-build-ErgiGY/.output/public
[nitro] ℹ Building Nuxt Nitro server (preset: node-server, compatibility date: 2026-09-01)
[plugin esbuild] ../../../../../../../private/var/folders/z9/99ckxr957v901zwwc8jdk8640000gn/T/wordweave-cr014-015-build-ErgiGY/.nuxt/dist/server/_nuxt/growth-CnMZVTwe.js: [esbuild] (../../../../../../../private/var/folders/z9/99ckxr957v901zwwc8jdk8640000gn/T/wordweave-cr014-015-build-ErgiGY/.nuxt/dist/server/_nuxt/growth-CnMZVTwe.js:182:18) Big integer literals are not available in the configured target environment ("es2019") and may crash at run-time
[plugin esbuild] ../../../../../../../private/var/folders/z9/99ckxr957v901zwwc8jdk8640000gn/T/wordweave-cr014-015-build-ErgiGY/.nuxt/dist/server/_nuxt/growth-CnMZVTwe.js: [esbuild] (../../../../../../../private/var/folders/z9/99ckxr957v901zwwc8jdk8640000gn/T/wordweave-cr014-015-build-ErgiGY/.nuxt/dist/server/_nuxt/growth-CnMZVTwe.js:182:68) Big integer literals are not available in the configured target environment ("es2019") and may crash at run-time
[plugin esbuild] ../../../../../../../private/var/folders/z9/99ckxr957v901zwwc8jdk8640000gn/T/wordweave-cr014-015-build-ErgiGY/.nuxt/dist/server/_nuxt/growth-drafts-g6NGAUre.js: [esbuild] (../../../../../../../private/var/folders/z9/99ckxr957v901zwwc8jdk8640000gn/T/wordweave-cr014-015-build-ErgiGY/.nuxt/dist/server/_nuxt/growth-drafts-g6NGAUre.js:2:82) Big integer literals are not available in the configured target environment ("es2019") and may crash at run-time
[nitro] ✔ Nuxt Nitro server built
  ├─ ../../../../../../../var/folders/z9/99ckxr957v901zwwc8jdk8640000gn/T/wordweave-cr014-015-build-ErgiGY/.output/server/chunks/_/_batchId_-B6UXTCx3.mjs (2.28 kB) (952 B gzip)
  ├─ ../../../../../../../var/folders/z9/99ckxr957v901zwwc8jdk8640000gn/T/wordweave-cr014-015-build-ErgiGY/.output/server/chunks/_/_batchId_-B6UXTCx3.mjs.map (1.58 kB) (651 B gzip)
  ├─ ../../../../../../../var/folders/z9/99ckxr957v901zwwc8jdk8640000gn/T/wordweave-cr014-015-build-ErgiGY/.output/server/chunks/_/_batchId_-C9ODysVj.mjs (21.7 kB) (4.54 kB gzip)
  ├─ ../../../../../../../var/folders/z9/99ckxr957v901zwwc8jdk8640000gn/T/wordweave-cr014-015-build-ErgiGY/.output/server/chunks/_/_batchId_-C9ODysVj.mjs.map (20.2 kB) (3.88 kB gzip)
  ├─ ../../../../../../../var/folders/z9/99ckxr957v901zwwc8jdk8640000gn/T/wordweave-cr014-015-build-ErgiGY/.output/server/chunks/_/_plugin-vue_export-helper-BOaGB7Aw.mjs (286 B) (206 B gzip)
  ├─ ../../../../../../../var/folders/z9/99ckxr957v901zwwc8jdk8640000gn/T/wordweave-cr014-015-build-ErgiGY/.output/server/chunks/_/_plugin-vue_export-helper-BOaGB7Aw.mjs.map (487 B) (314 B gzip)
  ├─ ../../../../../../../var/folders/z9/99ckxr957v901zwwc8jdk8640000gn/T/wordweave-cr014-015-build-ErgiGY/.output/server/chunks/_/_presetId_-CDnU3xyj.mjs (2.25 kB) (922 B gzip)
  ├─ ../../../../../../../var/folders/z9/99ckxr957v901zwwc8jdk8640000gn/T/wordweave-cr014-015-build-ErgiGY/.output/server/chunks/_/_presetId_-CDnU3xyj.mjs.map (1.1 kB) (515 B gzip)
  ├─ ../../../../../../../var/folders/z9/99ckxr957v901zwwc8jdk8640000gn/T/wordweave-cr014-015-build-ErgiGY/.output/server/chunks/_/_sessionId_-a8bd3F9H.mjs (68.9 kB) (12.9 kB gzip)
  ├─ ../../../../../../../var/folders/z9/99ckxr957v901zwwc8jdk8640000gn/T/wordweave-cr014-015-build-ErgiGY/.output/server/chunks/_/_sessionId_-a8bd3F9H.mjs.map (73.4 kB) (11.9 kB gzip)
  ├─ ../../../../../../../var/folders/z9/99ckxr957v901zwwc8jdk8640000gn/T/wordweave-cr014-015-build-ErgiGY/.output/server/chunks/_/_userId_-4fCZNIzZ.mjs (48.4 kB) (9.75 kB gzip)
  ├─ ../../../../../../../var/folders/z9/99ckxr957v901zwwc8jdk8640000gn/T/wordweave-cr014-015-build-ErgiGY/.output/server/chunks/_/_userId_-4fCZNIzZ.mjs.map (52 kB) (8.71 kB gzip)
  ├─ ../../../../../../../var/folders/z9/99ckxr957v901zwwc8jdk8640000gn/T/wordweave-cr014-015-build-ErgiGY/.output/server/chunks/_/account-DkLP-l42.mjs (34.8 kB) (4.53 kB gzip)
  ├─ ../../../../../../../var/folders/z9/99ckxr957v901zwwc8jdk8640000gn/T/wordweave-cr014-015-build-ErgiGY/.output/server/chunks/_/account-DkLP-l42.mjs.map (32 kB) (4.08 kB gzip)
  ├─ ../../../../../../../var/folders/z9/99ckxr957v901zwwc8jdk8640000gn/T/wordweave-cr014-015-build-ErgiGY/.output/server/chunks/_/AccountPage-Dnsc_h7Y.mjs (3.14 kB) (1.01 kB gzip)
  ├─ ../../../../../../../var/folders/z9/99ckxr957v901zwwc8jdk8640000gn/T/wordweave-cr014-015-build-ErgiGY/.output/server/chunks/_/AccountPage-Dnsc_h7Y.mjs.map (2.7 kB) (886 B gzip)
  ├─ ../../../../../../../var/folders/z9/99ckxr957v901zwwc8jdk8640000gn/T/wordweave-cr014-015-build-ErgiGY/.output/server/chunks/_/AccountShell-BtlX_Nnq.mjs (4.65 kB) (1.48 kB gzip)
  ├─ ../../../../../../../var/folders/z9/99ckxr957v901zwwc8jdk8640000gn/T/wordweave-cr014-015-build-ErgiGY/.output/server/chunks/_/AccountShell-BtlX_Nnq.mjs.map (4.12 kB) (1.19 kB gzip)
  ├─ ../../../../../../../var/folders/z9/99ckxr957v901zwwc8jdk8640000gn/T/wordweave-cr014-015-build-ErgiGY/.output/server/chunks/_/admin-CbGtmg4Q.mjs (1.03 kB) (471 B gzip)
  ├─ ../../../../../../../var/folders/z9/99ckxr957v901zwwc8jdk8640000gn/T/wordweave-cr014-015-build-ErgiGY/.output/server/chunks/_/admin-CbGtmg4Q.mjs.map (556 B) (334 B gzip)
  ├─ ../../../../../../../var/folders/z9/99ckxr957v901zwwc8jdk8640000gn/T/wordweave-cr014-015-build-ErgiGY/.output/server/chunks/_/admin-CHEO8h8c.mjs (16 kB) (3.19 kB gzip)
  ├─ ../../../../../../../var/folders/z9/99ckxr957v901zwwc8jdk8640000gn/T/wordweave-cr014-015-build-ErgiGY/.output/server/chunks/_/admin-CHEO8h8c.mjs.map (17.3 kB) (3.09 kB gzip)
  ├─ ../../../../../../../var/folders/z9/99ckxr957v901zwwc8jdk8640000gn/T/wordweave-cr014-015-build-ErgiGY/.output/server/chunks/_/admin-dDis6R_Z.mjs (5.6 kB) (1.81 kB gzip)
  ├─ ../../../../../../../var/folders/z9/99ckxr957v901zwwc8jdk8640000gn/T/wordweave-cr014-015-build-ErgiGY/.output/server/chunks/_/admin-dDis6R_Z.mjs.map (4.42 kB) (1.22 kB gzip)
  ├─ ../../../../../../../var/folders/z9/99ckxr957v901zwwc8jdk8640000gn/T/wordweave-cr014-015-build-ErgiGY/.output/server/chunks/_/admin-DnISqE_P.mjs (6.53 kB) (2.01 kB gzip)
  ├─ ../../../../../../../var/folders/z9/99ckxr957v901zwwc8jdk8640000gn/T/wordweave-cr014-015-build-ErgiGY/.output/server/chunks/_/admin-DnISqE_P.mjs.map (5.86 kB) (1.47 kB gzip)
  ├─ ../../../../../../../var/folders/z9/99ckxr957v901zwwc8jdk8640000gn/T/wordweave-cr014-015-build-ErgiGY/.output/server/chunks/_/analytics-CtPd0sIw.mjs (27.5 kB) (6.17 kB gzip)
  ├─ ../../../../../../../var/folders/z9/99ckxr957v901zwwc8jdk8640000gn/T/wordweave-cr014-015-build-ErgiGY/.output/server/chunks/_/analytics-CtPd0sIw.mjs.map (25.2 kB) (4.54 kB gzip)
  ├─ ../../../../../../../var/folders/z9/99ckxr957v901zwwc8jdk8640000gn/T/wordweave-cr014-015-build-ErgiGY/.output/server/chunks/_/analytics-DNjpAWMp.mjs (3.77 kB) (1.27 kB gzip)
  ├─ ../../../../../../../var/folders/z9/99ckxr957v901zwwc8jdk8640000gn/T/wordweave-cr014-015-build-ErgiGY/.output/server/chunks/_/analytics-DNjpAWMp.mjs.map (4.46 kB) (1.22 kB gzip)
  ├─ ../../../../../../../var/folders/z9/99ckxr957v901zwwc8jdk8640000gn/T/wordweave-cr014-015-build-ErgiGY/.output/server/chunks/_/analytics-events-CAEq7fBS.mjs (498 B) (313 B gzip)
  ├─ ../../../../../../../var/folders/z9/99ckxr957v901zwwc8jdk8640000gn/T/wordweave-cr014-015-build-ErgiGY/.output/server/chunks/_/analytics-events-CAEq7fBS.mjs.map (652 B) (372 B gzip)
  ├─ ../../../../../../../var/folders/z9/99ckxr957v901zwwc8jdk8640000gn/T/wordweave-cr014-015-build-ErgiGY/.output/server/chunks/_/analytics-styles.COS2yGzo.mjs (1.25 kB) (492 B gzip)
  ├─ ../../../../../../../var/folders/z9/99ckxr957v901zwwc8jdk8640000gn/T/wordweave-cr014-015-build-ErgiGY/.output/server/chunks/_/analytics-styles.COS2yGzo.mjs.map (512 B) (271 B gzip)
  ├─ ../../../../../../../var/folders/z9/99ckxr957v901zwwc8jdk8640000gn/T/wordweave-cr014-015-build-ErgiGY/.output/server/chunks/_/AppDialog-CAO1byXJ.mjs (2.74 kB) (1.08 kB gzip)
  ├─ ../../../../../../../var/folders/z9/99ckxr957v901zwwc8jdk8640000gn/T/wordweave-cr014-015-build-ErgiGY/.output/server/chunks/_/AppDialog-CAO1byXJ.mjs.map (2.66 kB) (920 B gzip)
  ├─ ../../../../../../../var/folders/z9/99ckxr957v901zwwc8jdk8640000gn/T/wordweave-cr014-015-build-ErgiGY/.output/server/chunks/_/AppError-AIk1fG1k.mjs (1.64 kB) (706 B gzip)
  ├─ ../../../../../../../var/folders/z9/99ckxr957v901zwwc8jdk8640000gn/T/wordweave-cr014-015-build-ErgiGY/.output/server/chunks/_/AppError-AIk1fG1k.mjs.map (1.52 kB) (625 B gzip)
  ├─ ../../../../../../../var/folders/z9/99ckxr957v901zwwc8jdk8640000gn/T/wordweave-cr014-015-build-ErgiGY/.output/server/chunks/_/AppIcon-B7K2XjAS.mjs (17.8 kB) (3.87 kB gzip)
  ├─ ../../../../../../../var/folders/z9/99ckxr957v901zwwc8jdk8640000gn/T/wordweave-cr014-015-build-ErgiGY/.output/server/chunks/_/AppIcon-B7K2XjAS.mjs.map (5.52 kB) (1.3 kB gzip)
  ├─ ../../../../../../../var/folders/z9/99ckxr957v901zwwc8jdk8640000gn/T/wordweave-cr014-015-build-ErgiGY/.output/server/chunks/_/BatchParticipation-BRevmFZI.mjs (8.91 kB) (2.1 kB gzip)
  ├─ ../../../../../../../var/folders/z9/99ckxr957v901zwwc8jdk8640000gn/T/wordweave-cr014-015-build-ErgiGY/.output/server/chunks/_/BatchParticipation-BRevmFZI.mjs.map (9.24 kB) (1.86 kB gzip)
  ├─ ../../../../../../../var/folders/z9/99ckxr957v901zwwc8jdk8640000gn/T/wordweave-cr014-015-build-ErgiGY/.output/server/chunks/_/BrandMark-Dfw0giN0.mjs (1.35 kB) (709 B gzip)
  ├─ ../../../../../../../var/folders/z9/99ckxr957v901zwwc8jdk8640000gn/T/wordweave-cr014-015-build-ErgiGY/.output/server/chunks/_/BrandMark-Dfw0giN0.mjs.map (944 B) (471 B gzip)
  ├─ ../../../../../../../var/folders/z9/99ckxr957v901zwwc8jdk8640000gn/T/wordweave-cr014-015-build-ErgiGY/.output/server/chunks/_/create-DBzWo-62.mjs (2.01 kB) (835 B gzip)
  ├─ ../../../../../../../var/folders/z9/99ckxr957v901zwwc8jdk8640000gn/T/wordweave-cr014-015-build-ErgiGY/.output/server/chunks/_/create-DBzWo-62.mjs.map (906 B) (456 B gzip)
  ├─ ../../../../../../../var/folders/z9/99ckxr957v901zwwc8jdk8640000gn/T/wordweave-cr014-015-build-ErgiGY/.output/server/chunks/_/default-myUsjfSy.mjs (9.97 kB) (2.46 kB gzip)
  ├─ ../../../../../../../var/folders/z9/99ckxr957v901zwwc8jdk8640000gn/T/wordweave-cr014-015-build-ErgiGY/.output/server/chunks/_/default-myUsjfSy.mjs.map (9.24 kB) (1.9 kB gzip)
  ├─ ../../../../../../../var/folders/z9/99ckxr957v901zwwc8jdk8640000gn/T/wordweave-cr014-015-build-ErgiGY/.output/server/chunks/_/error-404-BNBSPHbo.mjs (5.76 kB) (2.37 kB gzip)
  ├─ ../../../../../../../var/folders/z9/99ckxr957v901zwwc8jdk8640000gn/T/wordweave-cr014-015-build-ErgiGY/.output/server/chunks/_/error-404-BNBSPHbo.mjs.map (2.26 kB) (802 B gzip)
  ├─ ../../../../../../../var/folders/z9/99ckxr957v901zwwc8jdk8640000gn/T/wordweave-cr014-015-build-ErgiGY/.output/server/chunks/_/error-404-styles.UP1AHB9m.mjs (2.76 kB) (1 kB gzip)
  ├─ ../../../../../../../var/folders/z9/99ckxr957v901zwwc8jdk8640000gn/T/wordweave-cr014-015-build-ErgiGY/.output/server/chunks/_/error-404-styles.UP1AHB9m.mjs.map (512 B) (268 B gzip)
  ├─ ../../../../../../../var/folders/z9/99ckxr957v901zwwc8jdk8640000gn/T/wordweave-cr014-015-build-ErgiGY/.output/server/chunks/_/error-500-DX9GX4lK.mjs (5.05 kB) (2.12 kB gzip)
  ├─ ../../../../../../../var/folders/z9/99ckxr957v901zwwc8jdk8640000gn/T/wordweave-cr014-015-build-ErgiGY/.output/server/chunks/_/error-500-DX9GX4lK.mjs.map (1.76 kB) (644 B gzip)
  ├─ ../../../../../../../var/folders/z9/99ckxr957v901zwwc8jdk8640000gn/T/wordweave-cr014-015-build-ErgiGY/.output/server/chunks/_/error-500-styles.CvfOP9g8.mjs (2.23 kB) (877 B gzip)
  ├─ ../../../../../../../var/folders/z9/99ckxr957v901zwwc8jdk8640000gn/T/wordweave-cr014-015-build-ErgiGY/.output/server/chunks/_/error-500-styles.CvfOP9g8.mjs.map (512 B) (270 B gzip)
  ├─ ../../../../../../../var/folders/z9/99ckxr957v901zwwc8jdk8640000gn/T/wordweave-cr014-015-build-ErgiGY/.output/server/chunks/_/error-500.mjs (5.05 kB) (2.07 kB gzip)
  ├─ ../../../../../../../var/folders/z9/99ckxr957v901zwwc8jdk8640000gn/T/wordweave-cr014-015-build-ErgiGY/.output/server/chunks/_/error-500.mjs.map (366 B) (253 B gzip)
  ├─ ../../../../../../../var/folders/z9/99ckxr957v901zwwc8jdk8640000gn/T/wordweave-cr014-015-build-ErgiGY/.output/server/chunks/_/exchange-BQzezFgh.mjs (1.98 kB) (827 B gzip)
  ├─ ../../../../../../../var/folders/z9/99ckxr957v901zwwc8jdk8640000gn/T/wordweave-cr014-015-build-ErgiGY/.output/server/chunks/_/exchange-BQzezFgh.mjs.map (923 B) (460 B gzip)
  ├─ ../../../../../../../var/folders/z9/99ckxr957v901zwwc8jdk8640000gn/T/wordweave-cr014-015-build-ErgiGY/.output/server/chunks/_/explore-D_p_h9Zs.mjs (13.8 kB) (3.96 kB gzip)
  ├─ ../../../../../../../var/folders/z9/99ckxr957v901zwwc8jdk8640000gn/T/wordweave-cr014-015-build-ErgiGY/.output/server/chunks/_/explore-D_p_h9Zs.mjs.map (13.5 kB) (3.03 kB gzip)
  ├─ ../../../../../../../var/folders/z9/99ckxr957v901zwwc8jdk8640000gn/T/wordweave-cr014-015-build-ErgiGY/.output/server/chunks/_/GenerationSettings--xPNoD1P.mjs (2.63 kB) (852 B gzip)
  ├─ ../../../../../../../var/folders/z9/99ckxr957v901zwwc8jdk8640000gn/T/wordweave-cr014-015-build-ErgiGY/.output/server/chunks/_/GenerationSettings--xPNoD1P.mjs.map (2.09 kB) (703 B gzip)
  ├─ ../../../../../../../var/folders/z9/99ckxr957v901zwwc8jdk8640000gn/T/wordweave-cr014-015-build-ErgiGY/.output/server/chunks/_/GenerationWorkspace-CmSK86UG.mjs (33.4 kB) (7 kB gzip)
  ├─ ../../../../../../../var/folders/z9/99ckxr957v901zwwc8jdk8640000gn/T/wordweave-cr014-015-build-ErgiGY/.output/server/chunks/_/GenerationWorkspace-CmSK86UG.mjs.map (34 kB) (6.33 kB gzip)
  ├─ ../../../../../../../var/folders/z9/99ckxr957v901zwwc8jdk8640000gn/T/wordweave-cr014-015-build-ErgiGY/.output/server/chunks/_/growth-BvBE69Jr.mjs (74.4 kB) (12.9 kB gzip)
  ├─ ../../../../../../../var/folders/z9/99ckxr957v901zwwc8jdk8640000gn/T/wordweave-cr014-015-build-ErgiGY/.output/server/chunks/_/growth-BvBE69Jr.mjs.map (80.5 kB) (12.4 kB gzip)
  ├─ ../../../../../../../var/folders/z9/99ckxr957v901zwwc8jdk8640000gn/T/wordweave-cr014-015-build-ErgiGY/.output/server/chunks/_/growth-CnMZVTwe.mjs (29.1 kB) (5.76 kB gzip)
  ├─ ../../../../../../../var/folders/z9/99ckxr957v901zwwc8jdk8640000gn/T/wordweave-cr014-015-build-ErgiGY/.output/server/chunks/_/growth-CnMZVTwe.mjs.map (28.4 kB) (5.04 kB gzip)
  ├─ ../../../../../../../var/folders/z9/99ckxr957v901zwwc8jdk8640000gn/T/wordweave-cr014-015-build-ErgiGY/.output/server/chunks/_/growth-drafts-g6NGAUre.mjs (1.47 kB) (707 B gzip)
  ├─ ../../../../../../../var/folders/z9/99ckxr957v901zwwc8jdk8640000gn/T/wordweave-cr014-015-build-ErgiGY/.output/server/chunks/_/growth-drafts-g6NGAUre.mjs.map (1.98 kB) (718 B gzip)
  ├─ ../../../../../../../var/folders/z9/99ckxr957v901zwwc8jdk8640000gn/T/wordweave-cr014-015-build-ErgiGY/.output/server/chunks/_/guest-HSQKrWv5.mjs (1.13 kB) (529 B gzip)
  ├─ ../../../../../../../var/folders/z9/99ckxr957v901zwwc8jdk8640000gn/T/wordweave-cr014-015-build-ErgiGY/.output/server/chunks/_/guest-HSQKrWv5.mjs.map (687 B) (375 B gzip)
  ├─ ../../../../../../../var/folders/z9/99ckxr957v901zwwc8jdk8640000gn/T/wordweave-cr014-015-build-ErgiGY/.output/server/chunks/_/items-CmP2Dlld.mjs (1.91 kB) (805 B gzip)
  ├─ ../../../../../../../var/folders/z9/99ckxr957v901zwwc8jdk8640000gn/T/wordweave-cr014-015-build-ErgiGY/.output/server/chunks/_/items-CmP2Dlld.mjs.map (871 B) (442 B gzip)
  ├─ ../../../../../../../var/folders/z9/99ckxr957v901zwwc8jdk8640000gn/T/wordweave-cr014-015-build-ErgiGY/.output/server/chunks/_/ItemsWorkspace-C4-Ebhpk.mjs (47.7 kB) (7.16 kB gzip)
  ├─ ../../../../../../../var/folders/z9/99ckxr957v901zwwc8jdk8640000gn/T/wordweave-cr014-015-build-ErgiGY/.output/server/chunks/_/ItemsWorkspace-C4-Ebhpk.mjs.map (50 kB) (7.28 kB gzip)
  ├─ ../../../../../../../var/folders/z9/99ckxr957v901zwwc8jdk8640000gn/T/wordweave-cr014-015-build-ErgiGY/.output/server/chunks/_/learner-access-KB9vYT_S.mjs (6.38 kB) (1.86 kB gzip)
  ├─ ../../../../../../../var/folders/z9/99ckxr957v901zwwc8jdk8640000gn/T/wordweave-cr014-015-build-ErgiGY/.output/server/chunks/_/learner-access-KB9vYT_S.mjs.map (6 kB) (1.57 kB gzip)
  ├─ ../../../../../../../var/folders/z9/99ckxr957v901zwwc8jdk8640000gn/T/wordweave-cr014-015-build-ErgiGY/.output/server/chunks/_/learner-CtxOyMaH.mjs (1.04 kB) (472 B gzip)
  ├─ ../../../../../../../var/folders/z9/99ckxr957v901zwwc8jdk8640000gn/T/wordweave-cr014-015-build-ErgiGY/.output/server/chunks/_/learner-CtxOyMaH.mjs.map (555 B) (335 B gzip)
  ├─ ../../../../../../../var/folders/z9/99ckxr957v901zwwc8jdk8640000gn/T/wordweave-cr014-015-build-ErgiGY/.output/server/chunks/_/library-BgW2zIhY.mjs (28 kB) (5.42 kB gzip)
  ├─ ../../../../../../../var/folders/z9/99ckxr957v901zwwc8jdk8640000gn/T/wordweave-cr014-015-build-ErgiGY/.output/server/chunks/_/library-BgW2zIhY.mjs.map (26.9 kB) (4.79 kB gzip)
  ├─ ../../../../../../../var/folders/z9/99ckxr957v901zwwc8jdk8640000gn/T/wordweave-cr014-015-build-ErgiGY/.output/server/chunks/_/login-ekKzmXa5.mjs (5.93 kB) (1.93 kB gzip)
  ├─ ../../../../../../../var/folders/z9/99ckxr957v901zwwc8jdk8640000gn/T/wordweave-cr014-015-build-ErgiGY/.output/server/chunks/_/login-ekKzmXa5.mjs.map (4.72 kB) (1.27 kB gzip)
  ├─ ../../../../../../../var/folders/z9/99ckxr957v901zwwc8jdk8640000gn/T/wordweave-cr014-015-build-ErgiGY/.output/server/chunks/_/models-D2c14SYw.mjs (22.9 kB) (4.52 kB gzip)
  ├─ ../../../../../../../var/folders/z9/99ckxr957v901zwwc8jdk8640000gn/T/wordweave-cr014-015-build-ErgiGY/.output/server/chunks/_/models-D2c14SYw.mjs.map (23.2 kB) (3.84 kB gzip)
  ├─ ../../../../../../../var/folders/z9/99ckxr957v901zwwc8jdk8640000gn/T/wordweave-cr014-015-build-ErgiGY/.output/server/chunks/_/notices-DzEL50ZQ.mjs (8.56 kB) (2.47 kB gzip)
  ├─ ../../../../../../../var/folders/z9/99ckxr957v901zwwc8jdk8640000gn/T/wordweave-cr014-015-build-ErgiGY/.output/server/chunks/_/notices-DzEL50ZQ.mjs.map (8.58 kB) (2.02 kB gzip)
  ├─ ../../../../../../../var/folders/z9/99ckxr957v901zwwc8jdk8640000gn/T/wordweave-cr014-015-build-ErgiGY/.output/server/chunks/_/notices-wNGOJkIt.mjs (15.5 kB) (3.94 kB gzip)
  ├─ ../../../../../../../var/folders/z9/99ckxr957v901zwwc8jdk8640000gn/T/wordweave-cr014-015-build-ErgiGY/.output/server/chunks/_/notices-wNGOJkIt.mjs.map (15.3 kB) (3.25 kB gzip)
  ├─ ../../../../../../../var/folders/z9/99ckxr957v901zwwc8jdk8640000gn/T/wordweave-cr014-015-build-ErgiGY/.output/server/chunks/_/page-loader-JPF-RMuF.mjs (248 B) (203 B gzip)
  ├─ ../../../../../../../var/folders/z9/99ckxr957v901zwwc8jdk8640000gn/T/wordweave-cr014-015-build-ErgiGY/.output/server/chunks/_/page-loader-JPF-RMuF.mjs.map (378 B) (274 B gzip)
  ├─ ../../../../../../../var/folders/z9/99ckxr957v901zwwc8jdk8640000gn/T/wordweave-cr014-015-build-ErgiGY/.output/server/chunks/_/pages-DE6tvDvw.mjs (7.86 kB) (2.54 kB gzip)
  ├─ ../../../../../../../var/folders/z9/99ckxr957v901zwwc8jdk8640000gn/T/wordweave-cr014-015-build-ErgiGY/.output/server/chunks/_/pages-DE6tvDvw.mjs.map (6.47 kB) (1.52 kB gzip)
  ├─ ../../../../../../../var/folders/z9/99ckxr957v901zwwc8jdk8640000gn/T/wordweave-cr014-015-build-ErgiGY/.output/server/chunks/_/plans-rOwJByiQ.mjs (19.9 kB) (4.41 kB gzip)
  ├─ ../../../../../../../var/folders/z9/99ckxr957v901zwwc8jdk8640000gn/T/wordweave-cr014-015-build-ErgiGY/.output/server/chunks/_/plans-rOwJByiQ.mjs.map (20.2 kB) (3.84 kB gzip)
  ├─ ../../../../../../../var/folders/z9/99ckxr957v901zwwc8jdk8640000gn/T/wordweave-cr014-015-build-ErgiGY/.output/server/chunks/_/presets-BG5RDihs.mjs (29.6 kB) (6.37 kB gzip)
  ├─ ../../../../../../../var/folders/z9/99ckxr957v901zwwc8jdk8640000gn/T/wordweave-cr014-015-build-ErgiGY/.output/server/chunks/_/presets-BG5RDihs.mjs.map (31.8 kB) (5.72 kB gzip)
  ├─ ../../../../../../../var/folders/z9/99ckxr957v901zwwc8jdk8640000gn/T/wordweave-cr014-015-build-ErgiGY/.output/server/chunks/_/presets-CFdjAaqi.mjs (2.57 kB) (795 B gzip)
  ├─ ../../../../../../../var/folders/z9/99ckxr957v901zwwc8jdk8640000gn/T/wordweave-cr014-015-build-ErgiGY/.output/server/chunks/_/presets-CFdjAaqi.mjs.map (3 kB) (819 B gzip)
  ├─ ../../../../../../../var/folders/z9/99ckxr957v901zwwc8jdk8640000gn/T/wordweave-cr014-015-build-ErgiGY/.output/server/chunks/_/register-CoYjHVhx.mjs (6.51 kB) (2.03 kB gzip)
  ├─ ../../../../../../../var/folders/z9/99ckxr957v901zwwc8jdk8640000gn/T/wordweave-cr014-015-build-ErgiGY/.output/server/chunks/_/register-CoYjHVhx.mjs.map (5.05 kB) (1.31 kB gzip)
  ├─ ../../../../../../../var/folders/z9/99ckxr957v901zwwc8jdk8640000gn/T/wordweave-cr014-015-build-ErgiGY/.output/server/chunks/_/return-intent-CO5nbQnf.mjs (1.97 kB) (808 B gzip)
  ├─ ../../../../../../../var/folders/z9/99ckxr957v901zwwc8jdk8640000gn/T/wordweave-cr014-015-build-ErgiGY/.output/server/chunks/_/return-intent-CO5nbQnf.mjs.map (2.6 kB) (830 B gzip)
  ├─ ../../../../../../../var/folders/z9/99ckxr957v901zwwc8jdk8640000gn/T/wordweave-cr014-015-build-ErgiGY/.output/server/chunks/_/review-DDXIt6n8.mjs (28.9 kB) (6.61 kB gzip)
  ├─ ../../../../../../../var/folders/z9/99ckxr957v901zwwc8jdk8640000gn/T/wordweave-cr014-015-build-ErgiGY/.output/server/chunks/_/review-DDXIt6n8.mjs.map (29.7 kB) (5.61 kB gzip)
  ├─ ../../../../../../../var/folders/z9/99ckxr957v901zwwc8jdk8640000gn/T/wordweave-cr014-015-build-ErgiGY/.output/server/chunks/_/use-design-copy-DAtFtba3.mjs (416 B) (295 B gzip)
  ├─ ../../../../../../../var/folders/z9/99ckxr957v901zwwc8jdk8640000gn/T/wordweave-cr014-015-build-ErgiGY/.output/server/chunks/_/use-design-copy-DAtFtba3.mjs.map (595 B) (357 B gzip)
  ├─ ../../../../../../../var/folders/z9/99ckxr957v901zwwc8jdk8640000gn/T/wordweave-cr014-015-build-ErgiGY/.output/server/chunks/_/use-display-formatters-6TT967_4.mjs (1.5 kB) (641 B gzip)
  ├─ ../../../../../../../var/folders/z9/99ckxr957v901zwwc8jdk8640000gn/T/wordweave-cr014-015-build-ErgiGY/.output/server/chunks/_/use-display-formatters-6TT967_4.mjs.map (1.8 kB) (610 B gzip)
  ├─ ../../../../../../../var/folders/z9/99ckxr957v901zwwc8jdk8640000gn/T/wordweave-cr014-015-build-ErgiGY/.output/server/chunks/_/use-localized-head-Bfq3AgDJ.mjs (270 B) (217 B gzip)
  ├─ ../../../../../../../var/folders/z9/99ckxr957v901zwwc8jdk8640000gn/T/wordweave-cr014-015-build-ErgiGY/.output/server/chunks/_/use-localized-head-Bfq3AgDJ.mjs.map (430 B) (291 B gzip)
  ├─ ../../../../../../../var/folders/z9/99ckxr957v901zwwc8jdk8640000gn/T/wordweave-cr014-015-build-ErgiGY/.output/server/chunks/_/users-Y7pjMcIr.mjs (10.6 kB) (3.27 kB gzip)
  ├─ ../../../../../../../var/folders/z9/99ckxr957v901zwwc8jdk8640000gn/T/wordweave-cr014-015-build-ErgiGY/.output/server/chunks/_/users-Y7pjMcIr.mjs.map (9.74 kB) (2.49 kB gzip)
  ├─ ../../../../../../../var/folders/z9/99ckxr957v901zwwc8jdk8640000gn/T/wordweave-cr014-015-build-ErgiGY/.output/server/chunks/nitro/nitro.mjs (219 kB) (54.9 kB gzip)
  ├─ ../../../../../../../var/folders/z9/99ckxr957v901zwwc8jdk8640000gn/T/wordweave-cr014-015-build-ErgiGY/.output/server/chunks/nitro/nitro.mjs.map (17.2 kB) (1.55 kB gzip)
  ├─ ../../../../../../../var/folders/z9/99ckxr957v901zwwc8jdk8640000gn/T/wordweave-cr014-015-build-ErgiGY/.output/server/chunks/raw/0286ed24.mjs (50.1 kB) (14.9 kB gzip)
  ├─ ../../../../../../../var/folders/z9/99ckxr957v901zwwc8jdk8640000gn/T/wordweave-cr014-015-build-ErgiGY/.output/server/chunks/raw/0286ed24.mjs.map (76 B) (89 B gzip)
  ├─ ../../../../../../../var/folders/z9/99ckxr957v901zwwc8jdk8640000gn/T/wordweave-cr014-015-build-ErgiGY/.output/server/chunks/raw/c75dadbf.mjs (49.1 kB) (16.5 kB gzip)
  ├─ ../../../../../../../var/folders/z9/99ckxr957v901zwwc8jdk8640000gn/T/wordweave-cr014-015-build-ErgiGY/.output/server/chunks/raw/c75dadbf.mjs.map (76 B) (89 B gzip)
  ├─ ../../../../../../../var/folders/z9/99ckxr957v901zwwc8jdk8640000gn/T/wordweave-cr014-015-build-ErgiGY/.output/server/chunks/routes/renderer.mjs (15.4 kB) (5.35 kB gzip)
  ├─ ../../../../../../../var/folders/z9/99ckxr957v901zwwc8jdk8640000gn/T/wordweave-cr014-015-build-ErgiGY/.output/server/chunks/routes/renderer.mjs.map (3.24 kB) (489 B gzip)
  ├─ ../../../../../../../var/folders/z9/99ckxr957v901zwwc8jdk8640000gn/T/wordweave-cr014-015-build-ErgiGY/.output/server/chunks/virtual/_virtual_spa-template.mjs (94 B) (100 B gzip)
  ├─ ../../../../../../../var/folders/z9/99ckxr957v901zwwc8jdk8640000gn/T/wordweave-cr014-015-build-ErgiGY/.output/server/chunks/virtual/_virtual_spa-template.mjs.map (88 B) (97 B gzip)
  ├─ ../../../../../../../var/folders/z9/99ckxr957v901zwwc8jdk8640000gn/T/wordweave-cr014-015-build-ErgiGY/.output/server/chunks/virtual/entry.mjs (465 kB) (108 kB gzip)
  ├─ ../../../../../../../var/folders/z9/99ckxr957v901zwwc8jdk8640000gn/T/wordweave-cr014-015-build-ErgiGY/.output/server/chunks/virtual/entry.mjs.map (2.59 kB) (708 B gzip)
  ├─ ../../../../../../../var/folders/z9/99ckxr957v901zwwc8jdk8640000gn/T/wordweave-cr014-015-build-ErgiGY/.output/server/chunks/virtual/precomputed.mjs (52.9 kB) (4.12 kB gzip)
  ├─ ../../../../../../../var/folders/z9/99ckxr957v901zwwc8jdk8640000gn/T/wordweave-cr014-015-build-ErgiGY/.output/server/chunks/virtual/precomputed.mjs.map (44.7 kB) (1.42 kB gzip)
  ├─ ../../../../../../../var/folders/z9/99ckxr957v901zwwc8jdk8640000gn/T/wordweave-cr014-015-build-ErgiGY/.output/server/chunks/virtual/styles.mjs (786 B) (355 B gzip)
  ├─ ../../../../../../../var/folders/z9/99ckxr957v901zwwc8jdk8640000gn/T/wordweave-cr014-015-build-ErgiGY/.output/server/chunks/virtual/styles.mjs.map (502 B) (278 B gzip)
  ├─ ../../../../../../../var/folders/z9/99ckxr957v901zwwc8jdk8640000gn/T/wordweave-cr014-015-build-ErgiGY/.output/server/index.mjs (374 B) (215 B gzip)
  └─ ../../../../../../../var/folders/z9/99ckxr957v901zwwc8jdk8640000gn/T/wordweave-cr014-015-build-ErgiGY/.output/server/package.json (1.27 kB) (497 B gzip)
Σ Total size: 5.25 MB (1.23 MB gzip)
[nitro] ✔ You can preview this build using node ../../../../../../../var/folders/z9/99ckxr957v901zwwc8jdk8640000gn/T/wordweave-cr014-015-build-ErgiGY/.output/server/index.mjs
