S09 PASS
S10 PASS
S11 PASS
S12 PASS
[
  {
    "id": "S09",
    "name": "Earned achievement and level rewards are not auto-paid; UI claims achievement then leaves upgrade reward pending",
    "result": "PASS"
  },
  {
    "id": "S10",
    "name": "User explicitly claims level reward; repeated achievement claim with a new key returns original receipt",
    "result": "PASS"
  },
  {
    "id": "S11",
    "name": "Unavailable reward blocks the entire award while preserving achievement and title",
    "result": "PASS"
  },
  {
    "id": "S12",
    "name": "Reconfigured valid but unlisted reward can be claimed whole; earned title remains unchanged",
    "result": "PASS"
  }
]
