{"time":"2026-09-28T14:47:25.285852+08:00","level":"INFO","msg":"server_build","provenance":"unavailable"}
{"time":"2026-09-28T14:47:25.65539+08:00","level":"INFO","msg":"http_request","request_id":"req_lcD-LpLfd_1YrhTcjcSDcg","method":"GET","route":"/health/ready","status":200,"duration_ms":0}
{"time":"2026-09-28T14:47:25.987767+08:00","level":"INFO","msg":"http_request","request_id":"req_PGRjifGWZZMS2UGLAiOudA","method":"GET","route":"/api/v1/bootstrap","status":200,"duration_ms":0}
{"time":"2026-09-28T14:47:26.390828+08:00","level":"INFO","msg":"http_request","request_id":"req_aUrXChJEC6B1v782LB1kkQ","method":"GET","route":"/api/v1/bootstrap","status":200,"duration_ms":1}
{"time":"2026-09-28T14:47:26.47989+08:00","level":"INFO","msg":"http_request","request_id":"req_k9R6sFVt6o3Cco0H5l-ISw","method":"POST","route":"/api/v1/auth/login","status":200,"duration_ms":84}
{"time":"2026-09-28T14:47:26.538174+08:00","level":"INFO","msg":"http_request","request_id":"req_6zAQ1TjYrvJEiNXd4NUL4Q","method":"GET","route":"/api/v1/bootstrap","status":200,"duration_ms":0}
{"time":"2026-09-28T14:47:26.541689+08:00","level":"INFO","msg":"http_request","request_id":"req_6eHfokB8XYoaUbCp9wilLQ","method":"GET","route":"/api/v1/me/account","status":200,"duration_ms":1}
{"time":"2026-09-28T14:47:26.549689+08:00","level":"INFO","msg":"http_request","request_id":"req_jrtv06zY3XxrMQiE5U6G0Q","method":"GET","route":"/api/v1/me/batches/{batch_id}","status":200,"duration_ms":3}
{"time":"2026-09-28T14:47:26.635318+08:00","level":"INFO","msg":"http_request","request_id":"req_Hr3yXXkcKpqYScrxyS27VA","method":"GET","route":"/api/v1/bootstrap","status":200,"duration_ms":0}
{"time":"2026-09-28T14:47:26.639906+08:00","level":"INFO","msg":"http_request","request_id":"req_cwcwQsd3nzl0uXQP2xlTAw","method":"POST","route":"/api/v1/analytics/events","status":204,"duration_ms":0}
{"time":"2026-09-28T14:47:26.770566+08:00","level":"INFO","msg":"http_request","request_id":"req_iKCxoIoamGmKJ81WUL5tBw","method":"GET","route":"/api/v1/bootstrap","status":200,"duration_ms":0}
{"time":"2026-09-28T14:47:26.785167+08:00","level":"INFO","msg":"http_request","request_id":"req_Orkb5e0B4ejHBeudvmC0bg","method":"GET","route":"/api/v1/me/batches/{batch_id}","status":200,"duration_ms":1}
{"time":"2026-09-28T14:47:31.861141+08:00","level":"INFO","msg":"http_request","request_id":"req_JuZ874SSoqJqp4VVAEX7ug","method":"GET","route":"/api/v1/bootstrap","status":200,"duration_ms":0}
{"time":"2026-09-28T14:47:31.863496+08:00","level":"INFO","msg":"http_request","request_id":"req_K7t5PwP5remQ04jA5-NK9Q","method":"GET","route":"/api/v1/me/account","status":200,"duration_ms":0}
{"time":"2026-09-28T14:47:31.867131+08:00","level":"INFO","msg":"http_request","request_id":"req_R2Y-HucLmVWbygdOHjYl5w","method":"GET","route":"/api/v1/me/batches/{batch_id}","status":200,"duration_ms":1}
{"time":"2026-09-28T14:47:31.904965+08:00","level":"INFO","msg":"http_request","request_id":"req_ak5Fbeh474Hd82jAQVV3aw","method":"GET","route":"/api/v1/bootstrap","status":200,"duration_ms":0}
{"time":"2026-09-28T14:47:31.929713+08:00","level":"INFO","msg":"http_request","request_id":"req_OtW7th_H4yruz6eDfHZQyA","method":"POST","route":"/api/v1/analytics/events","status":204,"duration_ms":0}
{"time":"2026-09-28T14:47:31.99789+08:00","level":"INFO","msg":"http_request","request_id":"req_IQcmDIDDGDMjod68ZoogUg","method":"GET","route":"/api/v1/bootstrap","status":200,"duration_ms":0}
{"time":"2026-09-28T14:47:32.05085+08:00","level":"INFO","msg":"http_request","request_id":"req_yFwIKHDAQX7CDx-xMLyclw","method":"GET","route":"/api/v1/bootstrap","status":200,"duration_ms":0}
{"time":"2026-09-28T14:47:32.052978+08:00","level":"INFO","msg":"http_request","request_id":"req_R40aoIOMBJePyuvyFeIF3Q","method":"PATCH","route":"/api/v1/me/batches/{batch_id}","status":401,"duration_ms":0}
