node:internal/modules/run_main:107
    triggerUncaughtException(
    ^

ExpectError: expect(locator).toHaveCount(expected) failed

Locator:  locator('.gallery-card')
Expected: 2
Received: 3
Timeout:  5000ms

Call log:
  - Expect "to.have.count" with timeout 5000ms
  - waiting for locator('.gallery-card')
    14 × locator resolved to 3 elements
       - unexpected value "3"

    at captureRawStack (/Users/xekinzhuo/Desktop/xekin_develop/ai-en-learning-development/ai-en-learning/frontend/node_modules/.pnpm/playwright-core@1.62.1/node_modules/playwright-core/lib/coreBundle.js:9681:17)
    at callMatcherAsStep (/Users/xekinzhuo/Desktop/xekin_develop/ai-en-learning-development/ai-en-learning/frontend/node_modules/.pnpm/playwright@1.62.1/node_modules/playwright/lib/matchers/expect.js:13310:57)
    at Object.toHaveCount (/Users/xekinzhuo/Desktop/xekin_develop/ai-en-learning-development/ai-en-learning/frontend/node_modules/.pnpm/playwright@1.62.1/node_modules/playwright/lib/matchers/expect.js:13300:23)
    at /Users/xekinzhuo/Desktop/xekin_develop/ai-en-learning-development/ai-en-learning/.planning/milestones/M002/implementation/evidence/gallery-meanings-fix/compare.mjs:32:45 {
  matcherResult: {
    actual: 3,
    expected: 2,
    message: 'expect(locator).toHaveCount(expected) failed\n' +
      '\n' +
      "Locator:  locator('.gallery-card')\n" +
      'Expected: 2\n' +
      'Received: 3\n' +
      'Timeout:  5000ms\n' +
      '\n' +
      'Call log:\n' +
      '  - Expect "to.have.count" with timeout 5000ms\n' +
      "  - waiting for locator('.gallery-card')\n" +
      '    14 × locator resolved to 3 elements\n' +
      '       - unexpected value "3"\n',
    name: 'toHaveCount',
    pass: false,
    log: [
      '  - Expect "to.have.count" with timeout 5000ms',
      "  - waiting for locator('.gallery-card')",
      '    14 × locator resolved to 3 elements',
      '       - unexpected value "3"'
    ],
    timeout: 5000,
    ariaSnapshot: undefined
  }
}

Node.js v24.21.0
