{"time":"2026-09-28T15:11:20.399819+08:00","level":"INFO","msg":"server_build","provenance":"unavailable"}
{"time":"2026-09-28T15:11:21.186526+08:00","level":"INFO","msg":"http_request","request_id":"req_HJyuGrfY9faJPe9vX6WRNA","method":"GET","route":"/health/ready","status":200,"duration_ms":0}
{"time":"2026-09-28T15:11:21.570073+08:00","level":"INFO","msg":"http_request","request_id":"req_A-vRpKUpMdccRUT3sAUiuQ","method":"GET","route":"/api/v1/bootstrap","status":200,"duration_ms":0}
{"time":"2026-09-28T15:11:22.247424+08:00","level":"INFO","msg":"http_request","request_id":"req_K1MV3IUgACK7TplgNMJ3wg","method":"GET","route":"/api/v1/bootstrap","status":200,"duration_ms":0}
{"time":"2026-09-28T15:11:22.335707+08:00","level":"INFO","msg":"http_request","request_id":"req_Btxl5cgD_ixwTHFsejwmSw","method":"POST","route":"/api/v1/auth/login","status":200,"duration_ms":82}
{"time":"2026-09-28T15:11:22.338789+08:00","level":"INFO","msg":"http_request","request_id":"req_vjnEF4qjaBt4CKw5YS9BAQ","method":"GET","route":"/api/v1/bootstrap","status":200,"duration_ms":0}
{"time":"2026-09-28T15:11:22.341336+08:00","level":"INFO","msg":"http_request","request_id":"req_yHmclh2GMKwmeq0EwPspFA","method":"PUT","route":"/api/v1/me/ui-locale","status":200,"duration_ms":1}
{"time":"2026-09-28T15:11:22.837679+08:00","level":"INFO","msg":"http_request","request_id":"req_q3gsA5zl9z6D-x_i5pWsDw","method":"GET","route":"/api/v1/bootstrap","status":200,"duration_ms":0}
{"time":"2026-09-28T15:11:22.842353+08:00","level":"INFO","msg":"http_request","request_id":"req_hLO7aWYUlSnCsz3Cs1ThxQ","method":"GET","route":"/api/v1/me/account","status":200,"duration_ms":2}
{"time":"2026-09-28T15:11:22.852629+08:00","level":"INFO","msg":"http_request","request_id":"req_KyMB2Hr4vxcsenlmeznv9g","method":"GET","route":"/api/v1/me/batches/{batch_id}","status":200,"duration_ms":5}
{"time":"2026-09-28T15:11:23.063172+08:00","level":"INFO","msg":"http_request","request_id":"req_OAaPbgva0043rX2Xp3xoIQ","method":"GET","route":"/api/v1/bootstrap","status":200,"duration_ms":0}
{"time":"2026-09-28T15:11:23.069893+08:00","level":"INFO","msg":"http_request","request_id":"req_qDwREWaxGkbra3GPnXsjzA","method":"POST","route":"/api/v1/analytics/events","status":204,"duration_ms":0}
{"time":"2026-09-28T15:11:23.111541+08:00","level":"INFO","msg":"http_request","request_id":"req_9hlepiclgSGkAGr83_2Jig","method":"GET","route":"/api/v1/bootstrap","status":200,"duration_ms":0}
{"time":"2026-09-28T15:11:23.188471+08:00","level":"INFO","msg":"http_request","request_id":"req_iQU94OmNUW3kgJX_0rJTbw","method":"POST","route":"/api/v1/auth/login","status":200,"duration_ms":74}
{"time":"2026-09-28T15:11:23.190955+08:00","level":"INFO","msg":"http_request","request_id":"req_9KazrLkqUS5kx3fe7Bb4Nw","method":"GET","route":"/api/v1/bootstrap","status":200,"duration_ms":0}
{"time":"2026-09-28T15:11:23.193578+08:00","level":"INFO","msg":"http_request","request_id":"req_WQS9SAoQ5mbXjE-oGQeGig","method":"PUT","route":"/api/v1/me/ui-locale","status":200,"duration_ms":1}
{"time":"2026-09-28T15:11:23.390009+08:00","level":"INFO","msg":"http_request","request_id":"req_e2d6wDd-0htJ6yGHt1QbJQ","method":"GET","route":"/api/v1/bootstrap","status":200,"duration_ms":0}
{"time":"2026-09-28T15:11:23.391965+08:00","level":"INFO","msg":"http_request","request_id":"req_KjVlJxlnJQaOBAtwxaHhNA","method":"GET","route":"/api/v1/me/account","status":200,"duration_ms":0}
{"time":"2026-09-28T15:11:23.398631+08:00","level":"INFO","msg":"http_request","request_id":"req_MYWtFBGXuKku9xWzC7IqVA","method":"GET","route":"/api/v1/me/batches/{batch_id}","status":200,"duration_ms":1}
{"time":"2026-09-28T15:11:23.508557+08:00","level":"INFO","msg":"http_request","request_id":"req_G9nr9hBwFmnVDVHaB4Kuxw","method":"GET","route":"/api/v1/bootstrap","status":200,"duration_ms":0}
{"time":"2026-09-28T15:11:23.514583+08:00","level":"INFO","msg":"http_request","request_id":"req_3wmCeQjZIzNwjo6DSki2gg","method":"POST","route":"/api/v1/analytics/events","status":204,"duration_ms":0}
