=== RUN   TestModelRetirementRefundUsesCurrentPointsAndSurvivesExpiry
--- PASS: TestModelRetirementRefundUsesCurrentPointsAndSurvivesExpiry (0.94s)
PASS
ok  	wordweave/internal/growth	2.286s
=== RUN   TestM002RetiredCardPriceEditingAndRefundHTTP
2026/09/21 10:48:27 INFO http_request request_id=req_LTeIywBW1Fwxg1iQVLs2RQ method=GET route=/api/v1/bootstrap status=200 duration_ms=1
2026/09/21 10:48:28 INFO http_request request_id=req_uex3dVuN3NncNTVkjEyDiA method=POST route=/api/v1/auth/login status=200 duration_ms=750
2026/09/21 10:48:28 INFO http_request request_id=req_M_S09MuWLyhv6aISKn0JDg method=GET route=/api/v1/bootstrap status=200 duration_ms=0
2026/09/21 10:48:28 INFO http_request request_id=req_j37NZfuGS-OHQ2PB5GAr-g method=GET route=/api/v1/bootstrap status=200 duration_ms=0
2026/09/21 10:48:29 INFO http_request request_id=req_7fFTMddHzVgb7iYTqb5M2Q method=POST route=/api/v1/auth/login status=200 duration_ms=757
2026/09/21 10:48:29 INFO http_request request_id=req_er2aDMYcuOVyY6CVsJZphw method=GET route=/api/v1/bootstrap status=200 duration_ms=0
2026/09/21 10:48:29 INFO http_request request_id=req_dDJRR9z1InvQCe2K3UztrQ method=POST route=/api/v1/admin/growth/items status=201 duration_ms=5
2026/09/21 10:48:29 INFO http_request request_id=req_x4JaLqM8HSpUnqgc1NjzFA method=PUT route=/api/v1/admin/growth/items/{item_id}/listing status=200 duration_ms=1
2026/09/21 10:48:29 INFO http_request request_id=req_XyjPL15zylZ63ywajem_3g method=POST route=/api/v1/shop/exchanges status=200 duration_ms=7
2026/09/21 10:48:29 INFO http_request request_id=req_Qrq2ypRoqYoXZ8QXF1_U6w method=POST route=/api/v1/me/items/{item_id}/activation-preview status=200 duration_ms=4
2026/09/21 10:48:29 INFO http_request request_id=req_7dy_i46EUp5UOEYEJRCPIw method=POST route=/api/v1/me/items/{item_id}/activate status=200 duration_ms=6
2026/09/21 10:48:29 INFO http_request request_id=req_holhN4v-QvqCkqXxYPxxcA method=GET route=/api/v1/admin/models/{model_id}/removal-impact status=200 duration_ms=2
2026/09/21 10:48:29 INFO http_request request_id=req_b6eFTESqhleJZiTLCYfPmg method=DELETE route=/api/v1/admin/models/{model_id} status=200 duration_ms=2
2026/09/21 10:48:29 INFO http_request request_id=req_tCLSAX9GGLHNdO7hBffXjg method=POST route=/api/v1/me/items/{item_id}/refund-preview status=200 duration_ms=2
2026/09/21 10:48:29 INFO http_request request_id=req_4rVrSqHY_esSKVBTke0ydQ method=POST route=/api/v1/me/items/{item_id}/refund-preview status=200 duration_ms=1
2026/09/21 10:48:29 INFO http_request request_id=req_0jQnru0zdafPrxd-dWciBA method=GET route=/api/v1/admin/growth/items/{item_id} status=200 duration_ms=0
2026/09/21 10:48:29 INFO http_request request_id=req_OYdNUzTrrupRE78ePckq8g method=PUT route=/api/v1/admin/growth/items/{item_id} status=200 duration_ms=3
2026/09/21 10:48:29 INFO http_request request_id=req_OU1xD-4N5EuKp69cvfyL0w method=PUT route=/api/v1/admin/growth/items/{item_id} status=409 duration_ms=1
2026/09/21 10:48:29 INFO http_request request_id=req_UPA76YvMsdTgq4HtpUajnw method=POST route=/api/v1/me/items/{item_id}/retirement-refund status=409 duration_ms=1
2026/09/21 10:48:29 INFO http_request request_id=req_64LoIFLTU87o26vgbJgm5A method=POST route=/api/v1/me/items/{item_id}/refund-preview status=200 duration_ms=1
2026/09/21 10:48:29 INFO http_request request_id=req_0YSe32nQKul8VyoK0XXbQA method=POST route=/api/v1/me/items/{item_id}/retirement-refund status=200 duration_ms=5
2026/09/21 10:48:29 INFO http_request request_id=req_-cQ5lhXmZCo6JhBy-mSvaQ method=POST route=/api/v1/me/items/{item_id}/retirement-refund status=200 duration_ms=2
2026/09/21 10:48:29 INFO http_request request_id=req_hXs2CS4Wh6o4HyCnRFR89Q method=PUT route=/api/v1/admin/growth/items/{item_id} status=200 duration_ms=3
2026/09/21 10:48:29 INFO http_request request_id=req_MIFYGmtJRRW6RFMJLbRQ6w method=POST route=/api/v1/me/items/{item_id}/retirement-refund status=200 duration_ms=2
2026/09/21 10:48:29 INFO http_request request_id=req_5ovZJMriUFKTL1AU0tiblg method=POST route=/api/v1/me/items/{item_id}/refund-preview status=200 duration_ms=1
2026/09/21 10:48:29 INFO http_request request_id=req_bvmwHnHfW77tiKNRa0hUEA method=POST route=/api/v1/me/items/{item_id}/retirement-refund status=200 duration_ms=4
2026/09/21 10:48:29 INFO http_request request_id=req_SOyM5Gk9s5kPOQ7XxdItYQ method=GET route=/api/v1/admin/models/{model_id}/removal-impact status=200 duration_ms=2
2026/09/21 10:48:29 INFO http_request request_id=req_k6-XVT9fsI4urug4AAOsXA method=DELETE route=/api/v1/admin/models/{model_id} status=200 duration_ms=3
2026/09/21 10:48:29 INFO http_request request_id=req_n5lOmAI0vxiXiSBzpFOOVw method=GET route=/api/v1/admin/growth/items/{item_id} status=200 duration_ms=1
=== RUN   TestM002RetiredCardPriceEditingAndRefundHTTP/new_definition_with_retired_model
2026/09/21 10:48:29 INFO http_request request_id=req_79DkgLpdn087v9_7gq9ASg method=POST route=/api/v1/admin/growth/items status=422 duration_ms=1
2026/09/21 10:48:29 INFO http_request request_id=req_jOhNd986t0C82wZCcPBrhA method=GET route=/api/v1/admin/growth/items/{item_id} status=200 duration_ms=0
=== RUN   TestM002RetiredCardPriceEditingAndRefundHTTP/another_retired_reference
2026/09/21 10:48:29 INFO http_request request_id=req_k5ntJsUllCoQq-pq7_J7YA method=PUT route=/api/v1/admin/growth/items/{item_id} status=422 duration_ms=1
2026/09/21 10:48:29 INFO http_request request_id=req_LgAPbS_O9rhwXS_wldl3og method=GET route=/api/v1/admin/growth/items/{item_id} status=200 duration_ms=0
=== RUN   TestM002RetiredCardPriceEditingAndRefundHTTP/unknown_reference
2026/09/21 10:48:29 INFO http_request request_id=req_gR8EmrxUYHUw2yuz5a61aA method=PUT route=/api/v1/admin/growth/items/{item_id} status=422 duration_ms=1
2026/09/21 10:48:29 INFO http_request request_id=req_nIQ0i2Nqpr2T1XfPBicd3g method=GET route=/api/v1/admin/growth/items/{item_id} status=200 duration_ms=0
=== RUN   TestM002RetiredCardPriceEditingAndRefundHTTP/duplicate_retained_reference
2026/09/21 10:48:29 INFO http_request request_id=req_OHS5BrhfA2iVpROGql85nw method=PUT route=/api/v1/admin/growth/items/{item_id} status=422 duration_ms=2
2026/09/21 10:48:29 INFO http_request request_id=req_ZLhh_22K1BcWajquC9fx9w method=GET route=/api/v1/admin/growth/items/{item_id} status=200 duration_ms=1
=== RUN   TestM002RetiredCardPriceEditingAndRefundHTTP/negative_retirement_points
2026/09/21 10:48:29 INFO http_request request_id=req_fYJIfp0f-OI1TTlhOy8K5w method=PUT route=/api/v1/admin/growth/items/{item_id} status=422 duration_ms=0
2026/09/21 10:48:29 INFO http_request request_id=req_E9QGMfSY7ysL7pPgXfWKJg method=GET route=/api/v1/admin/growth/items/{item_id} status=200 duration_ms=1
2026/09/21 10:48:29 INFO http_request request_id=req_AqpqVWgHCFKtXd1kEmVleQ method=POST route=/api/v1/admin/models status=201 duration_ms=1
2026/09/21 10:48:29 INFO http_request request_id=req_-Y2Pa0E6Dnsnz0FGi9He2A method=PUT route=/api/v1/admin/growth/items/{item_id} status=200 duration_ms=3
2026/09/21 10:48:29 INFO http_request request_id=req_Ozt90J9AMx5i7k8o0BxI9g method=PUT route=/api/v1/admin/growth/items/{item_id} status=422 duration_ms=1
--- PASS: TestM002RetiredCardPriceEditingAndRefundHTTP (6.24s)
    --- PASS: TestM002RetiredCardPriceEditingAndRefundHTTP/new_definition_with_retired_model (0.00s)
    --- PASS: TestM002RetiredCardPriceEditingAndRefundHTTP/another_retired_reference (0.00s)
    --- PASS: TestM002RetiredCardPriceEditingAndRefundHTTP/unknown_reference (0.00s)
    --- PASS: TestM002RetiredCardPriceEditingAndRefundHTTP/duplicate_retained_reference (0.00s)
    --- PASS: TestM002RetiredCardPriceEditingAndRefundHTTP/negative_retirement_points (0.00s)
PASS
ok  	wordweave/internal/httpapi	7.645s
