=== RUN   TestM002BulkConfigurationLostCommitAcknowledgement
--- PASS: TestM002BulkConfigurationLostCommitAcknowledgement (4.44s)
=== RUN   TestM002RetiredCardPriceEditingAndRefundHTTP
2026/09/21 10:49:58 INFO http_request request_id=req_ywZIvNzxMXoLE8qu1j5mWQ method=GET route=/api/v1/bootstrap status=200 duration_ms=1
2026/09/21 10:49:59 INFO http_request request_id=req_TihzHzAe0juR2WnlKeMKbQ method=POST route=/api/v1/auth/login status=200 duration_ms=950
2026/09/21 10:49:59 INFO http_request request_id=req_P2MhhH-psmGAZuj5MmW9Wg method=GET route=/api/v1/bootstrap status=200 duration_ms=0
2026/09/21 10:49:59 INFO http_request request_id=req_PwZ49fStVg4lNgp2FzJv-Q method=GET route=/api/v1/bootstrap status=200 duration_ms=0
2026/09/21 10:49:59 INFO http_request request_id=req_w0FPJnx6-hu6OSQNYoNIMg method=POST route=/api/v1/auth/login status=200 duration_ms=930
2026/09/21 10:49:59 INFO http_request request_id=req_e6_vx7Gq-ehVG_6HGYT-FA method=GET route=/api/v1/bootstrap status=200 duration_ms=0
2026/09/21 10:49:59 INFO http_request request_id=req_Z5_kOCGDWBbu3kfIgeCa0Q method=POST route=/api/v1/admin/growth/items status=201 duration_ms=7
2026/09/21 10:49:59 INFO http_request request_id=req_jStTa8orD48wK0wXzvsVCw method=PUT route=/api/v1/admin/growth/items/{item_id}/listing status=200 duration_ms=2
2026/09/21 10:49:59 INFO http_request request_id=req_VOftyTl_4EL3dELXxCDP_g method=POST route=/api/v1/shop/exchanges status=200 duration_ms=14
2026/09/21 10:49:59 INFO http_request request_id=req_inyojxZZi-u6HiwT9V-8mg method=POST route=/api/v1/me/items/{item_id}/activation-preview status=200 duration_ms=8
2026/09/21 10:49:59 INFO http_request request_id=req_ZvMMvQtcb3akIvy3yb30NA method=POST route=/api/v1/me/items/{item_id}/activate status=200 duration_ms=9
2026/09/21 10:49:59 INFO http_request request_id=req_ixK9OSLlX_3o2D6TCtLahA method=GET route=/api/v1/admin/models/{model_id}/removal-impact status=200 duration_ms=11
2026/09/21 10:50:00 INFO http_request request_id=req_JR4NiV8PmCJDVbYNMpn8jw method=DELETE route=/api/v1/admin/models/{model_id} status=200 duration_ms=12
2026/09/21 10:50:00 INFO http_request request_id=req_9WUEsjw1cXXr27bCO3IRtQ method=POST route=/api/v1/me/items/{item_id}/refund-preview status=200 duration_ms=3
2026/09/21 10:50:00 INFO http_request request_id=req_2jvX22daZGxK9SRPzNTMHQ method=POST route=/api/v1/me/items/{item_id}/refund-preview status=200 duration_ms=3
2026/09/21 10:50:00 INFO http_request request_id=req_siTS2jyoYPNbUszJa46dqA method=GET route=/api/v1/admin/growth/items/{item_id} status=200 duration_ms=1
2026/09/21 10:50:00 INFO http_request request_id=req_tKOMu0r-K2JRipdw3sDyug method=PUT route=/api/v1/admin/growth/items/{item_id} status=200 duration_ms=4
2026/09/21 10:50:00 INFO http_request request_id=req_sfAduQ-GAY8oidkOGQW9Yw method=PUT route=/api/v1/admin/growth/items/{item_id} status=409 duration_ms=1
2026/09/21 10:50:00 INFO http_request request_id=req_jSllsT9xMcXfTMiJ6FfSvw method=POST route=/api/v1/me/items/{item_id}/retirement-refund status=409 duration_ms=1
2026/09/21 10:50:00 INFO http_request request_id=req_cde1MLPiKbQ-oW7bXIxY3Q method=POST route=/api/v1/me/items/{item_id}/refund-preview status=200 duration_ms=2
2026/09/21 10:50:00 INFO http_request request_id=req__TOWnKVgB2XmlB2__oRAog method=POST route=/api/v1/me/items/{item_id}/retirement-refund status=200 duration_ms=6
2026/09/21 10:50:00 INFO http_request request_id=req_po31FC2O9i5puVaXHZAA5w method=POST route=/api/v1/me/items/{item_id}/retirement-refund status=200 duration_ms=3
2026/09/21 10:50:00 INFO http_request request_id=req_c0o5jNTlGvd7oefuhHP-yg method=PUT route=/api/v1/admin/growth/items/{item_id} status=200 duration_ms=3
2026/09/21 10:50:00 INFO http_request request_id=req_93hredwX0BhtZ7Bf-q7YXg method=POST route=/api/v1/me/items/{item_id}/retirement-refund status=200 duration_ms=3
2026/09/21 10:50:00 INFO http_request request_id=req_7kKwZl9cF1Igc1pTLDY49g method=POST route=/api/v1/me/items/{item_id}/refund-preview status=200 duration_ms=1
2026/09/21 10:50:00 INFO http_request request_id=req_GdMcQ35bhqVGKIUHiCRAKg method=POST route=/api/v1/me/items/{item_id}/retirement-refund status=200 duration_ms=4
2026/09/21 10:50:00 INFO http_request request_id=req_LLWzImxMF9qKthriyQeEhA method=GET route=/api/v1/admin/models/{model_id}/removal-impact status=200 duration_ms=1
2026/09/21 10:50:00 INFO http_request request_id=req_PBYd5FQA_nu-SFcYqLI_Lg method=DELETE route=/api/v1/admin/models/{model_id} status=200 duration_ms=2
2026/09/21 10:50:00 INFO http_request request_id=req_10d2o4BCC_AIgnc0DoxD0w method=GET route=/api/v1/admin/growth/items/{item_id} status=200 duration_ms=0
=== RUN   TestM002RetiredCardPriceEditingAndRefundHTTP/new_definition_with_retired_model
2026/09/21 10:50:00 INFO http_request request_id=req_NL64KnHvUcShAHwoS__tCQ method=POST route=/api/v1/admin/growth/items status=422 duration_ms=1
2026/09/21 10:50:00 INFO http_request request_id=req_U_vo3FduKsVTHswKx_a7Pw method=GET route=/api/v1/admin/growth/items/{item_id} status=200 duration_ms=0
=== RUN   TestM002RetiredCardPriceEditingAndRefundHTTP/another_retired_reference
2026/09/21 10:50:00 INFO http_request request_id=req_dqrCcqXm5mQlYz-6yN8mZg method=PUT route=/api/v1/admin/growth/items/{item_id} status=422 duration_ms=2
2026/09/21 10:50:00 INFO http_request request_id=req_kKXCxrnSQYl2JBnIX119Jw method=GET route=/api/v1/admin/growth/items/{item_id} status=200 duration_ms=0
=== RUN   TestM002RetiredCardPriceEditingAndRefundHTTP/unknown_reference
2026/09/21 10:50:00 INFO http_request request_id=req_wfsNGcCRxTWKoelgWiFViA method=PUT route=/api/v1/admin/growth/items/{item_id} status=422 duration_ms=1
2026/09/21 10:50:00 INFO http_request request_id=req_qIJSocbazEP_bNb0kSD0aQ method=GET route=/api/v1/admin/growth/items/{item_id} status=200 duration_ms=1
=== RUN   TestM002RetiredCardPriceEditingAndRefundHTTP/duplicate_retained_reference
2026/09/21 10:50:00 INFO http_request request_id=req__A1GOWdEVB2bd87fuEZPJw method=PUT route=/api/v1/admin/growth/items/{item_id} status=422 duration_ms=1
2026/09/21 10:50:00 INFO http_request request_id=req_W8Z9o0ZoTj7gvjWLfOKorg method=GET route=/api/v1/admin/growth/items/{item_id} status=200 duration_ms=0
=== RUN   TestM002RetiredCardPriceEditingAndRefundHTTP/negative_retirement_points
2026/09/21 10:50:00 INFO http_request request_id=req_gc-xiPwShq7DHZJoxRHHCA method=PUT route=/api/v1/admin/growth/items/{item_id} status=422 duration_ms=0
2026/09/21 10:50:00 INFO http_request request_id=req_BBtQ1_tTTPby7a4dy3FXVQ method=GET route=/api/v1/admin/growth/items/{item_id} status=200 duration_ms=0
2026/09/21 10:50:00 INFO http_request request_id=req_2y57UyNsszt9zJiStLjOkQ method=POST route=/api/v1/admin/models status=201 duration_ms=1
2026/09/21 10:50:00 INFO http_request request_id=req_uFC09cx4OjMgT5ZVvKAtTA method=PUT route=/api/v1/admin/growth/items/{item_id} status=200 duration_ms=3
2026/09/21 10:50:00 INFO http_request request_id=req_82q8u-h_ykXZS8gCEPWQew method=PUT route=/api/v1/admin/growth/items/{item_id} status=200 duration_ms=3
2026/09/21 10:50:00 INFO http_request request_id=req_ZlQ8D1iR_MaUy3FaoDF7BA method=PUT route=/api/v1/admin/growth/items/{item_id} status=422 duration_ms=1
--- PASS: TestM002RetiredCardPriceEditingAndRefundHTTP (3.76s)
    --- PASS: TestM002RetiredCardPriceEditingAndRefundHTTP/new_definition_with_retired_model (0.00s)
    --- PASS: TestM002RetiredCardPriceEditingAndRefundHTTP/another_retired_reference (0.00s)
    --- PASS: TestM002RetiredCardPriceEditingAndRefundHTTP/unknown_reference (0.00s)
    --- PASS: TestM002RetiredCardPriceEditingAndRefundHTTP/duplicate_retained_reference (0.00s)
    --- PASS: TestM002RetiredCardPriceEditingAndRefundHTTP/negative_retirement_points (0.00s)
PASS
ok  	wordweave/internal/httpapi	9.548s
