=== RUN   TestModelRetirementRefundUsesCurrentPointsAndSurvivesExpiry
    activation_integration_test.go:227: growth configuration validation failed
--- FAIL: TestModelRetirementRefundUsesCurrentPointsAndSurvivesExpiry (0.87s)
FAIL
FAIL	wordweave/internal/growth	1.206s
=== RUN   TestM002RetiredCardPriceEditingAndRefundHTTP
2026/09/21 10:47:36 INFO http_request request_id=req_UhvCZ0byAv_zzx5bZ801sA method=GET route=/api/v1/bootstrap status=200 duration_ms=0
2026/09/21 10:47:36 INFO http_request request_id=req_bPPGpsGQ6HVYEMmHmyuRWw method=POST route=/api/v1/auth/login status=200 duration_ms=80
2026/09/21 10:47:36 INFO http_request request_id=req_IVggF2gA_yNK0Y0Eq6LrIw method=GET route=/api/v1/bootstrap status=200 duration_ms=0
2026/09/21 10:47:36 INFO http_request request_id=req_GKDqdnDXEzMDJ5WI3R4izQ method=GET route=/api/v1/bootstrap status=200 duration_ms=0
2026/09/21 10:47:36 INFO http_request request_id=req_-Mv_W8MK-2vv4AtQBIpy-w method=POST route=/api/v1/auth/login status=200 duration_ms=78
2026/09/21 10:47:36 INFO http_request request_id=req_cH0KUXBJlqvLjxHCziWVvA method=GET route=/api/v1/bootstrap status=200 duration_ms=0
2026/09/21 10:47:36 INFO http_request request_id=req_S5pApISSeCe6MlJQTDwb2Q method=POST route=/api/v1/admin/growth/items status=201 duration_ms=4
2026/09/21 10:47:36 INFO http_request request_id=req_r0hBEuk2ZbFXs-VFNOZgMw method=PUT route=/api/v1/admin/growth/items/{item_id}/listing status=200 duration_ms=1
2026/09/21 10:47:36 INFO http_request request_id=req_OrxGrfF97Np0yf2_uxurQw method=POST route=/api/v1/shop/exchanges status=400 duration_ms=0
    m002_item_retirement_integration_test.go:53: status=400 want=200 body={"type":"https://wordweave.example/problems/malformed-request","title":"Malformed request","status":400,"code":"malformed_request","detail":"The request body is not valid for this operation.","request_id":"req_OrxGrfF97Np0yf2_uxurQw"}
--- FAIL: TestM002RetiredCardPriceEditingAndRefundHTTP (1.15s)
FAIL
FAIL	wordweave/internal/httpapi	1.675s
FAIL
