?   	wordweave/assets/lexicon	[no test files]
?   	wordweave/assets/vocabulary	[no test files]
?   	wordweave/cmd/build-lexicon	[no test files]
ok  	wordweave/cmd/build-provenance	1.505s
?   	wordweave/cmd/wordweave	[no test files]
ok  	wordweave/cmd/wordweave-admin	1.275s
?   	wordweave/db/migrations	[no test files]
ok  	wordweave/internal/admin	1.834s
ok  	wordweave/internal/ai	23.602s
?   	wordweave/internal/analytics	[no test files]
ok  	wordweave/internal/buildinfo	1.568s
?   	wordweave/internal/dbgen	[no test files]
ok  	wordweave/internal/diagnostics	5.508s
?   	wordweave/internal/entitlement	[no test files]
ok  	wordweave/internal/generation	2.580s
ok  	wordweave/internal/generationevidence	4.485s
ok  	wordweave/internal/generationtrace	2.952s
?   	wordweave/internal/generationtrace/tracetest	[no test files]
ok  	wordweave/internal/growth	2.653s
ok  	wordweave/internal/httpapi	2.571s
ok  	wordweave/internal/identity	2.494s
?   	wordweave/internal/learning	[no test files]
?   	wordweave/internal/maintenance	[no test files]
ok  	wordweave/internal/notices	2.449s
ok  	wordweave/internal/observability	2.416s
ok  	wordweave/internal/platform/business	1.896s
ok  	wordweave/internal/platform/config	1.676s
?   	wordweave/internal/platform/postgres	[no test files]
ok  	wordweave/internal/platform/security	4.418s
ok  	wordweave/internal/review	1.432s
?   	wordweave/internal/vocabulary	[no test files]
ok  	wordweave/internal/wordnet	1.700s
