?   	wordweave/assets/lexicon	[no test files]
?   	wordweave/assets/vocabulary	[no test files]
?   	wordweave/cmd/build-lexicon	[no test files]
ok  	wordweave/cmd/build-provenance	(cached)
?   	wordweave/cmd/wordweave	[no test files]
ok  	wordweave/cmd/wordweave-admin	(cached)
?   	wordweave/db/migrations	[no test files]
ok  	wordweave/internal/admin	0.321s
ok  	wordweave/internal/ai	(cached)
ok  	wordweave/internal/buildinfo	(cached)
?   	wordweave/internal/dbgen	[no test files]
ok  	wordweave/internal/diagnostics	(cached)
?   	wordweave/internal/entitlement	[no test files]
ok  	wordweave/internal/generation	(cached)
ok  	wordweave/internal/generationevidence	(cached)
ok  	wordweave/internal/generationtrace	(cached)
?   	wordweave/internal/generationtrace/tracetest	[no test files]
ok  	wordweave/internal/growth	(cached)
ok  	wordweave/internal/httpapi	0.529s
ok  	wordweave/internal/identity	(cached)
?   	wordweave/internal/learning	[no test files]
?   	wordweave/internal/maintenance	[no test files]
ok  	wordweave/internal/notices	(cached)
ok  	wordweave/internal/observability	(cached)
ok  	wordweave/internal/platform/business	(cached)
ok  	wordweave/internal/platform/config	(cached)
?   	wordweave/internal/platform/postgres	[no test files]
ok  	wordweave/internal/platform/security	(cached)
ok  	wordweave/internal/review	(cached)
?   	wordweave/internal/vocabulary	[no test files]
ok  	wordweave/internal/wordnet	(cached)
