
> wordweave-frontend@0.1.0 lint /Users/xekinzhuo/Desktop/xekin_develop/ai-en-learning-development/ai-en-learning/frontend
> eslint .


/Users/xekinzhuo/Desktop/xekin_develop/ai-en-learning-development/ai-en-learning/frontend/app/application/shared/ports.ts
   6:3  error  'ActiveRangeModel' is defined but never used. Allowed unused vars must match /^_/u           @typescript-eslint/no-unused-vars
  22:3  error  'ReviewActionOutcomeModel' is defined but never used. Allowed unused vars must match /^_/u   @typescript-eslint/no-unused-vars
  23:3  error  'ReviewAnswerModel' is defined but never used. Allowed unused vars must match /^_/u          @typescript-eslint/no-unused-vars
  24:3  error  'ReviewAttemptModel' is defined but never used. Allowed unused vars must match /^_/u         @typescript-eslint/no-unused-vars
  25:3  error  'ReviewRangePreviewModel' is defined but never used. Allowed unused vars must match /^_/u    @typescript-eslint/no-unused-vars
  26:3  error  'ReviewSessionCreatedModel' is defined but never used. Allowed unused vars must match /^_/u  @typescript-eslint/no-unused-vars
  27:3  error  'ReviewSessionModel' is defined but never used. Allowed unused vars must match /^_/u         @typescript-eslint/no-unused-vars

/Users/xekinzhuo/Desktop/xekin_develop/ai-en-learning-development/ai-en-learning/frontend/app/infrastructure/http/mappers/index.ts
   3:3  error  'ActiveRangeModel' is defined but never used. Allowed unused vars must match /^_/u            @typescript-eslint/no-unused-vars
  16:3  error  'ReviewActionOutcomeModel' is defined but never used. Allowed unused vars must match /^_/u    @typescript-eslint/no-unused-vars
  17:3  error  'ReviewAttemptModel' is defined but never used. Allowed unused vars must match /^_/u          @typescript-eslint/no-unused-vars
  18:3  error  'ReviewBatchProjectionModel' is defined but never used. Allowed unused vars must match /^_/u  @typescript-eslint/no-unused-vars
  19:3  error  'ReviewItemModel' is defined but never used. Allowed unused vars must match /^_/u             @typescript-eslint/no-unused-vars
  20:3  error  'ReviewItemProgressModel' is defined but never used. Allowed unused vars must match /^_/u     @typescript-eslint/no-unused-vars
  21:3  error  'ReviewProgressModel' is defined but never used. Allowed unused vars must match /^_/u         @typescript-eslint/no-unused-vars
  22:3  error  'ReviewRangePreviewModel' is defined but never used. Allowed unused vars must match /^_/u     @typescript-eslint/no-unused-vars
  23:3  error  'ReviewSessionCreatedModel' is defined but never used. Allowed unused vars must match /^_/u   @typescript-eslint/no-unused-vars
  24:3  error  'ReviewSessionModel' is defined but never used. Allowed unused vars must match /^_/u          @typescript-eslint/no-unused-vars
  25:3  error  'ClozeGroupRef' is defined but never used. Allowed unused vars must match /^_/u               @typescript-eslint/no-unused-vars

/Users/xekinzhuo/Desktop/xekin_develop/ai-en-learning-development/ai-en-learning/frontend/app/pages/explore.vue
  19:347  error  The template root requires exactly one element  vue/no-multiple-template-root

/Users/xekinzhuo/Desktop/xekin_develop/ai-en-learning-development/ai-en-learning/frontend/app/pages/index.vue
  19:1  error  The template root requires exactly one element  vue/no-multiple-template-root

✖ 20 problems (20 errors, 0 warnings)

 ELIFECYCLE  Command failed with exit code 1.
npm notice
npm notice New major version of npm available! 10.9.8 -> 12.0.2
npm notice Changelog: https://github.com/npm/cli/releases/tag/v12.0.2
npm notice To update run: npm install -g npm@12.0.2
npm notice
