
Running 52 tests using 1 worker

(node:56393) Warning: The 'NO_COLOR' env is ignored due to the 'FORCE_COLOR' env being set.
(Use `node --trace-warnings ...` to show where the warning was created)
  ✓   1 [desktop] › tests/e2e/m002-admin-core.spec.ts:24:1 › model removal previews impacts, sends the bound revision and confirmation once (1.8s)
  ✓   2 [desktop] › tests/e2e/m002-admin-core.spec.ts:52:1 › plan conflict keeps edits and priorities exchange as a single command (1.5s)
  ✓   3 [desktop] › tests/e2e/m002-admin-core.spec.ts:96:1 › blank user search, read-only titled story, positive grant and base-only reset remain available (1.4s)
  ✓   4 [desktop] › tests/e2e/m002-admin-growth.spec.ts:24:1 › check-in settings submit five values once and preserve next-day effective state (854ms)
  ✓   5 [desktop] › tests/e2e/m002-admin-growth.spec.ts:56:1 › six levels save atomically and hidden edited rows remain in the submitted snapshot (1.1s)
  ✓   6 [desktop] › tests/e2e/m002-admin-growth.spec.ts:99:1 › achievement content remains plain and a field error reveals its hidden row (959ms)
  ✓   7 [desktop] › tests/e2e/m002-admin-growth.spec.ts:148:1 › issued cards cannot be deleted and model cards send only model-time effects (997ms)
  ✓   8 [desktop] › tests/e2e/m002-admin-presets.spec.ts:26:1 › draft, validated preview and explicit publish remain distinct (1.3s)
  ✓   9 [desktop] › tests/e2e/m002-admin-presets.spec.ts:92:1 › unavailable credential and load failure retain configurable models without quota (897ms)
  ✓  10 [desktop] › tests/e2e/m002-admin-presets.spec.ts:127:1 › explicit cancellation uses preview capability without user quota commands (791ms)
  ✓  11 [desktop] › tests/e2e/m002-foundation.spec.ts:25:3 › UI22 home content and layout zh (525ms)
  ✓  12 [desktop] › tests/e2e/m002-foundation.spec.ts:25:3 › UI22 home content and layout en (525ms)
  ✓  13 [desktop] › tests/e2e/m002-foundation.spec.ts:77:1 › UI22 manual story selection stops the automatic turn (1.3s)
  ✓  14 [desktop] › tests/e2e/m002-foundation.spec.ts:93:1 › explicit login shows welcome over reminder and keeps it for the designed duration (12.2s)
  ✓  15 [desktop] › tests/e2e/m002-growth.spec.ts:28:1 › growth preserves large amounts and literal descriptions, rewards require a click (748ms)
  ✓  16 [desktop] › tests/e2e/m002-growth.spec.ts:61:1 › plan activation requires confirmation and stale retirement price requires another preview (1.6s)
  ✓  17 [desktop] › tests/e2e/m002-learning.spec.ts:18:1 › ordinary workspace defaults, random selection, validated save and editable batch title (998ms)
  ✓  18 [desktop] › tests/e2e/m002-learning.spec.ts:89:1 › gallery loads all cursors before counts, filters language and enters a locked manual-start workspace (921ms)
  ✓  19 [desktop] › tests/e2e/m002-operations.spec.ts:21:1 › analytics distinguishes zero, missing, observing, and unavailable without loading Clarity (646ms)
  ✓  20 [desktop] › tests/e2e/m002-operations.spec.ts:50:1 › message editor preserves empty translation slots and uses safe server preview (884ms)
  ✓  21 [desktop] › tests/e2e/m002-operations.spec.ts:88:1 › first-party page views exclude URL, private inputs and locale redraws (749ms)
  ✓  22 [desktop] › tests/e2e/m002-review.spec.ts:34:1 › partial answers, overview editing, one-time comparison and restart (1.5s)
  ✓  23 [desktop] › tests/e2e/m002-review.spec.ts:87:1 › local restoration requires confirmation and never creates a new attempt on reload (1.5s)
  ✓  24 [desktop] › tests/e2e/m002-review.spec.ts:111:1 › a lost submit response reconciles the receipt without recreating comparison (726ms)
  ✓  25 [desktop] › tests/e2e/m002-review.spec.ts:126:1 › two tabs cannot silently overwrite the same local draft (1.9s)
  ✓  26 [desktop] › tests/e2e/m002-review.spec.ts:157:1 › over-capacity paste is rejected as a whole and existing letters remain (633ms)
(node:57947) Warning: The 'NO_COLOR' env is ignored due to the 'FORCE_COLOR' env being set.
(Use `node --trace-warnings ...` to show where the warning was created)
  ✓  27 [mobile] › tests/e2e/m002-admin-core.spec.ts:24:1 › model removal previews impacts, sends the bound revision and confirmation once (990ms)
  ✓  28 [mobile] › tests/e2e/m002-admin-core.spec.ts:52:1 › plan conflict keeps edits and priorities exchange as a single command (1.4s)
  ✓  29 [mobile] › tests/e2e/m002-admin-core.spec.ts:96:1 › blank user search, read-only titled story, positive grant and base-only reset remain available (1.6s)
  ✓  30 [mobile] › tests/e2e/m002-admin-growth.spec.ts:24:1 › check-in settings submit five values once and preserve next-day effective state (770ms)
  ✓  31 [mobile] › tests/e2e/m002-admin-growth.spec.ts:56:1 › six levels save atomically and hidden edited rows remain in the submitted snapshot (1.1s)
  ✓  32 [mobile] › tests/e2e/m002-admin-growth.spec.ts:99:1 › achievement content remains plain and a field error reveals its hidden row (929ms)
  ✓  33 [mobile] › tests/e2e/m002-admin-growth.spec.ts:148:1 › issued cards cannot be deleted and model cards send only model-time effects (1.1s)
  ✓  34 [mobile] › tests/e2e/m002-admin-presets.spec.ts:26:1 › draft, validated preview and explicit publish remain distinct (1.1s)
  ✓  35 [mobile] › tests/e2e/m002-admin-presets.spec.ts:92:1 › unavailable credential and load failure retain configurable models without quota (883ms)
  ✓  36 [mobile] › tests/e2e/m002-admin-presets.spec.ts:127:1 › explicit cancellation uses preview capability without user quota commands (796ms)
  ✓  37 [mobile] › tests/e2e/m002-foundation.spec.ts:25:3 › UI22 home content and layout zh (640ms)
  ✓  38 [mobile] › tests/e2e/m002-foundation.spec.ts:25:3 › UI22 home content and layout en (633ms)
  ✓  39 [mobile] › tests/e2e/m002-foundation.spec.ts:77:1 › UI22 manual story selection stops the automatic turn (825ms)
  ✓  40 [mobile] › tests/e2e/m002-foundation.spec.ts:93:1 › explicit login shows welcome over reminder and keeps it for the designed duration (11.9s)
  ✓  41 [mobile] › tests/e2e/m002-growth.spec.ts:28:1 › growth preserves large amounts and literal descriptions, rewards require a click (758ms)
  ✓  42 [mobile] › tests/e2e/m002-growth.spec.ts:61:1 › plan activation requires confirmation and stale retirement price requires another preview (1.8s)
  ✓  43 [mobile] › tests/e2e/m002-learning.spec.ts:18:1 › ordinary workspace defaults, random selection, validated save and editable batch title (1.0s)
  ✓  44 [mobile] › tests/e2e/m002-learning.spec.ts:89:1 › gallery loads all cursors before counts, filters language and enters a locked manual-start workspace (990ms)
  ✓  45 [mobile] › tests/e2e/m002-operations.spec.ts:21:1 › analytics distinguishes zero, missing, observing, and unavailable without loading Clarity (737ms)
  ✓  46 [mobile] › tests/e2e/m002-operations.spec.ts:50:1 › message editor preserves empty translation slots and uses safe server preview (831ms)
  ✓  47 [mobile] › tests/e2e/m002-operations.spec.ts:88:1 › first-party page views exclude URL, private inputs and locale redraws (752ms)
  ✓  48 [mobile] › tests/e2e/m002-review.spec.ts:34:1 › partial answers, overview editing, one-time comparison and restart (1.5s)
  ✓  49 [mobile] › tests/e2e/m002-review.spec.ts:87:1 › local restoration requires confirmation and never creates a new attempt on reload (1.5s)
  ✓  50 [mobile] › tests/e2e/m002-review.spec.ts:111:1 › a lost submit response reconciles the receipt without recreating comparison (709ms)
  ✓  51 [mobile] › tests/e2e/m002-review.spec.ts:126:1 › two tabs cannot silently overwrite the same local draft (2.2s)
  ✓  52 [mobile] › tests/e2e/m002-review.spec.ts:157:1 › over-capacity paste is rejected as a whole and existing letters remain (647ms)

  52 passed (1.3m)
npm notice
npm notice New major version of npm available! 10.9.8 -> 12.0.2
npm notice Changelog: https://github.com/npm/cli/releases/tag/v12.0.2
npm notice To update run: npm install -g npm@12.0.2
npm notice
