
> wordweave-frontend@0.1.0 build /Users/xekinzhuo/Desktop/xekin_develop/ai-en-learning-development/ai-en-learning/frontend
> nuxt build

┌  Building Nuxt for production...
│
●  Nuxt 4.5.2 (with Nitro 2.13.4, Vite 8.2.2 and Vue 3.5.42)
│
●  Nitro preset: node-server
ℹ Building client...
ℹ vite v8.2.2 building client environment for production...
transforming...
✓ 568 modules transformed.
rendering chunks...
computing gzip size...
ℹ node_modules/.cache/nuxt/.nuxt/dist/client/manifest.json                  23.99 kB │ gzip:  2.37 kB
node_modules/.cache/nuxt/.nuxt/dist/client/_nuxt/error-500.BCwb1ls_.css    1.90 kB │ gzip:  0.72 kB
node_modules/.cache/nuxt/.nuxt/dist/client/_nuxt/error-404.DtX14caB.css    2.42 kB │ gzip:  0.85 kB
node_modules/.cache/nuxt/.nuxt/dist/client/_nuxt/entry.Cs_0zkhe.css       64.67 kB │ gzip: 13.54 kB
node_modules/.cache/nuxt/.nuxt/dist/client/_nuxt/CNs_Ozdc.js               0.02 kB │ gzip:  0.04 kB
node_modules/.cache/nuxt/.nuxt/dist/client/_nuxt/BDNMzG2s.js               0.08 kB │ gzip:  0.09 kB
node_modules/.cache/nuxt/.nuxt/dist/client/_nuxt/BDgPJ9R5.js               0.10 kB │ gzip:  0.10 kB
node_modules/.cache/nuxt/.nuxt/dist/client/_nuxt/CVd6l7ad.js               0.11 kB │ gzip:  0.10 kB
node_modules/.cache/nuxt/.nuxt/dist/client/_nuxt/BKARNJg6.js               0.13 kB │ gzip:  0.12 kB
node_modules/.cache/nuxt/.nuxt/dist/client/_nuxt/CtLoWwMR.js               0.14 kB │ gzip:  0.13 kB
node_modules/.cache/nuxt/.nuxt/dist/client/_nuxt/DiD58aZJ.js               0.23 kB │ gzip:  0.18 kB
node_modules/.cache/nuxt/.nuxt/dist/client/_nuxt/BvP9HOPg.js               0.23 kB │ gzip:  0.19 kB
node_modules/.cache/nuxt/.nuxt/dist/client/_nuxt/BcmnoBS-.js               0.23 kB │ gzip:  0.19 kB
node_modules/.cache/nuxt/.nuxt/dist/client/_nuxt/CN6VaoMI.js               0.23 kB │ gzip:  0.18 kB
node_modules/.cache/nuxt/.nuxt/dist/client/_nuxt/BbZXSRwa.js               0.25 kB │ gzip:  0.19 kB
node_modules/.cache/nuxt/.nuxt/dist/client/_nuxt/BCV0MyGW.js               0.28 kB │ gzip:  0.21 kB
node_modules/.cache/nuxt/.nuxt/dist/client/_nuxt/BzQrld8l.js               0.38 kB │ gzip:  0.25 kB
node_modules/.cache/nuxt/.nuxt/dist/client/_nuxt/WqizIAGF.js               0.61 kB │ gzip:  0.41 kB
node_modules/.cache/nuxt/.nuxt/dist/client/_nuxt/DcViFzIV.js               0.68 kB │ gzip:  0.43 kB
node_modules/.cache/nuxt/.nuxt/dist/client/_nuxt/B2xYRm3v.js               0.71 kB │ gzip:  0.41 kB
node_modules/.cache/nuxt/.nuxt/dist/client/_nuxt/B2dYOVPV.js               0.88 kB │ gzip:  0.49 kB
node_modules/.cache/nuxt/.nuxt/dist/client/_nuxt/B0BZPfhH.js               1.14 kB │ gzip:  0.48 kB
node_modules/.cache/nuxt/.nuxt/dist/client/_nuxt/UJIc1-E9.js               1.23 kB │ gzip:  0.66 kB
node_modules/.cache/nuxt/.nuxt/dist/client/_nuxt/BNHcy7Bg.js               1.31 kB │ gzip:  0.55 kB
node_modules/.cache/nuxt/.nuxt/dist/client/_nuxt/D9Ohwsh6.js               1.93 kB │ gzip:  0.90 kB
node_modules/.cache/nuxt/.nuxt/dist/client/_nuxt/BCXVeM7W.js               2.03 kB │ gzip:  0.89 kB
node_modules/.cache/nuxt/.nuxt/dist/client/_nuxt/CrYZZOtI.js               2.08 kB │ gzip:  0.89 kB
node_modules/.cache/nuxt/.nuxt/dist/client/_nuxt/BlD6mISX.js               2.29 kB │ gzip:  1.09 kB
node_modules/.cache/nuxt/.nuxt/dist/client/_nuxt/DYA2rhi9.js               2.32 kB │ gzip:  1.00 kB
node_modules/.cache/nuxt/.nuxt/dist/client/_nuxt/CjhUdbA2.js               2.37 kB │ gzip:  1.14 kB
node_modules/.cache/nuxt/.nuxt/dist/client/_nuxt/CjmiqM5J.js               2.39 kB │ gzip:  1.05 kB
node_modules/.cache/nuxt/.nuxt/dist/client/_nuxt/BvpDxvQ5.js               2.77 kB │ gzip:  1.20 kB
node_modules/.cache/nuxt/.nuxt/dist/client/_nuxt/DXe2Km3G.js               3.40 kB │ gzip:  1.54 kB
node_modules/.cache/nuxt/.nuxt/dist/client/_nuxt/B0PhpNqv.js               3.45 kB │ gzip:  1.47 kB
node_modules/.cache/nuxt/.nuxt/dist/client/_nuxt/C8ssZwH2.js               3.52 kB │ gzip:  1.57 kB
node_modules/.cache/nuxt/.nuxt/dist/client/_nuxt/C4zOlG7N.js               3.72 kB │ gzip:  1.69 kB
node_modules/.cache/nuxt/.nuxt/dist/client/_nuxt/DSc7vzLG.js               4.03 kB │ gzip:  1.68 kB
node_modules/.cache/nuxt/.nuxt/dist/client/_nuxt/idIgFrSc.js               4.45 kB │ gzip:  1.80 kB
node_modules/.cache/nuxt/.nuxt/dist/client/_nuxt/CK8Xok62.js               4.78 kB │ gzip:  1.59 kB
node_modules/.cache/nuxt/.nuxt/dist/client/_nuxt/DiKRNEn2.js               5.77 kB │ gzip:  2.36 kB
node_modules/.cache/nuxt/.nuxt/dist/client/_nuxt/CA-GrDr5.js               6.11 kB │ gzip:  2.90 kB
node_modules/.cache/nuxt/.nuxt/dist/client/_nuxt/COr_3lLK.js               6.32 kB │ gzip:  2.61 kB
node_modules/.cache/nuxt/.nuxt/dist/client/_nuxt/CV8wmWsw.js               6.35 kB │ gzip:  2.81 kB
node_modules/.cache/nuxt/.nuxt/dist/client/_nuxt/D776sUv8.js               6.62 kB │ gzip:  2.13 kB
node_modules/.cache/nuxt/.nuxt/dist/client/_nuxt/DcUooKwY.js               7.26 kB │ gzip:  2.82 kB
node_modules/.cache/nuxt/.nuxt/dist/client/_nuxt/CoNgMqHH.js               7.36 kB │ gzip:  2.09 kB
node_modules/.cache/nuxt/.nuxt/dist/client/_nuxt/Dy3lFF16.js               7.98 kB │ gzip:  3.07 kB
node_modules/.cache/nuxt/.nuxt/dist/client/_nuxt/D2GCfiLf.js               8.24 kB │ gzip:  2.99 kB
node_modules/.cache/nuxt/.nuxt/dist/client/_nuxt/Wd7_bX0d.js               8.94 kB │ gzip:  3.10 kB
node_modules/.cache/nuxt/.nuxt/dist/client/_nuxt/W0bbLdDX.js               8.99 kB │ gzip:  2.87 kB
node_modules/.cache/nuxt/.nuxt/dist/client/_nuxt/lRNh3hva.js               9.17 kB │ gzip:  3.00 kB
node_modules/.cache/nuxt/.nuxt/dist/client/_nuxt/DeVAbjHr.js               9.27 kB │ gzip:  3.92 kB
node_modules/.cache/nuxt/.nuxt/dist/client/_nuxt/f0I-LIbY.js               9.70 kB │ gzip:  3.39 kB
node_modules/.cache/nuxt/.nuxt/dist/client/_nuxt/BKaJkrs-.js              12.65 kB │ gzip:  4.12 kB
node_modules/.cache/nuxt/.nuxt/dist/client/_nuxt/DyUM36y0.js              13.46 kB │ gzip:  5.77 kB
node_modules/.cache/nuxt/.nuxt/dist/client/_nuxt/DI-O1A8n.js              13.66 kB │ gzip:  4.75 kB
node_modules/.cache/nuxt/.nuxt/dist/client/_nuxt/D4wv6e06.js              16.51 kB │ gzip:  5.34 kB
node_modules/.cache/nuxt/.nuxt/dist/client/_nuxt/CbpbKouv.js              16.83 kB │ gzip:  4.09 kB
node_modules/.cache/nuxt/.nuxt/dist/client/_nuxt/BcdXqkb6.js              18.96 kB │ gzip:  5.99 kB
node_modules/.cache/nuxt/.nuxt/dist/client/_nuxt/dgypflTp.js              21.97 kB │ gzip:  7.61 kB
node_modules/.cache/nuxt/.nuxt/dist/client/_nuxt/9L0litH8.js              22.97 kB │ gzip:  7.42 kB
node_modules/.cache/nuxt/.nuxt/dist/client/_nuxt/DUMFix5z.js              33.81 kB │ gzip:  9.53 kB
node_modules/.cache/nuxt/.nuxt/dist/client/_nuxt/CJVO5aPu.js              49.46 kB │ gzip: 17.06 kB
node_modules/.cache/nuxt/.nuxt/dist/client/_nuxt/DyjLnLfz.js              87.22 kB │ gzip: 33.69 kB
node_modules/.cache/nuxt/.nuxt/dist/client/_nuxt/DHxgJbiw.js             309.25 kB │ gzip: 95.41 kB

ℹ ✓ built in 3.84s

 WARN  [33m[PLUGIN_TIMINGS] [0mYour build spent 97% of 3.8s inside plugin hooks (3.7s).
Measured inside the callback, so queue time is excluded and time the callback itself awaited is not:
  - vite-plugin-checker buildEnd (57%, 2.2s, 1 call)
Those rows are 57% of the build; the rest of the 97% is below.
Not measurable — 2 hooks whose calls overlap, so elapsed time covers work other calls were doing. Profile with node --cpu-prof:
  - nuxt:ssr-styles:client resolveId (142 calls)
  - nuxt:resolve-bare-imports resolveId (28 calls)
See https://rolldown.rs/reference/InputOptions.checks#plugintimings for more details.


✔ Client built in 3868ms
ℹ Building server...
ℹ vite v8.2.2 building ssr environment for production...
transforming...
✓ 382 modules transformed.
rendering chunks...
ℹ node_modules/.cache/nuxt/.nuxt/dist/server/_nuxt/error-404-styles.UP1AHB9m.mjs            0.08 kB
node_modules/.cache/nuxt/.nuxt/dist/server/_nuxt/error-500-styles.CvfOP9g8.mjs            0.08 kB
node_modules/.cache/nuxt/.nuxt/dist/server/styles.mjs                                     0.61 kB
node_modules/.cache/nuxt/.nuxt/dist/server/_nuxt/_plugin-vue_export-helper-BOaGB7Aw.js    0.26 kB
node_modules/.cache/nuxt/.nuxt/dist/server/_nuxt/page-loader-BVJN2kbQ.js                  0.29 kB │ map:     0.42 kB
node_modules/.cache/nuxt/.nuxt/dist/server/_nuxt/feedback-CmcU5SQI.js                     0.31 kB │ map:     0.34 kB
node_modules/.cache/nuxt/.nuxt/dist/server/_nuxt/use-localized-head-BayQuIUR.js           0.31 kB │ map:     0.41 kB
node_modules/.cache/nuxt/.nuxt/dist/server/_nuxt/pages-C2KC3SdX.js                        0.36 kB │ map:     1.81 kB
node_modules/.cache/nuxt/.nuxt/dist/server/_nuxt/private-state-B3IiQHKw.js                0.43 kB │ map:     0.55 kB
node_modules/.cache/nuxt/.nuxt/dist/server/_nuxt/use-design-copy-C27vTo7e.js              0.51 kB │ map:     0.74 kB
node_modules/.cache/nuxt/.nuxt/dist/server/_nuxt/analytics-events-C30dTRZc.js             0.57 kB │ map:     2.58 kB
node_modules/.cache/nuxt/.nuxt/dist/server/_nuxt/admin-afCz7srs.js                        0.83 kB │ map:     0.52 kB
node_modules/.cache/nuxt/.nuxt/dist/server/_nuxt/learner-BK26pgYU.js                      0.85 kB │ map:     0.60 kB
node_modules/.cache/nuxt/.nuxt/dist/server/_nuxt/guest-CC64gvhf.js                        0.89 kB │ map:     0.62 kB
node_modules/.cache/nuxt/.nuxt/dist/server/_nuxt/items-CqtcNA7_.js                        1.21 kB │ map:     0.49 kB
node_modules/.cache/nuxt/.nuxt/dist/server/_nuxt/create-wY__gstA.js                       1.22 kB │ map:     0.46 kB
node_modules/.cache/nuxt/.nuxt/dist/server/_nuxt/exchange-_dx1sTjE.js                     1.28 kB │ map:     0.58 kB
node_modules/.cache/nuxt/.nuxt/dist/server/_nuxt/growth-drafts-g6NGAUre.js                1.37 kB │ map:     6.70 kB
node_modules/.cache/nuxt/.nuxt/dist/server/_nuxt/BrandMark-Dfw0giN0.js                    1.40 kB │ map:     0.82 kB
node_modules/.cache/nuxt/.nuxt/dist/server/_nuxt/use-display-formatters-CT6_rKNu.js       1.45 kB │ map:     2.59 kB
node_modules/.cache/nuxt/.nuxt/dist/server/_nuxt/_presetId_-CSmpvAl2.js                   1.50 kB │ map:     0.86 kB
node_modules/.cache/nuxt/.nuxt/dist/server/_nuxt/AppError-Bl2g5x6x.js                     1.74 kB │ map:     1.49 kB
node_modules/.cache/nuxt/.nuxt/dist/server/_nuxt/return-intent-CO5nbQnf.js                1.92 kB │ map:     4.37 kB
node_modules/.cache/nuxt/.nuxt/dist/server/_nuxt/_batchId_-DqtloRMz.js                    2.03 kB │ map:     2.34 kB
node_modules/.cache/nuxt/.nuxt/dist/server/_nuxt/error-500-styles-1.mjs-BIY4rstB.js       2.44 kB │ map:     5.29 kB
node_modules/.cache/nuxt/.nuxt/dist/server/_nuxt/presets-CPzszLp7.js                      2.53 kB │ map:     4.49 kB
node_modules/.cache/nuxt/.nuxt/dist/server/_nuxt/AppDialog-CwHMB9tP.js                    2.71 kB │ map:     4.23 kB
node_modules/.cache/nuxt/.nuxt/dist/server/_nuxt/GenerationSettings-Cr7m6dnl.js           2.75 kB │ map:     3.63 kB
node_modules/.cache/nuxt/.nuxt/dist/server/_nuxt/error-404-styles-1.mjs-DwzLrrzA.js       2.97 kB │ map:     5.93 kB
node_modules/.cache/nuxt/.nuxt/dist/server/_nuxt/AccountPage-CSCBmmnk.js                  3.14 kB │ map:     2.16 kB
node_modules/.cache/nuxt/.nuxt/dist/server/_nuxt/analytics-BbBprsVz.js                    3.76 kB │ map:     6.99 kB
node_modules/.cache/nuxt/.nuxt/dist/server/_nuxt/AccountShell-CZVDuKI9.js                 4.45 kB │ map:     6.78 kB
node_modules/.cache/nuxt/.nuxt/dist/server/_nuxt/error-500-BJnntww5.js                    4.65 kB │ map:     5.62 kB
node_modules/.cache/nuxt/.nuxt/dist/server/_nuxt/admin-orWSTFhD.js                        4.87 kB │ map:     7.47 kB
node_modules/.cache/nuxt/.nuxt/dist/server/_nuxt/error-404-DloFcJfy.js                    5.32 kB │ map:     6.42 kB
node_modules/.cache/nuxt/.nuxt/dist/server/_nuxt/login-D-G6xCGE.js                        5.53 kB │ map:    12.66 kB
node_modules/.cache/nuxt/.nuxt/dist/server/_nuxt/admin-B4vRUCjD.js                        5.63 kB │ map:     8.69 kB
node_modules/.cache/nuxt/.nuxt/dist/server/_nuxt/register-DtRaXNAx.js                     6.12 kB │ map:    14.56 kB
node_modules/.cache/nuxt/.nuxt/dist/server/_nuxt/learner-access-CMBvuLPj.js               6.60 kB │ map:     8.45 kB
node_modules/.cache/nuxt/.nuxt/dist/server/_nuxt/pages-Ck2GS1nP.js                        6.99 kB │ map:    12.73 kB
node_modules/.cache/nuxt/.nuxt/dist/server/_nuxt/notices-CNxKWRBJ.js                      7.70 kB │ map:    12.55 kB
node_modules/.cache/nuxt/.nuxt/dist/server/_nuxt/BatchParticipation-__h5RsUl.js           8.19 kB │ map:    14.76 kB
node_modules/.cache/nuxt/.nuxt/dist/server/_nuxt/session-C52vwORr.js                      8.80 kB │ map:    21.01 kB
node_modules/.cache/nuxt/.nuxt/dist/server/_nuxt/default-vhrBihZ3.js                      8.82 kB │ map:    12.97 kB
node_modules/.cache/nuxt/.nuxt/dist/server/_nuxt/error-CjgzjyKf.js                        8.83 kB │ map:    22.84 kB
node_modules/.cache/nuxt/.nuxt/dist/server/_nuxt/users-KgwuRC6U.js                       10.22 kB │ map:    21.33 kB
node_modules/.cache/nuxt/.nuxt/dist/server/_nuxt/nuxt-BmIere66.js                        12.58 kB │ map:    32.92 kB
node_modules/.cache/nuxt/.nuxt/dist/server/_nuxt/explore-R2x0cyNN.js                     12.70 kB │ map:    31.07 kB
node_modules/.cache/nuxt/.nuxt/dist/server/_nuxt/admin-B803w3jB.js                       13.48 kB │ map:    28.19 kB
node_modules/.cache/nuxt/.nuxt/dist/server/_nuxt/notices-L7B9KLRc.js                     14.08 kB │ map:    33.66 kB
node_modules/.cache/nuxt/.nuxt/dist/server/_nuxt/analytics-_WJl0ie-.js                   15.22 kB │ map:    34.04 kB
node_modules/.cache/nuxt/.nuxt/dist/server/_nuxt/AppIcon-B7K2XjAS.js                     17.65 kB │ map:    49.58 kB
node_modules/.cache/nuxt/.nuxt/dist/server/_nuxt/plans-BawcaR45.js                       18.08 kB │ map:    40.63 kB
node_modules/.cache/nuxt/.nuxt/dist/server/_nuxt/_batchId_-x5DiSuDh.js                   19.24 kB │ map:    25.78 kB
node_modules/.cache/nuxt/.nuxt/dist/server/_nuxt/models-CXQUjpaW.js                      20.97 kB │ map:    40.73 kB
node_modules/.cache/nuxt/.nuxt/dist/server/_nuxt/devtools-CLRpXhL7-CYb7ggQw.js           21.27 kB │ map:    73.01 kB
node_modules/.cache/nuxt/.nuxt/dist/server/_nuxt/library-B_kg6gv4.js                     23.67 kB │ map:    33.78 kB
node_modules/.cache/nuxt/.nuxt/dist/server/_nuxt/presets-BJ0PmANy.js                     26.29 kB │ map:    67.12 kB
node_modules/.cache/nuxt/.nuxt/dist/server/_nuxt/growth-CWaTS2Ch.js                      26.54 kB │ map:    42.27 kB
node_modules/.cache/nuxt/.nuxt/dist/server/_nuxt/review-DYZwCGUq.js                      26.97 kB │ map:    49.19 kB
node_modules/.cache/nuxt/.nuxt/dist/server/_nuxt/GenerationWorkspace-DlSuSjh_.js         30.77 kB │ map:    83.28 kB
node_modules/.cache/nuxt/.nuxt/dist/server/_nuxt/account-DIwW3xPL.js                     30.99 kB │ map:    36.99 kB
node_modules/.cache/nuxt/.nuxt/dist/server/_nuxt/ItemsWorkspace-CQpTWlRy.js              42.69 kB │ map:    64.34 kB
node_modules/.cache/nuxt/.nuxt/dist/server/_nuxt/_userId_-B0WBkTJH.js                    44.40 kB │ map:    87.99 kB
node_modules/.cache/nuxt/.nuxt/dist/server/_nuxt/_sessionId_-BHkpmo8J.js                 58.78 kB │ map:   107.35 kB
node_modules/.cache/nuxt/.nuxt/dist/server/_nuxt/growth-BiZaqsv4.js                      65.91 kB │ map:   149.40 kB
node_modules/.cache/nuxt/.nuxt/dist/server/server.mjs                                   421.21 kB │ map: 1,115.20 kB

ℹ ✓ built in 3.49s

 WARN  [33m[PLUGIN_TIMINGS] [0mYour build spent 98% of 3.5s inside plugin hooks (3.4s).
Measured inside the callback, so queue time is excluded and time the callback itself awaited is not:
  - vite-plugin-checker buildEnd (67%, 2.3s, 1 call)
Those rows are 67% of the build; the rest of the 98% is below.
Not measurable — 4 hooks whose calls overlap, so elapsed time covers work other calls were doing. Profile with node --cpu-prof:
  - nuxt:ssr-styles:ssr resolveId (139 calls)
  - nuxt:resolve-externals:external resolveId (43 calls)
  - nuxt:resolve-bare-imports resolveId (21 calls)
  … and 1 more
See https://rolldown.rs/reference/InputOptions.checks#plugintimings for more details.


✔ Server built in 3503ms
[nitro] ✔ Generated public .output/public
[nitro] ℹ Building Nuxt Nitro server (preset: node-server, compatibility date: 2026-09-01)
[nitro] ✔ Nuxt Nitro server built
  ├─ .output/server/chunks/_/error-500.mjs (5.05 kB) (2.07 kB gzip)
  ├─ .output/server/chunks/_/error-500.mjs.map (259 B) (202 B gzip)
  ├─ .output/server/chunks/build/_batchId_-DqtloRMz.mjs (2.4 kB) (997 B gzip)
  ├─ .output/server/chunks/build/_batchId_-DqtloRMz.mjs.map (940 B) (402 B gzip)
  ├─ .output/server/chunks/build/_batchId_-x5DiSuDh.mjs (19.6 kB) (4.42 kB gzip)
  ├─ .output/server/chunks/build/_batchId_-x5DiSuDh.mjs.map (16.2 kB) (3.28 kB gzip)
  ├─ .output/server/chunks/build/_plugin-vue_export-helper-BOaGB7Aw.mjs (320 B) (227 B gzip)
  ├─ .output/server/chunks/build/_plugin-vue_export-helper-BOaGB7Aw.mjs.map (225 B) (172 B gzip)
  ├─ .output/server/chunks/build/_presetId_-CSmpvAl2.mjs (2.35 kB) (969 B gzip)
  ├─ .output/server/chunks/build/_presetId_-CSmpvAl2.mjs.map (376 B) (209 B gzip)
  ├─ .output/server/chunks/build/_sessionId_-BHkpmo8J.mjs (59.2 kB) (11.8 kB gzip)
  ├─ .output/server/chunks/build/_sessionId_-BHkpmo8J.mjs.map (59.3 kB) (10.9 kB gzip)
  ├─ .output/server/chunks/build/_userId_-B0WBkTJH.mjs (44.3 kB) (9.44 kB gzip)
  ├─ .output/server/chunks/build/_userId_-B0WBkTJH.mjs.map (45 kB) (8.33 kB gzip)
  ├─ .output/server/chunks/build/account-DIwW3xPL.mjs (31.4 kB) (4.42 kB gzip)
  ├─ .output/server/chunks/build/account-DIwW3xPL.mjs.map (28.1 kB) (3.72 kB gzip)
  ├─ .output/server/chunks/build/AccountPage-CSCBmmnk.mjs (3.14 kB) (1.03 kB gzip)
  ├─ .output/server/chunks/build/AccountPage-CSCBmmnk.mjs.map (1.47 kB) (440 B gzip)
  ├─ .output/server/chunks/build/AccountShell-CZVDuKI9.mjs (4.42 kB) (1.47 kB gzip)
  ├─ .output/server/chunks/build/AccountShell-CZVDuKI9.mjs.map (2.66 kB) (733 B gzip)
  ├─ .output/server/chunks/build/admin-afCz7srs.mjs (1.06 kB) (484 B gzip)
  ├─ .output/server/chunks/build/admin-afCz7srs.mjs.map (411 B) (236 B gzip)
  ├─ .output/server/chunks/build/admin-B4vRUCjD.mjs (6.02 kB) (1.98 kB gzip)
  ├─ .output/server/chunks/build/admin-B4vRUCjD.mjs.map (3.84 kB) (969 B gzip)
  ├─ .output/server/chunks/build/admin-B803w3jB.mjs (13.4 kB) (2.81 kB gzip)
  ├─ .output/server/chunks/build/admin-B803w3jB.mjs.map (14.4 kB) (2.84 kB gzip)
  ├─ .output/server/chunks/build/admin-orWSTFhD.mjs (5.35 kB) (1.85 kB gzip)
  ├─ .output/server/chunks/build/admin-orWSTFhD.mjs.map (3.01 kB) (785 B gzip)
  ├─ .output/server/chunks/build/analytics-_WJl0ie-.mjs (15.7 kB) (3.93 kB gzip)
  ├─ .output/server/chunks/build/analytics-_WJl0ie-.mjs.map (12.4 kB) (2.43 kB gzip)
  ├─ .output/server/chunks/build/analytics-BbBprsVz.mjs (3.67 kB) (1.3 kB gzip)
  ├─ .output/server/chunks/build/analytics-BbBprsVz.mjs.map (4.15 kB) (1.15 kB gzip)
  ├─ .output/server/chunks/build/analytics-events-C30dTRZc.mjs (525 B) (336 B gzip)
  ├─ .output/server/chunks/build/analytics-events-C30dTRZc.mjs.map (511 B) (300 B gzip)
  ├─ .output/server/chunks/build/AppDialog-CwHMB9tP.mjs (2.71 kB) (1.1 kB gzip)
  ├─ .output/server/chunks/build/AppDialog-CwHMB9tP.mjs.map (1.36 kB) (518 B gzip)
  ├─ .output/server/chunks/build/AppError-Bl2g5x6x.mjs (1.74 kB) (757 B gzip)
  ├─ .output/server/chunks/build/AppError-Bl2g5x6x.mjs.map (638 B) (281 B gzip)
  ├─ .output/server/chunks/build/AppIcon-B7K2XjAS.mjs (17.6 kB) (3.91 kB gzip)
  ├─ .output/server/chunks/build/AppIcon-B7K2XjAS.mjs.map (4.64 kB) (647 B gzip)
  ├─ .output/server/chunks/build/BatchParticipation-__h5RsUl.mjs (8.06 kB) (2.06 kB gzip)
  ├─ .output/server/chunks/build/BatchParticipation-__h5RsUl.mjs.map (7.54 kB) (1.6 kB gzip)
  ├─ .output/server/chunks/build/BrandMark-Dfw0giN0.mjs (1.39 kB) (729 B gzip)
  ├─ .output/server/chunks/build/BrandMark-Dfw0giN0.mjs.map (231 B) (176 B gzip)
  ├─ .output/server/chunks/build/create-wY__gstA.mjs (2.1 kB) (881 B gzip)
  ├─ .output/server/chunks/build/create-wY__gstA.mjs.map (203 B) (142 B gzip)
  ├─ .output/server/chunks/build/default-vhrBihZ3.mjs (9.3 kB) (2.44 kB gzip)
  ├─ .output/server/chunks/build/default-vhrBihZ3.mjs.map (5.89 kB) (1.24 kB gzip)
  ├─ .output/server/chunks/build/error-404-DloFcJfy.mjs (5.83 kB) (2.39 kB gzip)
  ├─ .output/server/chunks/build/error-404-DloFcJfy.mjs.map (323 B) (242 B gzip)
  ├─ .output/server/chunks/build/error-404-styles.UP1AHB9m.mjs (3.02 kB) (1.15 kB gzip)
  ├─ .output/server/chunks/build/error-404-styles.UP1AHB9m.mjs.map (217 B) (170 B gzip)
  ├─ .output/server/chunks/build/error-500-BJnntww5.mjs (5.17 kB) (2.14 kB gzip)
  ├─ .output/server/chunks/build/error-500-BJnntww5.mjs.map (323 B) (241 B gzip)
  ├─ .output/server/chunks/build/error-500-styles.CvfOP9g8.mjs (2.49 kB) (1.02 kB gzip)
  ├─ .output/server/chunks/build/error-500-styles.CvfOP9g8.mjs.map (217 B) (167 B gzip)
  ├─ .output/server/chunks/build/exchange-_dx1sTjE.mjs (2.09 kB) (876 B gzip)
  ├─ .output/server/chunks/build/exchange-_dx1sTjE.mjs.map (300 B) (174 B gzip)
  ├─ .output/server/chunks/build/explore-R2x0cyNN.mjs (13.2 kB) (3.98 kB gzip)
  ├─ .output/server/chunks/build/explore-R2x0cyNN.mjs.map (11.2 kB) (2.69 kB gzip)
  ├─ .output/server/chunks/build/GenerationSettings-Cr7m6dnl.mjs (2.75 kB) (899 B gzip)
  ├─ .output/server/chunks/build/GenerationSettings-Cr7m6dnl.mjs.map (1.28 kB) (365 B gzip)
  ├─ .output/server/chunks/build/GenerationWorkspace-DlSuSjh_.mjs (30.6 kB) (6.81 kB gzip)
  ├─ .output/server/chunks/build/GenerationWorkspace-DlSuSjh_.mjs.map (28 kB) (5.69 kB gzip)
  ├─ .output/server/chunks/build/growth-BiZaqsv4.mjs (66.2 kB) (11.9 kB gzip)
  ├─ .output/server/chunks/build/growth-BiZaqsv4.mjs.map (65.7 kB) (11.4 kB gzip)
  ├─ .output/server/chunks/build/growth-CWaTS2Ch.mjs (26.9 kB) (5.69 kB gzip)
  ├─ .output/server/chunks/build/growth-CWaTS2Ch.mjs.map (23.3 kB) (4.51 kB gzip)
  ├─ .output/server/chunks/build/growth-drafts-g6NGAUre.mjs (1.36 kB) (676 B gzip)
  ├─ .output/server/chunks/build/growth-drafts-g6NGAUre.mjs.map (1.64 kB) (618 B gzip)
  ├─ .output/server/chunks/build/guest-CC64gvhf.mjs (1.12 kB) (520 B gzip)
  ├─ .output/server/chunks/build/guest-CC64gvhf.mjs.map (467 B) (256 B gzip)
  ├─ .output/server/chunks/build/items-CqtcNA7_.mjs (2.02 kB) (853 B gzip)
  ├─ .output/server/chunks/build/items-CqtcNA7_.mjs.map (136 B) (95 B gzip)
  ├─ .output/server/chunks/build/ItemsWorkspace-CQpTWlRy.mjs (42.5 kB) (6.97 kB gzip)
  ├─ .output/server/chunks/build/ItemsWorkspace-CQpTWlRy.mjs.map (42.5 kB) (6.75 kB gzip)
  ├─ .output/server/chunks/build/learner-access-CMBvuLPj.mjs (6.49 kB) (1.91 kB gzip)
  ├─ .output/server/chunks/build/learner-access-CMBvuLPj.mjs.map (4.08 kB) (1.14 kB gzip)
  ├─ .output/server/chunks/build/learner-BK26pgYU.mjs (1.07 kB) (490 B gzip)
  ├─ .output/server/chunks/build/learner-BK26pgYU.mjs.map (410 B) (238 B gzip)
  ├─ .output/server/chunks/build/library-B_kg6gv4.mjs (24 kB) (5.09 kB gzip)
  ├─ .output/server/chunks/build/library-B_kg6gv4.mjs.map (20.8 kB) (4.06 kB gzip)
  ├─ .output/server/chunks/build/login-D-G6xCGE.mjs (5.86 kB) (1.97 kB gzip)
  ├─ .output/server/chunks/build/login-D-G6xCGE.mjs.map (3.54 kB) (906 B gzip)
  ├─ .output/server/chunks/build/models-CXQUjpaW.mjs (21.4 kB) (4.45 kB gzip)
  ├─ .output/server/chunks/build/models-CXQUjpaW.mjs.map (20.4 kB) (3.51 kB gzip)
  ├─ .output/server/chunks/build/notices-CNxKWRBJ.mjs (8.09 kB) (2.46 kB gzip)
  ├─ .output/server/chunks/build/notices-CNxKWRBJ.mjs.map (6.71 kB) (1.56 kB gzip)
  ├─ .output/server/chunks/build/notices-L7B9KLRc.mjs (14.4 kB) (3.75 kB gzip)
  ├─ .output/server/chunks/build/notices-L7B9KLRc.mjs.map (11.9 kB) (2.58 kB gzip)
  ├─ .output/server/chunks/build/page-loader-BVJN2kbQ.mjs (292 B) (227 B gzip)
  ├─ .output/server/chunks/build/page-loader-BVJN2kbQ.mjs.map (265 B) (200 B gzip)
  ├─ .output/server/chunks/build/pages-Ck2GS1nP.mjs (7.5 kB) (2.6 kB gzip)
  ├─ .output/server/chunks/build/pages-Ck2GS1nP.mjs.map (4.89 kB) (1.11 kB gzip)
  ├─ .output/server/chunks/build/plans-BawcaR45.mjs (18.5 kB) (4.33 kB gzip)
  ├─ .output/server/chunks/build/plans-BawcaR45.mjs.map (16.9 kB) (3.46 kB gzip)
  ├─ .output/server/chunks/build/presets-BJ0PmANy.mjs (26.5 kB) (6.09 kB gzip)
  ├─ .output/server/chunks/build/presets-BJ0PmANy.mjs.map (26.9 kB) (5.23 kB gzip)
  ├─ .output/server/chunks/build/presets-CPzszLp7.mjs (2.44 kB) (815 B gzip)
  ├─ .output/server/chunks/build/presets-CPzszLp7.mjs.map (2.79 kB) (741 B gzip)
  ├─ .output/server/chunks/build/register-DtRaXNAx.mjs (6.45 kB) (2.06 kB gzip)
  ├─ .output/server/chunks/build/register-DtRaXNAx.mjs.map (3.84 kB) (977 B gzip)
  ├─ .output/server/chunks/build/return-intent-CO5nbQnf.mjs (1.92 kB) (834 B gzip)
  ├─ .output/server/chunks/build/return-intent-CO5nbQnf.mjs.map (2.4 kB) (796 B gzip)
  ├─ .output/server/chunks/build/review-DYZwCGUq.mjs (27 kB) (6.58 kB gzip)
  ├─ .output/server/chunks/build/review-DYZwCGUq.mjs.map (25.1 kB) (5.28 kB gzip)
  ├─ .output/server/chunks/build/use-design-copy-C27vTo7e.mjs (513 B) (358 B gzip)
  ├─ .output/server/chunks/build/use-design-copy-C27vTo7e.mjs.map (487 B) (282 B gzip)
  ├─ .output/server/chunks/build/use-display-formatters-CT6_rKNu.mjs (1.46 kB) (666 B gzip)
  ├─ .output/server/chunks/build/use-display-formatters-CT6_rKNu.mjs.map (1.57 kB) (557 B gzip)
  ├─ .output/server/chunks/build/use-localized-head-BayQuIUR.mjs (316 B) (237 B gzip)
  ├─ .output/server/chunks/build/use-localized-head-BayQuIUR.mjs.map (299 B) (211 B gzip)
  ├─ .output/server/chunks/build/users-KgwuRC6U.mjs (10.3 kB) (3.29 kB gzip)
  ├─ .output/server/chunks/build/users-KgwuRC6U.mjs.map (8.11 kB) (2.14 kB gzip)
  ├─ .output/server/chunks/nitro/nitro.mjs (218 kB) (54.7 kB gzip)
  ├─ .output/server/chunks/nitro/nitro.mjs.map (10.7 kB) (1.43 kB gzip)
  ├─ .output/server/chunks/raw/0286ed24.mjs (50.1 kB) (14.9 kB gzip)
  ├─ .output/server/chunks/raw/0286ed24.mjs.map (76 B) (89 B gzip)
  ├─ .output/server/chunks/raw/c75dadbf.mjs (49.1 kB) (16.5 kB gzip)
  ├─ .output/server/chunks/raw/c75dadbf.mjs.map (76 B) (89 B gzip)
  ├─ .output/server/chunks/routes/renderer.mjs (15.4 kB) (5.35 kB gzip)
  ├─ .output/server/chunks/routes/renderer.mjs.map (2.07 kB) (428 B gzip)
  ├─ .output/server/chunks/virtual/_virtual_spa-template.mjs (94 B) (100 B gzip)
  ├─ .output/server/chunks/virtual/_virtual_spa-template.mjs.map (88 B) (97 B gzip)
  ├─ .output/server/chunks/virtual/entry.mjs (470 kB) (110 kB gzip)
  ├─ .output/server/chunks/virtual/entry.mjs.map (23.1 kB) (3.38 kB gzip)
  ├─ .output/server/chunks/virtual/precomputed.mjs (51.6 kB) (4.02 kB gzip)
  ├─ .output/server/chunks/virtual/precomputed.mjs.map (181 B) (150 B gzip)
  ├─ .output/server/chunks/virtual/styles.mjs (690 B) (327 B gzip)
  ├─ .output/server/chunks/virtual/styles.mjs.map (164 B) (142 B gzip)
  ├─ .output/server/index.mjs (374 B) (215 B gzip)
  └─ .output/server/package.json (1.27 kB) (497 B gzip)
Σ Total size: 5.01 MB (1.2 MB gzip)
[nitro] ✔ You can preview this build using node .output/server/index.mjs
│
└  ✨ Build complete!
npm notice
npm notice New major version of npm available! 10.9.8 -> 12.0.2
npm notice Changelog: https://github.com/npm/cli/releases/tag/v12.0.2
npm notice To update run: npm install -g npm@12.0.2
npm notice
