{
  "passed": [
    "real admin login + overview",
    "all 8 admin modules accept real DTOs, no initial operational reward fixtures",
    "admin draft → real independent preview SSE → publish",
    "visitor preset generation → register → one-time claim to personal library",
    "editable title → partial review submit → temporary comparison disappears on reload"
  ],
  "pageErrors": [],
  "error": "Error: Route account/growth: The service is temporarily unavailable."
}
file:///Users/xekinzhuo/Desktop/xekin_develop/ai-en-learning-development/ai-en-learning/frontend/tests/integration/m002-real-smoke.mjs:97
  for(const route of ['account','account/growth','account/items','account/exchange','review','library/'+batchId]){await lp.goto(origin+'/'+route);await ready(lp); if(await lp.locator('.notice.error').count()) throw Error('Route '+route+': '+await lp.locator('.notice.error').allTextContents())}
                                                                                                                                                                                                                       ^

Error: Route account/growth: The service is temporarily unavailable.
    at file:///Users/xekinzhuo/Desktop/xekin_develop/ai-en-learning-development/ai-en-learning/frontend/tests/integration/m002-real-smoke.mjs:97:216
    at runNextTicks (node:internal/process/task_queues:65:5)
    at process.processImmediate (node:internal/timers:541:9)

Node.js v24.21.0
npm notice
npm notice New major version of npm available! 10.9.8 -> 12.0.2
npm notice Changelog: https://github.com/npm/cli/releases/tag/v12.0.2
npm notice To update run: npm install -g npm@12.0.2
npm notice
