node:internal/modules/run_main:107
    triggerUncaughtException(
    ^

ExpectError: expect(received).toBe(expected) // Object.is equality

Expected: undefined
Received: "登录"
    at captureRawStack (/Users/xekinzhuo/Desktop/xekin_develop/ai-en-learning-development/ai-en-learning/frontend/node_modules/.pnpm/playwright-core@1.62.1/node_modules/playwright-core/lib/coreBundle.js:9681:17)
    at callMatcherAsStep (/Users/xekinzhuo/Desktop/xekin_develop/ai-en-learning-development/ai-en-learning/frontend/node_modules/.pnpm/playwright@1.62.1/node_modules/playwright/lib/matchers/expect.js:13310:57)
    at Object.toBe (/Users/xekinzhuo/Desktop/xekin_develop/ai-en-learning-development/ai-en-learning/frontend/node_modules/.pnpm/playwright@1.62.1/node_modules/playwright/lib/matchers/expect.js:13300:23)
    at /Users/xekinzhuo/Desktop/xekin_develop/ai-en-learning-development/ai-en-learning/frontend/tests/integration/m002-browser-matrix.mjs:35:48 {
  matcherResult: {
    actual: '登录',
    expected: undefined,
    message: 'expect(received).toBe(expected) // Object.is equality\n' +
      '\n' +
      'Expected: undefined\n' +
      'Received: "登录"',
    name: 'toBe',
    pass: false
  }
}

Node.js v24.21.0
npm notice
npm notice New major version of npm available! 10.9.8 -> 12.0.2
npm notice Changelog: https://github.com/npm/cli/releases/tag/v12.0.2
npm notice To update run: npm install -g npm@12.0.2
npm notice
