
> wordweave-frontend@0.1.0 typecheck /Users/xekinzhuo/Desktop/xekin_develop/ai-en-learning-development/ai-en-learning/frontend
> nuxt typecheck

app/infrastructure/http/mappers/index.ts(479,5): error TS2353: Object literal may only specify known properties, and 'effectivePlan' does not exist in type 'GroupPolicyModel'.
app/infrastructure/http/mappers/index.ts(479,29): error TS2339: Property 'effective_plan' does not exist on type '{ code: "basic" | "pro" | "plus" | "visitor"; rolling_24h_limit: number | null; max_entries: number; allowed_lengths: ("short" | "medium" | "long" | "xlong")[]; models: { id: string; display_name: string; enabled: boolean; }[]; }'.
app/infrastructure/http/mappers/index.ts(479,60): error TS2339: Property 'effective_plan' does not exist on type '{ code: "basic" | "pro" | "plus" | "visitor"; rolling_24h_limit: number | null; max_entries: number; allowed_lengths: ("short" | "medium" | "long" | "xlong")[]; models: { id: string; display_name: string; enabled: boolean; }[]; }'.
app/infrastructure/http/mappers/index.ts(479,98): error TS2339: Property 'effective_plan' does not exist on type '{ code: "basic" | "pro" | "plus" | "visitor"; rolling_24h_limit: number | null; max_entries: number; allowed_lengths: ("short" | "medium" | "long" | "xlong")[]; models: { id: string; display_name: string; enabled: boolean; }[]; }'.
app/infrastructure/http/mappers/index.ts(480,31): error TS2339: Property 'extra_quota' does not exist on type '{ code: "basic" | "pro" | "plus" | "visitor"; rolling_24h_limit: number | null; max_entries: number; allowed_lengths: ("short" | "medium" | "long" | "xlong")[]; models: { id: string; display_name: string; enabled: boolean; }[]; }'.
app/infrastructure/http/mappers/index.ts(480,75): error TS2339: Property 'extra_quota' does not exist on type '{ code: "basic" | "pro" | "plus" | "visitor"; rolling_24h_limit: number | null; max_entries: number; allowed_lengths: ("short" | "medium" | "long" | "xlong")[]; models: { id: string; display_name: string; enabled: boolean; }[]; }'.
app/infrastructure/http/repositories/api-repository.ts(645,23): error TS2339: Property 'modelId' does not exist on type 'GenerationRequestModel'.
  Property 'modelId' does not exist on type '{ kind: "preset"; presetId: string; publishedVersion: string; }'.
app/infrastructure/http/repositories/api-repository.ts(646,31): error TS2339: Property 'meaningLanguage' does not exist on type 'GenerationRequestModel'.
  Property 'meaningLanguage' does not exist on type '{ kind: "preset"; presetId: string; publishedVersion: string; }'.
app/infrastructure/http/repositories/api-repository.ts(647,23): error TS2339: Property 'scenario' does not exist on type 'GenerationRequestModel'.
  Property 'scenario' does not exist on type '{ kind: "preset"; presetId: string; publishedVersion: string; }'.
app/infrastructure/http/repositories/api-repository.ts(648,21): error TS2339: Property 'length' does not exist on type 'GenerationRequestModel'.
  Property 'length' does not exist on type '{ kind: "preset"; presetId: string; publishedVersion: string; }'.
app/infrastructure/http/repositories/api-repository.ts(649,22): error TS2339: Property 'entries' does not exist on type 'GenerationRequestModel'.
  Property 'entries' does not exist on type '{ kind: "preset"; presetId: string; publishedVersion: string; }'.
 ELIFECYCLE  Command failed with exit code 2.
npm notice
npm notice New major version of npm available! 10.9.8 -> 12.0.2
npm notice Changelog: https://github.com/npm/cli/releases/tag/v12.0.2
npm notice To update run: npm install -g npm@12.0.2
npm notice
