{
  "passed": [
    "real admin login + overview",
    "all 8 admin modules accept real DTOs, no initial operational reward fixtures",
    "admin draft → real independent preview SSE → publish",
    "visitor preset generation → register → one-time claim to personal library",
    "editable title → partial review submit → temporary comparison disappears on reload"
  ],
  "pageErrors": [],
  "error": "Error: expect(locator).toHaveCount(expected) failed\n\nLocator:  locator('.notice.error')\nExpected: 0\nReceived: 1\nTimeout:  5000ms\n\nCall log:\n  - Expect \"to.have.count\" with timeout 5000ms\n  - waiting for locator('.notice.error')\n    14 × locator resolved to 1 element\n       - unexpected value \"1\"\n"
}
node:internal/modules/run_main:107
    triggerUncaughtException(
    ^

ExpectError: expect(locator).toHaveCount(expected) failed

Locator:  locator('.notice.error')
Expected: 0
Received: 1
Timeout:  5000ms

Call log:
  - Expect "to.have.count" with timeout 5000ms
  - waiting for locator('.notice.error')
    14 × locator resolved to 1 element
       - unexpected value "1"

    at captureRawStack (/Users/xekinzhuo/Desktop/xekin_develop/ai-en-learning-development/ai-en-learning/frontend/node_modules/.pnpm/playwright-core@1.62.1/node_modules/playwright-core/lib/coreBundle.js:9681:17)
    at callMatcherAsStep (/Users/xekinzhuo/Desktop/xekin_develop/ai-en-learning-development/ai-en-learning/frontend/node_modules/.pnpm/playwright@1.62.1/node_modules/playwright/lib/matchers/expect.js:13310:57)
    at Object.toHaveCount (/Users/xekinzhuo/Desktop/xekin_develop/ai-en-learning-development/ai-en-learning/frontend/node_modules/.pnpm/playwright@1.62.1/node_modules/playwright/lib/matchers/expect.js:13300:23)
    at /Users/xekinzhuo/Desktop/xekin_develop/ai-en-learning-development/ai-en-learning/frontend/tests/integration/m002-real-smoke.mjs:97:205 {
  matcherResult: {
    actual: 1,
    expected: 0,
    message: 'expect(locator).toHaveCount(expected) failed\n' +
      '\n' +
      "Locator:  locator('.notice.error')\n" +
      'Expected: 0\n' +
      'Received: 1\n' +
      'Timeout:  5000ms\n' +
      '\n' +
      'Call log:\n' +
      '  - Expect "to.have.count" with timeout 5000ms\n' +
      "  - waiting for locator('.notice.error')\n" +
      '    14 × locator resolved to 1 element\n' +
      '       - unexpected value "1"\n',
    name: 'toHaveCount',
    pass: false,
    log: [
      '  - Expect "to.have.count" with timeout 5000ms',
      "  - waiting for locator('.notice.error')",
      '    14 × locator resolved to 1 element',
      '       - unexpected value "1"'
    ],
    timeout: 5000,
    ariaSnapshot: undefined
  }
}

Node.js v24.21.0
npm notice
npm notice New major version of npm available! 10.9.8 -> 12.0.2
npm notice Changelog: https://github.com/npm/cli/releases/tag/v12.0.2
npm notice To update run: npm install -g npm@12.0.2
npm notice
