app/app.vue 61ms
app/application/admin/configuration.ts 8ms
app/application/admin/growth-drafts.ts 26ms
app/application/admin/growth.ts 6ms
app/application/admin/items.ts 3ms
app/application/admin/notices.ts 2ms
app/application/admin/plan-policy.ts 2ms (unchanged)
app/application/admin/presets.ts 6ms
app/application/admin/usage.ts 1ms
app/application/admin/user-benefits.ts 2ms
app/application/admin/user-detail.ts 21ms
app/application/admin/user-search.ts 8ms (unchanged)
app/application/analytics/models.ts 4ms
app/application/auth/return-intent.ts 6ms
app/application/benefits/models.ts 4ms
app/application/generation/reducer.ts 2ms (unchanged)
app/application/generation/selection.ts 1ms (unchanged)
app/application/growth/models.ts 3ms
app/application/notices/models.ts 1ms
app/application/presets/models.ts 1ms
app/application/review/models.ts 4ms
app/application/review/range-setup.ts 19ms
app/application/review/topology.ts 2ms (unchanged)
app/application/shared/failure.ts 2ms (unchanged)
app/application/shared/models.ts 14ms
app/application/shared/ports.ts 5ms
app/assets/css/application.css 17ms
app/assets/css/theme.css 163ms
app/composables/use-application-locale.ts 7ms (unchanged)
app/composables/use-design-copy.ts 2ms
app/composables/use-display-formatters.ts 6ms
app/composables/use-localized-head.ts 2ms (unchanged)
app/infrastructure/http/mappers/admin-growth-mapper.ts 5ms
app/infrastructure/http/mappers/admin-items-mapper.ts 3ms
app/infrastructure/http/mappers/admin-notice-mapper.ts 2ms
app/infrastructure/http/mappers/admin-presets-mapper.ts 3ms
app/infrastructure/http/mappers/analytics-mapper.ts 7ms
app/infrastructure/http/mappers/benefits-mapper.ts 4ms
app/infrastructure/http/mappers/growth-mapper.ts 3ms
app/infrastructure/http/mappers/index.ts 9ms
app/infrastructure/http/mappers/notices-mapper.ts 1ms
app/infrastructure/http/mappers/presets-mapper.ts 2ms
app/infrastructure/http/mappers/problem-mapper.ts 2ms (unchanged)
app/infrastructure/http/mappers/review-mapper.ts 5ms
app/infrastructure/http/mappers/span-mapper.ts 5ms (unchanged)
app/infrastructure/http/repositories/admin-configuration-repository.ts 6ms
app/infrastructure/http/repositories/admin-growth-repository.ts 8ms
app/infrastructure/http/repositories/admin-items-repository.ts 5ms
app/infrastructure/http/repositories/admin-notices-repository.ts 5ms
app/infrastructure/http/repositories/admin-presets-repository.ts 9ms
app/infrastructure/http/repositories/admin-user-benefits-repository.ts 4ms
app/infrastructure/http/repositories/analytics-repository.ts 3ms
app/infrastructure/http/repositories/api-repository.ts 23ms
app/infrastructure/http/repositories/benefits-repository.ts 7ms
app/infrastructure/http/repositories/growth-repository.ts 3ms
app/infrastructure/http/repositories/notices-repository.ts 2ms
app/infrastructure/http/repositories/presets-repository.ts 2ms
app/infrastructure/http/repositories/repository-support.ts 2ms
app/infrastructure/http/repositories/review-repository.ts 6ms
app/infrastructure/http/schemas/admin-growth.ts 6ms
app/infrastructure/http/schemas/admin-items.ts 3ms
app/infrastructure/http/schemas/admin-notices.ts 2ms
app/infrastructure/http/schemas/admin-presets.ts 5ms
app/infrastructure/http/schemas/admin-user-benefits.ts 2ms
app/infrastructure/http/schemas/admin.ts 8ms
app/infrastructure/http/schemas/analytics.ts 6ms
app/infrastructure/http/schemas/benefits.ts 8ms
app/infrastructure/http/schemas/common.ts 4ms
app/infrastructure/http/schemas/generation.ts 6ms
app/infrastructure/http/schemas/growth.ts 5ms
app/infrastructure/http/schemas/learning.ts 4ms
app/infrastructure/http/schemas/notices.ts 1ms
app/infrastructure/http/schemas/presets.ts 2ms
app/infrastructure/http/schemas/review.ts 10ms
app/infrastructure/http/schemas/session.ts 3ms
app/infrastructure/http/transports/transport.ts 2ms (unchanged)
app/infrastructure/storage/review-drafts.ts 5ms
app/layouts/admin.vue 29ms
app/layouts/default.vue 4ms
app/middleware/admin.ts 1ms (unchanged)
app/middleware/guest.ts 1ms (unchanged)
app/middleware/learner.ts 1ms (unchanged)
app/pages/account/exchange.vue 2ms
app/pages/account/growth.vue 30ms
app/pages/account/index.vue 24ms
app/pages/account/items.vue 1ms
app/pages/admin/analytics.vue 45ms
app/pages/admin/growth.vue 12ms
app/pages/admin/index.vue 11ms
app/pages/admin/models.vue 36ms
app/pages/admin/notices.vue 19ms
app/pages/admin/plans.vue 30ms
app/pages/admin/presets.vue 45ms
app/pages/admin/users/[userId]/batches/[batchId].vue 2ms (unchanged)
app/pages/admin/users/[userId]/index.vue 50ms
app/pages/admin/users/index.vue 12ms
app/pages/create.vue 1ms
app/pages/explore.vue 26ms
app/pages/index.vue 10ms
app/pages/library/[batchId].vue 18ms
app/pages/library/index.vue 23ms
app/pages/login.vue 11ms
app/pages/notices.vue 8ms
app/pages/register.vue 12ms
app/pages/review/[sessionId].vue 37ms
app/pages/review/index.vue 5ms
app/pages/trial/[presetId].vue 1ms
app/plugins/analytics.client.ts 1ms
app/plugins/application-ports.client.ts 1ms (unchanged)
app/plugins/application-ports.server.ts 1ms (unchanged)
app/presentation/admin/admin-plan-presenter.ts 1ms (unchanged)
app/presentation/admin/admin-user-detail-presenter.ts 5ms (unchanged)
app/presentation/admin/admin-user-search-presenter.ts 3ms (unchanged)
app/presentation/admin/item-type-names.ts 1ms
app/presentation/analytics/metric.ts 2ms
app/presentation/auth/auth-gate-presenter.ts 1ms (unchanged)
app/presentation/components/AccountPage.vue 2ms
app/presentation/components/AccountShell.vue 6ms
app/presentation/components/AchievementCard.vue 7ms
app/presentation/components/admin/CheckinSettings.vue 10ms
app/presentation/components/admin/ItemDefinitions.vue 41ms
app/presentation/components/admin/TierEditor.vue 44ms
app/presentation/components/AdminBatchReaderDialog.vue 16ms (unchanged)
app/presentation/components/AdminUserSearchForm.vue 5ms (unchanged)
app/presentation/components/AppDialog.vue 4ms
app/presentation/components/AppError.vue 2ms (unchanged)
app/presentation/components/AppHeader.vue 9ms
app/presentation/components/AppIcon.vue 20ms
app/presentation/components/AuthGate.vue 3ms (unchanged)
app/presentation/components/BatchParticipation.vue 3ms
app/presentation/components/BrandMark.vue 1ms (unchanged)
app/presentation/components/GenerationSettings.vue 3ms
app/presentation/components/GenerationWorkspace.vue 36ms
app/presentation/components/ItemEffect.vue 2ms
app/presentation/components/ItemsWorkspace.vue 26ms
app/presentation/components/LearnerPageBoundary.vue 3ms (unchanged)
app/presentation/components/LocaleSwitch.vue 3ms (unchanged)
app/presentation/components/MetricChart.vue 5ms
app/presentation/components/NoticeHost.vue 5ms
app/presentation/components/review/LetterSlots.vue 9ms
app/presentation/components/review/PassageClozeQuestion.vue 5ms (unchanged)
app/presentation/components/review/ReviewComparison.vue 2ms
app/presentation/components/review/ReviewRangeSetup.vue 10ms
app/presentation/components/SafeNoticeBody.vue 2ms
app/presentation/components/ToastHost.vue 8ms
app/presentation/controllers/admin-user-detail.ts 8ms
app/presentation/controllers/admin-user-search.ts 4ms
app/presentation/controllers/learner-access.ts 2ms (unchanged)
app/presentation/controllers/review-setup.ts 4ms
app/presentation/home/gallery-motion.ts 5ms
app/presentation/home/home-motion.ts 5ms
app/presentation/home/sample-stories.ts 1ms
app/presentation/library/library-page-presenter.ts 1ms (unchanged)
app/presentation/review/cloze-group-style-registry.ts 5ms (unchanged)
app/presentation/review/passage-cloze-presenter.ts 4ms (unchanged)
app/presentation/review/review-setup-presenter.ts 4ms (unchanged)
app/presentation/review/review-summary-presenter.ts 2ms (unchanged)
app/runtime/analytics/events.ts 2ms
app/runtime/feedback/service.ts 2ms
app/runtime/loaders/page-loader.ts 1ms (unchanged)
app/runtime/session/admin-navigation.ts 1ms (unchanged)
app/runtime/session/authentication-feedback.ts 2ms
app/runtime/session/private-state.ts 2ms (unchanged)
app/runtime/session/token-vault.ts 3ms
app/runtime/stores/account.ts 4ms
app/runtime/stores/admin-growth.ts 4ms
app/runtime/stores/admin-items.ts 5ms
app/runtime/stores/admin-notices.ts 5ms
app/runtime/stores/admin-presets.ts 8ms
app/runtime/stores/admin-user-benefits.ts 4ms
app/runtime/stores/admin-user-detail.ts 1ms (unchanged)
app/runtime/stores/admin.ts 11ms
app/runtime/stores/analytics-events.ts 3ms
app/runtime/stores/analytics.ts 4ms
app/runtime/stores/benefits.ts 7ms
app/runtime/stores/feedback.ts 1ms
app/runtime/stores/generation.ts 13ms
app/runtime/stores/growth.ts 4ms
app/runtime/stores/library.ts 7ms
app/runtime/stores/notices.ts 4ms
app/runtime/stores/presets.ts 3ms
app/runtime/stores/private-state.ts 1ms (unchanged)
app/runtime/stores/review-setup.ts 1ms (unchanged)
app/runtime/stores/review.ts 12ms
app/runtime/stores/session.ts 5ms
app/types/nuxt.d.ts 1ms (unchanged)
tests/contracts/v1.4/group-limited.json 1ms (unchanged)
tests/contracts/v1.4/group-unlimited.json 1ms (unchanged)
tests/contracts/v1.4/group-zero.json 0ms (unchanged)
tests/contracts/v1.4/manifest.json 1ms (unchanged)
tests/contracts/v1.4/user-admin.json 0ms (unchanged)
tests/contracts/v1.4/user-limited.json 0ms (unchanged)
tests/contracts/v1.4/user-unlimited.json 0ms (unchanged)
tests/contracts/v1.4/user-zero.json 0ms (unchanged)
tests/e2e/application-smoke.spec.ts 44ms (unchanged)
tests/e2e/cr029-cr033.spec.ts 12ms (unchanged)
tests/e2e/cr030-073.spec.ts 7ms (unchanged)
tests/e2e/cr030-cr035-075.spec.ts 5ms (unchanged)
tests/e2e/cr034.spec.ts 12ms (unchanged)
tests/e2e/cr037-auth-account.spec.ts 12ms (unchanged)
tests/e2e/generation-consumer.mjs 8ms (unchanged)
tests/e2e/generation-stream-backend.mjs 5ms (unchanged)
tests/e2e/m002-admin-core.spec.ts 8ms
tests/e2e/m002-admin-fixture.mjs 11ms
tests/e2e/m002-admin-growth-fixture.mjs 7ms
tests/e2e/m002-admin-growth.spec.ts 9ms
tests/e2e/m002-admin-presets-fixture.mjs 5ms
tests/e2e/m002-admin-presets.spec.ts 6ms
tests/e2e/m002-foundation.spec.ts 6ms
tests/e2e/m002-growth-fixture.mjs 6ms
tests/e2e/m002-growth.spec.ts 4ms
tests/e2e/m002-learning.spec.ts 5ms
tests/e2e/m002-operations-fixture.mjs 5ms
tests/e2e/m002-operations.spec.ts 5ms
tests/e2e/m002-review-fixture.mjs 5ms
tests/e2e/m002-review.spec.ts 7ms
tests/e2e/mock-backend.mjs 23ms
tests/fixtures/m002.ts 3ms
tests/integration/cr033-paired-smoke.mjs 6ms (unchanged)
tests/unit/account-password-error.test.ts 5ms (unchanged)
tests/unit/admin-approved-copy.test.ts 1ms (unchanged)
tests/unit/admin-detail-state.test.ts 11ms
tests/unit/admin-layout-content.test.ts 2ms
tests/unit/admin-plan-policy.test.ts 3ms (unchanged)
tests/unit/admin-quota-contract.test.ts 5ms
tests/unit/admin-user-position.test.ts 2ms (unchanged)
tests/unit/admin-user-search.test.ts 7ms (unchanged)
tests/unit/auth-card-design.test.ts 6ms
tests/unit/auth-reader-presenters.test.ts 3ms (unchanged)
tests/unit/entry-meaning-contract.test.ts 5ms
tests/unit/generation-lifecycle.test.ts 14ms
tests/unit/generation-reducer.test.ts 2ms (unchanged)
tests/unit/generation-refund-contract.test.ts 3ms (unchanged)
tests/unit/generation-selection.test.ts 1ms (unchanged)
tests/unit/generation-stream.test.ts 8ms (unchanged)
tests/unit/library-page-presenter.test.ts 1ms (unchanged)
tests/unit/passage-cloze-presenter.test.ts 3ms (unchanged)
tests/unit/private-session-state.test.ts 4ms
tests/unit/return-intent.test.ts 1ms (unchanged)
tests/unit/review-range-setup.test.ts 19ms
tests/unit/review-setup-presenter.test.ts 7ms
tests/unit/review-summary-presenter.test.ts 3ms (unchanged)
tests/unit/span-mapper.test.ts 1ms (unchanged)
tests/unit/strict-contracts.test.ts 4ms
tests/unit/token-vault.test.ts 1ms (unchanged)
scripts/sync-design.mjs 5ms
i18n/locales/en-US.json 7ms (unchanged)
i18n/locales/zh-CN.json 8ms (unchanged)
nuxt.config.ts 2ms (unchanged)
npm notice
npm notice New major version of npm available! 10.9.8 -> 12.0.2
npm notice Changelog: https://github.com/npm/cli/releases/tag/v12.0.2
npm notice To update run: npm install -g npm@12.0.2
npm notice
