
> wordweave-frontend@0.1.0 lint /Users/xekinzhuo/Desktop/xekin_develop/ai-en-learning-development/ai-en-learning/frontend
> eslint .


/Users/xekinzhuo/Desktop/xekin_develop/ai-en-learning-development/ai-en-learning/frontend/app/application/shared/ports.ts
  32:3  error  'PassageLength' is defined but never used. Allowed unused vars must match /^_/u  @typescript-eslint/no-unused-vars

/Users/xekinzhuo/Desktop/xekin_develop/ai-en-learning-development/ai-en-learning/frontend/app/pages/admin/analytics.vue
  250:28  error  Irregular whitespace not allowed  no-irregular-whitespace
  250:33  error  Irregular whitespace not allowed  no-irregular-whitespace

/Users/xekinzhuo/Desktop/xekin_develop/ai-en-learning-development/ai-en-learning/frontend/app/pages/admin/plans.vue
  153:57  error  Do not delete dynamically computed property keys  @typescript-eslint/no-dynamic-delete

/Users/xekinzhuo/Desktop/xekin_develop/ai-en-learning-development/ai-en-learning/frontend/app/pages/admin/presets.vue
  232:23  error  Do not delete dynamically computed property keys  @typescript-eslint/no-dynamic-delete

/Users/xekinzhuo/Desktop/xekin_develop/ai-en-learning-development/ai-en-learning/frontend/app/presentation/components/ItemEffect.vue
  6:23  error  Expected to return a value in computed function  vue/return-in-computed-property

/Users/xekinzhuo/Desktop/xekin_develop/ai-en-learning-development/ai-en-learning/frontend/app/presentation/components/MetricChart.vue
  24:16  warning  Variable 'series' is already declared in the upper scope  vue/no-template-shadow

/Users/xekinzhuo/Desktop/xekin_develop/ai-en-learning-development/ai-en-learning/frontend/app/presentation/components/SafeNoticeBody.vue
  11:5  error  'v-html' directive can lead to XSS attack  vue/no-v-html

/Users/xekinzhuo/Desktop/xekin_develop/ai-en-learning-development/ai-en-learning/frontend/app/runtime/stores/admin-growth.ts
  48:70  error  Do not delete dynamically computed property keys  @typescript-eslint/no-dynamic-delete

✖ 9 problems (8 errors, 1 warning)

 ELIFECYCLE  Command failed with exit code 1.
npm notice
npm notice New major version of npm available! 10.9.8 -> 12.0.2
npm notice Changelog: https://github.com/npm/cli/releases/tag/v12.0.2
npm notice To update run: npm install -g npm@12.0.2
npm notice
