app/app.vue 44ms (unchanged)
app/application/admin/configuration.ts 7ms (unchanged)
app/application/admin/growth-drafts.ts 25ms (unchanged)
app/application/admin/growth.ts 6ms (unchanged)
app/application/admin/items.ts 3ms (unchanged)
app/application/admin/notices.ts 2ms (unchanged)
app/application/admin/plan-policy.ts 2ms (unchanged)
app/application/admin/presets.ts 5ms (unchanged)
app/application/admin/usage.ts 1ms (unchanged)
app/application/admin/user-benefits.ts 2ms (unchanged)
app/application/admin/user-detail.ts 18ms (unchanged)
app/application/admin/user-search.ts 7ms (unchanged)
app/application/analytics/models.ts 5ms (unchanged)
app/application/auth/return-intent.ts 5ms (unchanged)
app/application/benefits/models.ts 4ms (unchanged)
app/application/generation/reducer.ts 2ms (unchanged)
app/application/generation/selection.ts 1ms (unchanged)
app/application/growth/models.ts 3ms (unchanged)
app/application/notices/models.ts 1ms (unchanged)
app/application/presets/models.ts 1ms (unchanged)
app/application/review/models.ts 4ms (unchanged)
app/application/review/range-setup.ts 20ms (unchanged)
app/application/review/topology.ts 2ms (unchanged)
app/application/shared/failure.ts 2ms (unchanged)
app/application/shared/models.ts 13ms (unchanged)
app/application/shared/ports.ts 5ms (unchanged)
app/assets/css/application.css 15ms (unchanged)
app/assets/css/theme.css 155ms (unchanged)
app/composables/use-application-locale.ts 4ms (unchanged)
app/composables/use-design-copy.ts 2ms (unchanged)
app/composables/use-display-formatters.ts 5ms (unchanged)
app/composables/use-localized-head.ts 1ms (unchanged)
app/infrastructure/http/mappers/admin-growth-mapper.ts 4ms (unchanged)
app/infrastructure/http/mappers/admin-items-mapper.ts 3ms (unchanged)
app/infrastructure/http/mappers/admin-notice-mapper.ts 2ms (unchanged)
app/infrastructure/http/mappers/admin-presets-mapper.ts 3ms (unchanged)
app/infrastructure/http/mappers/analytics-mapper.ts 6ms (unchanged)
app/infrastructure/http/mappers/benefits-mapper.ts 4ms (unchanged)
app/infrastructure/http/mappers/growth-mapper.ts 3ms (unchanged)
app/infrastructure/http/mappers/index.ts 12ms (unchanged)
app/infrastructure/http/mappers/notices-mapper.ts 1ms (unchanged)
app/infrastructure/http/mappers/presets-mapper.ts 2ms (unchanged)
app/infrastructure/http/mappers/problem-mapper.ts 2ms (unchanged)
app/infrastructure/http/mappers/review-mapper.ts 5ms (unchanged)
app/infrastructure/http/mappers/span-mapper.ts 4ms (unchanged)
app/infrastructure/http/repositories/admin-configuration-repository.ts 5ms (unchanged)
app/infrastructure/http/repositories/admin-growth-repository.ts 8ms (unchanged)
app/infrastructure/http/repositories/admin-items-repository.ts 4ms (unchanged)
app/infrastructure/http/repositories/admin-notices-repository.ts 3ms (unchanged)
app/infrastructure/http/repositories/admin-presets-repository.ts 9ms (unchanged)
app/infrastructure/http/repositories/admin-user-benefits-repository.ts 4ms (unchanged)
app/infrastructure/http/repositories/analytics-repository.ts 3ms (unchanged)
app/infrastructure/http/repositories/api-repository.ts 19ms (unchanged)
app/infrastructure/http/repositories/benefits-repository.ts 5ms (unchanged)
app/infrastructure/http/repositories/growth-repository.ts 3ms (unchanged)
app/infrastructure/http/repositories/notices-repository.ts 2ms (unchanged)
app/infrastructure/http/repositories/presets-repository.ts 1ms (unchanged)
app/infrastructure/http/repositories/repository-support.ts 3ms (unchanged)
app/infrastructure/http/repositories/review-repository.ts 5ms (unchanged)
app/infrastructure/http/schemas/admin-growth.ts 6ms (unchanged)
app/infrastructure/http/schemas/admin-items.ts 3ms (unchanged)
app/infrastructure/http/schemas/admin-notices.ts 2ms (unchanged)
app/infrastructure/http/schemas/admin-presets.ts 4ms (unchanged)
app/infrastructure/http/schemas/admin-user-benefits.ts 2ms (unchanged)
app/infrastructure/http/schemas/admin.ts 7ms (unchanged)
app/infrastructure/http/schemas/analytics.ts 4ms (unchanged)
app/infrastructure/http/schemas/benefits.ts 6ms (unchanged)
app/infrastructure/http/schemas/common.ts 4ms (unchanged)
app/infrastructure/http/schemas/generation.ts 5ms (unchanged)
app/infrastructure/http/schemas/growth.ts 5ms (unchanged)
app/infrastructure/http/schemas/learning.ts 5ms (unchanged)
app/infrastructure/http/schemas/notices.ts 1ms (unchanged)
app/infrastructure/http/schemas/presets.ts 2ms (unchanged)
app/infrastructure/http/schemas/review.ts 8ms (unchanged)
app/infrastructure/http/schemas/session.ts 3ms (unchanged)
app/infrastructure/http/transports/transport.ts 2ms (unchanged)
app/infrastructure/storage/review-drafts.ts 6ms (unchanged)
app/layouts/admin.vue 25ms (unchanged)
app/layouts/default.vue 3ms (unchanged)
app/middleware/admin.ts 1ms (unchanged)
app/middleware/guest.ts 1ms (unchanged)
app/middleware/learner.ts 1ms (unchanged)
app/pages/account/exchange.vue 1ms (unchanged)
app/pages/account/growth.vue 33ms (unchanged)
app/pages/account/index.vue 26ms (unchanged)
app/pages/account/items.vue 1ms (unchanged)
app/pages/admin/analytics.vue 44ms (unchanged)
app/pages/admin/growth.vue 13ms (unchanged)
app/pages/admin/index.vue 11ms (unchanged)
app/pages/admin/models.vue 37ms (unchanged)
app/pages/admin/notices.vue 28ms
app/pages/admin/plans.vue 41ms (unchanged)
app/pages/admin/presets.vue 44ms (unchanged)
app/pages/admin/users/[userId]/batches/[batchId].vue 3ms (unchanged)
[error] app/pages/admin/users/[userId]/index.vue: SyntaxError: Unexpected closing tag "td". It may happen when the tag has already been closed by another tag. For more info see https://www.w3.org/TR/html5/syntax.html#closing-elements-that-have-implied-end-tags (260:17)
[error]   258 |                     row.adminUsername
[error]   259 |                   }}</small>
[error] > 260 |                 </td>
[error]       |                 ^^^^^
[error]   261 |                 <td>{{ row.delta }}</td>
[error]   262 |                 <td>{{ row.balanceAfter }}</td>
[error]   263 |               </tr>
app/pages/admin/users/index.vue 12ms (unchanged)
app/pages/create.vue 1ms (unchanged)
app/pages/explore.vue 21ms (unchanged)
app/pages/index.vue 11ms (unchanged)
app/pages/library/[batchId].vue 19ms (unchanged)
app/pages/library/index.vue 25ms (unchanged)
app/pages/login.vue 11ms (unchanged)
app/pages/notices.vue 6ms (unchanged)
app/pages/register.vue 11ms (unchanged)
app/pages/review/[sessionId].vue 40ms (unchanged)
app/pages/review/index.vue 5ms (unchanged)
app/pages/trial/[presetId].vue 2ms (unchanged)
app/plugins/analytics.client.ts 1ms (unchanged)
app/plugins/application-ports.client.ts 1ms (unchanged)
app/plugins/application-ports.server.ts 1ms (unchanged)
app/presentation/admin/admin-plan-presenter.ts 1ms (unchanged)
app/presentation/admin/admin-user-detail-presenter.ts 4ms (unchanged)
app/presentation/admin/admin-user-search-presenter.ts 3ms (unchanged)
app/presentation/admin/item-type-names.ts 1ms (unchanged)
app/presentation/analytics/metric.ts 2ms (unchanged)
app/presentation/auth/auth-gate-presenter.ts 1ms (unchanged)
app/presentation/components/AccountPage.vue 3ms (unchanged)
app/presentation/components/AccountShell.vue 7ms (unchanged)
app/presentation/components/AchievementCard.vue 8ms (unchanged)
app/presentation/components/admin/CheckinSettings.vue 11ms (unchanged)
app/presentation/components/admin/ItemDefinitions.vue 47ms (unchanged)
app/presentation/components/admin/TierEditor.vue 46ms (unchanged)
app/presentation/components/AdminBatchReaderDialog.vue 15ms (unchanged)
app/presentation/components/AdminUserSearchForm.vue 4ms (unchanged)
app/presentation/components/AppDialog.vue 4ms (unchanged)
app/presentation/components/AppError.vue 2ms (unchanged)
app/presentation/components/AppHeader.vue 8ms (unchanged)
app/presentation/components/AppIcon.vue 32ms (unchanged)
app/presentation/components/AuthGate.vue 3ms (unchanged)
app/presentation/components/BatchParticipation.vue 2ms (unchanged)
app/presentation/components/BrandMark.vue 1ms (unchanged)
app/presentation/components/GenerationSettings.vue 4ms (unchanged)
app/presentation/components/GenerationWorkspace.vue 36ms (unchanged)
app/presentation/components/ItemEffect.vue 3ms (unchanged)
app/presentation/components/ItemsWorkspace.vue 32ms (unchanged)
app/presentation/components/LearnerPageBoundary.vue 3ms (unchanged)
app/presentation/components/LocaleSwitch.vue 3ms (unchanged)
app/presentation/components/MetricChart.vue 4ms (unchanged)
app/presentation/components/NoticeHost.vue 5ms (unchanged)
app/presentation/components/review/LetterSlots.vue 9ms (unchanged)
app/presentation/components/review/PassageClozeQuestion.vue 5ms (unchanged)
app/presentation/components/review/ReviewComparison.vue 2ms (unchanged)
app/presentation/components/review/ReviewRangeSetup.vue 11ms (unchanged)
app/presentation/components/SafeNoticeBody.vue 3ms (unchanged)
app/presentation/components/ToastHost.vue 9ms (unchanged)
app/presentation/controllers/admin-user-detail.ts 6ms (unchanged)
app/presentation/controllers/admin-user-search.ts 4ms (unchanged)
app/presentation/controllers/learner-access.ts 2ms (unchanged)
app/presentation/controllers/review-setup.ts 4ms (unchanged)
app/presentation/home/gallery-motion.ts 4ms (unchanged)
app/presentation/home/home-motion.ts 5ms (unchanged)
app/presentation/home/sample-stories.ts 1ms (unchanged)
app/presentation/library/library-page-presenter.ts 1ms (unchanged)
app/presentation/review/cloze-group-style-registry.ts 6ms (unchanged)
app/presentation/review/passage-cloze-presenter.ts 3ms (unchanged)
app/presentation/review/review-setup-presenter.ts 3ms (unchanged)
app/presentation/review/review-summary-presenter.ts 2ms (unchanged)
app/runtime/analytics/events.ts 2ms (unchanged)
app/runtime/feedback/service.ts 2ms (unchanged)
app/runtime/loaders/page-loader.ts 1ms (unchanged)
app/runtime/session/admin-navigation.ts 1ms (unchanged)
app/runtime/session/authentication-feedback.ts 2ms (unchanged)
app/runtime/session/private-state.ts 1ms (unchanged)
app/runtime/session/token-vault.ts 3ms (unchanged)
app/runtime/stores/account.ts 4ms (unchanged)
app/runtime/stores/admin-growth.ts 5ms (unchanged)
app/runtime/stores/admin-items.ts 5ms (unchanged)
app/runtime/stores/admin-notices.ts 4ms (unchanged)
app/runtime/stores/admin-presets.ts 8ms (unchanged)
app/runtime/stores/admin-user-benefits.ts 4ms (unchanged)
app/runtime/stores/admin-user-detail.ts 1ms (unchanged)
app/runtime/stores/admin.ts 10ms (unchanged)
app/runtime/stores/analytics-events.ts 3ms (unchanged)
app/runtime/stores/analytics.ts 3ms (unchanged)
app/runtime/stores/benefits.ts 8ms (unchanged)
app/runtime/stores/feedback.ts 1ms (unchanged)
app/runtime/stores/generation.ts 13ms (unchanged)
app/runtime/stores/growth.ts 4ms (unchanged)
app/runtime/stores/library.ts 7ms (unchanged)
app/runtime/stores/notices.ts 4ms (unchanged)
app/runtime/stores/presets.ts 3ms (unchanged)
app/runtime/stores/private-state.ts 1ms (unchanged)
app/runtime/stores/review-setup.ts 1ms (unchanged)
app/runtime/stores/review.ts 15ms (unchanged)
app/runtime/stores/session.ts 5ms (unchanged)
app/types/nuxt.d.ts 1ms (unchanged)
tests/contracts/v1.4/group-limited.json 1ms (unchanged)
tests/contracts/v1.4/group-unlimited.json 1ms (unchanged)
tests/contracts/v1.4/group-zero.json 0ms (unchanged)
tests/contracts/v1.4/manifest.json 1ms (unchanged)
tests/contracts/v1.4/user-admin.json 1ms (unchanged)
tests/contracts/v1.4/user-limited.json 0ms (unchanged)
tests/contracts/v1.4/user-unlimited.json 0ms (unchanged)
tests/contracts/v1.4/user-zero.json 0ms (unchanged)
tests/e2e/application-smoke.spec.ts 42ms (unchanged)
tests/e2e/cr029-cr033.spec.ts 11ms (unchanged)
tests/e2e/cr030-073.spec.ts 7ms (unchanged)
tests/e2e/cr030-cr035-075.spec.ts 5ms (unchanged)
tests/e2e/cr034.spec.ts 11ms (unchanged)
tests/e2e/cr037-auth-account.spec.ts 9ms (unchanged)
tests/e2e/generation-consumer.mjs 8ms (unchanged)
tests/e2e/generation-stream-backend.mjs 6ms (unchanged)
tests/e2e/m002-admin-core.spec.ts 8ms (unchanged)
tests/e2e/m002-admin-fixture.mjs 9ms (unchanged)
tests/e2e/m002-admin-growth-fixture.mjs 6ms (unchanged)
tests/e2e/m002-admin-growth.spec.ts 9ms (unchanged)
tests/e2e/m002-admin-presets-fixture.mjs 5ms (unchanged)
tests/e2e/m002-admin-presets.spec.ts 6ms (unchanged)
tests/e2e/m002-foundation.spec.ts 5ms (unchanged)
tests/e2e/m002-growth-fixture.mjs 5ms (unchanged)
tests/e2e/m002-growth.spec.ts 4ms (unchanged)
tests/e2e/m002-inheritance.spec.ts 8ms
tests/e2e/m002-learning.spec.ts 5ms (unchanged)
tests/e2e/m002-operations-fixture.mjs 5ms (unchanged)
tests/e2e/m002-operations.spec.ts 5ms (unchanged)
tests/e2e/m002-review-fixture.mjs 5ms (unchanged)
tests/e2e/m002-review.spec.ts 7ms (unchanged)
tests/e2e/mock-backend.mjs 17ms
tests/e2e/README.md 24ms
tests/fixtures/m002.ts 3ms (unchanged)
tests/integration/cr033-paired-smoke.mjs 6ms (unchanged)
tests/integration/m002-browser-matrix.mjs 5ms
tests/integration/m002-real-smoke.mjs 11ms
tests/unit/account-password-error.test.ts 4ms (unchanged)
tests/unit/admin-approved-copy.test.ts 1ms (unchanged)
tests/unit/admin-detail-state.test.ts 11ms (unchanged)
tests/unit/admin-layout-content.test.ts 2ms (unchanged)
tests/unit/admin-plan-policy.test.ts 3ms (unchanged)
tests/unit/admin-quota-contract.test.ts 5ms (unchanged)
tests/unit/admin-user-position.test.ts 2ms (unchanged)
tests/unit/admin-user-search.test.ts 7ms (unchanged)
tests/unit/auth-card-design.test.ts 6ms (unchanged)
tests/unit/auth-reader-presenters.test.ts 3ms (unchanged)
tests/unit/entry-meaning-contract.test.ts 4ms (unchanged)
tests/unit/generation-lifecycle.test.ts 13ms (unchanged)
tests/unit/generation-reducer.test.ts 2ms (unchanged)
tests/unit/generation-refund-contract.test.ts 2ms (unchanged)
tests/unit/generation-selection.test.ts 1ms (unchanged)
tests/unit/generation-stream.test.ts 8ms (unchanged)
tests/unit/library-page-presenter.test.ts 1ms (unchanged)
tests/unit/m002-admin-contracts.test.ts 8ms (unchanged)
tests/unit/passage-cloze-presenter.test.ts 3ms (unchanged)
tests/unit/private-session-state.test.ts 4ms (unchanged)
tests/unit/return-intent.test.ts 1ms (unchanged)
tests/unit/review-range-setup.test.ts 15ms (unchanged)
tests/unit/review-setup-presenter.test.ts 5ms (unchanged)
tests/unit/review-summary-presenter.test.ts 2ms (unchanged)
tests/unit/span-mapper.test.ts 1ms (unchanged)
tests/unit/strict-contracts.test.ts 4ms (unchanged)
tests/unit/token-vault.test.ts 1ms (unchanged)
scripts/sync-design.mjs 4ms (unchanged)
playwright.config.ts 1ms (unchanged)
npm notice
npm notice New major version of npm available! 10.9.8 -> 12.0.2
npm notice Changelog: https://github.com/npm/cli/releases/tag/v12.0.2
npm notice To update run: npm install -g npm@12.0.2
npm notice
