{
  "passed": [
    "real admin login + overview",
    "all 8 admin modules accept real DTOs, no initial operational reward fixtures",
    "admin draft → real independent preview SSE → publish"
  ],
  "pageErrors": [],
  "error": "TimeoutError: locator.click: Timeout 30000ms exceeded.\nCall log:\n\u001b[2m  - waiting for getByRole('button', { name: 'Save and review', exact: true })\u001b[22m\n"
}
node:internal/modules/run_main:107
    triggerUncaughtException(
    ^

locator.click: Timeout 30000ms exceeded.
Call log:
[2m  - waiting for getByRole('button', { name: 'Save and review', exact: true })[22m

    at /Users/xekinzhuo/Desktop/xekin_develop/ai-en-learning-development/ai-en-learning/frontend/tests/integration/m002-real-smoke.mjs:77:63 {
  log: [
    "  - waiting for getByRole('button', { name: 'Save and review', exact: true })"
  ],
  name: 'TimeoutError'
}

Node.js v24.21.0
npm notice
npm notice New major version of npm available! 10.9.8 -> 12.0.2
npm notice Changelog: https://github.com/npm/cli/releases/tag/v12.0.2
npm notice To update run: npm install -g npm@12.0.2
npm notice
