{
  "passed": [
    "real admin login + overview",
    "all 8 admin modules accept real DTOs, no initial operational reward fixtures",
    "real atomic multi-row level preview/save and isolated growth activation"
  ],
  "pageErrors": [],
  "error": "TimeoutError: locator.click: Timeout 12000ms exceeded.\nCall log:\n\u001b[2m  - waiting for getByRole('button', { name: 'Publish preset', exact: true })\u001b[22m\n\u001b[2m    - locator resolved to <button disabled type=\"button\" class=\"btn primary\">Publish preset</button>\u001b[22m\n\u001b[2m  - attempting click action\u001b[22m\n\u001b[2m    2 × waiting for element to be visible, enabled and stable\u001b[22m\n\u001b[2m      - element is not enabled\u001b[22m\n\u001b[2m    - retrying click action\u001b[22m\n\u001b[2m    - waiting 20ms\u001b[22m\n\u001b[2m    2 × waiting for element to be visible, enabled and stable\u001b[22m\n\u001b[2m      - element is not enabled\u001b[22m\n\u001b[2m    - retrying click action\u001b[22m\n\u001b[2m      - waiting 100ms\u001b[22m\n\u001b[2m    23 × waiting for element to be visible, enabled and stable\u001b[22m\n\u001b[2m       - element is not enabled\u001b[22m\n\u001b[2m     - retrying click action\u001b[22m\n\u001b[2m       - waiting 500ms\u001b[22m\n"
}
node:internal/modules/run_main:107
    triggerUncaughtException(
    ^

locator.click: Timeout 12000ms exceeded.
Call log:
[2m  - waiting for getByRole('button', { name: 'Publish preset', exact: true })[22m
[2m    - locator resolved to <button disabled type="button" class="btn primary">Publish preset</button>[22m
[2m  - attempting click action[22m
[2m    2 × waiting for element to be visible, enabled and stable[22m
[2m      - element is not enabled[22m
[2m    - retrying click action[22m
[2m    - waiting 20ms[22m
[2m    2 × waiting for element to be visible, enabled and stable[22m
[2m      - element is not enabled[22m
[2m    - retrying click action[22m
[2m      - waiting 100ms[22m
[2m    23 × waiting for element to be visible, enabled and stable[22m
[2m       - element is not enabled[22m
[2m     - retrying click action[22m
[2m       - waiting 500ms[22m

    at /Users/xekinzhuo/Desktop/xekin_develop/ai-en-learning-development/ai-en-learning/frontend/tests/integration/m002-real-smoke.mjs:84:65 {
  log: [
    "  - waiting for getByRole('button', { name: 'Publish preset', exact: true })",
    '    - locator resolved to <button disabled type="button" class="btn primary">Publish preset</button>',
    '  - attempting click action',
    '    2 × waiting for element to be visible, enabled and stable',
    '      - element is not enabled',
    '    - retrying click action',
    '    - waiting 20ms',
    '    2 × waiting for element to be visible, enabled and stable',
    '      - element is not enabled',
    '    - retrying click action',
    '      - waiting 100ms',
    '    23 × waiting for element to be visible, enabled and stable',
    '       - element is not enabled',
    '     - retrying click action',
    '       - waiting 500ms'
  ],
  name: 'TimeoutError'
}

Node.js v24.21.0
npm notice
npm notice New major version of npm available! 10.9.8 -> 12.0.2
npm notice Changelog: https://github.com/npm/cli/releases/tag/v12.0.2
npm notice To update run: npm install -g npm@12.0.2
npm notice
