app/app.vue 48ms (unchanged)
app/application/admin/configuration.ts 7ms (unchanged)
app/application/admin/growth-drafts.ts 27ms (unchanged)
app/application/admin/growth.ts 6ms (unchanged)
app/application/admin/items.ts 3ms (unchanged)
app/application/admin/notices.ts 2ms (unchanged)
app/application/admin/plan-policy.ts 2ms (unchanged)
app/application/admin/presets.ts 6ms (unchanged)
app/application/admin/usage.ts 1ms (unchanged)
app/application/admin/user-benefits.ts 2ms (unchanged)
app/application/admin/user-detail.ts 18ms (unchanged)
app/application/admin/user-search.ts 7ms (unchanged)
app/application/analytics/models.ts 5ms (unchanged)
app/application/auth/return-intent.ts 6ms (unchanged)
app/application/benefits/models.ts 5ms (unchanged)
app/application/generation/reducer.ts 3ms (unchanged)
app/application/generation/selection.ts 1ms (unchanged)
app/application/growth/models.ts 3ms (unchanged)
app/application/notices/models.ts 1ms (unchanged)
app/application/presets/models.ts 1ms (unchanged)
app/application/review/models.ts 4ms (unchanged)
app/application/review/range-setup.ts 23ms (unchanged)
app/application/review/topology.ts 2ms (unchanged)
app/application/shared/failure.ts 2ms (unchanged)
app/application/shared/models.ts 12ms (unchanged)
app/application/shared/ports.ts 5ms (unchanged)
app/assets/css/application.css 15ms (unchanged)
app/assets/css/theme.css 158ms (unchanged)
app/composables/use-application-locale.ts 4ms (unchanged)
app/composables/use-design-copy.ts 2ms (unchanged)
app/composables/use-display-formatters.ts 5ms (unchanged)
app/composables/use-localized-head.ts 1ms (unchanged)
app/infrastructure/http/mappers/admin-growth-mapper.ts 4ms (unchanged)
app/infrastructure/http/mappers/admin-items-mapper.ts 3ms (unchanged)
app/infrastructure/http/mappers/admin-notice-mapper.ts 2ms (unchanged)
app/infrastructure/http/mappers/admin-presets-mapper.ts 3ms (unchanged)
app/infrastructure/http/mappers/analytics-mapper.ts 6ms (unchanged)
app/infrastructure/http/mappers/benefits-mapper.ts 4ms (unchanged)
app/infrastructure/http/mappers/growth-mapper.ts 3ms (unchanged)
app/infrastructure/http/mappers/index.ts 9ms (unchanged)
app/infrastructure/http/mappers/notices-mapper.ts 1ms (unchanged)
app/infrastructure/http/mappers/presets-mapper.ts 2ms (unchanged)
app/infrastructure/http/mappers/problem-mapper.ts 2ms (unchanged)
app/infrastructure/http/mappers/review-mapper.ts 5ms (unchanged)
app/infrastructure/http/mappers/span-mapper.ts 4ms (unchanged)
app/infrastructure/http/repositories/admin-configuration-repository.ts 5ms (unchanged)
app/infrastructure/http/repositories/admin-growth-repository.ts 7ms (unchanged)
app/infrastructure/http/repositories/admin-items-repository.ts 4ms (unchanged)
app/infrastructure/http/repositories/admin-notices-repository.ts 3ms (unchanged)
app/infrastructure/http/repositories/admin-presets-repository.ts 9ms (unchanged)
app/infrastructure/http/repositories/admin-user-benefits-repository.ts 3ms (unchanged)
app/infrastructure/http/repositories/analytics-repository.ts 2ms (unchanged)
app/infrastructure/http/repositories/api-repository.ts 19ms (unchanged)
app/infrastructure/http/repositories/benefits-repository.ts 4ms (unchanged)
app/infrastructure/http/repositories/growth-repository.ts 3ms (unchanged)
app/infrastructure/http/repositories/notices-repository.ts 2ms (unchanged)
app/infrastructure/http/repositories/presets-repository.ts 1ms (unchanged)
app/infrastructure/http/repositories/repository-support.ts 2ms (unchanged)
app/infrastructure/http/repositories/review-repository.ts 5ms (unchanged)
app/infrastructure/http/schemas/admin-growth.ts 5ms (unchanged)
app/infrastructure/http/schemas/admin-items.ts 3ms (unchanged)
app/infrastructure/http/schemas/admin-notices.ts 1ms (unchanged)
app/infrastructure/http/schemas/admin-presets.ts 4ms (unchanged)
app/infrastructure/http/schemas/admin-user-benefits.ts 2ms (unchanged)
app/infrastructure/http/schemas/admin.ts 6ms (unchanged)
app/infrastructure/http/schemas/analytics.ts 4ms (unchanged)
app/infrastructure/http/schemas/benefits.ts 6ms (unchanged)
app/infrastructure/http/schemas/common.ts 4ms (unchanged)
app/infrastructure/http/schemas/generation.ts 6ms (unchanged)
app/infrastructure/http/schemas/growth.ts 5ms (unchanged)
app/infrastructure/http/schemas/learning.ts 4ms (unchanged)
app/infrastructure/http/schemas/notices.ts 1ms (unchanged)
app/infrastructure/http/schemas/presets.ts 2ms (unchanged)
app/infrastructure/http/schemas/review.ts 7ms (unchanged)
app/infrastructure/http/schemas/session.ts 3ms (unchanged)
app/infrastructure/http/transports/transport.ts 2ms (unchanged)
app/infrastructure/storage/review-drafts.ts 6ms (unchanged)
app/layouts/admin.vue 23ms (unchanged)
app/layouts/default.vue 3ms (unchanged)
app/middleware/admin.ts 1ms (unchanged)
app/middleware/guest.ts 1ms (unchanged)
app/middleware/learner.ts 1ms (unchanged)
app/pages/account/exchange.vue 1ms (unchanged)
app/pages/account/growth.vue 29ms (unchanged)
app/pages/account/index.vue 22ms (unchanged)
app/pages/account/items.vue 1ms (unchanged)
app/pages/admin/analytics.vue 66ms (unchanged)
app/pages/admin/growth.vue 13ms (unchanged)
app/pages/admin/index.vue 10ms (unchanged)
app/pages/admin/models.vue 38ms (unchanged)
app/pages/admin/notices.vue 28ms (unchanged)
app/pages/admin/plans.vue 41ms
app/pages/admin/presets.vue 47ms (unchanged)
app/pages/admin/users/[userId]/batches/[batchId].vue 3ms
app/pages/admin/users/[userId]/index.vue 46ms (unchanged)
app/pages/admin/users/index.vue 12ms (unchanged)
app/pages/create.vue 1ms (unchanged)
app/pages/explore.vue 20ms (unchanged)
app/pages/index.vue 11ms (unchanged)
app/pages/library/[batchId].vue 21ms (unchanged)
app/pages/library/index.vue 24ms
app/pages/login.vue 11ms (unchanged)
app/pages/notices.vue 7ms (unchanged)
app/pages/register.vue 12ms (unchanged)
app/pages/review/[sessionId].vue 38ms (unchanged)
app/pages/review/index.vue 5ms (unchanged)
app/pages/trial/[presetId].vue 1ms (unchanged)
app/plugins/analytics.client.ts 1ms (unchanged)
app/plugins/application-ports.client.ts 1ms (unchanged)
app/plugins/application-ports.server.ts 1ms (unchanged)
app/presentation/admin/admin-plan-presenter.ts 1ms (unchanged)
app/presentation/admin/admin-user-detail-presenter.ts 5ms (unchanged)
app/presentation/admin/admin-user-search-presenter.ts 3ms (unchanged)
app/presentation/admin/item-type-names.ts 1ms (unchanged)
app/presentation/analytics/metric.ts 2ms (unchanged)
app/presentation/auth/auth-gate-presenter.ts 1ms (unchanged)
app/presentation/components/AccountPage.vue 3ms (unchanged)
app/presentation/components/AccountShell.vue 7ms (unchanged)
app/presentation/components/AchievementCard.vue 8ms (unchanged)
app/presentation/components/admin/CheckinSettings.vue 10ms (unchanged)
app/presentation/components/admin/ItemDefinitions.vue 43ms
app/presentation/components/admin/TierEditor.vue 47ms
app/presentation/components/AdminBatchReaderDialog.vue 15ms (unchanged)
app/presentation/components/AdminUserSearchForm.vue 3ms (unchanged)
app/presentation/components/AppDialog.vue 4ms (unchanged)
app/presentation/components/AppError.vue 2ms (unchanged)
app/presentation/components/AppHeader.vue 8ms (unchanged)
app/presentation/components/AppIcon.vue 24ms (unchanged)
app/presentation/components/AuthGate.vue 3ms (unchanged)
app/presentation/components/BatchParticipation.vue 2ms (unchanged)
app/presentation/components/BrandMark.vue 1ms (unchanged)
app/presentation/components/GenerationSettings.vue 3ms (unchanged)
app/presentation/components/GenerationWorkspace.vue 36ms (unchanged)
app/presentation/components/ItemEffect.vue 3ms (unchanged)
app/presentation/components/ItemsWorkspace.vue 29ms
app/presentation/components/LearnerPageBoundary.vue 3ms (unchanged)
app/presentation/components/LocaleSwitch.vue 3ms (unchanged)
app/presentation/components/MetricChart.vue 5ms (unchanged)
app/presentation/components/NoticeHost.vue 5ms (unchanged)
app/presentation/components/review/LetterSlots.vue 9ms (unchanged)
app/presentation/components/review/PassageClozeQuestion.vue 5ms (unchanged)
app/presentation/components/review/ReviewComparison.vue 2ms (unchanged)
app/presentation/components/review/ReviewRangeSetup.vue 10ms (unchanged)
app/presentation/components/SafeNoticeBody.vue 2ms (unchanged)
app/presentation/components/ToastHost.vue 8ms (unchanged)
app/presentation/controllers/admin-user-detail.ts 7ms (unchanged)
app/presentation/controllers/admin-user-search.ts 4ms (unchanged)
app/presentation/controllers/learner-access.ts 2ms (unchanged)
app/presentation/controllers/review-setup.ts 4ms (unchanged)
app/presentation/home/gallery-motion.ts 4ms (unchanged)
app/presentation/home/home-motion.ts 5ms (unchanged)
app/presentation/home/sample-stories.ts 1ms (unchanged)
app/presentation/library/library-page-presenter.ts 1ms (unchanged)
app/presentation/review/cloze-group-style-registry.ts 6ms (unchanged)
app/presentation/review/passage-cloze-presenter.ts 3ms (unchanged)
app/presentation/review/review-setup-presenter.ts 3ms (unchanged)
app/presentation/review/review-summary-presenter.ts 2ms (unchanged)
app/runtime/analytics/events.ts 3ms (unchanged)
app/runtime/feedback/service.ts 2ms (unchanged)
app/runtime/loaders/page-loader.ts 1ms (unchanged)
app/runtime/session/admin-navigation.ts 1ms (unchanged)
app/runtime/session/authentication-feedback.ts 2ms (unchanged)
app/runtime/session/private-state.ts 1ms (unchanged)
app/runtime/session/token-vault.ts 3ms (unchanged)
app/runtime/stores/account.ts 4ms (unchanged)
app/runtime/stores/admin-growth.ts 4ms
app/runtime/stores/admin-items.ts 5ms (unchanged)
app/runtime/stores/admin-notices.ts 4ms (unchanged)
app/runtime/stores/admin-presets.ts 8ms (unchanged)
app/runtime/stores/admin-user-benefits.ts 4ms (unchanged)
app/runtime/stores/admin-user-detail.ts 1ms (unchanged)
app/runtime/stores/admin.ts 10ms (unchanged)
app/runtime/stores/analytics-events.ts 3ms (unchanged)
app/runtime/stores/analytics.ts 4ms (unchanged)
app/runtime/stores/benefits.ts 8ms (unchanged)
app/runtime/stores/feedback.ts 1ms (unchanged)
app/runtime/stores/generation.ts 14ms (unchanged)
app/runtime/stores/growth.ts 4ms (unchanged)
app/runtime/stores/library.ts 7ms (unchanged)
app/runtime/stores/notices.ts 4ms (unchanged)
app/runtime/stores/presets.ts 3ms (unchanged)
app/runtime/stores/private-state.ts 1ms (unchanged)
app/runtime/stores/review-setup.ts 1ms (unchanged)
app/runtime/stores/review.ts 15ms
app/runtime/stores/session.ts 5ms (unchanged)
app/types/nuxt.d.ts 1ms (unchanged)
scripts/sync-design.mjs 10ms
npm notice
npm notice New major version of npm available! 10.9.8 -> 12.0.2
npm notice Changelog: https://github.com/npm/cli/releases/tag/v12.0.2
npm notice To update run: npm install -g npm@12.0.2
npm notice
