
> wordweave-frontend@0.1.0 test:e2e /Users/xekinzhuo/Desktop/xekin_develop/ai-en-learning-development/ai-en-learning/frontend
> playwright test --workers=1


Running 64 tests using 1 worker

(node:95777) Warning: The 'NO_COLOR' env is ignored due to the 'FORCE_COLOR' env being set.
(Use `node --trace-warnings ...` to show where the warning was created)
  ✓   1 [desktop] › tests/e2e/m002-admin-core.spec.ts:24:1 › model removal previews impacts, sends the bound revision and confirmation once (923ms)
  ✓   2 [desktop] › tests/e2e/m002-admin-core.spec.ts:52:1 › plan conflict keeps edits and priorities exchange as a single command (1.3s)
  ✓   3 [desktop] › tests/e2e/m002-admin-core.spec.ts:96:1 › blank user search, read-only titled story, positive grant and base-only reset remain available (1.5s)
  ✓   4 [desktop] › tests/e2e/m002-admin-growth.spec.ts:24:1 › check-in settings submit five values once and preserve next-day effective state (503ms)
  ✓   5 [desktop] › tests/e2e/m002-admin-growth.spec.ts:56:1 › six levels save atomically and hidden edited rows remain in the submitted snapshot (884ms)
  ✓   6 [desktop] › tests/e2e/m002-admin-growth.spec.ts:99:1 › achievement content remains plain and a field error reveals its hidden row (748ms)
  ✓   7 [desktop] › tests/e2e/m002-admin-growth.spec.ts:148:1 › issued cards cannot be deleted and model cards send only model-time effects (881ms)
  ✓   8 [desktop] › tests/e2e/m002-admin-presets.spec.ts:26:1 › draft, validated preview and explicit publish remain distinct (846ms)
  ✓   9 [desktop] › tests/e2e/m002-admin-presets.spec.ts:92:1 › unavailable credential and load failure retain configurable models without quota (486ms)
  ✓  10 [desktop] › tests/e2e/m002-admin-presets.spec.ts:127:1 › explicit cancellation uses preview capability without user quota commands (646ms)
  ✓  11 [desktop] › tests/e2e/m002-foundation.spec.ts:25:3 › UI22 home content and layout zh (230ms)
  ✓  12 [desktop] › tests/e2e/m002-foundation.spec.ts:25:3 › UI22 home content and layout en (213ms)
  ✓  13 [desktop] › tests/e2e/m002-foundation.spec.ts:77:1 › UI22 manual story selection stops the automatic turn (982ms)
  ✓  14 [desktop] › tests/e2e/m002-foundation.spec.ts:93:1 › explicit login shows welcome over reminder and keeps it for the designed duration (11.5s)
  ✓  15 [desktop] › tests/e2e/m002-growth.spec.ts:28:1 › growth preserves large amounts and literal descriptions, rewards require a click (498ms)
  ✓  16 [desktop] › tests/e2e/m002-growth.spec.ts:61:1 › plan activation requires confirmation and stale retirement price requires another preview (1.6s)
  ✓  17 [desktop] › tests/e2e/m002-inheritance.spec.ts:19:3 › inherited private gates keep exact return intent through login/register: en (1.9s)
  ✓  18 [desktop] › tests/e2e/m002-inheritance.spec.ts:19:3 › inherited private gates keep exact return intent through login/register: zh (1.9s)
  ✓  19 [desktop] › tests/e2e/m002-inheritance.spec.ts:62:1 › incorrect login keeps return intent and permits explicit retry (445ms)
  ✓  20 [desktop] › tests/e2e/m002-inheritance.spec.ts:77:1 › date ranges preserve invalid input, never submit it, and recover through explicit retry (895ms)
  ✓  21 [desktop] › tests/e2e/m002-inheritance.spec.ts:160:1 › account deletion keeps unchecked consent, final confirmation and clears private identity (923ms)
  ✓  22 [desktop] › tests/e2e/m002-inheritance.spec.ts:200:1 › private SSR responses remain separated and serialize no capability tokens (37ms)
  ✓  23 [desktop] › tests/e2e/m002-learning.spec.ts:18:1 › ordinary workspace defaults, random selection, validated save and editable batch title (770ms)
  ✓  24 [desktop] › tests/e2e/m002-learning.spec.ts:89:1 › gallery loads all cursors before counts, filters language and enters a locked manual-start workspace (735ms)
  ✓  25 [desktop] › tests/e2e/m002-operations.spec.ts:21:1 › analytics distinguishes zero, missing, observing, and unavailable without loading Clarity (303ms)
  ✓  26 [desktop] › tests/e2e/m002-operations.spec.ts:50:1 › message editor preserves empty translation slots and uses safe server preview (619ms)
  ✓  27 [desktop] › tests/e2e/m002-operations.spec.ts:88:1 › first-party page views exclude URL, private inputs and locale redraws (377ms)
  ✓  28 [desktop] › tests/e2e/m002-review.spec.ts:34:1 › partial answers, overview editing, one-time comparison and restart (848ms)
  ✓  29 [desktop] › tests/e2e/m002-review.spec.ts:87:1 › local restoration requires confirmation and never creates a new attempt on reload (986ms)
  ✓  30 [desktop] › tests/e2e/m002-review.spec.ts:111:1 › a lost submit response reconciles the receipt without recreating comparison (526ms)
  ✓  31 [desktop] › tests/e2e/m002-review.spec.ts:126:1 › two tabs cannot silently overwrite the same local draft (1.8s)
  ✓  32 [desktop] › tests/e2e/m002-review.spec.ts:157:1 › over-capacity paste is rejected as a whole and existing letters remain (642ms)
(node:97299) Warning: The 'NO_COLOR' env is ignored due to the 'FORCE_COLOR' env being set.
(Use `node --trace-warnings ...` to show where the warning was created)
  ✓  33 [mobile] › tests/e2e/m002-admin-core.spec.ts:24:1 › model removal previews impacts, sends the bound revision and confirmation once (801ms)
  ✓  34 [mobile] › tests/e2e/m002-admin-core.spec.ts:52:1 › plan conflict keeps edits and priorities exchange as a single command (1.2s)
  ✓  35 [mobile] › tests/e2e/m002-admin-core.spec.ts:96:1 › blank user search, read-only titled story, positive grant and base-only reset remain available (1.3s)
  ✓  36 [mobile] › tests/e2e/m002-admin-growth.spec.ts:24:1 › check-in settings submit five values once and preserve next-day effective state (595ms)
  ✓  37 [mobile] › tests/e2e/m002-admin-growth.spec.ts:56:1 › six levels save atomically and hidden edited rows remain in the submitted snapshot (942ms)
  ✓  38 [mobile] › tests/e2e/m002-admin-growth.spec.ts:99:1 › achievement content remains plain and a field error reveals its hidden row (791ms)
  ✓  39 [mobile] › tests/e2e/m002-admin-growth.spec.ts:148:1 › issued cards cannot be deleted and model cards send only model-time effects (583ms)
  ✓  40 [mobile] › tests/e2e/m002-admin-presets.spec.ts:26:1 › draft, validated preview and explicit publish remain distinct (949ms)
  ✓  41 [mobile] › tests/e2e/m002-admin-presets.spec.ts:92:1 › unavailable credential and load failure retain configurable models without quota (473ms)
  ✓  42 [mobile] › tests/e2e/m002-admin-presets.spec.ts:127:1 › explicit cancellation uses preview capability without user quota commands (585ms)
  ✓  43 [mobile] › tests/e2e/m002-foundation.spec.ts:25:3 › UI22 home content and layout zh (344ms)
  ✓  44 [mobile] › tests/e2e/m002-foundation.spec.ts:25:3 › UI22 home content and layout en (323ms)
  ✓  45 [mobile] › tests/e2e/m002-foundation.spec.ts:77:1 › UI22 manual story selection stops the automatic turn (955ms)
  ✓  46 [mobile] › tests/e2e/m002-foundation.spec.ts:93:1 › explicit login shows welcome over reminder and keeps it for the designed duration (11.4s)
  ✓  47 [mobile] › tests/e2e/m002-growth.spec.ts:28:1 › growth preserves large amounts and literal descriptions, rewards require a click (598ms)
  ✓  48 [mobile] › tests/e2e/m002-growth.spec.ts:61:1 › plan activation requires confirmation and stale retirement price requires another preview (1.6s)
  ✓  49 [mobile] › tests/e2e/m002-inheritance.spec.ts:19:3 › inherited private gates keep exact return intent through login/register: en (1.9s)
  ✓  50 [mobile] › tests/e2e/m002-inheritance.spec.ts:19:3 › inherited private gates keep exact return intent through login/register: zh (1.9s)
  ✓  51 [mobile] › tests/e2e/m002-inheritance.spec.ts:62:1 › incorrect login keeps return intent and permits explicit retry (429ms)
  ✓  52 [mobile] › tests/e2e/m002-inheritance.spec.ts:77:1 › date ranges preserve invalid input, never submit it, and recover through explicit retry (857ms)
  ✓  53 [mobile] › tests/e2e/m002-inheritance.spec.ts:160:1 › account deletion keeps unchecked consent, final confirmation and clears private identity (1.1s)
  ✓  54 [mobile] › tests/e2e/m002-inheritance.spec.ts:200:1 › private SSR responses remain separated and serialize no capability tokens (31ms)
  ✓  55 [mobile] › tests/e2e/m002-learning.spec.ts:18:1 › ordinary workspace defaults, random selection, validated save and editable batch title (812ms)
  ✓  56 [mobile] › tests/e2e/m002-learning.spec.ts:89:1 › gallery loads all cursors before counts, filters language and enters a locked manual-start workspace (671ms)
  ✓  57 [mobile] › tests/e2e/m002-operations.spec.ts:21:1 › analytics distinguishes zero, missing, observing, and unavailable without loading Clarity (492ms)
  ✓  58 [mobile] › tests/e2e/m002-operations.spec.ts:50:1 › message editor preserves empty translation slots and uses safe server preview (597ms)
  ✓  59 [mobile] › tests/e2e/m002-operations.spec.ts:88:1 › first-party page views exclude URL, private inputs and locale redraws (374ms)
  ✓  60 [mobile] › tests/e2e/m002-review.spec.ts:34:1 › partial answers, overview editing, one-time comparison and restart (989ms)
  ✓  61 [mobile] › tests/e2e/m002-review.spec.ts:87:1 › local restoration requires confirmation and never creates a new attempt on reload (974ms)
  ✓  62 [mobile] › tests/e2e/m002-review.spec.ts:111:1 › a lost submit response reconciles the receipt without recreating comparison (509ms)
  ✓  63 [mobile] › tests/e2e/m002-review.spec.ts:126:1 › two tabs cannot silently overwrite the same local draft (1.8s)
  ✓  64 [mobile] › tests/e2e/m002-review.spec.ts:157:1 › over-capacity paste is rejected as a whole and existing letters remain (454ms)

  64 passed (1.3m)
npm notice
npm notice New major version of npm available! 10.9.8 -> 12.0.2
npm notice Changelog: https://github.com/npm/cli/releases/tag/v12.0.2
npm notice To update run: npm install -g npm@12.0.2
npm notice
