{"time":"2026-09-28T15:35:58.504527+08:00","level":"INFO","msg":"server_build","provenance":"unavailable"}
{"time":"2026-09-28T15:35:58.846096+08:00","level":"INFO","msg":"http_request","request_id":"req_FKquR8HgB56O0hooQsr3aA","method":"GET","route":"/health/ready","status":200,"duration_ms":0}
{"time":"2026-09-28T15:35:59.073415+08:00","level":"INFO","msg":"http_request","request_id":"req_T0Db-AvPc0BxKZG7PQp3ig","method":"GET","route":"/api/v1/bootstrap","status":200,"duration_ms":0}
{"time":"2026-09-28T15:35:59.673307+08:00","level":"INFO","msg":"http_request","request_id":"req_SrMMpu8IUGi3s3WWOFvfqQ","method":"GET","route":"/api/v1/bootstrap","status":200,"duration_ms":0}
{"time":"2026-09-28T15:35:59.765413+08:00","level":"INFO","msg":"http_request","request_id":"req_pORmu2R0wxvS_0O76uHBvQ","method":"POST","route":"/api/v1/auth/login","status":200,"duration_ms":86}
{"time":"2026-09-28T15:35:59.768928+08:00","level":"INFO","msg":"http_request","request_id":"req_ZKtQFweq4iKrkxkWQ27UlQ","method":"GET","route":"/api/v1/bootstrap","status":200,"duration_ms":0}
{"time":"2026-09-28T15:35:59.775491+08:00","level":"INFO","msg":"http_request","request_id":"req_xZrwUbtIambQtOXv2y7AhA","method":"PUT","route":"/api/v1/me/ui-locale","status":200,"duration_ms":1}
{"time":"2026-09-28T15:36:00.137782+08:00","level":"INFO","msg":"http_request","request_id":"req_L88HlPESDjPRE0aUND7wjA","method":"GET","route":"/api/v1/bootstrap","status":200,"duration_ms":0}
{"time":"2026-09-28T15:36:00.141783+08:00","level":"INFO","msg":"http_request","request_id":"req_9Y5mP00ET961gJcjlid8vA","method":"GET","route":"/api/v1/me/account","status":200,"duration_ms":2}
{"time":"2026-09-28T15:36:00.149091+08:00","level":"INFO","msg":"http_request","request_id":"req_IkMAyN6s-qXbODtAdh1jfg","method":"GET","route":"/api/v1/me/batches/{batch_id}","status":200,"duration_ms":3}
{"time":"2026-09-28T15:36:00.282169+08:00","level":"INFO","msg":"http_request","request_id":"req_k4F3FQMQialZR7VCiSUxeQ","method":"GET","route":"/api/v1/bootstrap","status":200,"duration_ms":0}
{"time":"2026-09-28T15:36:00.288204+08:00","level":"INFO","msg":"http_request","request_id":"req_kTnJe4agMrC-BLwH5DpdJg","method":"POST","route":"/api/v1/analytics/events","status":204,"duration_ms":0}
{"time":"2026-09-28T15:36:00.338547+08:00","level":"INFO","msg":"http_request","request_id":"req_sKqgm2RI50wanuGBPHKdDw","method":"GET","route":"/api/v1/bootstrap","status":200,"duration_ms":0}
{"time":"2026-09-28T15:36:00.340208+08:00","level":"INFO","msg":"http_request","request_id":"req_k3cXnRuDp62fugLsDDJySA","method":"GET","route":"/api/v1/me/account","status":200,"duration_ms":0}
{"time":"2026-09-28T15:36:00.343804+08:00","level":"INFO","msg":"http_request","request_id":"req_8hilm5RVCcoWH1uc37fwQQ","method":"GET","route":"/api/v1/me/batches/{batch_id}","status":200,"duration_ms":1}
{"time":"2026-09-28T15:36:00.397341+08:00","level":"INFO","msg":"http_request","request_id":"req_om3SlFh-VrmfIfJRB-yWdA","method":"GET","route":"/api/v1/bootstrap","status":200,"duration_ms":0}
{"time":"2026-09-28T15:36:00.409442+08:00","level":"INFO","msg":"http_request","request_id":"req_Gxk7MFGiG7-8zl-2QMZxqg","method":"POST","route":"/api/v1/analytics/events","status":204,"duration_ms":0}
{"time":"2026-09-28T15:36:00.602514+08:00","level":"INFO","msg":"http_request","request_id":"req_nbXSjpdash_n2SC313ye5g","method":"GET","route":"/api/v1/bootstrap","status":200,"duration_ms":0}
{"time":"2026-09-28T15:36:00.679877+08:00","level":"INFO","msg":"http_request","request_id":"req_8iDXZ83ayI0HTOEpyoD3ng","method":"POST","route":"/api/v1/auth/login","status":200,"duration_ms":75}
{"time":"2026-09-28T15:36:00.682084+08:00","level":"INFO","msg":"http_request","request_id":"req_7_-tPWH7XAh5o3h1-8tWvw","method":"GET","route":"/api/v1/bootstrap","status":200,"duration_ms":0}
{"time":"2026-09-28T15:36:00.684039+08:00","level":"INFO","msg":"http_request","request_id":"req_jzIDkqH3v22bnwWdFQdkhQ","method":"PUT","route":"/api/v1/me/ui-locale","status":200,"duration_ms":0}
{"time":"2026-09-28T15:36:00.722784+08:00","level":"INFO","msg":"http_request","request_id":"req_lUgZEsxG_RTp6cM7xw9bSg","method":"GET","route":"/api/v1/bootstrap","status":200,"duration_ms":0}
{"time":"2026-09-28T15:36:00.724425+08:00","level":"INFO","msg":"http_request","request_id":"req_nMImC1aULajfmJIpE7hnqA","method":"GET","route":"/api/v1/me/account","status":200,"duration_ms":0}
{"time":"2026-09-28T15:36:00.728966+08:00","level":"INFO","msg":"http_request","request_id":"req_Hjy7WndqBQb4SmZZAku9nw","method":"GET","route":"/api/v1/me/batches/{batch_id}","status":200,"duration_ms":1}
{"time":"2026-09-28T15:36:00.804165+08:00","level":"INFO","msg":"http_request","request_id":"req_xiltqKdwN1GlxTYv8HrqvA","method":"GET","route":"/api/v1/bootstrap","status":200,"duration_ms":0}
{"time":"2026-09-28T15:36:00.809724+08:00","level":"INFO","msg":"http_request","request_id":"req_8GlYyocykAvxCJQaEMTkxw","method":"POST","route":"/api/v1/analytics/events","status":204,"duration_ms":0}
{"time":"2026-09-28T15:36:00.845478+08:00","level":"INFO","msg":"http_request","request_id":"req_E4vkdOlkQ5mMfw8lxrqoHQ","method":"GET","route":"/api/v1/bootstrap","status":200,"duration_ms":0}
{"time":"2026-09-28T15:36:00.847186+08:00","level":"INFO","msg":"http_request","request_id":"req_4tyT2_6T3MAm5Wrw0mn2bg","method":"GET","route":"/api/v1/me/account","status":200,"duration_ms":0}
{"time":"2026-09-28T15:36:00.851438+08:00","level":"INFO","msg":"http_request","request_id":"req_v_ILyKRYaiNV5vvO8lAECA","method":"GET","route":"/api/v1/me/batches/{batch_id}","status":200,"duration_ms":2}
{"time":"2026-09-28T15:36:00.887954+08:00","level":"INFO","msg":"http_request","request_id":"req_12c4N_tm4JCaEtD_MoWCRA","method":"GET","route":"/api/v1/bootstrap","status":200,"duration_ms":0}
{"time":"2026-09-28T15:36:00.897417+08:00","level":"INFO","msg":"http_request","request_id":"req_uzVdFyVUpGxOfVVMn3Gdkg","method":"POST","route":"/api/v1/analytics/events","status":204,"duration_ms":0}
{"time":"2026-09-28T15:36:01.273949+08:00","level":"INFO","msg":"http_request","request_id":"req_-yCHXSJ3gltUYNxVXPkfTQ","method":"GET","route":"/api/v1/bootstrap","status":200,"duration_ms":0}
{"time":"2026-09-28T15:36:01.35655+08:00","level":"INFO","msg":"http_request","request_id":"req_bQQ-TVakbQ9s_n50Z7vm-g","method":"POST","route":"/api/v1/auth/login","status":200,"duration_ms":80}
{"time":"2026-09-28T15:36:01.359194+08:00","level":"INFO","msg":"http_request","request_id":"req_Dtm647RtsM085ZoxOFAJAg","method":"GET","route":"/api/v1/bootstrap","status":200,"duration_ms":0}
{"time":"2026-09-28T15:36:01.361704+08:00","level":"INFO","msg":"http_request","request_id":"req_q9C-1EL8IQaZAhOp9VlLsA","method":"PUT","route":"/api/v1/me/ui-locale","status":200,"duration_ms":1}
{"time":"2026-09-28T15:36:01.713619+08:00","level":"INFO","msg":"http_request","request_id":"req_rrvtu_0QnvO9zAAS0pOFaQ","method":"GET","route":"/api/v1/bootstrap","status":200,"duration_ms":0}
{"time":"2026-09-28T15:36:01.714973+08:00","level":"INFO","msg":"http_request","request_id":"req_x0fm0ksqSRQDALWjkGSXyQ","method":"GET","route":"/api/v1/me/account","status":200,"duration_ms":0}
{"time":"2026-09-28T15:36:01.720193+08:00","level":"INFO","msg":"http_request","request_id":"req_BmC7IClvHxoMNyN4iLdosQ","method":"GET","route":"/api/v1/me/batches/{batch_id}","status":200,"duration_ms":1}
{"time":"2026-09-28T15:36:01.842643+08:00","level":"INFO","msg":"http_request","request_id":"req_9WJdZhvwHOkq-uSG8tQiUg","method":"GET","route":"/api/v1/bootstrap","status":200,"duration_ms":0}
{"time":"2026-09-28T15:36:01.848593+08:00","level":"INFO","msg":"http_request","request_id":"req_AW7DhmFYgqvJvvmibSuxew","method":"POST","route":"/api/v1/analytics/events","status":204,"duration_ms":0}
{"time":"2026-09-28T15:36:01.894224+08:00","level":"INFO","msg":"http_request","request_id":"req_5XAJOW3M9WP-k1SOBzAyQg","method":"GET","route":"/api/v1/bootstrap","status":200,"duration_ms":0}
{"time":"2026-09-28T15:36:01.895473+08:00","level":"INFO","msg":"http_request","request_id":"req_6X7i4H14IGGD4WKj1jN07A","method":"GET","route":"/api/v1/me/account","status":200,"duration_ms":0}
{"time":"2026-09-28T15:36:01.898005+08:00","level":"INFO","msg":"http_request","request_id":"req_zh07fuIgY32E1ygzPsa0rw","method":"GET","route":"/api/v1/me/batches/{batch_id}","status":200,"duration_ms":0}
{"time":"2026-09-28T15:36:01.947088+08:00","level":"INFO","msg":"http_request","request_id":"req_QtsXchxXsy3iGYmlbhdrtA","method":"GET","route":"/api/v1/bootstrap","status":200,"duration_ms":0}
{"time":"2026-09-28T15:36:01.954405+08:00","level":"INFO","msg":"http_request","request_id":"req_n0G2RvhYUL6uPhZqxVAEqg","method":"POST","route":"/api/v1/analytics/events","status":204,"duration_ms":0}
{"time":"2026-09-28T15:36:02.707461+08:00","level":"INFO","msg":"http_request","request_id":"req_z-eSVyoM_Kjrk2-crV7fWw","method":"GET","route":"/api/v1/bootstrap","status":200,"duration_ms":0}
{"time":"2026-09-28T15:36:02.827014+08:00","level":"INFO","msg":"http_request","request_id":"req_5dw66L4zAswEvHN0Aa6UDg","method":"POST","route":"/api/v1/auth/login","status":200,"duration_ms":80}
{"time":"2026-09-28T15:36:02.829345+08:00","level":"INFO","msg":"http_request","request_id":"req_t1TfSuMSIkv3895NQQ-bXQ","method":"GET","route":"/api/v1/bootstrap","status":200,"duration_ms":0}
{"time":"2026-09-28T15:36:02.831589+08:00","level":"INFO","msg":"http_request","request_id":"req_A8DIRo6Rx49Okh4Cg-4mXA","method":"PUT","route":"/api/v1/me/ui-locale","status":200,"duration_ms":0}
{"time":"2026-09-28T15:36:03.20594+08:00","level":"INFO","msg":"http_request","request_id":"req_XabVVh3B7S2QTQgfIkqGfA","method":"GET","route":"/api/v1/bootstrap","status":200,"duration_ms":0}
{"time":"2026-09-28T15:36:03.209117+08:00","level":"INFO","msg":"http_request","request_id":"req_QHtXtkxAuM6hBmSUJjCYBw","method":"GET","route":"/api/v1/me/account","status":200,"duration_ms":1}
{"time":"2026-09-28T15:36:03.212551+08:00","level":"INFO","msg":"http_request","request_id":"req_9KvOOmskHlhnVhBPFIru2Q","method":"GET","route":"/api/v1/me/batches/{batch_id}","status":200,"duration_ms":1}
{"time":"2026-09-28T15:36:03.472259+08:00","level":"INFO","msg":"http_request","request_id":"req__iMl2v0441ghY4quEGWEow","method":"GET","route":"/api/v1/bootstrap","status":200,"duration_ms":0}
{"time":"2026-09-28T15:36:03.488505+08:00","level":"INFO","msg":"http_request","request_id":"req_3sSovcvPmV5HJUqarECUkw","method":"POST","route":"/api/v1/analytics/events","status":204,"duration_ms":0}
{"time":"2026-09-28T15:36:03.543099+08:00","level":"INFO","msg":"http_request","request_id":"req_l2SL2PZvie2Gn_XdGEcb6Q","method":"GET","route":"/api/v1/bootstrap","status":200,"duration_ms":0}
{"time":"2026-09-28T15:36:03.544487+08:00","level":"INFO","msg":"http_request","request_id":"req_xIN9OPq_RBTKj90NBPbaiA","method":"GET","route":"/api/v1/me/account","status":200,"duration_ms":0}
{"time":"2026-09-28T15:36:03.547285+08:00","level":"INFO","msg":"http_request","request_id":"req_aAhxec4zzvsMYQy2hJGRnA","method":"GET","route":"/api/v1/me/batches/{batch_id}","status":200,"duration_ms":0}
{"time":"2026-09-28T15:36:03.623848+08:00","level":"INFO","msg":"http_request","request_id":"req_XL18kXEZExDu9cYq9Moqqw","method":"GET","route":"/api/v1/bootstrap","status":200,"duration_ms":0}
{"time":"2026-09-28T15:36:03.643874+08:00","level":"INFO","msg":"http_request","request_id":"req_X9vV1jeVV_79RUPRLxyV8A","method":"POST","route":"/api/v1/analytics/events","status":204,"duration_ms":0}
