?   	wordweave/assets/lexicon	[no test files]
?   	wordweave/assets/vocabulary	[no test files]
?   	wordweave/cmd/build-lexicon	[no test files]
ok  	wordweave/cmd/build-provenance	1.359s
?   	wordweave/cmd/wordweave	[no test files]
ok  	wordweave/cmd/wordweave-admin	1.296s
?   	wordweave/db/migrations	[no test files]
ok  	wordweave/internal/admin	2.356s
ok  	wordweave/internal/ai	23.127s
?   	wordweave/internal/analytics	[no test files]
ok  	wordweave/internal/buildinfo	2.887s
?   	wordweave/internal/dbgen	[no test files]
ok  	wordweave/internal/diagnostics	5.925s
?   	wordweave/internal/entitlement	[no test files]
ok  	wordweave/internal/generation	3.171s
ok  	wordweave/internal/generationevidence	3.739s
ok  	wordweave/internal/generationtrace	1.586s
?   	wordweave/internal/generationtrace/tracetest	[no test files]
ok  	wordweave/internal/growth	2.896s
ok  	wordweave/internal/httpapi	2.820s
ok  	wordweave/internal/identity	2.638s
ok  	wordweave/internal/learning	2.622s
?   	wordweave/internal/maintenance	[no test files]
ok  	wordweave/internal/notices	2.109s
ok  	wordweave/internal/observability	1.856s
ok  	wordweave/internal/platform/business	1.793s
ok  	wordweave/internal/platform/config	1.845s
?   	wordweave/internal/platform/postgres	[no test files]
ok  	wordweave/internal/platform/security	4.170s
ok  	wordweave/internal/review	2.037s
?   	wordweave/internal/vocabulary	[no test files]
ok  	wordweave/internal/wordnet	2.102s
