#0 building with "desktop-linux" instance using docker driver

#1 [internal] load build definition from Dockerfile
#1 transferring dockerfile: 1.03kB done
#1 DONE 0.0s

#2 [internal] load metadata for docker.io/library/node:24.8.0-alpine3.22@sha256:3e843c608bb5232f39ecb2b25e41214b958b0795914707374c8acc28487dea17
#2 DONE 0.0s

#3 [internal] load .dockerignore
#3 transferring context: 155B done
#3 DONE 0.0s

#4 [build 1/7] FROM docker.io/library/node:24.8.0-alpine3.22@sha256:3e843c608bb5232f39ecb2b25e41214b958b0795914707374c8acc28487dea17
#4 DONE 0.0s

#5 [internal] load build context
#5 transferring context: 41.12kB 0.0s done
#5 DONE 0.0s

#6 [build 3/7] RUN corepack enable && corepack prepare pnpm@10.33.0 --activate
#6 CACHED

#7 [build 2/7] WORKDIR /app
#7 CACHED

#8 [build 4/7] COPY package.json pnpm-lock.yaml ./
#8 CACHED

#9 [build 5/7] RUN pnpm install --frozen-lockfile
#9 CACHED

#10 [build 6/7] COPY . .
#10 DONE 0.1s

#11 [build 7/7] RUN pnpm typecheck && pnpm lint && pnpm lint:boundaries && pnpm test && pnpm build
#11 0.823 
#11 0.823 > wordweave-frontend@0.1.0 typecheck /app
#11 0.823 > nuxt typecheck
#11 0.823 
#11 9.795 
#11 9.795 > wordweave-frontend@0.1.0 lint /app
#11 9.795 > eslint .
#11 9.795 
#11 15.17 
#11 15.17 > wordweave-frontend@0.1.0 lint:boundaries /app
#11 15.17 > depcruise app --config dependency-cruiser.cjs
#11 15.17 
#11 16.81 
#11 16.81 ✔ no dependency violations found (114 modules, 86 dependencies cruised)
#11 16.81 
#11 17.11 
#11 17.11 > wordweave-frontend@0.1.0 test /app
#11 17.11 > vitest run
#11 17.11 
#11 17.58 
#11 17.58 [1m[30m[46m RUN [49m[39m[22m [36mv4.1.11 [39m[90m/app[39m
#11 17.58 
#11 19.21  [32m✓[39m tests/unit/admin-user-search.test.ts [2m([22m[2m8 tests[22m[2m)[22m[32m 10[2mms[22m[39m
#11 19.23  [32m✓[39m tests/unit/passage-cloze-presenter.test.ts [2m([22m[2m4 tests[22m[2m)[22m[32m 5[2mms[22m[39m
#11 19.58  [32m✓[39m tests/unit/auth-reader-presenters.test.ts [2m([22m[2m8 tests[22m[2m)[22m[32m 6[2mms[22m[39m
#11 19.77  [32m✓[39m tests/unit/private-session-state.test.ts [2m([22m[2m5 tests[22m[2m)[22m[32m 83[2mms[22m[39m
#11 19.81  [32m✓[39m tests/unit/review-setup-presenter.test.ts [2m([22m[2m4 tests[22m[2m)[22m[32m 141[2mms[22m[39m
#11 19.88  [32m✓[39m tests/unit/review-summary-presenter.test.ts [2m([22m[2m4 tests[22m[2m)[22m[32m 6[2mms[22m[39m
#11 19.91  [32m✓[39m tests/unit/review-range-setup.test.ts [2m([22m[2m47 tests[22m[2m)[22m[32m 118[2mms[22m[39m
#11 19.92  [32m✓[39m tests/unit/admin-detail-state.test.ts [2m([22m[2m15 tests[22m[2m)[22m[32m 73[2mms[22m[39m
#11 19.92  [32m✓[39m tests/unit/generation-reducer.test.ts [2m([22m[2m2 tests[22m[2m)[22m[32m 4[2mms[22m[39m
#11 19.97  [32m✓[39m tests/unit/strict-contracts.test.ts [2m([22m[2m6 tests[22m[2m)[22m[32m 20[2mms[22m[39m
#11 20.06  [32m✓[39m tests/unit/admin-quota-contract.test.ts [2m([22m[2m26 tests[22m[2m)[22m[32m 61[2mms[22m[39m
#11 20.58  [32m✓[39m tests/unit/span-mapper.test.ts [2m([22m[2m3 tests[22m[2m)[22m[32m 21[2mms[22m[39m
#11 20.80  [32m✓[39m tests/unit/library-page-presenter.test.ts [2m([22m[2m3 tests[22m[2m)[22m[32m 9[2mms[22m[39m
#11 20.85  [32m✓[39m tests/unit/return-intent.test.ts [2m([22m[2m13 tests[22m[2m)[22m[32m 7[2mms[22m[39m
#11 20.85  [32m✓[39m tests/unit/admin-approved-copy.test.ts [2m([22m[2m2 tests[22m[2m)[22m[32m 4[2mms[22m[39m
#11 20.87  [32m✓[39m tests/unit/token-vault.test.ts [2m([22m[2m2 tests[22m[2m)[22m[32m 3[2mms[22m[39m
#11 20.88  [32m✓[39m tests/unit/generation-selection.test.ts [2m([22m[2m3 tests[22m[2m)[22m[32m 3[2mms[22m[39m
#11 20.96  [32m✓[39m tests/unit/admin-user-position.test.ts [2m([22m[2m2 tests[22m[2m)[22m[32m 6[2mms[22m[39m
#11 20.97 
#11 20.97 [2m Test Files [22m [1m[32m18 passed[39m[22m[90m (18)[39m
#11 20.97 [2m      Tests [22m [1m[32m157 passed[39m[22m[90m (157)[39m
#11 20.97 [2m   Start at [22m 06:15:35
#11 20.97 [2m   Duration [22m 3.38s[2m (transform 5.14s, setup 0ms, import 7.53s, tests 583ms, environment 14.35s)[22m
#11 20.97 
#11 21.28 
#11 21.28 > wordweave-frontend@0.1.0 build /app
#11 21.28 > nuxt build
#11 21.28 
#11 21.44 ┌  Building Nuxt for production...
#11 21.73 │
#11 21.73 ●  Nuxt 4.5.2 (with Nitro 2.13.4, Vite 8.2.2 and Vue 3.5.42)
#11 23.24 │
#11 23.24 ●  Nitro preset: node-server
#11 24.79 ℹ Building client...
#11 24.84 ℹ vite v8.2.2 building client environment for production...
#11 24.94 transforming...
#11 32.02 ✓ 456 modules transformed.
#11 32.90 rendering chunks...
#11 33.04 computing gzip size...
#11 33.04 ℹ node_modules/.cache/nuxt/.nuxt/dist/client/manifest.json                  15.74 kB │ gzip:  1.72 kB
#11 33.04 node_modules/.cache/nuxt/.nuxt/dist/client/_nuxt/error-500.BCwb1ls_.css    1.90 kB │ gzip:  0.72 kB
#11 33.04 node_modules/.cache/nuxt/.nuxt/dist/client/_nuxt/error-404.DtX14caB.css    2.42 kB │ gzip:  0.85 kB
#11 33.04 node_modules/.cache/nuxt/.nuxt/dist/client/_nuxt/entry.BHa952Sh.css       57.65 kB │ gzip: 11.35 kB
#11 33.04 node_modules/.cache/nuxt/.nuxt/dist/client/_nuxt/CNs_Ozdc.js               0.02 kB │ gzip:  0.04 kB
#11 33.04 node_modules/.cache/nuxt/.nuxt/dist/client/_nuxt/BDNMzG2s.js               0.08 kB │ gzip:  0.09 kB
#11 33.04 node_modules/.cache/nuxt/.nuxt/dist/client/_nuxt/S5_MK9-o.js               0.10 kB │ gzip:  0.10 kB
#11 33.04 node_modules/.cache/nuxt/.nuxt/dist/client/_nuxt/tCkLUWL1.js               0.10 kB │ gzip:  0.10 kB
#11 33.04 node_modules/.cache/nuxt/.nuxt/dist/client/_nuxt/DIYIsLm9.js               0.23 kB │ gzip:  0.19 kB
#11 33.04 node_modules/.cache/nuxt/.nuxt/dist/client/_nuxt/Bt_zpNgQ.js               0.24 kB │ gzip:  0.19 kB
#11 33.04 node_modules/.cache/nuxt/.nuxt/dist/client/_nuxt/BERFr0du.js               0.28 kB │ gzip:  0.22 kB
#11 33.04 node_modules/.cache/nuxt/.nuxt/dist/client/_nuxt/5GuO1-aO.js               0.52 kB │ gzip:  0.34 kB
#11 33.04 node_modules/.cache/nuxt/.nuxt/dist/client/_nuxt/-1Kx9Afa.js               0.53 kB │ gzip:  0.28 kB
#11 33.04 node_modules/.cache/nuxt/.nuxt/dist/client/_nuxt/BDYDzGT2.js               0.57 kB │ gzip:  0.40 kB
#11 33.04 node_modules/.cache/nuxt/.nuxt/dist/client/_nuxt/Cf92AYbD.js               0.94 kB │ gzip:  0.56 kB
#11 33.04 node_modules/.cache/nuxt/.nuxt/dist/client/_nuxt/BeHUuxLI.js               1.12 kB │ gzip:  0.60 kB
#11 33.04 node_modules/.cache/nuxt/.nuxt/dist/client/_nuxt/DCWT57rh.js               1.16 kB │ gzip:  0.62 kB
#11 33.04 node_modules/.cache/nuxt/.nuxt/dist/client/_nuxt/5-iaFy1v.js               1.42 kB │ gzip:  0.81 kB
#11 33.04 node_modules/.cache/nuxt/.nuxt/dist/client/_nuxt/DRgoZ4a1.js               1.99 kB │ gzip:  0.76 kB
#11 33.04 node_modules/.cache/nuxt/.nuxt/dist/client/_nuxt/DmOJ-VTW.js               2.26 kB │ gzip:  0.98 kB
#11 33.04 node_modules/.cache/nuxt/.nuxt/dist/client/_nuxt/l1sNY-Nk.js               2.88 kB │ gzip:  1.25 kB
#11 33.04 node_modules/.cache/nuxt/.nuxt/dist/client/_nuxt/BqskFqFP.js               2.92 kB │ gzip:  0.92 kB
#11 33.04 node_modules/.cache/nuxt/.nuxt/dist/client/_nuxt/DA1bTKku.js               3.09 kB │ gzip:  1.13 kB
#11 33.04 node_modules/.cache/nuxt/.nuxt/dist/client/_nuxt/C84e44Jr.js               3.18 kB │ gzip:  1.31 kB
#11 33.04 node_modules/.cache/nuxt/.nuxt/dist/client/_nuxt/DeHULW8C.js               3.29 kB │ gzip:  1.50 kB
#11 33.04 node_modules/.cache/nuxt/.nuxt/dist/client/_nuxt/ZFMDAfrj.js               3.40 kB │ gzip:  1.54 kB
#11 33.04 node_modules/.cache/nuxt/.nuxt/dist/client/_nuxt/DyQ6fHQV.js               3.73 kB │ gzip:  1.59 kB
#11 33.04 node_modules/.cache/nuxt/.nuxt/dist/client/_nuxt/iNk9x6Dm.js               3.75 kB │ gzip:  1.70 kB
#11 33.04 node_modules/.cache/nuxt/.nuxt/dist/client/_nuxt/Bm7gilV3.js               3.94 kB │ gzip:  1.40 kB
#11 33.04 node_modules/.cache/nuxt/.nuxt/dist/client/_nuxt/pAQdr_Pp.js               4.21 kB │ gzip:  1.74 kB
#11 33.04 node_modules/.cache/nuxt/.nuxt/dist/client/_nuxt/DvAY2-3O.js               5.32 kB │ gzip:  2.03 kB
#11 33.04 node_modules/.cache/nuxt/.nuxt/dist/client/_nuxt/CtxfIjMK.js               6.15 kB │ gzip:  1.73 kB
#11 33.04 node_modules/.cache/nuxt/.nuxt/dist/client/_nuxt/BJFZgYue.js               6.35 kB │ gzip:  2.81 kB
#11 33.04 node_modules/.cache/nuxt/.nuxt/dist/client/_nuxt/D5RaLiGN.js               6.72 kB │ gzip:  2.44 kB
#11 33.04 node_modules/.cache/nuxt/.nuxt/dist/client/_nuxt/BW8tLj2B.js               7.00 kB │ gzip:  2.26 kB
#11 33.04 node_modules/.cache/nuxt/.nuxt/dist/client/_nuxt/Ddu7jS-E.js               7.58 kB │ gzip:  2.31 kB
#11 33.04 node_modules/.cache/nuxt/.nuxt/dist/client/_nuxt/wg7sL3Bu.js               8.10 kB │ gzip:  3.01 kB
#11 33.04 node_modules/.cache/nuxt/.nuxt/dist/client/_nuxt/DurFGb6a.js               8.33 kB │ gzip:  3.36 kB
#11 33.04 node_modules/.cache/nuxt/.nuxt/dist/client/_nuxt/z0aVqf-7.js               9.27 kB │ gzip:  3.92 kB
#11 33.04 node_modules/.cache/nuxt/.nuxt/dist/client/_nuxt/Cm3Y0Alp.js              13.08 kB │ gzip:  4.68 kB
#11 33.04 node_modules/.cache/nuxt/.nuxt/dist/client/_nuxt/BTZguKw7.js              13.46 kB │ gzip:  5.77 kB
#11 33.04 node_modules/.cache/nuxt/.nuxt/dist/client/_nuxt/7wLIyU_z.js              16.65 kB │ gzip:  5.63 kB
#11 33.04 node_modules/.cache/nuxt/.nuxt/dist/client/_nuxt/cFnuA2TA.js              17.11 kB │ gzip:  5.04 kB
#11 33.04 node_modules/.cache/nuxt/.nuxt/dist/client/_nuxt/VfD9bjV9.js              20.08 kB │ gzip:  6.76 kB
#11 33.04 node_modules/.cache/nuxt/.nuxt/dist/client/_nuxt/BY7JDMyC.js              87.22 kB │ gzip: 33.69 kB
#11 33.04 node_modules/.cache/nuxt/.nuxt/dist/client/_nuxt/BN5jR1eh.js             284.83 kB │ gzip: 91.40 kB
#11 33.04 
#11 33.05 ℹ ✓ built in 8.21s
#11 33.05 
#11 33.05  WARN  [33m[PLUGIN_TIMINGS] [0mYour build spent 85% of 8.2s inside plugin hooks (7.0s).
#11 33.05 Measured inside the callback, so queue time is excluded and time the callback itself awaited is not:
#11 33.05   - vite-plugin-checker buildEnd (50%, 4.1s, 1 call)
#11 33.05 Those rows are 50% of the build; the rest of the 85% is below.
#11 33.05 Not measurable — 2 hooks whose calls overlap, so elapsed time covers work other calls were doing. Profile with node --cpu-prof:
#11 33.05   - nuxt:ssr-styles:client resolveId (80 calls)
#11 33.05   - nuxt:resolve-bare-imports resolveId (27 calls)
#11 33.05 See https://rolldown.rs/reference/InputOptions.checks#plugintimings for more details.
#11 33.05 
#11 33.05 
#11 33.05 ✔ Client built in 8258ms
#11 33.05 ℹ Building server...
#11 33.07 ℹ vite v8.2.2 building ssr environment for production...
#11 33.15 transforming...
#11 41.09 ✓ 274 modules transformed.
#11 41.22 rendering chunks...
#11 41.42 ℹ node_modules/.cache/nuxt/.nuxt/dist/server/_nuxt/error-404-styles.UP1AHB9m.mjs            0.08 kB
#11 41.42 node_modules/.cache/nuxt/.nuxt/dist/server/_nuxt/error-500-styles.CvfOP9g8.mjs            0.08 kB
#11 41.42 node_modules/.cache/nuxt/.nuxt/dist/server/styles.mjs                                     0.61 kB
#11 41.42 node_modules/.cache/nuxt/.nuxt/dist/server/_nuxt/_plugin-vue_export-helper-BOaGB7Aw.js    0.26 kB
#11 41.42 node_modules/.cache/nuxt/.nuxt/dist/server/_nuxt/page-loader-UVBqIJ9m.js                  0.29 kB │ map:   0.42 kB
#11 41.42 node_modules/.cache/nuxt/.nuxt/dist/server/_nuxt/use-localized-head-kCfEfn-y.js           0.31 kB │ map:   0.41 kB
#11 41.42 node_modules/.cache/nuxt/.nuxt/dist/server/_nuxt/pages-CXiWzg88.js                        0.36 kB │ map:   1.81 kB
#11 41.42 node_modules/.cache/nuxt/.nuxt/dist/server/_nuxt/admin-DH4X0cjF.js                        0.59 kB │ map:   0.52 kB
#11 41.42 node_modules/.cache/nuxt/.nuxt/dist/server/_nuxt/learner-yiH_w6RE.js                      0.61 kB │ map:   0.61 kB
#11 41.42 node_modules/.cache/nuxt/.nuxt/dist/server/_nuxt/guest-Bnt32VM7.js                        0.66 kB │ map:   0.63 kB
#11 41.42 node_modules/.cache/nuxt/.nuxt/dist/server/_nuxt/use-display-formatters-CC0sSAvc.js       0.91 kB │ map:   1.73 kB
#11 41.42 node_modules/.cache/nuxt/.nuxt/dist/server/_nuxt/AppError-QqXg0akp.js                     1.75 kB │ map:   1.50 kB
#11 41.42 node_modules/.cache/nuxt/.nuxt/dist/server/_nuxt/return-intent-BCvjMq5m.js                1.82 kB │ map:   4.18 kB
#11 41.42 node_modules/.cache/nuxt/.nuxt/dist/server/_nuxt/_batchId_-SApaePL9.js                    1.98 kB │ map:   2.09 kB
#11 41.42 node_modules/.cache/nuxt/.nuxt/dist/server/_nuxt/AppDialog-CYBW5QxB.js                    2.10 kB │ map:   2.94 kB
#11 41.42 node_modules/.cache/nuxt/.nuxt/dist/server/_nuxt/AdminUserSearchForm-CsetNBMI.js          2.35 kB │ map:   3.07 kB
#11 41.42 node_modules/.cache/nuxt/.nuxt/dist/server/_nuxt/error-500-styles-1.mjs-BIY4rstB.js       2.44 kB │ map:   5.29 kB
#11 41.42 node_modules/.cache/nuxt/.nuxt/dist/server/_nuxt/error-404-styles-1.mjs-DwzLrrzA.js       2.97 kB │ map:   5.93 kB
#11 41.42 node_modules/.cache/nuxt/.nuxt/dist/server/_nuxt/LocaleSwitch-Dq9FGmQc.js                 3.23 kB │ map:   3.06 kB
#11 41.42 node_modules/.cache/nuxt/.nuxt/dist/server/_nuxt/AppIcon-BBgbpNJY.js                      4.11 kB │ map:   8.16 kB
#11 41.42 node_modules/.cache/nuxt/.nuxt/dist/server/_nuxt/pages-Bzt8T4EE.js                        4.18 kB │ map:   6.03 kB
#11 41.42 node_modules/.cache/nuxt/.nuxt/dist/server/_nuxt/error-500-bZxxDWmE.js                    4.65 kB │ map:   5.62 kB
#11 41.42 node_modules/.cache/nuxt/.nuxt/dist/server/_nuxt/library-Ch4NDsFu.js                      4.83 kB │ map:   8.95 kB
#11 41.42 node_modules/.cache/nuxt/.nuxt/dist/server/_nuxt/login-FfI0CekM.js                        5.30 kB │ map:  10.68 kB
#11 41.42 node_modules/.cache/nuxt/.nuxt/dist/server/_nuxt/error-404-BOY8mc-o.js                    5.36 kB │ map:   6.42 kB
#11 41.42 node_modules/.cache/nuxt/.nuxt/dist/server/_nuxt/plans-Dx1664nG.js                        5.68 kB │ map:  15.33 kB
#11 41.42 node_modules/.cache/nuxt/.nuxt/dist/server/_nuxt/admin-C70iooso.js                        5.74 kB │ map:   7.54 kB
#11 41.42 node_modules/.cache/nuxt/.nuxt/dist/server/_nuxt/register-BBhD04LX.js                     5.77 kB │ map:  12.07 kB
#11 41.42 node_modules/.cache/nuxt/.nuxt/dist/server/_nuxt/session-CwryHO8Q.js                      6.27 kB │ map:  15.37 kB
#11 41.42 node_modules/.cache/nuxt/.nuxt/dist/server/_nuxt/learner-access-BoFJkWaF.js               6.93 kB │ map:   8.91 kB
#11 41.42 node_modules/.cache/nuxt/.nuxt/dist/server/_nuxt/error-ByBOoWF7.js                        8.66 kB │ map:  22.84 kB
#11 41.42 node_modules/.cache/nuxt/.nuxt/dist/server/_nuxt/default-CJd_ezuM.js                     10.89 kB │ map:  14.01 kB
#11 41.42 node_modules/.cache/nuxt/.nuxt/dist/server/_nuxt/admin-Cm27_bzo.js                       11.03 kB │ map:  23.55 kB
#11 41.42 node_modules/.cache/nuxt/.nuxt/dist/server/_nuxt/users-B084yaBF.js                       12.33 kB │ map:  25.50 kB
#11 41.42 node_modules/.cache/nuxt/.nuxt/dist/server/_nuxt/nuxt-link-9QRLERp7.js                   13.94 kB │ map:  33.44 kB
#11 41.42 node_modules/.cache/nuxt/.nuxt/dist/server/_nuxt/models-C8Xw1-uL.js                      14.78 kB │ map:  27.02 kB
#11 41.42 node_modules/.cache/nuxt/.nuxt/dist/server/_nuxt/nuxt-D5SnilLa.js                        15.95 kB │ map:  39.71 kB
#11 41.42 node_modules/.cache/nuxt/.nuxt/dist/server/_nuxt/_batchId_-Cd194BBR.js                   18.24 kB │ map:  26.51 kB
#11 41.42 node_modules/.cache/nuxt/.nuxt/dist/server/_nuxt/devtools-CLRpXhL7-CYb7ggQw.js           21.27 kB │ map:  73.01 kB
#11 41.42 node_modules/.cache/nuxt/.nuxt/dist/server/_nuxt/library-Ccc7lLil.js                     22.20 kB │ map:  30.88 kB
#11 41.42 node_modules/.cache/nuxt/.nuxt/dist/server/_nuxt/review-vog38K1Z.js                      23.70 kB │ map:  45.37 kB
#11 41.42 node_modules/.cache/nuxt/.nuxt/dist/server/_nuxt/create-BuPs4dHm.js                      24.38 kB │ map:  74.54 kB
#11 41.42 node_modules/.cache/nuxt/.nuxt/dist/server/_nuxt/account-GE5ekEi5.js                     27.13 kB │ map:  35.79 kB
#11 41.42 node_modules/.cache/nuxt/.nuxt/dist/server/_nuxt/_userId_-CFI6AyzF.js                    30.03 kB │ map:  56.41 kB
#11 41.42 node_modules/.cache/nuxt/.nuxt/dist/server/_nuxt/_sessionId_-CjJ2Yocx.js                 39.96 kB │ map:  71.07 kB
#11 41.42 node_modules/.cache/nuxt/.nuxt/dist/server/server.mjs                                   323.31 kB │ map: 841.03 kB
#11 41.42 
#11 41.42 ℹ ✓ built in 8.35s
#11 41.42 
#11 41.42  WARN  [33m[PLUGIN_TIMINGS] [0mYour build spent 98% of 8.3s inside plugin hooks (8.1s).
#11 41.42 Measured inside the callback, so queue time is excluded and time the callback itself awaited is not:
#11 41.42   - vite-plugin-checker buildEnd (81%, 6.7s, 1 call)
#11 41.42 Those rows are 81% of the build; the rest of the 98% is below.
#11 41.42 Not measurable — 4 hooks whose calls overlap, so elapsed time covers work other calls were doing. Profile with node --cpu-prof:
#11 41.42   - nuxt:ssr-styles:ssr resolveId (80 calls)
#11 41.42   - nuxt:resolve-externals:external resolveId (43 calls)
#11 41.42   - nuxt:resolve-bare-imports resolveId (20 calls)
#11 41.42   … and 1 more
#11 41.42 See https://rolldown.rs/reference/InputOptions.checks#plugintimings for more details.
#11 41.42 
#11 41.42 
#11 41.46 ✔ Server built in 8408ms
#11 41.87 [nitro] ✔ Generated public .output/public
#11 42.00 [nitro] ℹ Building Nuxt Nitro server (preset: node-server, compatibility date: 2026-09-01)
#11 47.82 [nitro] ✔ Nuxt Nitro server built
#11 47.94   ├─ .output/server/chunks/_/error-500.mjs (5.05 kB) (2.07 kB gzip)
#11 47.94   ├─ .output/server/chunks/_/error-500.mjs.map (259 B) (202 B gzip)
#11 47.94   ├─ .output/server/chunks/build/_batchId_-Cd194BBR.mjs (18.6 kB) (3.89 kB gzip)
#11 47.94   ├─ .output/server/chunks/build/_batchId_-Cd194BBR.mjs.map (15.3 kB) (3.02 kB gzip)
#11 47.94   ├─ .output/server/chunks/build/_batchId_-SApaePL9.mjs (2.35 kB) (975 B gzip)
#11 47.94   ├─ .output/server/chunks/build/_batchId_-SApaePL9.mjs.map (864 B) (376 B gzip)
#11 47.94   ├─ .output/server/chunks/build/_plugin-vue_export-helper-BOaGB7Aw.mjs (320 B) (227 B gzip)
#11 47.94   ├─ .output/server/chunks/build/_plugin-vue_export-helper-BOaGB7Aw.mjs.map (225 B) (172 B gzip)
#11 47.94   ├─ .output/server/chunks/build/_sessionId_-CjJ2Yocx.mjs (40.3 kB) (8.61 kB gzip)
#11 47.94   ├─ .output/server/chunks/build/_sessionId_-CjJ2Yocx.mjs.map (35.4 kB) (7.21 kB gzip)
#11 47.94   ├─ .output/server/chunks/build/_userId_-CFI6AyzF.mjs (29.9 kB) (6.95 kB gzip)
#11 47.94   ├─ .output/server/chunks/build/_userId_-CFI6AyzF.mjs.map (28.1 kB) (5.56 kB gzip)
#11 47.94   ├─ .output/server/chunks/build/account-GE5ekEi5.mjs (27.5 kB) (4.36 kB gzip)
#11 47.94   ├─ .output/server/chunks/build/account-GE5ekEi5.mjs.map (23.4 kB) (3.61 kB gzip)
#11 47.94   ├─ .output/server/chunks/build/admin-C70iooso.mjs (6.17 kB) (1.78 kB gzip)
#11 47.94   ├─ .output/server/chunks/build/admin-C70iooso.mjs.map (3.65 kB) (833 B gzip)
#11 47.94   ├─ .output/server/chunks/build/admin-Cm27_bzo.mjs (11 kB) (2.4 kB gzip)
#11 47.94   ├─ .output/server/chunks/build/admin-Cm27_bzo.mjs.map (11.7 kB) (2.38 kB gzip)
#11 47.94   ├─ .output/server/chunks/build/admin-DH4X0cjF.mjs (1.06 kB) (489 B gzip)
#11 47.94   ├─ .output/server/chunks/build/admin-DH4X0cjF.mjs.map (411 B) (238 B gzip)
#11 47.94   ├─ .output/server/chunks/build/AdminUserSearchForm-CsetNBMI.mjs (2.35 kB) (936 B gzip)
#11 47.94   ├─ .output/server/chunks/build/AdminUserSearchForm-CsetNBMI.mjs.map (873 B) (345 B gzip)
#11 47.94   ├─ .output/server/chunks/build/AppDialog-CYBW5QxB.mjs (2.09 kB) (875 B gzip)
#11 47.94   ├─ .output/server/chunks/build/AppDialog-CYBW5QxB.mjs.map (852 B) (375 B gzip)
#11 47.94   ├─ .output/server/chunks/build/AppError-QqXg0akp.mjs (1.75 kB) (760 B gzip)
#11 47.94   ├─ .output/server/chunks/build/AppError-QqXg0akp.mjs.map (638 B) (278 B gzip)
#11 47.94   ├─ .output/server/chunks/build/AppIcon-BBgbpNJY.mjs (4.1 kB) (1.38 kB gzip)
#11 47.94   ├─ .output/server/chunks/build/AppIcon-BBgbpNJY.mjs.map (1.54 kB) (338 B gzip)
#11 47.94   ├─ .output/server/chunks/build/create-BuPs4dHm.mjs (24.8 kB) (5.5 kB gzip)
#11 47.94   ├─ .output/server/chunks/build/create-BuPs4dHm.mjs.map (20.9 kB) (4.16 kB gzip)
#11 47.94   ├─ .output/server/chunks/build/default-CJd_ezuM.mjs (11.3 kB) (2.42 kB gzip)
#11 47.94   ├─ .output/server/chunks/build/default-CJd_ezuM.mjs.map (7.18 kB) (1.25 kB gzip)
#11 47.94   ├─ .output/server/chunks/build/error-404-BOY8mc-o.mjs (5.83 kB) (2.39 kB gzip)
#11 47.94   ├─ .output/server/chunks/build/error-404-BOY8mc-o.mjs.map (323 B) (242 B gzip)
#11 47.94   ├─ .output/server/chunks/build/error-404-styles.UP1AHB9m.mjs (3.02 kB) (1.15 kB gzip)
#11 47.94   ├─ .output/server/chunks/build/error-404-styles.UP1AHB9m.mjs.map (217 B) (170 B gzip)
#11 47.94   ├─ .output/server/chunks/build/error-500-bZxxDWmE.mjs (5.17 kB) (2.14 kB gzip)
#11 47.94   ├─ .output/server/chunks/build/error-500-bZxxDWmE.mjs.map (323 B) (243 B gzip)
#11 47.94   ├─ .output/server/chunks/build/error-500-styles.CvfOP9g8.mjs (2.49 kB) (1.02 kB gzip)
#11 47.94   ├─ .output/server/chunks/build/error-500-styles.CvfOP9g8.mjs.map (217 B) (167 B gzip)
#11 47.94   ├─ .output/server/chunks/build/guest-Bnt32VM7.mjs (1.12 kB) (526 B gzip)
#11 47.94   ├─ .output/server/chunks/build/guest-Bnt32VM7.mjs.map (468 B) (258 B gzip)
#11 47.94   ├─ .output/server/chunks/build/learner-access-BoFJkWaF.mjs (6.78 kB) (2 kB gzip)
#11 47.94   ├─ .output/server/chunks/build/learner-access-BoFJkWaF.mjs.map (4.31 kB) (1.22 kB gzip)
#11 47.94   ├─ .output/server/chunks/build/learner-yiH_w6RE.mjs (1.08 kB) (494 B gzip)
#11 47.94   ├─ .output/server/chunks/build/learner-yiH_w6RE.mjs.map (410 B) (239 B gzip)
#11 47.94   ├─ .output/server/chunks/build/library-Ccc7lLil.mjs (22.7 kB) (4.48 kB gzip)
#11 47.94   ├─ .output/server/chunks/build/library-Ccc7lLil.mjs.map (18.5 kB) (3.49 kB gzip)
#11 47.94   ├─ .output/server/chunks/build/library-Ch4NDsFu.mjs (4.79 kB) (1.17 kB gzip)
#11 47.94   ├─ .output/server/chunks/build/library-Ch4NDsFu.mjs.map (5.2 kB) (1.08 kB gzip)
#11 47.94   ├─ .output/server/chunks/build/LocaleSwitch-Dq9FGmQc.mjs (3.24 kB) (1.26 kB gzip)
#11 47.94   ├─ .output/server/chunks/build/LocaleSwitch-Dq9FGmQc.mjs.map (834 B) (364 B gzip)
#11 47.94   ├─ .output/server/chunks/build/login-FfI0CekM.mjs (5.59 kB) (1.9 kB gzip)
#11 47.94   ├─ .output/server/chunks/build/login-FfI0CekM.mjs.map (3.26 kB) (853 B gzip)
#11 47.94   ├─ .output/server/chunks/build/models-C8Xw1-uL.mjs (15.2 kB) (3.33 kB gzip)
#11 47.94   ├─ .output/server/chunks/build/models-C8Xw1-uL.mjs.map (11.8 kB) (2.24 kB gzip)
#11 47.94   ├─ .output/server/chunks/build/page-loader-UVBqIJ9m.mjs (292 B) (228 B gzip)
#11 47.94   ├─ .output/server/chunks/build/page-loader-UVBqIJ9m.mjs.map (265 B) (199 B gzip)
#11 47.94   ├─ .output/server/chunks/build/pages-Bzt8T4EE.mjs (4.64 kB) (1.39 kB gzip)
#11 47.94   ├─ .output/server/chunks/build/pages-Bzt8T4EE.mjs.map (2.47 kB) (618 B gzip)
#11 47.94   ├─ .output/server/chunks/build/plans-Dx1664nG.mjs (6.13 kB) (2.04 kB gzip)
#11 47.94   ├─ .output/server/chunks/build/plans-Dx1664nG.mjs.map (3.43 kB) (939 B gzip)
#11 47.94   ├─ .output/server/chunks/build/register-BBhD04LX.mjs (6.06 kB) (1.96 kB gzip)
#11 47.94   ├─ .output/server/chunks/build/register-BBhD04LX.mjs.map (3.54 kB) (887 B gzip)
#11 47.94   ├─ .output/server/chunks/build/return-intent-BCvjMq5m.mjs (1.81 kB) (795 B gzip)
#11 47.94   ├─ .output/server/chunks/build/return-intent-BCvjMq5m.mjs.map (2.28 kB) (765 B gzip)
#11 47.94   ├─ .output/server/chunks/build/review-vog38K1Z.mjs (23.7 kB) (6.05 kB gzip)
#11 47.94   ├─ .output/server/chunks/build/review-vog38K1Z.mjs.map (20.4 kB) (4.59 kB gzip)
#11 47.94   ├─ .output/server/chunks/build/use-display-formatters-CC0sSAvc.mjs (915 B) (428 B gzip)
#11 47.94   ├─ .output/server/chunks/build/use-display-formatters-CC0sSAvc.mjs.map (1.1 kB) (434 B gzip)
#11 47.94   ├─ .output/server/chunks/build/use-localized-head-kCfEfn-y.mjs (316 B) (236 B gzip)
#11 47.94   ├─ .output/server/chunks/build/use-localized-head-kCfEfn-y.mjs.map (299 B) (209 B gzip)
#11 47.94   ├─ .output/server/chunks/build/users-B084yaBF.mjs (12.4 kB) (3.63 kB gzip)
#11 47.94   ├─ .output/server/chunks/build/users-B084yaBF.mjs.map (8.57 kB) (2.26 kB gzip)
#11 47.94   ├─ .output/server/chunks/nitro/nitro.mjs (213 kB) (53.6 kB gzip)
#11 47.94   ├─ .output/server/chunks/nitro/nitro.mjs.map (10.7 kB) (1.43 kB gzip)
#11 47.94   ├─ .output/server/chunks/raw/32f854db.mjs (16.3 kB) (5.93 kB gzip)
#11 47.94   ├─ .output/server/chunks/raw/32f854db.mjs.map (76 B) (89 B gzip)
#11 47.94   ├─ .output/server/chunks/raw/5111540e.mjs (16.5 kB) (5.2 kB gzip)
#11 47.94   ├─ .output/server/chunks/raw/5111540e.mjs.map (76 B) (89 B gzip)
#11 47.94   ├─ .output/server/chunks/routes/renderer.mjs (15.4 kB) (5.35 kB gzip)
#11 47.94   ├─ .output/server/chunks/routes/renderer.mjs.map (2.07 kB) (428 B gzip)
#11 47.94   ├─ .output/server/chunks/virtual/_virtual_spa-template.mjs (94 B) (100 B gzip)
#11 47.94   ├─ .output/server/chunks/virtual/_virtual_spa-template.mjs.map (88 B) (97 B gzip)
#11 47.94   ├─ .output/server/chunks/virtual/entry.mjs (384 kB) (93.3 kB gzip)
#11 47.94   ├─ .output/server/chunks/virtual/entry.mjs.map (20.3 kB) (2.93 kB gzip)
#11 47.94   ├─ .output/server/chunks/virtual/precomputed.mjs (34.1 kB) (2.89 kB gzip)
#11 47.94   ├─ .output/server/chunks/virtual/precomputed.mjs.map (181 B) (150 B gzip)
#11 47.94   ├─ .output/server/chunks/virtual/styles.mjs (690 B) (327 B gzip)
#11 47.94   ├─ .output/server/chunks/virtual/styles.mjs.map (164 B) (142 B gzip)
#11 47.94   ├─ .output/server/index.mjs (374 B) (215 B gzip)
#11 47.94   └─ .output/server/package.json (1.27 kB) (497 B gzip)
#11 47.94 Σ Total size: 4.2 MB (1.03 MB gzip)
#11 47.94 [nitro] ✔ You can preview this build using node .output/server/index.mjs
#11 47.94 │
#11 47.94 └  ✨ Build complete!
#11 DONE 48.3s

#12 [runtime 3/4] RUN addgroup -S wordweave && adduser -S -G wordweave -u 10001 wordweave
#12 CACHED

#13 [runtime 4/4] COPY --from=build --chown=wordweave:wordweave /app/.output ./.output
#13 DONE 0.1s

#14 exporting to image
#14 exporting layers 0.1s done
#14 writing image sha256:18c9e266ed0bb74ee3d50d1f7aac8bb1c6f6945ee8e33460319ca86010552944 done
#14 naming to docker.io/library/wordweave-frontend:cr030-073-final done
#14 DONE 0.1s

View build details: docker-desktop://dashboard/build/desktop-linux/desktop-linux/l4w0ltidz1m3ybuhuu85rixh1
