





Running 102 tests using 1 worker



[1/102] [desktop] › tests/e2e/application-smoke.spec.ts:96:1 › localized brand and all three homepage tasks preserve guest intent
[2/102] [desktop] › tests/e2e/application-smoke.spec.ts:142:1 › guest review gate stays in place and carries safe return intent
[3/102] [desktop] › tests/e2e/application-smoke.spec.ts:178:1 › word suggestions overlay a compact, unselected and bounded creation form
[4/102] [desktop] › tests/e2e/application-smoke.spec.ts:217:1 › creation requires four explicit choices and resets them for another task
[5/102] [desktop] › tests/e2e/application-smoke.spec.ts:251:1 › creation stays unavailable when the group has no model or length
[6/102] [desktop] › tests/e2e/application-smoke.spec.ts:271:1 › a valid unsaved generation cannot be abandoned silently
[7/102] [desktop] › tests/e2e/application-smoke.spec.ts:305:1 › learner pages expose six statistics, Basic copy and single-review context
[8/102] [desktop] › tests/e2e/application-smoke.spec.ts:344:1 › library normal, first-empty and search-empty states match their approved variants
[9/102] [desktop] › tests/e2e/application-smoke.spec.ts:400:5 › login applies admin account locale zh-CN before navigating
[10/102] [desktop] › tests/e2e/application-smoke.spec.ts:400:5 › login applies admin account locale en-US before navigating
[11/102] [desktop] › tests/e2e/application-smoke.spec.ts:400:5 › login applies learner account locale zh-CN before navigating
[12/102] [desktop] › tests/e2e/application-smoke.spec.ts:400:5 › login applies learner account locale en-US before navigating
[13/102] [desktop] › tests/e2e/application-smoke.spec.ts:435:1 › login credential errors use the approved notice structure and remain retryable
[14/102] [desktop] › tests/e2e/application-smoke.spec.ts:458:1 › single and date review summaries expose all four approved states
[15/102] [desktop] › tests/e2e/application-smoke.spec.ts:524:1 › summary restart actions create a new session for the same scope
[16/102] [desktop] › tests/e2e/application-smoke.spec.ts:561:1 › passage review groups related blanks without exposing their spelling
[17/102] [desktop] › tests/e2e/application-smoke.spec.ts:621:1 › admin revision matches approved workspace, dialogs, plans and search-first users
[18/102] [desktop] › tests/e2e/application-smoke.spec.ts:838:1 › admin user pagination recovers an invalid cursor exactly once
[19/102] [desktop] › tests/e2e/application-smoke.spec.ts:871:1 › admin user detail return restores exact scroll across viewport heights
[20/102] [desktop] › tests/e2e/application-smoke.spec.ts:925:1 › admin append failure preserves results and offers a footer retry
[21/102] [desktop] › tests/e2e/application-smoke.spec.ts:946:1 › account deletion requires the unchecked confirmation and derives its request value
[22/102] [desktop] › tests/e2e/application-smoke.spec.ts:991:1 › administrator group and password mutations require confirmation
[23/102] [desktop] › tests/e2e/application-smoke.spec.ts:1035:1 › all approved page families have no serious or critical Axe findings
[24/102] [desktop] › tests/e2e/cr029-cr033.spec.ts:32:3 › CR032 five private routes gate consistently without private reads: en-US
[25/102] [desktop] › tests/e2e/cr029-cr033.spec.ts:83:3 › CR029 exact dates, home and danger-zone design: en-US
[26/102] [desktop] › tests/e2e/cr029-cr033.spec.ts:120:3 › CR030 reader keeps parent search, real target and close focus: en-US
[27/102] [desktop] › tests/e2e/cr029-cr033.spec.ts:32:3 › CR032 five private routes gate consistently without private reads: zh-CN
[28/102] [desktop] › tests/e2e/cr029-cr033.spec.ts:83:3 › CR029 exact dates, home and danger-zone design: zh-CN
[29/102] [desktop] › tests/e2e/cr029-cr033.spec.ts:120:3 › CR030 reader keeps parent search, real target and close focus: zh-CN
[30/102] [desktop] › tests/e2e/cr029-cr033.spec.ts:172:1 › CR033 complete quota update, 0, admin null and uncertain mutation recovery
[31/102] [desktop] › tests/e2e/cr029-cr033.spec.ts:222:1 › CR031 deep/legacy URLs, unavailable and error retry never change parents
[32/102] [desktop] › tests/e2e/cr029-cr033.spec.ts:259:1 › CR032 login error preserves intent, role overrides learner redirect and stale claim
[33/102] [desktop] › tests/e2e/cr029-cr033.spec.ts:288:1 › CR031 reader long content fits all approved widths and keyboard remains modal
[34/102] [desktop] › tests/e2e/cr030-073.spec.ts:20:3 › CR030-073 search and empty-state sizing follows the approved cascade: en-US
[35/102] [desktop] › tests/e2e/cr030-073.spec.ts:93:3 › CR030-073 search failure uses approved copy and retry keeps the submitted query: en-US
[36/102] [desktop] › tests/e2e/cr030-073.spec.ts:20:3 › CR030-073 search and empty-state sizing follows the approved cascade: zh-CN
[37/102] [desktop] › tests/e2e/cr030-073.spec.ts:93:3 › CR030-073 search failure uses approved copy and retry keeps the submitted query: zh-CN
[38/102] [desktop] › tests/e2e/cr030-073.spec.ts:137:3 › CR030-073 loading skeleton retains its two-row mobile layout: en-US
[39/102] [desktop] › tests/e2e/cr030-073.spec.ts:137:3 › CR030-073 loading skeleton retains its two-row mobile layout: zh-CN
[40/102] [desktop] › tests/e2e/cr034.spec.ts:40:3 › CR034 old records: stable inputs, empty→ready→empty→ready, en-US
[41/102] [desktop] › tests/e2e/cr034.spec.ts:78:3 › CR034 empty responsive geometry and accessibility: en-US
[42/102] [desktop] › tests/e2e/cr034.spec.ts:40:3 › CR034 old records: stable inputs, empty→ready→empty→ready, zh-CN
[43/102] [desktop] › tests/e2e/cr034.spec.ts:78:3 › CR034 empty responsive geometry and accessibility: zh-CN
[44/102] [desktop] › tests/e2e/cr034.spec.ts:128:3 › CR034 distinct fixture stays empty and editable: empty
[45/102] [desktop] › tests/e2e/cr034.spec.ts:128:3 › CR034 distinct fixture stays empty and editable: paused
[46/102] [desktop] › tests/e2e/cr034.spec.ts:143:1 › CR034 invalid dates do not preview or POST; same day recovers
[47/102] [desktop] › tests/e2e/cr034.spec.ts:171:1 › CR034 failed preview, retained resume, retry focus and exact copy
[48/102] [desktop] › tests/e2e/cr034.spec.ts:204:1 › CR034 stale success ignored, immediate invalidation and leave cancellation
[49/102] [desktop] › tests/e2e/cr034.spec.ts:245:1 › CR034 double submission blocked; server query captured before later edits
[50/102] [desktop] › tests/e2e/cr034.spec.ts:283:1 › CR034 security refresh date change prevents POST; later retry works
[51/102] [desktop] › tests/e2e/cr034.spec.ts:316:1 › CR034 uncertain POST only reconciles GET, no automatic replay or navigation


[52/102] [mobile] › tests/e2e/application-smoke.spec.ts:96:1 › localized brand and all three homepage tasks preserve guest intent
[53/102] [mobile] › tests/e2e/application-smoke.spec.ts:142:1 › guest review gate stays in place and carries safe return intent
[54/102] [mobile] › tests/e2e/application-smoke.spec.ts:178:1 › word suggestions overlay a compact, unselected and bounded creation form
[55/102] [mobile] › tests/e2e/application-smoke.spec.ts:217:1 › creation requires four explicit choices and resets them for another task
[56/102] [mobile] › tests/e2e/application-smoke.spec.ts:251:1 › creation stays unavailable when the group has no model or length
[57/102] [mobile] › tests/e2e/application-smoke.spec.ts:271:1 › a valid unsaved generation cannot be abandoned silently
[58/102] [mobile] › tests/e2e/application-smoke.spec.ts:305:1 › learner pages expose six statistics, Basic copy and single-review context
[59/102] [mobile] › tests/e2e/application-smoke.spec.ts:344:1 › library normal, first-empty and search-empty states match their approved variants
[60/102] [mobile] › tests/e2e/application-smoke.spec.ts:400:5 › login applies admin account locale zh-CN before navigating
[61/102] [mobile] › tests/e2e/application-smoke.spec.ts:400:5 › login applies admin account locale en-US before navigating
[62/102] [mobile] › tests/e2e/application-smoke.spec.ts:400:5 › login applies learner account locale zh-CN before navigating
[63/102] [mobile] › tests/e2e/application-smoke.spec.ts:400:5 › login applies learner account locale en-US before navigating
[64/102] [mobile] › tests/e2e/application-smoke.spec.ts:435:1 › login credential errors use the approved notice structure and remain retryable
[65/102] [mobile] › tests/e2e/application-smoke.spec.ts:458:1 › single and date review summaries expose all four approved states
[66/102] [mobile] › tests/e2e/application-smoke.spec.ts:524:1 › summary restart actions create a new session for the same scope
[67/102] [mobile] › tests/e2e/application-smoke.spec.ts:561:1 › passage review groups related blanks without exposing their spelling
[68/102] [mobile] › tests/e2e/application-smoke.spec.ts:621:1 › admin revision matches approved workspace, dialogs, plans and search-first users
[69/102] [mobile] › tests/e2e/application-smoke.spec.ts:838:1 › admin user pagination recovers an invalid cursor exactly once
[70/102] [mobile] › tests/e2e/application-smoke.spec.ts:871:1 › admin user detail return restores exact scroll across viewport heights
[71/102] [mobile] › tests/e2e/application-smoke.spec.ts:925:1 › admin append failure preserves results and offers a footer retry
[72/102] [mobile] › tests/e2e/application-smoke.spec.ts:946:1 › account deletion requires the unchecked confirmation and derives its request value
[73/102] [mobile] › tests/e2e/application-smoke.spec.ts:991:1 › administrator group and password mutations require confirmation
[74/102] [mobile] › tests/e2e/application-smoke.spec.ts:1035:1 › all approved page families have no serious or critical Axe findings
[75/102] [mobile] › tests/e2e/cr029-cr033.spec.ts:32:3 › CR032 five private routes gate consistently without private reads: en-US
[76/102] [mobile] › tests/e2e/cr029-cr033.spec.ts:83:3 › CR029 exact dates, home and danger-zone design: en-US
[77/102] [mobile] › tests/e2e/cr029-cr033.spec.ts:120:3 › CR030 reader keeps parent search, real target and close focus: en-US
[78/102] [mobile] › tests/e2e/cr029-cr033.spec.ts:32:3 › CR032 five private routes gate consistently without private reads: zh-CN
[79/102] [mobile] › tests/e2e/cr029-cr033.spec.ts:83:3 › CR029 exact dates, home and danger-zone design: zh-CN
[80/102] [mobile] › tests/e2e/cr029-cr033.spec.ts:120:3 › CR030 reader keeps parent search, real target and close focus: zh-CN
[81/102] [mobile] › tests/e2e/cr029-cr033.spec.ts:172:1 › CR033 complete quota update, 0, admin null and uncertain mutation recovery
[82/102] [mobile] › tests/e2e/cr029-cr033.spec.ts:222:1 › CR031 deep/legacy URLs, unavailable and error retry never change parents
[83/102] [mobile] › tests/e2e/cr029-cr033.spec.ts:259:1 › CR032 login error preserves intent, role overrides learner redirect and stale claim
[84/102] [mobile] › tests/e2e/cr029-cr033.spec.ts:288:1 › CR031 reader long content fits all approved widths and keyboard remains modal
[85/102] [mobile] › tests/e2e/cr030-073.spec.ts:20:3 › CR030-073 search and empty-state sizing follows the approved cascade: en-US
[86/102] [mobile] › tests/e2e/cr030-073.spec.ts:93:3 › CR030-073 search failure uses approved copy and retry keeps the submitted query: en-US
[87/102] [mobile] › tests/e2e/cr030-073.spec.ts:20:3 › CR030-073 search and empty-state sizing follows the approved cascade: zh-CN
[88/102] [mobile] › tests/e2e/cr030-073.spec.ts:93:3 › CR030-073 search failure uses approved copy and retry keeps the submitted query: zh-CN
[89/102] [mobile] › tests/e2e/cr030-073.spec.ts:137:3 › CR030-073 loading skeleton retains its two-row mobile layout: en-US
[90/102] [mobile] › tests/e2e/cr030-073.spec.ts:137:3 › CR030-073 loading skeleton retains its two-row mobile layout: zh-CN
[91/102] [mobile] › tests/e2e/cr034.spec.ts:40:3 › CR034 old records: stable inputs, empty→ready→empty→ready, en-US
[92/102] [mobile] › tests/e2e/cr034.spec.ts:78:3 › CR034 empty responsive geometry and accessibility: en-US
[93/102] [mobile] › tests/e2e/cr034.spec.ts:40:3 › CR034 old records: stable inputs, empty→ready→empty→ready, zh-CN
[94/102] [mobile] › tests/e2e/cr034.spec.ts:78:3 › CR034 empty responsive geometry and accessibility: zh-CN
[95/102] [mobile] › tests/e2e/cr034.spec.ts:128:3 › CR034 distinct fixture stays empty and editable: empty
[96/102] [mobile] › tests/e2e/cr034.spec.ts:128:3 › CR034 distinct fixture stays empty and editable: paused
[97/102] [mobile] › tests/e2e/cr034.spec.ts:143:1 › CR034 invalid dates do not preview or POST; same day recovers
[98/102] [mobile] › tests/e2e/cr034.spec.ts:171:1 › CR034 failed preview, retained resume, retry focus and exact copy
[99/102] [mobile] › tests/e2e/cr034.spec.ts:204:1 › CR034 stale success ignored, immediate invalidation and leave cancellation
[100/102] [mobile] › tests/e2e/cr034.spec.ts:245:1 › CR034 double submission blocked; server query captured before later edits
[101/102] [mobile] › tests/e2e/cr034.spec.ts:283:1 › CR034 security refresh date change prevents POST; later retry works
[102/102] [mobile] › tests/e2e/cr034.spec.ts:316:1 › CR034 uncertain POST only reconciles GET, no automatic replay or navigation
  102 passed (2.9m)
[WebServer] (node:12933) Warning: The 'NO_COLOR' env is ignored due to the 'FORCE_COLOR' env being set.
[WebServer] (Use `node --trace-warnings ...` to show where the warning was created)
[WebServer] (node:13249) Warning: The 'NO_COLOR' env is ignored due to the 'FORCE_COLOR' env being set.
[WebServer] (Use `node --trace-warnings ...` to show where the warning was created)
[WebServer] 
[WebServer]  ERROR  (node:13259) Warning: The 'NO_COLOR' env is ignored due to the 'FORCE_COLOR' env being set.
[WebServer] (Use node --trace-warnings ... to show where the warning was created)
[WebServer] 
[WebServer] (node:13592) Warning: The 'NO_COLOR' env is ignored due to the 'FORCE_COLOR' env being set.
[WebServer] (Use `node --trace-warnings ...` to show where the warning was created)
[WebServer] (node:13591) Warning: The 'NO_COLOR' env is ignored due to the 'FORCE_COLOR' env being set.
[WebServer] (Use `node --trace-warnings ...` to show where the warning was created)
(node:13749) Warning: The 'NO_COLOR' env is ignored due to the 'FORCE_COLOR' env being set.
(Use `node --trace-warnings ...` to show where the warning was created)
(node:20330) Warning: The 'NO_COLOR' env is ignored due to the 'FORCE_COLOR' env being set.
(Use `node --trace-warnings ...` to show where the warning was created)
