




Running 98 tests using 1 worker



[1/98] [desktop] › tests/e2e/application-smoke.spec.ts:96:1 › localized brand and all three homepage tasks preserve guest intent
[2/98] [desktop] › tests/e2e/application-smoke.spec.ts:142:1 › guest review gate stays in place and carries safe return intent
[3/98] [desktop] › tests/e2e/application-smoke.spec.ts:178:1 › word suggestions overlay a compact, unselected and bounded creation form
[4/98] [desktop] › tests/e2e/application-smoke.spec.ts:217:1 › creation requires four explicit choices and resets them for another task
[5/98] [desktop] › tests/e2e/application-smoke.spec.ts:251:1 › creation stays unavailable when the group has no model or length
[6/98] [desktop] › tests/e2e/application-smoke.spec.ts:271:1 › a valid unsaved generation cannot be abandoned silently
[7/98] [desktop] › tests/e2e/application-smoke.spec.ts:305:1 › learner pages expose six statistics, Basic copy and single-review context
[8/98] [desktop] › tests/e2e/application-smoke.spec.ts:344:1 › library normal, first-empty and search-empty states match their approved variants
[9/98] [desktop] › tests/e2e/application-smoke.spec.ts:400:5 › login applies admin account locale zh-CN before navigating
[10/98] [desktop] › tests/e2e/application-smoke.spec.ts:400:5 › login applies admin account locale en-US before navigating
[11/98] [desktop] › tests/e2e/application-smoke.spec.ts:400:5 › login applies learner account locale zh-CN before navigating
[12/98] [desktop] › tests/e2e/application-smoke.spec.ts:400:5 › login applies learner account locale en-US before navigating
[13/98] [desktop] › tests/e2e/application-smoke.spec.ts:435:1 › login credential errors use the approved notice structure and remain retryable
[14/98] [desktop] › tests/e2e/application-smoke.spec.ts:458:1 › single and date review summaries expose all four approved states
[15/98] [desktop] › tests/e2e/application-smoke.spec.ts:524:1 › summary restart actions create a new session for the same scope
[16/98] [desktop] › tests/e2e/application-smoke.spec.ts:561:1 › passage review groups related blanks without exposing their spelling
[17/98] [desktop] › tests/e2e/application-smoke.spec.ts:621:1 › admin revision matches approved workspace, dialogs, plans and search-first users
[18/98] [desktop] › tests/e2e/application-smoke.spec.ts:838:1 › admin user pagination recovers an invalid cursor exactly once
[19/98] [desktop] › tests/e2e/application-smoke.spec.ts:871:1 › admin user detail return restores exact scroll across viewport heights
[20/98] [desktop] › tests/e2e/application-smoke.spec.ts:925:1 › admin append failure preserves results and offers a footer retry
[21/98] [desktop] › tests/e2e/application-smoke.spec.ts:946:1 › account deletion requires the unchecked confirmation and derives its request value
[22/98] [desktop] › tests/e2e/application-smoke.spec.ts:991:1 › administrator group and password mutations require confirmation
[23/98] [desktop] › tests/e2e/application-smoke.spec.ts:1035:1 › all approved page families have no serious or critical Axe findings
[24/98] [desktop] › tests/e2e/cr029-cr033.spec.ts:32:3 › CR032 five private routes gate consistently without private reads: en-US
[25/98] [desktop] › tests/e2e/cr029-cr033.spec.ts:83:3 › CR029 exact dates, home and danger-zone design: en-US
[26/98] [desktop] › tests/e2e/cr029-cr033.spec.ts:120:3 › CR030 reader keeps parent search, real target and close focus: en-US
[27/98] [desktop] › tests/e2e/cr029-cr033.spec.ts:32:3 › CR032 five private routes gate consistently without private reads: zh-CN
[28/98] [desktop] › tests/e2e/cr029-cr033.spec.ts:83:3 › CR029 exact dates, home and danger-zone design: zh-CN
[29/98] [desktop] › tests/e2e/cr029-cr033.spec.ts:120:3 › CR030 reader keeps parent search, real target and close focus: zh-CN
[30/98] [desktop] › tests/e2e/cr029-cr033.spec.ts:172:1 › CR033 complete quota update, 0, admin null and uncertain mutation recovery
[31/98] [desktop] › tests/e2e/cr029-cr033.spec.ts:222:1 › CR031 deep/legacy URLs, unavailable and error retry never change parents
[32/98] [desktop] › tests/e2e/cr029-cr033.spec.ts:259:1 › CR032 login error preserves intent, role overrides learner redirect and stale claim
[33/98] [desktop] › tests/e2e/cr029-cr033.spec.ts:288:1 › CR031 reader long content fits all approved widths and keyboard remains modal
[34/98] [desktop] › tests/e2e/cr030-073.spec.ts:20:3 › CR030-073 search and empty-state sizing follows the approved cascade: en-US
[35/98] [desktop] › tests/e2e/cr030-073.spec.ts:93:3 › CR030-073 search failure uses approved copy and retry keeps the submitted query: en-US
[36/98] [desktop] › tests/e2e/cr030-073.spec.ts:20:3 › CR030-073 search and empty-state sizing follows the approved cascade: zh-CN
[37/98] [desktop] › tests/e2e/cr030-073.spec.ts:93:3 › CR030-073 search failure uses approved copy and retry keeps the submitted query: zh-CN
[38/98] [desktop] › tests/e2e/cr034.spec.ts:40:3 › CR034 old records: stable inputs, empty→ready→empty→ready, en-US
[39/98] [desktop] › tests/e2e/cr034.spec.ts:78:3 › CR034 empty responsive geometry and accessibility: en-US
[40/98] [desktop] › tests/e2e/cr034.spec.ts:40:3 › CR034 old records: stable inputs, empty→ready→empty→ready, zh-CN
[41/98] [desktop] › tests/e2e/cr034.spec.ts:78:3 › CR034 empty responsive geometry and accessibility: zh-CN
[42/98] [desktop] › tests/e2e/cr034.spec.ts:128:3 › CR034 distinct fixture stays empty and editable: empty
[43/98] [desktop] › tests/e2e/cr034.spec.ts:128:3 › CR034 distinct fixture stays empty and editable: paused
[44/98] [desktop] › tests/e2e/cr034.spec.ts:143:1 › CR034 invalid dates do not preview or POST; same day recovers
[45/98] [desktop] › tests/e2e/cr034.spec.ts:171:1 › CR034 failed preview, retained resume, retry focus and exact copy
[46/98] [desktop] › tests/e2e/cr034.spec.ts:204:1 › CR034 stale success ignored, immediate invalidation and leave cancellation
[47/98] [desktop] › tests/e2e/cr034.spec.ts:245:1 › CR034 double submission blocked; server query captured before later edits
[48/98] [desktop] › tests/e2e/cr034.spec.ts:283:1 › CR034 security refresh date change prevents POST; later retry works
[49/98] [desktop] › tests/e2e/cr034.spec.ts:316:1 › CR034 uncertain POST only reconciles GET, no automatic replay or navigation


[50/98] [mobile] › tests/e2e/application-smoke.spec.ts:96:1 › localized brand and all three homepage tasks preserve guest intent
[51/98] [mobile] › tests/e2e/application-smoke.spec.ts:142:1 › guest review gate stays in place and carries safe return intent
[52/98] [mobile] › tests/e2e/application-smoke.spec.ts:178:1 › word suggestions overlay a compact, unselected and bounded creation form
[53/98] [mobile] › tests/e2e/application-smoke.spec.ts:217:1 › creation requires four explicit choices and resets them for another task
[54/98] [mobile] › tests/e2e/application-smoke.spec.ts:251:1 › creation stays unavailable when the group has no model or length
[55/98] [mobile] › tests/e2e/application-smoke.spec.ts:271:1 › a valid unsaved generation cannot be abandoned silently
[56/98] [mobile] › tests/e2e/application-smoke.spec.ts:305:1 › learner pages expose six statistics, Basic copy and single-review context
[57/98] [mobile] › tests/e2e/application-smoke.spec.ts:344:1 › library normal, first-empty and search-empty states match their approved variants
[58/98] [mobile] › tests/e2e/application-smoke.spec.ts:400:5 › login applies admin account locale zh-CN before navigating
[59/98] [mobile] › tests/e2e/application-smoke.spec.ts:400:5 › login applies admin account locale en-US before navigating
[60/98] [mobile] › tests/e2e/application-smoke.spec.ts:400:5 › login applies learner account locale zh-CN before navigating
[61/98] [mobile] › tests/e2e/application-smoke.spec.ts:400:5 › login applies learner account locale en-US before navigating
[62/98] [mobile] › tests/e2e/application-smoke.spec.ts:435:1 › login credential errors use the approved notice structure and remain retryable
[63/98] [mobile] › tests/e2e/application-smoke.spec.ts:458:1 › single and date review summaries expose all four approved states
[64/98] [mobile] › tests/e2e/application-smoke.spec.ts:524:1 › summary restart actions create a new session for the same scope
[65/98] [mobile] › tests/e2e/application-smoke.spec.ts:561:1 › passage review groups related blanks without exposing their spelling
[66/98] [mobile] › tests/e2e/application-smoke.spec.ts:621:1 › admin revision matches approved workspace, dialogs, plans and search-first users
[67/98] [mobile] › tests/e2e/application-smoke.spec.ts:838:1 › admin user pagination recovers an invalid cursor exactly once
[68/98] [mobile] › tests/e2e/application-smoke.spec.ts:871:1 › admin user detail return restores exact scroll across viewport heights
[69/98] [mobile] › tests/e2e/application-smoke.spec.ts:925:1 › admin append failure preserves results and offers a footer retry
[70/98] [mobile] › tests/e2e/application-smoke.spec.ts:946:1 › account deletion requires the unchecked confirmation and derives its request value
[71/98] [mobile] › tests/e2e/application-smoke.spec.ts:991:1 › administrator group and password mutations require confirmation
[72/98] [mobile] › tests/e2e/application-smoke.spec.ts:1035:1 › all approved page families have no serious or critical Axe findings
[73/98] [mobile] › tests/e2e/cr029-cr033.spec.ts:32:3 › CR032 five private routes gate consistently without private reads: en-US
[74/98] [mobile] › tests/e2e/cr029-cr033.spec.ts:83:3 › CR029 exact dates, home and danger-zone design: en-US
[75/98] [mobile] › tests/e2e/cr029-cr033.spec.ts:120:3 › CR030 reader keeps parent search, real target and close focus: en-US
[76/98] [mobile] › tests/e2e/cr029-cr033.spec.ts:32:3 › CR032 five private routes gate consistently without private reads: zh-CN
[77/98] [mobile] › tests/e2e/cr029-cr033.spec.ts:83:3 › CR029 exact dates, home and danger-zone design: zh-CN
[78/98] [mobile] › tests/e2e/cr029-cr033.spec.ts:120:3 › CR030 reader keeps parent search, real target and close focus: zh-CN
[79/98] [mobile] › tests/e2e/cr029-cr033.spec.ts:172:1 › CR033 complete quota update, 0, admin null and uncertain mutation recovery
[80/98] [mobile] › tests/e2e/cr029-cr033.spec.ts:222:1 › CR031 deep/legacy URLs, unavailable and error retry never change parents
[81/98] [mobile] › tests/e2e/cr029-cr033.spec.ts:259:1 › CR032 login error preserves intent, role overrides learner redirect and stale claim
[82/98] [mobile] › tests/e2e/cr029-cr033.spec.ts:288:1 › CR031 reader long content fits all approved widths and keyboard remains modal
[83/98] [mobile] › tests/e2e/cr030-073.spec.ts:20:3 › CR030-073 search and empty-state sizing follows the approved cascade: en-US
[84/98] [mobile] › tests/e2e/cr030-073.spec.ts:93:3 › CR030-073 search failure uses approved copy and retry keeps the submitted query: en-US
[85/98] [mobile] › tests/e2e/cr030-073.spec.ts:20:3 › CR030-073 search and empty-state sizing follows the approved cascade: zh-CN
[86/98] [mobile] › tests/e2e/cr030-073.spec.ts:93:3 › CR030-073 search failure uses approved copy and retry keeps the submitted query: zh-CN
[87/98] [mobile] › tests/e2e/cr034.spec.ts:40:3 › CR034 old records: stable inputs, empty→ready→empty→ready, en-US
[88/98] [mobile] › tests/e2e/cr034.spec.ts:78:3 › CR034 empty responsive geometry and accessibility: en-US
[89/98] [mobile] › tests/e2e/cr034.spec.ts:40:3 › CR034 old records: stable inputs, empty→ready→empty→ready, zh-CN
[90/98] [mobile] › tests/e2e/cr034.spec.ts:78:3 › CR034 empty responsive geometry and accessibility: zh-CN
[91/98] [mobile] › tests/e2e/cr034.spec.ts:128:3 › CR034 distinct fixture stays empty and editable: empty
[92/98] [mobile] › tests/e2e/cr034.spec.ts:128:3 › CR034 distinct fixture stays empty and editable: paused
[93/98] [mobile] › tests/e2e/cr034.spec.ts:143:1 › CR034 invalid dates do not preview or POST; same day recovers
[94/98] [mobile] › tests/e2e/cr034.spec.ts:171:1 › CR034 failed preview, retained resume, retry focus and exact copy
[95/98] [mobile] › tests/e2e/cr034.spec.ts:204:1 › CR034 stale success ignored, immediate invalidation and leave cancellation
[96/98] [mobile] › tests/e2e/cr034.spec.ts:245:1 › CR034 double submission blocked; server query captured before later edits
[97/98] [mobile] › tests/e2e/cr034.spec.ts:283:1 › CR034 security refresh date change prevents POST; later retry works
[98/98] [mobile] › tests/e2e/cr034.spec.ts:316:1 › CR034 uncertain POST only reconciles GET, no automatic replay or navigation
  98 passed (3.0m)
[WebServer] (node:95357) Warning: The 'NO_COLOR' env is ignored due to the 'FORCE_COLOR' env being set.
[WebServer] (Use `node --trace-warnings ...` to show where the warning was created)
[WebServer] (node:95670) Warning: The 'NO_COLOR' env is ignored due to the 'FORCE_COLOR' env being set.
[WebServer] (Use `node --trace-warnings ...` to show where the warning was created)
[WebServer] 
[WebServer]  ERROR  (node:95680) Warning: The 'NO_COLOR' env is ignored due to the 'FORCE_COLOR' env being set.
[WebServer] (Use node --trace-warnings ... to show where the warning was created)
[WebServer] 
[WebServer] (node:95994) Warning: The 'NO_COLOR' env is ignored due to the 'FORCE_COLOR' env being set.
[WebServer] (Use `node --trace-warnings ...` to show where the warning was created)
[WebServer] (node:95995) Warning: The 'NO_COLOR' env is ignored due to the 'FORCE_COLOR' env being set.
[WebServer] (Use `node --trace-warnings ...` to show where the warning was created)
(node:96183) Warning: The 'NO_COLOR' env is ignored due to the 'FORCE_COLOR' env being set.
(Use `node --trace-warnings ...` to show where the warning was created)
(node:3837) Warning: The 'NO_COLOR' env is ignored due to the 'FORCE_COLOR' env being set.
(Use `node --trace-warnings ...` to show where the warning was created)
