{"time":"2026-09-28T16:34:26.930713+08:00","level":"INFO","msg":"server_build","provenance":"unavailable"}
{"time":"2026-09-28T16:34:27.297925+08:00","level":"INFO","msg":"http_request","request_id":"req_sawwI9T83PTe26nSW6gtkg","method":"GET","route":"/health/ready","status":200,"duration_ms":0}
{"time":"2026-09-28T16:34:27.501938+08:00","level":"INFO","msg":"http_request","request_id":"req_4aKhCluDWB9gFJ9v1Lv5Sw","method":"GET","route":"/api/v1/bootstrap","status":200,"duration_ms":1}
{"time":"2026-09-28T16:34:27.984088+08:00","level":"INFO","msg":"http_request","request_id":"req_BzH5fSd84KpyygjZWbdVEA","method":"GET","route":"/api/v1/bootstrap","status":200,"duration_ms":0}
{"time":"2026-09-28T16:34:28.072657+08:00","level":"INFO","msg":"http_request","request_id":"req_w1pC84sUuqxw2RznmQdFrw","method":"POST","route":"/api/v1/auth/login","status":200,"duration_ms":83}
{"time":"2026-09-28T16:34:28.075662+08:00","level":"INFO","msg":"http_request","request_id":"req_X8aOW3wVWOV9fggzBBpAcQ","method":"GET","route":"/api/v1/bootstrap","status":200,"duration_ms":0}
{"time":"2026-09-28T16:34:28.07847+08:00","level":"INFO","msg":"http_request","request_id":"req_1D5_B9PNwjd2NV_D1Izs-w","method":"PUT","route":"/api/v1/me/ui-locale","status":200,"duration_ms":1}
{"time":"2026-09-28T16:34:28.082255+08:00","level":"INFO","msg":"http_request","request_id":"req_SzXqRtCbyZlunT0HrCsCtA","method":"GET","route":"/api/v1/me/batches/{batch_id}","status":200,"duration_ms":2}
{"time":"2026-09-28T16:34:28.170115+08:00","level":"INFO","msg":"http_request","request_id":"req_8VdfsHVGMCVDQc-2DulaCQ","method":"GET","route":"/api/v1/bootstrap","status":200,"duration_ms":0}
{"time":"2026-09-28T16:34:28.173532+08:00","level":"INFO","msg":"http_request","request_id":"req_x15sJaKehIu0WeR8rddACA","method":"GET","route":"/api/v1/me/account","status":200,"duration_ms":1}
{"time":"2026-09-28T16:34:28.181899+08:00","level":"INFO","msg":"http_request","request_id":"req_Lxx5Di8RMjpgy3O2A21vYw","method":"GET","route":"/api/v1/me/batches/{batch_id}","status":200,"duration_ms":1}
{"time":"2026-09-28T16:34:28.273217+08:00","level":"INFO","msg":"http_request","request_id":"req_lGWFfZaUV9MAZlqzblaQIA","method":"GET","route":"/api/v1/bootstrap","status":200,"duration_ms":0}
{"time":"2026-09-28T16:34:28.281835+08:00","level":"INFO","msg":"http_request","request_id":"req_nek0OK9cLc_tJhRxgKYZqg","method":"POST","route":"/api/v1/analytics/events","status":204,"duration_ms":4}
{"time":"2026-09-28T16:34:28.443055+08:00","level":"INFO","msg":"http_request","request_id":"req_3GY22pZAcLahTItDLCW2_Q","method":"GET","route":"/api/v1/bootstrap","status":200,"duration_ms":0}
{"time":"2026-09-28T16:34:28.44879+08:00","level":"INFO","msg":"http_request","request_id":"req_8jN1QBMk1LGL9Nnf4wNljw","method":"PATCH","route":"/api/v1/me/batches/{batch_id}","status":200,"duration_ms":2}
{"time":"2026-09-28T16:34:29.383086+08:00","level":"INFO","msg":"http_request","request_id":"req_mtRLZM1p57oD6PniX6lcaw","method":"GET","route":"/api/v1/bootstrap","status":200,"duration_ms":0}
{"time":"2026-09-28T16:34:29.389438+08:00","level":"INFO","msg":"http_request","request_id":"req_tv9cJH-OhSG6nZd6gjc_9Q","method":"PATCH","route":"/api/v1/me/batches/{batch_id}","status":200,"duration_ms":1}
{"time":"2026-09-28T16:34:31.339813+08:00","level":"INFO","msg":"http_request","request_id":"req_WRkEoJe7qUiQJsDSr2Qqcg","method":"GET","route":"/api/v1/bootstrap","status":200,"duration_ms":0}
{"time":"2026-09-28T16:34:31.341541+08:00","level":"INFO","msg":"http_request","request_id":"req_mi31tn5Bdv3wzRLOA_6x3w","method":"GET","route":"/api/v1/me/account","status":200,"duration_ms":0}
{"time":"2026-09-28T16:34:31.345281+08:00","level":"INFO","msg":"http_request","request_id":"req_miOu5zZ_ys0KzMOHWpKyZQ","method":"GET","route":"/api/v1/me/batches/{batch_id}","status":200,"duration_ms":0}
{"time":"2026-09-28T16:34:31.383586+08:00","level":"INFO","msg":"http_request","request_id":"req_f-3fhq_JYVnu_l0Z_kqV0w","method":"GET","route":"/api/v1/bootstrap","status":200,"duration_ms":0}
{"time":"2026-09-28T16:34:31.391637+08:00","level":"INFO","msg":"http_request","request_id":"req_aCqgKJ1tER-ak7XzboO3sA","method":"POST","route":"/api/v1/analytics/events","status":204,"duration_ms":2}
{"time":"2026-09-28T16:34:31.809621+08:00","level":"INFO","msg":"http_request","request_id":"req_INMuHzLwLld4T7n0qntFig","method":"GET","route":"/api/v1/bootstrap","status":200,"duration_ms":0}
{"time":"2026-09-28T16:34:31.88991+08:00","level":"INFO","msg":"http_request","request_id":"req_uf84rmyCyELlc8TU02yhhw","method":"POST","route":"/api/v1/auth/login","status":200,"duration_ms":77}
{"time":"2026-09-28T16:34:31.892212+08:00","level":"INFO","msg":"http_request","request_id":"req_4Dv1g4jk_Bkmjd51GeZxsQ","method":"GET","route":"/api/v1/bootstrap","status":200,"duration_ms":0}
{"time":"2026-09-28T16:34:31.894346+08:00","level":"INFO","msg":"http_request","request_id":"req_HYnbwM3JlZwcQ55XOYO1uw","method":"PUT","route":"/api/v1/me/ui-locale","status":200,"duration_ms":1}
{"time":"2026-09-28T16:34:31.897172+08:00","level":"INFO","msg":"http_request","request_id":"req_uMEzMvYKx29SeWV_exkosQ","method":"GET","route":"/api/v1/me/batches/{batch_id}","status":200,"duration_ms":1}
{"time":"2026-09-28T16:34:32.42783+08:00","level":"INFO","msg":"http_request","request_id":"req_DRWnt7_oh6Xe1TseGqWprQ","method":"GET","route":"/api/v1/bootstrap","status":200,"duration_ms":0}
{"time":"2026-09-28T16:34:32.42949+08:00","level":"INFO","msg":"http_request","request_id":"req_JNnmHUfEPrlLrzMXk15uSA","method":"GET","route":"/api/v1/me/account","status":200,"duration_ms":0}
{"time":"2026-09-28T16:34:32.432916+08:00","level":"INFO","msg":"http_request","request_id":"req_HaXClNlR-xrKI2o7YpmAOQ","method":"GET","route":"/api/v1/me/batches/{batch_id}","status":200,"duration_ms":1}
{"time":"2026-09-28T16:34:32.578958+08:00","level":"INFO","msg":"http_request","request_id":"req_k9eyfgsQINeUx2KGkjr2jw","method":"GET","route":"/api/v1/bootstrap","status":200,"duration_ms":0}
{"time":"2026-09-28T16:34:32.5861+08:00","level":"INFO","msg":"http_request","request_id":"req_fyeZQal90EclR251-PDVZg","method":"POST","route":"/api/v1/analytics/events","status":204,"duration_ms":1}
{"time":"2026-09-28T16:34:32.932918+08:00","level":"INFO","msg":"http_request","request_id":"req_9-be9Ye6RK0dNLjW5L5Xpw","method":"GET","route":"/api/v1/bootstrap","status":200,"duration_ms":0}
{"time":"2026-09-28T16:34:32.938442+08:00","level":"INFO","msg":"http_request","request_id":"req_br3O8wIkgnq1bN25iGVbSQ","method":"PATCH","route":"/api/v1/me/batches/{batch_id}","status":200,"duration_ms":1}
{"time":"2026-09-28T16:34:33.859512+08:00","level":"INFO","msg":"http_request","request_id":"req_8u3XJ1iltdwyMjtarUBy0Q","method":"GET","route":"/api/v1/bootstrap","status":200,"duration_ms":0}
{"time":"2026-09-28T16:34:33.864099+08:00","level":"INFO","msg":"http_request","request_id":"req_dRTF--em24c3pQ1RVEuHbQ","method":"PATCH","route":"/api/v1/me/batches/{batch_id}","status":200,"duration_ms":1}
{"time":"2026-09-28T16:34:40.669909+08:00","level":"INFO","msg":"http_request","request_id":"req_vNgnnoKszqGAWridXDneCg","method":"GET","route":"/api/v1/bootstrap","status":200,"duration_ms":0}
{"time":"2026-09-28T16:34:40.754017+08:00","level":"INFO","msg":"http_request","request_id":"req_AuqJFlEPp3KrFoJFYIoiyw","method":"POST","route":"/api/v1/auth/login","status":200,"duration_ms":81}
{"time":"2026-09-28T16:34:40.756224+08:00","level":"INFO","msg":"http_request","request_id":"req_Tmtk2S8hdB4GsL6SsC2Ctw","method":"GET","route":"/api/v1/bootstrap","status":200,"duration_ms":0}
{"time":"2026-09-28T16:34:40.758624+08:00","level":"INFO","msg":"http_request","request_id":"req_To09vq-PnqC3k9gbMMl72Q","method":"PUT","route":"/api/v1/me/ui-locale","status":200,"duration_ms":1}
{"time":"2026-09-28T16:34:40.760953+08:00","level":"INFO","msg":"http_request","request_id":"req_Fltj0z5MKn57fAgF_4Crhg","method":"GET","route":"/api/v1/me/batches/{batch_id}","status":200,"duration_ms":1}
{"time":"2026-09-28T16:34:40.841373+08:00","level":"INFO","msg":"http_request","request_id":"req_KC29FvMAXgKv4Dkt8HjvBw","method":"GET","route":"/api/v1/bootstrap","status":200,"duration_ms":0}
{"time":"2026-09-28T16:34:40.843316+08:00","level":"INFO","msg":"http_request","request_id":"req_rTuu4h-ig0Y84zt8BKDqGg","method":"GET","route":"/api/v1/me/account","status":200,"duration_ms":0}
{"time":"2026-09-28T16:34:40.846712+08:00","level":"INFO","msg":"http_request","request_id":"req_XDKhIo51VXACTg_dVwdOQQ","method":"GET","route":"/api/v1/me/batches/{batch_id}","status":200,"duration_ms":0}
{"time":"2026-09-28T16:34:40.918481+08:00","level":"INFO","msg":"http_request","request_id":"req_VEarb9KQ1kqDNTDG0rjdaw","method":"GET","route":"/api/v1/bootstrap","status":200,"duration_ms":0}
{"time":"2026-09-28T16:34:40.925138+08:00","level":"INFO","msg":"http_request","request_id":"req_qrdIOaH3jOxkgIi5tPY8jw","method":"POST","route":"/api/v1/analytics/events","status":204,"duration_ms":2}
{"time":"2026-09-28T16:34:41.068406+08:00","level":"INFO","msg":"http_request","request_id":"req_bmHY6cvjcyAB4sFFSIPW8w","method":"GET","route":"/api/v1/bootstrap","status":200,"duration_ms":0}
{"time":"2026-09-28T16:34:41.07326+08:00","level":"INFO","msg":"http_request","request_id":"req_PDhqfFBFZg9wbxb4jxhRrQ","method":"PATCH","route":"/api/v1/me/batches/{batch_id}","status":200,"duration_ms":1}
{"time":"2026-09-28T16:34:41.971087+08:00","level":"INFO","msg":"http_request","request_id":"req_Z6MwUwmMwOsjw7nBX2ITXw","method":"GET","route":"/api/v1/bootstrap","status":200,"duration_ms":0}
{"time":"2026-09-28T16:34:41.975354+08:00","level":"INFO","msg":"http_request","request_id":"req_U6dDaAvHnvio-11umnS38Q","method":"PATCH","route":"/api/v1/me/batches/{batch_id}","status":200,"duration_ms":2}
{"time":"2026-09-28T16:34:43.85563+08:00","level":"INFO","msg":"http_request","request_id":"req_fIvaYFRuVKfFzWn7VDcSVA","method":"GET","route":"/api/v1/bootstrap","status":200,"duration_ms":0}
{"time":"2026-09-28T16:34:43.856875+08:00","level":"INFO","msg":"http_request","request_id":"req_YiFSOqEa3uO1lTXkP3xidg","method":"GET","route":"/api/v1/me/account","status":200,"duration_ms":0}
{"time":"2026-09-28T16:34:43.859724+08:00","level":"INFO","msg":"http_request","request_id":"req_zmH_D-gUu_XfvXR4m9UHOg","method":"GET","route":"/api/v1/me/batches/{batch_id}","status":200,"duration_ms":0}
{"time":"2026-09-28T16:34:43.896095+08:00","level":"INFO","msg":"http_request","request_id":"req_oADGkafHAzB-NnAbIsPPPQ","method":"GET","route":"/api/v1/bootstrap","status":200,"duration_ms":0}
{"time":"2026-09-28T16:34:43.904165+08:00","level":"INFO","msg":"http_request","request_id":"req__dZTf8tmG9l6USBMqMBKTA","method":"POST","route":"/api/v1/analytics/events","status":204,"duration_ms":2}
{"time":"2026-09-28T16:34:44.249371+08:00","level":"INFO","msg":"http_request","request_id":"req_kW1uUasPQidfSVZoS_mL6g","method":"GET","route":"/api/v1/bootstrap","status":200,"duration_ms":0}
{"time":"2026-09-28T16:34:44.325165+08:00","level":"INFO","msg":"http_request","request_id":"req_MkRFWCEka_HdH03xkLazJg","method":"POST","route":"/api/v1/auth/login","status":200,"duration_ms":74}
{"time":"2026-09-28T16:34:44.327387+08:00","level":"INFO","msg":"http_request","request_id":"req_vm16KHC0rTzBUtlw8eQnQQ","method":"GET","route":"/api/v1/bootstrap","status":200,"duration_ms":0}
{"time":"2026-09-28T16:34:44.329661+08:00","level":"INFO","msg":"http_request","request_id":"req_tFkyV6Wd0dTST5E8KdUgyg","method":"PUT","route":"/api/v1/me/ui-locale","status":200,"duration_ms":1}
{"time":"2026-09-28T16:34:44.331609+08:00","level":"INFO","msg":"http_request","request_id":"req_jhUmbhBGdGFHDqdjZYZKIw","method":"GET","route":"/api/v1/me/batches/{batch_id}","status":200,"duration_ms":0}
{"time":"2026-09-28T16:34:44.713737+08:00","level":"INFO","msg":"http_request","request_id":"req_v1Fy8nuEu0RrJghu4Qm7cQ","method":"GET","route":"/api/v1/bootstrap","status":200,"duration_ms":0}
{"time":"2026-09-28T16:34:44.715258+08:00","level":"INFO","msg":"http_request","request_id":"req_haZWPuPuvFVomWZ6zMyUtQ","method":"GET","route":"/api/v1/me/account","status":200,"duration_ms":0}
{"time":"2026-09-28T16:34:44.717998+08:00","level":"INFO","msg":"http_request","request_id":"req_0SBAiWnBf4YLdOaPPl83MQ","method":"GET","route":"/api/v1/me/batches/{batch_id}","status":200,"duration_ms":0}
{"time":"2026-09-28T16:34:44.838352+08:00","level":"INFO","msg":"http_request","request_id":"req_IjRyAu1SJFD9tAMETYt2Hg","method":"GET","route":"/api/v1/bootstrap","status":200,"duration_ms":0}
{"time":"2026-09-28T16:34:44.846405+08:00","level":"INFO","msg":"http_request","request_id":"req_VKaOshpWrERs3t0yYpW_yg","method":"POST","route":"/api/v1/analytics/events","status":204,"duration_ms":2}
{"time":"2026-09-28T16:34:45.193024+08:00","level":"INFO","msg":"http_request","request_id":"req_JfwofACvZmuezl1tvkxVRA","method":"GET","route":"/api/v1/bootstrap","status":200,"duration_ms":0}
{"time":"2026-09-28T16:34:45.198156+08:00","level":"INFO","msg":"http_request","request_id":"req_rDXsnfUY7HjAIIDEHDv6-Q","method":"PATCH","route":"/api/v1/me/batches/{batch_id}","status":200,"duration_ms":1}
{"time":"2026-09-28T16:34:46.113164+08:00","level":"INFO","msg":"http_request","request_id":"req_rTtqsdgIW4u8fGtk2hmxOQ","method":"GET","route":"/api/v1/bootstrap","status":200,"duration_ms":0}
{"time":"2026-09-28T16:34:46.117946+08:00","level":"INFO","msg":"http_request","request_id":"req_A3GdSImJUa9EWV9QLrsMvg","method":"PATCH","route":"/api/v1/me/batches/{batch_id}","status":200,"duration_ms":1}
{"time":"2026-09-28T16:34:52.946035+08:00","level":"INFO","msg":"http_request","request_id":"req_vwpVrgelke6VtC8l2L-Hig","method":"GET","route":"/api/v1/bootstrap","status":200,"duration_ms":0}
{"time":"2026-09-28T16:34:53.025326+08:00","level":"INFO","msg":"http_request","request_id":"req_8-WbahnymduMG-LnmgeAWg","method":"POST","route":"/api/v1/auth/login","status":200,"duration_ms":77}
{"time":"2026-09-28T16:34:53.027444+08:00","level":"INFO","msg":"http_request","request_id":"req_43ewBEtc324MWy6rcmQBZg","method":"GET","route":"/api/v1/bootstrap","status":200,"duration_ms":0}
{"time":"2026-09-28T16:34:53.029508+08:00","level":"INFO","msg":"http_request","request_id":"req_UUtlPxvnNYAh8ZEiitZ_AQ","method":"PUT","route":"/api/v1/me/ui-locale","status":200,"duration_ms":1}
{"time":"2026-09-28T16:34:53.031241+08:00","level":"INFO","msg":"http_request","request_id":"req_UTI9FyW2jhxstjm_3KdUVQ","method":"GET","route":"/api/v1/me/batches/{batch_id}","status":200,"duration_ms":0}
{"time":"2026-09-28T16:34:53.111335+08:00","level":"INFO","msg":"http_request","request_id":"req_0EvQWhwjmnbDpPj-1apRxw","method":"GET","route":"/api/v1/bootstrap","status":200,"duration_ms":0}
{"time":"2026-09-28T16:34:53.113073+08:00","level":"INFO","msg":"http_request","request_id":"req_SdbpsZlKHgCzjRfN-_opug","method":"GET","route":"/api/v1/me/account","status":200,"duration_ms":0}
{"time":"2026-09-28T16:34:53.115832+08:00","level":"INFO","msg":"http_request","request_id":"req_g--RqdzHSEYVQef5IxWiPQ","method":"GET","route":"/api/v1/me/batches/{batch_id}","status":200,"duration_ms":0}
{"time":"2026-09-28T16:34:53.188679+08:00","level":"INFO","msg":"http_request","request_id":"req_E4OutqQ760SbWVBDSgYW0Q","method":"GET","route":"/api/v1/bootstrap","status":200,"duration_ms":0}
{"time":"2026-09-28T16:34:53.195113+08:00","level":"INFO","msg":"http_request","request_id":"req_yMIUP-ZqfwDnYBx0jNUcqw","method":"POST","route":"/api/v1/analytics/events","status":204,"duration_ms":2}
{"time":"2026-09-28T16:34:53.340824+08:00","level":"INFO","msg":"http_request","request_id":"req_PNpoSS7j9M0IeSOkrASC3A","method":"GET","route":"/api/v1/bootstrap","status":200,"duration_ms":0}
{"time":"2026-09-28T16:34:53.349435+08:00","level":"INFO","msg":"http_request","request_id":"req_S9lYyCVVev2roJzBQQUs_A","method":"PATCH","route":"/api/v1/me/batches/{batch_id}","status":200,"duration_ms":1}
{"time":"2026-09-28T16:34:54.242088+08:00","level":"INFO","msg":"http_request","request_id":"req_KqObeBpMTG-BMGgyXujhKQ","method":"GET","route":"/api/v1/bootstrap","status":200,"duration_ms":0}
{"time":"2026-09-28T16:34:54.250276+08:00","level":"INFO","msg":"http_request","request_id":"req_M8ivHGeBssgpMmJ7tHOO5g","method":"PATCH","route":"/api/v1/me/batches/{batch_id}","status":200,"duration_ms":1}
{"time":"2026-09-28T16:34:56.118029+08:00","level":"INFO","msg":"http_request","request_id":"req_vlpfwBO66I1rmkkskmZ0fQ","method":"GET","route":"/api/v1/bootstrap","status":200,"duration_ms":0}
{"time":"2026-09-28T16:34:56.119203+08:00","level":"INFO","msg":"http_request","request_id":"req_1QaT1AChmNmrDbEt7Cnhtg","method":"GET","route":"/api/v1/me/account","status":200,"duration_ms":0}
{"time":"2026-09-28T16:34:56.121574+08:00","level":"INFO","msg":"http_request","request_id":"req_0tvc5Ce5V9PMptECHyiYIw","method":"GET","route":"/api/v1/me/batches/{batch_id}","status":200,"duration_ms":0}
{"time":"2026-09-28T16:34:56.155407+08:00","level":"INFO","msg":"http_request","request_id":"req_qiwQi0BxxP9KRfDlB7uB_w","method":"GET","route":"/api/v1/bootstrap","status":200,"duration_ms":0}
{"time":"2026-09-28T16:34:56.163577+08:00","level":"INFO","msg":"http_request","request_id":"req_yiDl01Mb8Wb80Qz8A0sIQg","method":"POST","route":"/api/v1/analytics/events","status":204,"duration_ms":2}
{"time":"2026-09-28T16:34:56.508531+08:00","level":"INFO","msg":"http_request","request_id":"req_ib8gy93V4XOTGOramYlZ6w","method":"GET","route":"/api/v1/bootstrap","status":200,"duration_ms":0}
{"time":"2026-09-28T16:34:56.584265+08:00","level":"INFO","msg":"http_request","request_id":"req_CYtfL7bMiEnzljfhkroWyg","method":"POST","route":"/api/v1/auth/login","status":200,"duration_ms":74}
{"time":"2026-09-28T16:34:56.586568+08:00","level":"INFO","msg":"http_request","request_id":"req_8HMIG9en89-lZ9SRpix4tQ","method":"GET","route":"/api/v1/bootstrap","status":200,"duration_ms":0}
{"time":"2026-09-28T16:34:56.589079+08:00","level":"INFO","msg":"http_request","request_id":"req_I0b3yCGRtATx4bMZfoHiQA","method":"PUT","route":"/api/v1/me/ui-locale","status":200,"duration_ms":1}
{"time":"2026-09-28T16:34:56.591174+08:00","level":"INFO","msg":"http_request","request_id":"req_7mwwz3Kv7BcsyU7eaxKASw","method":"GET","route":"/api/v1/me/batches/{batch_id}","status":200,"duration_ms":1}
{"time":"2026-09-28T16:34:56.981415+08:00","level":"INFO","msg":"http_request","request_id":"req_5XlUM40YzsHmzFj-50xhoQ","method":"GET","route":"/api/v1/bootstrap","status":200,"duration_ms":0}
{"time":"2026-09-28T16:34:56.982799+08:00","level":"INFO","msg":"http_request","request_id":"req_eJfzkzPkO69bgk4n8s8ymQ","method":"GET","route":"/api/v1/me/account","status":200,"duration_ms":0}
{"time":"2026-09-28T16:34:56.985831+08:00","level":"INFO","msg":"http_request","request_id":"req_WBUdbx-1bSOQvN62B99QhA","method":"GET","route":"/api/v1/me/batches/{batch_id}","status":200,"duration_ms":1}
{"time":"2026-09-28T16:34:57.099068+08:00","level":"INFO","msg":"http_request","request_id":"req_0F4eUVIo62l9Q7r2vKdv5Q","method":"GET","route":"/api/v1/bootstrap","status":200,"duration_ms":0}
{"time":"2026-09-28T16:34:57.106223+08:00","level":"INFO","msg":"http_request","request_id":"req_EZEUYsvY2BPtdDAz7hmISQ","method":"POST","route":"/api/v1/analytics/events","status":204,"duration_ms":2}
{"time":"2026-09-28T16:34:57.444994+08:00","level":"INFO","msg":"http_request","request_id":"req_0kY2Y4030--XV9ixTybuJQ","method":"GET","route":"/api/v1/bootstrap","status":200,"duration_ms":0}
{"time":"2026-09-28T16:34:57.45014+08:00","level":"INFO","msg":"http_request","request_id":"req_58l2CMbKJ-DuytlcEsRYlw","method":"PATCH","route":"/api/v1/me/batches/{batch_id}","status":200,"duration_ms":1}
{"time":"2026-09-28T16:34:58.348789+08:00","level":"INFO","msg":"http_request","request_id":"req_G9qd9IAY5NrM6JpzCqKIRQ","method":"GET","route":"/api/v1/bootstrap","status":200,"duration_ms":0}
{"time":"2026-09-28T16:34:58.356889+08:00","level":"INFO","msg":"http_request","request_id":"req_wmv4FaKjweytVv1iuddrWQ","method":"PATCH","route":"/api/v1/me/batches/{batch_id}","status":200,"duration_ms":1}
{"time":"2026-09-28T16:35:05.125507+08:00","level":"INFO","msg":"http_request","request_id":"req_6qEIt049OrSNTi-4cEQfjQ","method":"GET","route":"/api/v1/bootstrap","status":200,"duration_ms":0}
{"time":"2026-09-28T16:35:05.204984+08:00","level":"INFO","msg":"http_request","request_id":"req_iNhS4fLShiSYj3IC90Cm2w","method":"POST","route":"/api/v1/auth/login","status":200,"duration_ms":77}
{"time":"2026-09-28T16:35:05.206938+08:00","level":"INFO","msg":"http_request","request_id":"req_jCnnJ5NvayTeOwmDfvPOLg","method":"GET","route":"/api/v1/bootstrap","status":200,"duration_ms":0}
{"time":"2026-09-28T16:35:05.208544+08:00","level":"INFO","msg":"http_request","request_id":"req_j8uGBF96ONABPkkYR_IATA","method":"PUT","route":"/api/v1/me/ui-locale","status":200,"duration_ms":0}
{"time":"2026-09-28T16:35:05.209999+08:00","level":"INFO","msg":"http_request","request_id":"req_VayubNugu1sOh9Ete0CDow","method":"GET","route":"/api/v1/me/batches/{batch_id}","status":200,"duration_ms":0}
{"time":"2026-09-28T16:35:05.279682+08:00","level":"INFO","msg":"http_request","request_id":"req_MrsHReBpUhtI9t61MV_wxg","method":"GET","route":"/api/v1/bootstrap","status":200,"duration_ms":0}
{"time":"2026-09-28T16:35:05.281163+08:00","level":"INFO","msg":"http_request","request_id":"req_jc85fZ4jU22z-bGYrx_3gw","method":"GET","route":"/api/v1/me/account","status":200,"duration_ms":0}
{"time":"2026-09-28T16:35:05.283838+08:00","level":"INFO","msg":"http_request","request_id":"req_wQAkh0HSIiifCYzYuZoabw","method":"GET","route":"/api/v1/me/batches/{batch_id}","status":200,"duration_ms":0}
{"time":"2026-09-28T16:35:05.356716+08:00","level":"INFO","msg":"http_request","request_id":"req_iqN84ndUJ0zZWsnPWDOrwA","method":"GET","route":"/api/v1/bootstrap","status":200,"duration_ms":0}
{"time":"2026-09-28T16:35:05.36623+08:00","level":"INFO","msg":"http_request","request_id":"req_9cp1Cl8JHD3COq9PtYcpTA","method":"POST","route":"/api/v1/analytics/events","status":204,"duration_ms":4}
{"time":"2026-09-28T16:35:05.514296+08:00","level":"INFO","msg":"http_request","request_id":"req_-qBh2jo4bCnNV0uKVs0WCw","method":"GET","route":"/api/v1/bootstrap","status":200,"duration_ms":0}
{"time":"2026-09-28T16:35:05.524873+08:00","level":"INFO","msg":"http_request","request_id":"req_ofCZfg_eQnWVD_4K7ut2HQ","method":"PATCH","route":"/api/v1/me/batches/{batch_id}","status":200,"duration_ms":1}
{"time":"2026-09-28T16:35:06.416287+08:00","level":"INFO","msg":"http_request","request_id":"req_MbrZz6y5Mhn_6m0jwI4A-g","method":"GET","route":"/api/v1/bootstrap","status":200,"duration_ms":0}
{"time":"2026-09-28T16:35:06.424351+08:00","level":"INFO","msg":"http_request","request_id":"req_FOMrMzIZ412kv7UUcjXhmA","method":"PATCH","route":"/api/v1/me/batches/{batch_id}","status":200,"duration_ms":1}
{"time":"2026-09-28T16:35:08.288892+08:00","level":"INFO","msg":"http_request","request_id":"req_wCKZ96dsT8gChrGVtMgdww","method":"GET","route":"/api/v1/bootstrap","status":200,"duration_ms":0}
{"time":"2026-09-28T16:35:08.289912+08:00","level":"INFO","msg":"http_request","request_id":"req_RhYrU_QLHtHSodhT0SnnRw","method":"GET","route":"/api/v1/me/account","status":200,"duration_ms":0}
{"time":"2026-09-28T16:35:08.292384+08:00","level":"INFO","msg":"http_request","request_id":"req_ULMbs8Yn4C_O8lWNE9uUsA","method":"GET","route":"/api/v1/me/batches/{batch_id}","status":200,"duration_ms":0}
{"time":"2026-09-28T16:35:08.327491+08:00","level":"INFO","msg":"http_request","request_id":"req_r6DtKCzkBV5AUmG7iBp2jQ","method":"GET","route":"/api/v1/bootstrap","status":200,"duration_ms":0}
{"time":"2026-09-28T16:35:08.336403+08:00","level":"INFO","msg":"http_request","request_id":"req_6ziwieQc2LgPQ0OGazkL5g","method":"POST","route":"/api/v1/analytics/events","status":204,"duration_ms":2}
{"time":"2026-09-28T16:35:08.660809+08:00","level":"INFO","msg":"http_request","request_id":"req_t6vWrZ5fyrkF9EApjXV3iQ","method":"GET","route":"/api/v1/bootstrap","status":200,"duration_ms":0}
{"time":"2026-09-28T16:35:08.735553+08:00","level":"INFO","msg":"http_request","request_id":"req_rUer5ikHAr8DOI4MknPsGg","method":"POST","route":"/api/v1/auth/login","status":200,"duration_ms":72}
{"time":"2026-09-28T16:35:08.73804+08:00","level":"INFO","msg":"http_request","request_id":"req_AYaG3b0Qcb-x8EdYoZ7bSA","method":"GET","route":"/api/v1/bootstrap","status":200,"duration_ms":0}
{"time":"2026-09-28T16:35:08.740409+08:00","level":"INFO","msg":"http_request","request_id":"req_iM36AAiJCc4NuRTjFpzz2A","method":"PUT","route":"/api/v1/me/ui-locale","status":200,"duration_ms":1}
{"time":"2026-09-28T16:35:08.742201+08:00","level":"INFO","msg":"http_request","request_id":"req_hKcH2T-qKOemsivmae0JhQ","method":"GET","route":"/api/v1/me/batches/{batch_id}","status":200,"duration_ms":0}
{"time":"2026-09-28T16:35:09.129053+08:00","level":"INFO","msg":"http_request","request_id":"req_LUqyzn2JfZwGwylczoMqqQ","method":"GET","route":"/api/v1/bootstrap","status":200,"duration_ms":0}
{"time":"2026-09-28T16:35:09.130384+08:00","level":"INFO","msg":"http_request","request_id":"req_BbLZxI0Z5VYCuk3FaEA-Bg","method":"GET","route":"/api/v1/me/account","status":200,"duration_ms":0}
{"time":"2026-09-28T16:35:09.132903+08:00","level":"INFO","msg":"http_request","request_id":"req_44hFK5oT-FXQFm-En5VOEg","method":"GET","route":"/api/v1/me/batches/{batch_id}","status":200,"duration_ms":0}
{"time":"2026-09-28T16:35:09.241+08:00","level":"INFO","msg":"http_request","request_id":"req_F9qcI0YpFuy3SIVYK2nhzg","method":"GET","route":"/api/v1/bootstrap","status":200,"duration_ms":0}
{"time":"2026-09-28T16:35:09.249692+08:00","level":"INFO","msg":"http_request","request_id":"req_yoNKqIYPdtA95Qu5WiTwRw","method":"POST","route":"/api/v1/analytics/events","status":204,"duration_ms":3}
{"time":"2026-09-28T16:35:09.584543+08:00","level":"INFO","msg":"http_request","request_id":"req_Bk84QSJw9keZjwF63KJZkg","method":"GET","route":"/api/v1/bootstrap","status":200,"duration_ms":0}
{"time":"2026-09-28T16:35:09.590791+08:00","level":"INFO","msg":"http_request","request_id":"req_M0q7U1J6vQaE97QamdBjYw","method":"PATCH","route":"/api/v1/me/batches/{batch_id}","status":200,"duration_ms":2}
{"time":"2026-09-28T16:35:10.495928+08:00","level":"INFO","msg":"http_request","request_id":"req_fGWh15vfd5AxWCs_9IIAZQ","method":"GET","route":"/api/v1/bootstrap","status":200,"duration_ms":0}
{"time":"2026-09-28T16:35:10.500642+08:00","level":"INFO","msg":"http_request","request_id":"req_MfkcHQ5RDwXuJjZFEoLArw","method":"PATCH","route":"/api/v1/me/batches/{batch_id}","status":200,"duration_ms":1}
