{"time":"2026-09-28T16:36:58.587081+08:00","level":"INFO","msg":"server_build","provenance":"unavailable"}
{"time":"2026-09-28T16:36:59.445838+08:00","level":"INFO","msg":"http_request","request_id":"req_cILflxvt-a0uSipg6SgF1Q","method":"GET","route":"/health/ready","status":200,"duration_ms":0}
{"time":"2026-09-28T16:36:59.578021+08:00","level":"INFO","msg":"http_request","request_id":"req_emzM1BTjR1wfmHly4y-aHA","method":"GET","route":"/health/ready","status":200,"duration_ms":0}
{"time":"2026-09-28T16:36:59.664124+08:00","level":"INFO","msg":"http_request","request_id":"req_ITIIwxorqVUbqG1x_nLpXQ","method":"GET","route":"/api/v1/bootstrap","status":200,"duration_ms":0}
{"time":"2026-09-28T16:37:00.336526+08:00","level":"INFO","msg":"http_request","request_id":"req_SutkFfZvEWG-DWMzqnI6iQ","method":"GET","route":"/api/v1/bootstrap","status":200,"duration_ms":0}
{"time":"2026-09-28T16:37:00.421048+08:00","level":"INFO","msg":"http_request","request_id":"req_iZEcvcor0fjjPMHidtfKAA","method":"POST","route":"/api/v1/auth/login","status":200,"duration_ms":79}
{"time":"2026-09-28T16:37:00.424447+08:00","level":"INFO","msg":"http_request","request_id":"req_MsDb1oYBQ4f27oVgxO0BLQ","method":"GET","route":"/api/v1/bootstrap","status":200,"duration_ms":0}
{"time":"2026-09-28T16:37:00.427596+08:00","level":"INFO","msg":"http_request","request_id":"req_oUqDkO0IL7KKDxY7iQukwA","method":"PUT","route":"/api/v1/me/ui-locale","status":200,"duration_ms":1}
{"time":"2026-09-28T16:37:00.431881+08:00","level":"INFO","msg":"http_request","request_id":"req_R8NKgIsByKe0lGylsg6nTg","method":"GET","route":"/api/v1/me/batches/{batch_id}","status":200,"duration_ms":2}
{"time":"2026-09-28T16:37:00.829436+08:00","level":"INFO","msg":"http_request","request_id":"req_kxJt1WMehZ90JPU5U3uPTQ","method":"GET","route":"/api/v1/bootstrap","status":200,"duration_ms":0}
{"time":"2026-09-28T16:37:00.832743+08:00","level":"INFO","msg":"http_request","request_id":"req_QkO5tLIfh1A5NXQJW5twkA","method":"GET","route":"/api/v1/me/account","status":200,"duration_ms":1}
{"time":"2026-09-28T16:37:00.841635+08:00","level":"INFO","msg":"http_request","request_id":"req_OxKDB9XUlgPFufbZlt4hHQ","method":"GET","route":"/api/v1/me/batches/{batch_id}","status":200,"duration_ms":1}
{"time":"2026-09-28T16:37:00.980948+08:00","level":"INFO","msg":"http_request","request_id":"req_yX7_mrgcyaib9PSLKq_vLg","method":"GET","route":"/api/v1/bootstrap","status":200,"duration_ms":0}
{"time":"2026-09-28T16:37:00.990211+08:00","level":"INFO","msg":"http_request","request_id":"req_VAwa-N2n44fZP6ybca2P0Q","method":"POST","route":"/api/v1/analytics/events","status":204,"duration_ms":4}
{"time":"2026-09-28T16:37:01.347066+08:00","level":"INFO","msg":"http_request","request_id":"req_vWJiVkajBHEVSpmdnK30Tg","method":"GET","route":"/api/v1/bootstrap","status":200,"duration_ms":0}
{"time":"2026-09-28T16:37:01.354678+08:00","level":"INFO","msg":"http_request","request_id":"req_ytOb57_uKWS68VO48DJ6Rg","method":"PATCH","route":"/api/v1/me/batches/{batch_id}","status":200,"duration_ms":2}
{"time":"2026-09-28T16:37:02.264597+08:00","level":"INFO","msg":"http_request","request_id":"req_DjonPNDAxCrdEO7c1xDdjw","method":"GET","route":"/api/v1/bootstrap","status":200,"duration_ms":0}
{"time":"2026-09-28T16:37:02.272057+08:00","level":"INFO","msg":"http_request","request_id":"req_bWUHBOag7xlwWzUBSsMvEw","method":"PATCH","route":"/api/v1/me/batches/{batch_id}","status":200,"duration_ms":2}
{"time":"2026-09-28T16:37:04.722877+08:00","level":"INFO","msg":"http_request","request_id":"req_TciNxE0p17yS4rSJ9cyydQ","method":"GET","route":"/api/v1/bootstrap","status":200,"duration_ms":0}
{"time":"2026-09-28T16:37:04.724611+08:00","level":"INFO","msg":"http_request","request_id":"req_o3wocyhAsxZRH2RECRVAsw","method":"GET","route":"/api/v1/me/account","status":200,"duration_ms":0}
{"time":"2026-09-28T16:37:04.728526+08:00","level":"INFO","msg":"http_request","request_id":"req_t3g6BLjwCKm4zuImzob6kw","method":"GET","route":"/api/v1/me/batches/{batch_id}","status":200,"duration_ms":1}
{"time":"2026-09-28T16:37:04.790567+08:00","level":"INFO","msg":"http_request","request_id":"req_VBWUk6O-AoiHOZqovHwxvg","method":"GET","route":"/api/v1/bootstrap","status":200,"duration_ms":0}
{"time":"2026-09-28T16:37:04.804203+08:00","level":"INFO","msg":"http_request","request_id":"req_57MxJYDhiyJjDULZS9HHjA","method":"POST","route":"/api/v1/analytics/events","status":204,"duration_ms":2}
{"time":"2026-09-28T16:37:04.846344+08:00","level":"INFO","msg":"http_request","request_id":"req_u10mkrS93YvW0BWlEsl8Zg","method":"GET","route":"/api/v1/bootstrap","status":200,"duration_ms":0}
{"time":"2026-09-28T16:37:04.854883+08:00","level":"INFO","msg":"http_request","request_id":"req__nggnuDyHmVayM3QdmDWYw","method":"POST","route":"/api/v1/me/review-sessions","status":201,"duration_ms":5}
{"time":"2026-09-28T16:37:04.87552+08:00","level":"INFO","msg":"http_request","request_id":"req_h0qp6d3Yq2DQ06tqFeCExg","method":"POST","route":"/api/v1/analytics/events","status":204,"duration_ms":2}
{"time":"2026-09-28T16:37:04.893776+08:00","level":"INFO","msg":"http_request","request_id":"req_Ea3ylfdvsdBQUyWgkm43MA","method":"GET","route":"/api/v1/me/review-sessions/{session_id}","status":200,"duration_ms":1}
{"time":"2026-09-28T16:37:04.902716+08:00","level":"INFO","msg":"http_request","request_id":"req_dexLC-rjDOGWhM8NkQkE0g","method":"GET","route":"/api/v1/bootstrap","status":200,"duration_ms":0}
{"time":"2026-09-28T16:37:04.908042+08:00","level":"INFO","msg":"http_request","request_id":"req_f9kC7ajWZZpfEQLohZuyWA","method":"POST","route":"/api/v1/analytics/events","status":204,"duration_ms":1}
{"time":"2026-09-28T16:37:04.916527+08:00","level":"INFO","msg":"http_request","request_id":"req_nBaRK-_qUU3MVHlS1RuWew","method":"POST","route":"/api/v1/me/review-sessions/{session_id}/attempts","status":201,"duration_ms":10}
{"time":"2026-09-28T16:37:10.195659+08:00","level":"INFO","msg":"http_request","request_id":"req_94FAhCgSMc_RPBRGBkroBw","method":"GET","route":"/api/v1/bootstrap","status":200,"duration_ms":0}
{"time":"2026-09-28T16:37:10.276632+08:00","level":"INFO","msg":"http_request","request_id":"req_wKs3xFBI07u04RswDuVOmQ","method":"POST","route":"/api/v1/auth/login","status":200,"duration_ms":79}
{"time":"2026-09-28T16:37:10.279198+08:00","level":"INFO","msg":"http_request","request_id":"req_3n8vTKUtDAkeMyE0XEINUQ","method":"GET","route":"/api/v1/bootstrap","status":200,"duration_ms":0}
{"time":"2026-09-28T16:37:10.281505+08:00","level":"INFO","msg":"http_request","request_id":"req_Tv7raCXjCPpNeOD7VFT_9Q","method":"PUT","route":"/api/v1/me/ui-locale","status":200,"duration_ms":1}
{"time":"2026-09-28T16:37:10.283997+08:00","level":"INFO","msg":"http_request","request_id":"req_63WvcafA1tPfkAJitmZ4aw","method":"GET","route":"/api/v1/me/batches/{batch_id}","status":200,"duration_ms":1}
{"time":"2026-09-28T16:37:10.666904+08:00","level":"INFO","msg":"http_request","request_id":"req_cSdRv7oqyy44VW6w4oWsGQ","method":"GET","route":"/api/v1/bootstrap","status":200,"duration_ms":0}
{"time":"2026-09-28T16:37:10.670211+08:00","level":"INFO","msg":"http_request","request_id":"req_lmqwDwK4DWoHepzpazeN-g","method":"GET","route":"/api/v1/me/account","status":200,"duration_ms":1}
{"time":"2026-09-28T16:37:10.673638+08:00","level":"INFO","msg":"http_request","request_id":"req_MUzlFS8d98lyjH8W5ddaKg","method":"GET","route":"/api/v1/me/batches/{batch_id}","status":200,"duration_ms":0}
{"time":"2026-09-28T16:37:10.794589+08:00","level":"INFO","msg":"http_request","request_id":"req_280XE0c5MjAdGJv5Y2snSA","method":"GET","route":"/api/v1/bootstrap","status":200,"duration_ms":0}
{"time":"2026-09-28T16:37:10.804073+08:00","level":"INFO","msg":"http_request","request_id":"req_oRIOKrIrivokejpAJiBoZg","method":"POST","route":"/api/v1/analytics/events","status":204,"duration_ms":4}
{"time":"2026-09-28T16:37:11.160711+08:00","level":"INFO","msg":"http_request","request_id":"req_KvtjXrIE4mUqKIQi1edn-A","method":"GET","route":"/api/v1/bootstrap","status":200,"duration_ms":0}
{"time":"2026-09-28T16:37:11.174255+08:00","level":"INFO","msg":"http_request","request_id":"req___sNEgv6-XrIjDjay9veRA","method":"PATCH","route":"/api/v1/me/batches/{batch_id}","status":200,"duration_ms":8}
{"time":"2026-09-28T16:37:12.09551+08:00","level":"INFO","msg":"http_request","request_id":"req_mWvpeMJ7StA0GqWSHnrPqA","method":"GET","route":"/api/v1/bootstrap","status":200,"duration_ms":0}
{"time":"2026-09-28T16:37:12.101989+08:00","level":"INFO","msg":"http_request","request_id":"req_iOmsEWu3dB9lpaeyH2PWJw","method":"PATCH","route":"/api/v1/me/batches/{batch_id}","status":200,"duration_ms":2}
{"time":"2026-09-28T16:37:14.548368+08:00","level":"INFO","msg":"http_request","request_id":"req_8bjSjbmVF44foapVYeh7CQ","method":"GET","route":"/api/v1/bootstrap","status":200,"duration_ms":0}
{"time":"2026-09-28T16:37:14.549815+08:00","level":"INFO","msg":"http_request","request_id":"req_mj8V1mWPL_jIPFoDZUcbSA","method":"GET","route":"/api/v1/me/account","status":200,"duration_ms":0}
{"time":"2026-09-28T16:37:14.55329+08:00","level":"INFO","msg":"http_request","request_id":"req_7Z3wwLpmwO9GZyAM0Hk-PQ","method":"GET","route":"/api/v1/me/batches/{batch_id}","status":200,"duration_ms":1}
{"time":"2026-09-28T16:37:14.609503+08:00","level":"INFO","msg":"http_request","request_id":"req_EkcKfcHHk6QO8MFpxNo7Hw","method":"GET","route":"/api/v1/bootstrap","status":200,"duration_ms":0}
{"time":"2026-09-28T16:37:14.622972+08:00","level":"INFO","msg":"http_request","request_id":"req_V8IHI_473IbMYeoBP_04Rw","method":"POST","route":"/api/v1/analytics/events","status":204,"duration_ms":2}
{"time":"2026-09-28T16:37:14.672845+08:00","level":"INFO","msg":"http_request","request_id":"req_RQmRnNnu_d5PXSX29EvjBw","method":"GET","route":"/api/v1/bootstrap","status":200,"duration_ms":0}
{"time":"2026-09-28T16:37:14.680736+08:00","level":"INFO","msg":"http_request","request_id":"req__RDusaJlxU3mBzeSRvbeDw","method":"POST","route":"/api/v1/me/review-sessions","status":201,"duration_ms":4}
{"time":"2026-09-28T16:37:14.701047+08:00","level":"INFO","msg":"http_request","request_id":"req_yPAJa2KaRB-zs5AnPggakw","method":"POST","route":"/api/v1/analytics/events","status":204,"duration_ms":2}
{"time":"2026-09-28T16:37:14.717898+08:00","level":"INFO","msg":"http_request","request_id":"req_FAVypRBO1dkmPvFACzLELw","method":"GET","route":"/api/v1/me/review-sessions/{session_id}","status":200,"duration_ms":0}
{"time":"2026-09-28T16:37:14.723742+08:00","level":"INFO","msg":"http_request","request_id":"req_lsibNOdCSuO6ohrWNh90aw","method":"GET","route":"/api/v1/bootstrap","status":200,"duration_ms":0}
{"time":"2026-09-28T16:37:14.729219+08:00","level":"INFO","msg":"http_request","request_id":"req_g88NywY2hsM_knE3GCXHyA","method":"POST","route":"/api/v1/analytics/events","status":204,"duration_ms":2}
{"time":"2026-09-28T16:37:14.734126+08:00","level":"INFO","msg":"http_request","request_id":"req_K2mzIAW0eh-V351bV7iueA","method":"POST","route":"/api/v1/me/review-sessions/{session_id}/attempts","status":201,"duration_ms":6}
{"time":"2026-09-28T16:37:14.758862+08:00","level":"INFO","msg":"http_request","request_id":"req_oFgMMyGI8qJB2JszD-SCeg","method":"GET","route":"/api/v1/me/review-sessions/{session_id}","status":200,"duration_ms":1}
{"time":"2026-09-28T16:37:15.153797+08:00","level":"INFO","msg":"http_request","request_id":"req_Owk5AS6930Ek2ce_kSnKXA","method":"GET","route":"/api/v1/bootstrap","status":200,"duration_ms":0}
{"time":"2026-09-28T16:37:15.235246+08:00","level":"INFO","msg":"http_request","request_id":"req_3FeF0FbsMxHm_qu24YPEZg","method":"POST","route":"/api/v1/auth/login","status":200,"duration_ms":79}
{"time":"2026-09-28T16:37:15.23775+08:00","level":"INFO","msg":"http_request","request_id":"req_Eo3R8kPWayj5TDX8XghW9Q","method":"GET","route":"/api/v1/bootstrap","status":200,"duration_ms":0}
{"time":"2026-09-28T16:37:15.239894+08:00","level":"INFO","msg":"http_request","request_id":"req_MbQU3e2A0hYhKasq4bu9JA","method":"PUT","route":"/api/v1/me/ui-locale","status":200,"duration_ms":1}
{"time":"2026-09-28T16:37:15.242537+08:00","level":"INFO","msg":"http_request","request_id":"req_qesKC2Ioxr_YRdv0ahR6xw","method":"GET","route":"/api/v1/me/batches/{batch_id}","status":200,"duration_ms":1}
{"time":"2026-09-28T16:37:15.617323+08:00","level":"INFO","msg":"http_request","request_id":"req_iSDxNGFSQngdddiT3wK7LQ","method":"GET","route":"/api/v1/bootstrap","status":200,"duration_ms":0}
{"time":"2026-09-28T16:37:15.618735+08:00","level":"INFO","msg":"http_request","request_id":"req_iIKCnMgDA7Ev1jGH5j1Caw","method":"GET","route":"/api/v1/me/account","status":200,"duration_ms":0}
{"time":"2026-09-28T16:37:15.622021+08:00","level":"INFO","msg":"http_request","request_id":"req_1gNUhsP6jOHS0ulTeW0egQ","method":"GET","route":"/api/v1/me/batches/{batch_id}","status":200,"duration_ms":1}
{"time":"2026-09-28T16:37:15.734228+08:00","level":"INFO","msg":"http_request","request_id":"req_qc2HRYV1saXz7kPtHEuECA","method":"GET","route":"/api/v1/bootstrap","status":200,"duration_ms":0}
{"time":"2026-09-28T16:37:15.742898+08:00","level":"INFO","msg":"http_request","request_id":"req_KxF-HsfADZfkthy8SZUOwA","method":"POST","route":"/api/v1/analytics/events","status":204,"duration_ms":3}
{"time":"2026-09-28T16:37:16.080924+08:00","level":"INFO","msg":"http_request","request_id":"req_M-N6sGXEzfVGhkI3aF3FBg","method":"GET","route":"/api/v1/bootstrap","status":200,"duration_ms":0}
{"time":"2026-09-28T16:37:16.087234+08:00","level":"INFO","msg":"http_request","request_id":"req_EEsluMMboHKIexty1lqb7Q","method":"PATCH","route":"/api/v1/me/batches/{batch_id}","status":200,"duration_ms":2}
{"time":"2026-09-28T16:37:16.987803+08:00","level":"INFO","msg":"http_request","request_id":"req_UiVdnqKVaO6q8qK56kBNpA","method":"GET","route":"/api/v1/bootstrap","status":200,"duration_ms":0}
{"time":"2026-09-28T16:37:16.993372+08:00","level":"INFO","msg":"http_request","request_id":"req_QqhdHm5nRKMDTWy1MpR7Mw","method":"PATCH","route":"/api/v1/me/batches/{batch_id}","status":200,"duration_ms":1}
{"time":"2026-09-28T16:37:19.409311+08:00","level":"INFO","msg":"http_request","request_id":"req_68nbAZzytu5YIE7eq2RlSw","method":"GET","route":"/api/v1/bootstrap","status":200,"duration_ms":0}
{"time":"2026-09-28T16:37:19.410711+08:00","level":"INFO","msg":"http_request","request_id":"req_lnicxmcmXcAWKIUG9tTrhA","method":"GET","route":"/api/v1/me/account","status":200,"duration_ms":0}
{"time":"2026-09-28T16:37:19.414251+08:00","level":"INFO","msg":"http_request","request_id":"req_D-eey5BpTOwoXDWFljHCcg","method":"GET","route":"/api/v1/me/batches/{batch_id}","status":200,"duration_ms":1}
{"time":"2026-09-28T16:37:19.474221+08:00","level":"INFO","msg":"http_request","request_id":"req_d6TrlRxh-ouCikKPXydeLA","method":"GET","route":"/api/v1/bootstrap","status":200,"duration_ms":0}
{"time":"2026-09-28T16:37:19.489253+08:00","level":"INFO","msg":"http_request","request_id":"req_6Vslfw5OQelU9GmPhcOhGA","method":"POST","route":"/api/v1/analytics/events","status":204,"duration_ms":2}
{"time":"2026-09-28T16:37:19.531436+08:00","level":"INFO","msg":"http_request","request_id":"req_cUN6RAXKt_rEfDygVKMXdg","method":"GET","route":"/api/v1/bootstrap","status":200,"duration_ms":0}
{"time":"2026-09-28T16:37:19.536453+08:00","level":"INFO","msg":"http_request","request_id":"req_m_V6sVx1wEbOuOACzrpvSw","method":"POST","route":"/api/v1/me/review-sessions","status":200,"duration_ms":1}
{"time":"2026-09-28T16:37:19.558557+08:00","level":"INFO","msg":"http_request","request_id":"req_f-wrT4XRl80U4ynIjO1VRw","method":"POST","route":"/api/v1/analytics/events","status":204,"duration_ms":1}
{"time":"2026-09-28T16:37:19.576316+08:00","level":"INFO","msg":"http_request","request_id":"req_VqZIdyVslINNX3ZF2odGDw","method":"GET","route":"/api/v1/me/review-sessions/{session_id}","status":200,"duration_ms":1}
{"time":"2026-09-28T16:37:19.583425+08:00","level":"INFO","msg":"http_request","request_id":"req_3dm-kV7hs32ox8rV_Twywg","method":"GET","route":"/api/v1/me/review-attempts/{attempt_id}","status":200,"duration_ms":1}
{"time":"2026-09-28T16:37:24.892414+08:00","level":"INFO","msg":"http_request","request_id":"req_zAW1F35UuDMlx3-3Uk9Kog","method":"GET","route":"/api/v1/bootstrap","status":200,"duration_ms":0}
{"time":"2026-09-28T16:37:24.967543+08:00","level":"INFO","msg":"http_request","request_id":"req_qfncBhimybLa6Gvgpqji2A","method":"POST","route":"/api/v1/auth/login","status":200,"duration_ms":73}
{"time":"2026-09-28T16:37:24.969853+08:00","level":"INFO","msg":"http_request","request_id":"req_1k8YOluMg5Uj2-DflVCdPA","method":"GET","route":"/api/v1/bootstrap","status":200,"duration_ms":0}
{"time":"2026-09-28T16:37:24.971721+08:00","level":"INFO","msg":"http_request","request_id":"req_BlO3_JRMcIAkE01U8bZi6Q","method":"PUT","route":"/api/v1/me/ui-locale","status":200,"duration_ms":0}
{"time":"2026-09-28T16:37:24.973281+08:00","level":"INFO","msg":"http_request","request_id":"req_x48EyTLOdh6hpAN4nOQH2Q","method":"GET","route":"/api/v1/me/batches/{batch_id}","status":200,"duration_ms":0}
{"time":"2026-09-28T16:37:25.365063+08:00","level":"INFO","msg":"http_request","request_id":"req_B6hiiS1lMyujr_zXYytReg","method":"GET","route":"/api/v1/bootstrap","status":200,"duration_ms":0}
{"time":"2026-09-28T16:37:25.367109+08:00","level":"INFO","msg":"http_request","request_id":"req_zslB5XOAycBkkQ6jGiovnw","method":"GET","route":"/api/v1/me/account","status":200,"duration_ms":0}
{"time":"2026-09-28T16:37:25.369819+08:00","level":"INFO","msg":"http_request","request_id":"req_oUSVJyPhGyWLZ21x_TW48A","method":"GET","route":"/api/v1/me/batches/{batch_id}","status":200,"duration_ms":0}
{"time":"2026-09-28T16:37:25.486239+08:00","level":"INFO","msg":"http_request","request_id":"req_tt_TJiiyoya8Sd9nY1yKxA","method":"GET","route":"/api/v1/bootstrap","status":200,"duration_ms":0}
{"time":"2026-09-28T16:37:25.494001+08:00","level":"INFO","msg":"http_request","request_id":"req_zpnIkS03myoP8BaWk2p3pw","method":"POST","route":"/api/v1/analytics/events","status":204,"duration_ms":1}
{"time":"2026-09-28T16:37:25.827566+08:00","level":"INFO","msg":"http_request","request_id":"req_EZm9KC4YI-eGGnT-vYH2iw","method":"GET","route":"/api/v1/bootstrap","status":200,"duration_ms":0}
{"time":"2026-09-28T16:37:25.833141+08:00","level":"INFO","msg":"http_request","request_id":"req_2H9kaATy6ucaPHQxqRYRsg","method":"PATCH","route":"/api/v1/me/batches/{batch_id}","status":200,"duration_ms":2}
{"time":"2026-09-28T16:37:26.729937+08:00","level":"INFO","msg":"http_request","request_id":"req_vq0_I57Pn19nufySV1_3jg","method":"GET","route":"/api/v1/bootstrap","status":200,"duration_ms":0}
{"time":"2026-09-28T16:37:26.73568+08:00","level":"INFO","msg":"http_request","request_id":"req_0F4OD253ZtvfuhY7G1MJSQ","method":"PATCH","route":"/api/v1/me/batches/{batch_id}","status":200,"duration_ms":2}
{"time":"2026-09-28T16:37:29.162371+08:00","level":"INFO","msg":"http_request","request_id":"req_YXvLrOa3Mh2bJGyWXksnOw","method":"GET","route":"/api/v1/bootstrap","status":200,"duration_ms":0}
{"time":"2026-09-28T16:37:29.163633+08:00","level":"INFO","msg":"http_request","request_id":"req_xI5u0asVc0-_-3ZhErapNw","method":"GET","route":"/api/v1/me/account","status":200,"duration_ms":0}
{"time":"2026-09-28T16:37:29.166338+08:00","level":"INFO","msg":"http_request","request_id":"req_WzT3ANbPV3odGXFbT9T8Pw","method":"GET","route":"/api/v1/me/batches/{batch_id}","status":200,"duration_ms":1}
{"time":"2026-09-28T16:37:29.223495+08:00","level":"INFO","msg":"http_request","request_id":"req_5kwWrbyqavL4Q2LAb6ExlA","method":"GET","route":"/api/v1/bootstrap","status":200,"duration_ms":0}
{"time":"2026-09-28T16:37:29.236767+08:00","level":"INFO","msg":"http_request","request_id":"req_HiUuuGZq9oc-JZtOLGrlfA","method":"POST","route":"/api/v1/analytics/events","status":204,"duration_ms":2}
{"time":"2026-09-28T16:37:29.285851+08:00","level":"INFO","msg":"http_request","request_id":"req_mWEdQsq1VMKORc2Vp1AvgA","method":"GET","route":"/api/v1/bootstrap","status":200,"duration_ms":0}
{"time":"2026-09-28T16:37:29.291142+08:00","level":"INFO","msg":"http_request","request_id":"req_dPQMX5LVD3HXoXxpd88aJg","method":"POST","route":"/api/v1/me/review-sessions","status":200,"duration_ms":2}
{"time":"2026-09-28T16:37:29.317399+08:00","level":"INFO","msg":"http_request","request_id":"req_v3PAUzWyH4fuNDcbq8c5Kw","method":"POST","route":"/api/v1/analytics/events","status":204,"duration_ms":2}
{"time":"2026-09-28T16:37:29.334881+08:00","level":"INFO","msg":"http_request","request_id":"req_aTDBkxvfBd72Okk3y0N_Nw","method":"GET","route":"/api/v1/me/review-sessions/{session_id}","status":200,"duration_ms":1}
{"time":"2026-09-28T16:37:29.341657+08:00","level":"INFO","msg":"http_request","request_id":"req_Ho_gssYp4lXfncRlRHExQA","method":"GET","route":"/api/v1/me/review-attempts/{attempt_id}","status":200,"duration_ms":1}
{"time":"2026-09-28T16:37:29.363297+08:00","level":"INFO","msg":"http_request","request_id":"req_oyU8QEY2uueQ4sKmyn_uLw","method":"GET","route":"/api/v1/me/review-sessions/{session_id}","status":200,"duration_ms":1}
