ℹ Building client...
ℹ vite v8.2.2 building client environment for production...
transforming...
✓ 572 modules transformed.
rendering chunks...
computing gzip size...
ℹ ../../../../../../../var/folders/z9/99ckxr957v901zwwc8jdk8640000gn/T/wordweave-cr016-build-DhSmZ1/.nuxt/dist/client/manifest.json                  24.27 kB │ gzip:  2.43 kB
../../../../../../../var/folders/z9/99ckxr957v901zwwc8jdk8640000gn/T/wordweave-cr016-build-DhSmZ1/.nuxt/dist/client/_nuxt/analytics.SFhFgM4I.css    0.94 kB │ gzip:  0.34 kB
../../../../../../../var/folders/z9/99ckxr957v901zwwc8jdk8640000gn/T/wordweave-cr016-build-DhSmZ1/.nuxt/dist/client/_nuxt/error-500.BCwb1ls_.css    1.90 kB │ gzip:  0.72 kB
../../../../../../../var/folders/z9/99ckxr957v901zwwc8jdk8640000gn/T/wordweave-cr016-build-DhSmZ1/.nuxt/dist/client/_nuxt/error-404.DtX14caB.css    2.42 kB │ gzip:  0.85 kB
../../../../../../../var/folders/z9/99ckxr957v901zwwc8jdk8640000gn/T/wordweave-cr016-build-DhSmZ1/.nuxt/dist/client/_nuxt/entry.Cs_0zkhe.css       64.67 kB │ gzip: 13.54 kB
../../../../../../../var/folders/z9/99ckxr957v901zwwc8jdk8640000gn/T/wordweave-cr016-build-DhSmZ1/.nuxt/dist/client/_nuxt/CNs_Ozdc.js               0.02 kB │ gzip:  0.04 kB
../../../../../../../var/folders/z9/99ckxr957v901zwwc8jdk8640000gn/T/wordweave-cr016-build-DhSmZ1/.nuxt/dist/client/_nuxt/BDNMzG2s.js               0.08 kB │ gzip:  0.09 kB
../../../../../../../var/folders/z9/99ckxr957v901zwwc8jdk8640000gn/T/wordweave-cr016-build-DhSmZ1/.nuxt/dist/client/_nuxt/BDgPJ9R5.js               0.10 kB │ gzip:  0.10 kB
../../../../../../../var/folders/z9/99ckxr957v901zwwc8jdk8640000gn/T/wordweave-cr016-build-DhSmZ1/.nuxt/dist/client/_nuxt/CVd6l7ad.js               0.11 kB │ gzip:  0.10 kB
../../../../../../../var/folders/z9/99ckxr957v901zwwc8jdk8640000gn/T/wordweave-cr016-build-DhSmZ1/.nuxt/dist/client/_nuxt/36uOzkuD.js               0.13 kB │ gzip:  0.12 kB
../../../../../../../var/folders/z9/99ckxr957v901zwwc8jdk8640000gn/T/wordweave-cr016-build-DhSmZ1/.nuxt/dist/client/_nuxt/CtLoWwMR.js               0.14 kB │ gzip:  0.13 kB
../../../../../../../var/folders/z9/99ckxr957v901zwwc8jdk8640000gn/T/wordweave-cr016-build-DhSmZ1/.nuxt/dist/client/_nuxt/D7qRaRrx.js               0.23 kB │ gzip:  0.18 kB
../../../../../../../var/folders/z9/99ckxr957v901zwwc8jdk8640000gn/T/wordweave-cr016-build-DhSmZ1/.nuxt/dist/client/_nuxt/BvP9HOPg.js               0.23 kB │ gzip:  0.19 kB
../../../../../../../var/folders/z9/99ckxr957v901zwwc8jdk8640000gn/T/wordweave-cr016-build-DhSmZ1/.nuxt/dist/client/_nuxt/BcmnoBS-.js               0.23 kB │ gzip:  0.19 kB
../../../../../../../var/folders/z9/99ckxr957v901zwwc8jdk8640000gn/T/wordweave-cr016-build-DhSmZ1/.nuxt/dist/client/_nuxt/nGQemrBA.js               0.23 kB │ gzip:  0.19 kB
../../../../../../../var/folders/z9/99ckxr957v901zwwc8jdk8640000gn/T/wordweave-cr016-build-DhSmZ1/.nuxt/dist/client/_nuxt/v_ub8Vkm.js               0.25 kB │ gzip:  0.20 kB
../../../../../../../var/folders/z9/99ckxr957v901zwwc8jdk8640000gn/T/wordweave-cr016-build-DhSmZ1/.nuxt/dist/client/_nuxt/BCV0MyGW.js               0.28 kB │ gzip:  0.21 kB
../../../../../../../var/folders/z9/99ckxr957v901zwwc8jdk8640000gn/T/wordweave-cr016-build-DhSmZ1/.nuxt/dist/client/_nuxt/BVqgFJcH.js               0.38 kB │ gzip:  0.25 kB
../../../../../../../var/folders/z9/99ckxr957v901zwwc8jdk8640000gn/T/wordweave-cr016-build-DhSmZ1/.nuxt/dist/client/_nuxt/WqizIAGF.js               0.61 kB │ gzip:  0.41 kB
../../../../../../../var/folders/z9/99ckxr957v901zwwc8jdk8640000gn/T/wordweave-cr016-build-DhSmZ1/.nuxt/dist/client/_nuxt/DcViFzIV.js               0.68 kB │ gzip:  0.43 kB
../../../../../../../var/folders/z9/99ckxr957v901zwwc8jdk8640000gn/T/wordweave-cr016-build-DhSmZ1/.nuxt/dist/client/_nuxt/C8orgTTV.js               0.71 kB │ gzip:  0.41 kB
../../../../../../../var/folders/z9/99ckxr957v901zwwc8jdk8640000gn/T/wordweave-cr016-build-DhSmZ1/.nuxt/dist/client/_nuxt/DTkGnwhQ.js               0.88 kB │ gzip:  0.49 kB
../../../../../../../var/folders/z9/99ckxr957v901zwwc8jdk8640000gn/T/wordweave-cr016-build-DhSmZ1/.nuxt/dist/client/_nuxt/DLGYIxbx.js               1.14 kB │ gzip:  0.48 kB
../../../../../../../var/folders/z9/99ckxr957v901zwwc8jdk8640000gn/T/wordweave-cr016-build-DhSmZ1/.nuxt/dist/client/_nuxt/UJIc1-E9.js               1.23 kB │ gzip:  0.66 kB
../../../../../../../var/folders/z9/99ckxr957v901zwwc8jdk8640000gn/T/wordweave-cr016-build-DhSmZ1/.nuxt/dist/client/_nuxt/BNHcy7Bg.js               1.31 kB │ gzip:  0.55 kB
../../../../../../../var/folders/z9/99ckxr957v901zwwc8jdk8640000gn/T/wordweave-cr016-build-DhSmZ1/.nuxt/dist/client/_nuxt/C1gBL_7l.js               1.94 kB │ gzip:  0.90 kB
../../../../../../../var/folders/z9/99ckxr957v901zwwc8jdk8640000gn/T/wordweave-cr016-build-DhSmZ1/.nuxt/dist/client/_nuxt/BCXVeM7W.js               2.03 kB │ gzip:  0.89 kB
../../../../../../../var/folders/z9/99ckxr957v901zwwc8jdk8640000gn/T/wordweave-cr016-build-DhSmZ1/.nuxt/dist/client/_nuxt/DfV4Xzv0.js               2.08 kB │ gzip:  0.88 kB
../../../../../../../var/folders/z9/99ckxr957v901zwwc8jdk8640000gn/T/wordweave-cr016-build-DhSmZ1/.nuxt/dist/client/_nuxt/tXNrxY6e.js               2.29 kB │ gzip:  1.09 kB
../../../../../../../var/folders/z9/99ckxr957v901zwwc8jdk8640000gn/T/wordweave-cr016-build-DhSmZ1/.nuxt/dist/client/_nuxt/DYA2rhi9.js               2.32 kB │ gzip:  1.00 kB
../../../../../../../var/folders/z9/99ckxr957v901zwwc8jdk8640000gn/T/wordweave-cr016-build-DhSmZ1/.nuxt/dist/client/_nuxt/DHYEBPKo.js               2.38 kB │ gzip:  1.14 kB
../../../../../../../var/folders/z9/99ckxr957v901zwwc8jdk8640000gn/T/wordweave-cr016-build-DhSmZ1/.nuxt/dist/client/_nuxt/oc7UUt1H.js               2.41 kB │ gzip:  1.06 kB
../../../../../../../var/folders/z9/99ckxr957v901zwwc8jdk8640000gn/T/wordweave-cr016-build-DhSmZ1/.nuxt/dist/client/_nuxt/D_qo59mv.js               2.77 kB │ gzip:  1.20 kB
../../../../../../../var/folders/z9/99ckxr957v901zwwc8jdk8640000gn/T/wordweave-cr016-build-DhSmZ1/.nuxt/dist/client/_nuxt/DXe2Km3G.js               3.40 kB │ gzip:  1.54 kB
../../../../../../../var/folders/z9/99ckxr957v901zwwc8jdk8640000gn/T/wordweave-cr016-build-DhSmZ1/.nuxt/dist/client/_nuxt/BIByWpPt.js               3.45 kB │ gzip:  1.47 kB
../../../../../../../var/folders/z9/99ckxr957v901zwwc8jdk8640000gn/T/wordweave-cr016-build-DhSmZ1/.nuxt/dist/client/_nuxt/BfSiVOix.js               3.53 kB │ gzip:  1.58 kB
../../../../../../../var/folders/z9/99ckxr957v901zwwc8jdk8640000gn/T/wordweave-cr016-build-DhSmZ1/.nuxt/dist/client/_nuxt/C4zOlG7N.js               3.72 kB │ gzip:  1.69 kB
../../../../../../../var/folders/z9/99ckxr957v901zwwc8jdk8640000gn/T/wordweave-cr016-build-DhSmZ1/.nuxt/dist/client/_nuxt/DN5ARCKS.js               4.04 kB │ gzip:  1.69 kB
../../../../../../../var/folders/z9/99ckxr957v901zwwc8jdk8640000gn/T/wordweave-cr016-build-DhSmZ1/.nuxt/dist/client/_nuxt/idIgFrSc.js               4.45 kB │ gzip:  1.80 kB
../../../../../../../var/folders/z9/99ckxr957v901zwwc8jdk8640000gn/T/wordweave-cr016-build-DhSmZ1/.nuxt/dist/client/_nuxt/CNS5u8Sq.js               5.14 kB │ gzip:  1.67 kB
../../../../../../../var/folders/z9/99ckxr957v901zwwc8jdk8640000gn/T/wordweave-cr016-build-DhSmZ1/.nuxt/dist/client/_nuxt/CPzcrXBD.js               5.96 kB │ gzip:  2.44 kB
../../../../../../../var/folders/z9/99ckxr957v901zwwc8jdk8640000gn/T/wordweave-cr016-build-DhSmZ1/.nuxt/dist/client/_nuxt/BwbJUs3N.js               6.11 kB │ gzip:  2.90 kB
../../../../../../../var/folders/z9/99ckxr957v901zwwc8jdk8640000gn/T/wordweave-cr016-build-DhSmZ1/.nuxt/dist/client/_nuxt/BwH17m2x.js               6.34 kB │ gzip:  2.62 kB
../../../../../../../var/folders/z9/99ckxr957v901zwwc8jdk8640000gn/T/wordweave-cr016-build-DhSmZ1/.nuxt/dist/client/_nuxt/CV8wmWsw.js               6.35 kB │ gzip:  2.81 kB
../../../../../../../var/folders/z9/99ckxr957v901zwwc8jdk8640000gn/T/wordweave-cr016-build-DhSmZ1/.nuxt/dist/client/_nuxt/BOPYz72d.js               6.62 kB │ gzip:  2.13 kB
../../../../../../../var/folders/z9/99ckxr957v901zwwc8jdk8640000gn/T/wordweave-cr016-build-DhSmZ1/.nuxt/dist/client/_nuxt/CXCw2V-i.js               7.14 kB │ gzip:  2.88 kB
../../../../../../../var/folders/z9/99ckxr957v901zwwc8jdk8640000gn/T/wordweave-cr016-build-DhSmZ1/.nuxt/dist/client/_nuxt/-_nN97AQ.js               8.00 kB │ gzip:  3.07 kB
../../../../../../../var/folders/z9/99ckxr957v901zwwc8jdk8640000gn/T/wordweave-cr016-build-DhSmZ1/.nuxt/dist/client/_nuxt/5SdfamW9.js               8.09 kB │ gzip:  3.09 kB
../../../../../../../var/folders/z9/99ckxr957v901zwwc8jdk8640000gn/T/wordweave-cr016-build-DhSmZ1/.nuxt/dist/client/_nuxt/BTrhxus6.js               8.10 kB │ gzip:  2.35 kB
../../../../../../../var/folders/z9/99ckxr957v901zwwc8jdk8640000gn/T/wordweave-cr016-build-DhSmZ1/.nuxt/dist/client/_nuxt/D4pVigV6.js               8.26 kB │ gzip:  2.99 kB
../../../../../../../var/folders/z9/99ckxr957v901zwwc8jdk8640000gn/T/wordweave-cr016-build-DhSmZ1/.nuxt/dist/client/_nuxt/CLEvzZpw.js               9.03 kB │ gzip:  2.89 kB
../../../../../../../var/folders/z9/99ckxr957v901zwwc8jdk8640000gn/T/wordweave-cr016-build-DhSmZ1/.nuxt/dist/client/_nuxt/Dau0-AeC.js               9.20 kB │ gzip:  3.01 kB
../../../../../../../var/folders/z9/99ckxr957v901zwwc8jdk8640000gn/T/wordweave-cr016-build-DhSmZ1/.nuxt/dist/client/_nuxt/DeVAbjHr.js               9.27 kB │ gzip:  3.92 kB
../../../../../../../var/folders/z9/99ckxr957v901zwwc8jdk8640000gn/T/wordweave-cr016-build-DhSmZ1/.nuxt/dist/client/_nuxt/DG9UqG7Z.js               9.74 kB │ gzip:  3.40 kB
../../../../../../../var/folders/z9/99ckxr957v901zwwc8jdk8640000gn/T/wordweave-cr016-build-DhSmZ1/.nuxt/dist/client/_nuxt/BuRC9TEJ.js              11.63 kB │ gzip:  4.03 kB
../../../../../../../var/folders/z9/99ckxr957v901zwwc8jdk8640000gn/T/wordweave-cr016-build-DhSmZ1/.nuxt/dist/client/_nuxt/CbvW0Ckb.js              12.72 kB │ gzip:  4.13 kB
../../../../../../../var/folders/z9/99ckxr957v901zwwc8jdk8640000gn/T/wordweave-cr016-build-DhSmZ1/.nuxt/dist/client/_nuxt/DyUM36y0.js              13.46 kB │ gzip:  5.77 kB
../../../../../../../var/folders/z9/99ckxr957v901zwwc8jdk8640000gn/T/wordweave-cr016-build-DhSmZ1/.nuxt/dist/client/_nuxt/B_7ejodq.js              13.67 kB │ gzip:  4.75 kB
../../../../../../../var/folders/z9/99ckxr957v901zwwc8jdk8640000gn/T/wordweave-cr016-build-DhSmZ1/.nuxt/dist/client/_nuxt/CmbluwC9.js              16.57 kB │ gzip:  5.35 kB
../../../../../../../var/folders/z9/99ckxr957v901zwwc8jdk8640000gn/T/wordweave-cr016-build-DhSmZ1/.nuxt/dist/client/_nuxt/BrADuwnk.js              16.83 kB │ gzip:  4.09 kB
../../../../../../../var/folders/z9/99ckxr957v901zwwc8jdk8640000gn/T/wordweave-cr016-build-DhSmZ1/.nuxt/dist/client/_nuxt/CTQeMcJX.js              19.01 kB │ gzip:  5.99 kB
../../../../../../../var/folders/z9/99ckxr957v901zwwc8jdk8640000gn/T/wordweave-cr016-build-DhSmZ1/.nuxt/dist/client/_nuxt/oZrM902T.js              22.65 kB │ gzip:  7.76 kB
../../../../../../../var/folders/z9/99ckxr957v901zwwc8jdk8640000gn/T/wordweave-cr016-build-DhSmZ1/.nuxt/dist/client/_nuxt/BuGlldFk.js              23.10 kB │ gzip:  7.46 kB
../../../../../../../var/folders/z9/99ckxr957v901zwwc8jdk8640000gn/T/wordweave-cr016-build-DhSmZ1/.nuxt/dist/client/_nuxt/0nPAoPiu.js              34.59 kB │ gzip:  9.71 kB
../../../../../../../var/folders/z9/99ckxr957v901zwwc8jdk8640000gn/T/wordweave-cr016-build-DhSmZ1/.nuxt/dist/client/_nuxt/D-VbHypG.js              49.47 kB │ gzip: 17.06 kB
../../../../../../../var/folders/z9/99ckxr957v901zwwc8jdk8640000gn/T/wordweave-cr016-build-DhSmZ1/.nuxt/dist/client/_nuxt/DyjLnLfz.js              87.22 kB │ gzip: 33.69 kB
../../../../../../../var/folders/z9/99ckxr957v901zwwc8jdk8640000gn/T/wordweave-cr016-build-DhSmZ1/.nuxt/dist/client/_nuxt/wuN_Apyq.js             302.79 kB │ gzip: 93.27 kB

ℹ ✓ built in 4.01s

 WARN  [33m[PLUGIN_TIMINGS] [0mYour build spent 96% of 4.0s inside plugin hooks (3.8s).
Measured inside the callback, so queue time is excluded and time the callback itself awaited is not:
  - vite-plugin-checker buildEnd (54%, 2.1s, 1 call)
Those rows are 54% of the build; the rest of the 96% is below.
Not measurable — 2 hooks whose calls overlap, so elapsed time covers work other calls were doing. Profile with node --cpu-prof:
  - nuxt:ssr-styles:client resolveId (144 calls)
  - nuxt:resolve-bare-imports resolveId (29 calls)
See https://rolldown.rs/reference/InputOptions.checks#plugintimings for more details.


✔ Client built in 4037ms
ℹ Building server...
ℹ vite v8.2.2 building ssr environment for production...
transforming...
✓ 387 modules transformed.
rendering chunks...
ℹ ../../../../../../../var/folders/z9/99ckxr957v901zwwc8jdk8640000gn/T/wordweave-cr016-build-DhSmZ1/.nuxt/dist/server/_nuxt/analytics-styles.COS2yGzo.mjs            0.08 kB
../../../../../../../var/folders/z9/99ckxr957v901zwwc8jdk8640000gn/T/wordweave-cr016-build-DhSmZ1/.nuxt/dist/server/_nuxt/error-404-styles.UP1AHB9m.mjs            0.08 kB
../../../../../../../var/folders/z9/99ckxr957v901zwwc8jdk8640000gn/T/wordweave-cr016-build-DhSmZ1/.nuxt/dist/server/_nuxt/error-500-styles.CvfOP9g8.mjs            0.08 kB
../../../../../../../var/folders/z9/99ckxr957v901zwwc8jdk8640000gn/T/wordweave-cr016-build-DhSmZ1/.nuxt/dist/server/styles.mjs                                     0.72 kB
../../../../../../../var/folders/z9/99ckxr957v901zwwc8jdk8640000gn/T/wordweave-cr016-build-DhSmZ1/.nuxt/dist/server/_nuxt/_plugin-vue_export-helper-BOaGB7Aw.js    0.26 kB
../../../../../../../var/folders/z9/99ckxr957v901zwwc8jdk8640000gn/T/wordweave-cr016-build-DhSmZ1/.nuxt/dist/server/_nuxt/page-loader-JPF-RMuF.js                  0.29 kB │ map:     0.52 kB
../../../../../../../var/folders/z9/99ckxr957v901zwwc8jdk8640000gn/T/wordweave-cr016-build-DhSmZ1/.nuxt/dist/server/_nuxt/feedback-27w6pc_Q.js                     0.31 kB │ map:     0.44 kB
../../../../../../../var/folders/z9/99ckxr957v901zwwc8jdk8640000gn/T/wordweave-cr016-build-DhSmZ1/.nuxt/dist/server/_nuxt/use-localized-head-BLb3TwV1.js           0.35 kB │ map:     0.51 kB
../../../../../../../var/folders/z9/99ckxr957v901zwwc8jdk8640000gn/T/wordweave-cr016-build-DhSmZ1/.nuxt/dist/server/_nuxt/pages-SLeXfyxL.js                        0.36 kB │ map:     1.92 kB
../../../../../../../var/folders/z9/99ckxr957v901zwwc8jdk8640000gn/T/wordweave-cr016-build-DhSmZ1/.nuxt/dist/server/_nuxt/private-state-CY3EHnaq.js                0.43 kB │ map:     0.64 kB
../../../../../../../var/folders/z9/99ckxr957v901zwwc8jdk8640000gn/T/wordweave-cr016-build-DhSmZ1/.nuxt/dist/server/_nuxt/use-design-copy-DAtFtba3.js              0.51 kB │ map:     0.84 kB
../../../../../../../var/folders/z9/99ckxr957v901zwwc8jdk8640000gn/T/wordweave-cr016-build-DhSmZ1/.nuxt/dist/server/_nuxt/analytics-events-DLsVIQ3d.js             0.57 kB │ map:     2.68 kB
../../../../../../../var/folders/z9/99ckxr957v901zwwc8jdk8640000gn/T/wordweave-cr016-build-DhSmZ1/.nuxt/dist/server/_nuxt/admin-DHw4N4TV.js                        0.83 kB │ map:     0.61 kB
../../../../../../../var/folders/z9/99ckxr957v901zwwc8jdk8640000gn/T/wordweave-cr016-build-DhSmZ1/.nuxt/dist/server/_nuxt/learner-daJ_yCr-.js                      0.85 kB │ map:     0.70 kB
../../../../../../../var/folders/z9/99ckxr957v901zwwc8jdk8640000gn/T/wordweave-cr016-build-DhSmZ1/.nuxt/dist/server/_nuxt/guest-C1Je0kX8.js                        0.89 kB │ map:     0.71 kB
../../../../../../../var/folders/z9/99ckxr957v901zwwc8jdk8640000gn/T/wordweave-cr016-build-DhSmZ1/.nuxt/dist/server/_nuxt/items-A_V6N60v.js                        1.21 kB │ map:     0.69 kB
../../../../../../../var/folders/z9/99ckxr957v901zwwc8jdk8640000gn/T/wordweave-cr016-build-DhSmZ1/.nuxt/dist/server/_nuxt/create-seWTTzOX.js                       1.22 kB │ map:     0.65 kB
../../../../../../../var/folders/z9/99ckxr957v901zwwc8jdk8640000gn/T/wordweave-cr016-build-DhSmZ1/.nuxt/dist/server/_nuxt/exchange-B-QSSDRz.js                     1.28 kB │ map:     0.78 kB
../../../../../../../var/folders/z9/99ckxr957v901zwwc8jdk8640000gn/T/wordweave-cr016-build-DhSmZ1/.nuxt/dist/server/_nuxt/analytics-styles-1.mjs-Cd-vY-BB.js       1.30 kB │ map:    13.60 kB
../../../../../../../var/folders/z9/99ckxr957v901zwwc8jdk8640000gn/T/wordweave-cr016-build-DhSmZ1/.nuxt/dist/server/_nuxt/growth-drafts-g6NGAUre.js                1.37 kB │ map:     6.79 kB
../../../../../../../var/folders/z9/99ckxr957v901zwwc8jdk8640000gn/T/wordweave-cr016-build-DhSmZ1/.nuxt/dist/server/_nuxt/BrandMark-Dfw0giN0.js                    1.40 kB │ map:     0.92 kB
../../../../../../../var/folders/z9/99ckxr957v901zwwc8jdk8640000gn/T/wordweave-cr016-build-DhSmZ1/.nuxt/dist/server/_nuxt/use-display-formatters-6TT967_4.js       1.45 kB │ map:     2.69 kB
../../../../../../../var/folders/z9/99ckxr957v901zwwc8jdk8640000gn/T/wordweave-cr016-build-DhSmZ1/.nuxt/dist/server/_nuxt/_presetId_-UVKYe9-6.js                   1.50 kB │ map:     1.05 kB
../../../../../../../var/folders/z9/99ckxr957v901zwwc8jdk8640000gn/T/wordweave-cr016-build-DhSmZ1/.nuxt/dist/server/_nuxt/head-CJ12ySgp.js                         1.62 kB │ map:     4.51 kB
../../../../../../../var/folders/z9/99ckxr957v901zwwc8jdk8640000gn/T/wordweave-cr016-build-DhSmZ1/.nuxt/dist/server/_nuxt/AppError-AIk1fG1k.js                     1.74 kB │ map:     1.68 kB
../../../../../../../var/folders/z9/99ckxr957v901zwwc8jdk8640000gn/T/wordweave-cr016-build-DhSmZ1/.nuxt/dist/server/_nuxt/return-intent-CO5nbQnf.js                1.92 kB │ map:     4.46 kB
../../../../../../../var/folders/z9/99ckxr957v901zwwc8jdk8640000gn/T/wordweave-cr016-build-DhSmZ1/.nuxt/dist/server/_nuxt/_batchId_-D-voHep7.js                    2.03 kB │ map:     2.54 kB
../../../../../../../var/folders/z9/99ckxr957v901zwwc8jdk8640000gn/T/wordweave-cr016-build-DhSmZ1/.nuxt/dist/server/_nuxt/error-500-styles-1.mjs-BIY4rstB.js       2.44 kB │ map:     5.40 kB
../../../../../../../var/folders/z9/99ckxr957v901zwwc8jdk8640000gn/T/wordweave-cr016-build-DhSmZ1/.nuxt/dist/server/_nuxt/presets-URJ6doeh.js                      2.53 kB │ map:     4.58 kB
../../../../../../../var/folders/z9/99ckxr957v901zwwc8jdk8640000gn/T/wordweave-cr016-build-DhSmZ1/.nuxt/dist/server/_nuxt/AppDialog-YimJpnmh.js                    2.75 kB │ map:     4.49 kB
../../../../../../../var/folders/z9/99ckxr957v901zwwc8jdk8640000gn/T/wordweave-cr016-build-DhSmZ1/.nuxt/dist/server/_nuxt/GenerationSettings--xPNoD1P.js           2.75 kB │ map:     3.83 kB
../../../../../../../var/folders/z9/99ckxr957v901zwwc8jdk8640000gn/T/wordweave-cr016-build-DhSmZ1/.nuxt/dist/server/_nuxt/ssr-BXjNCuiD.js                          2.93 kB │ map:     5.69 kB
../../../../../../../var/folders/z9/99ckxr957v901zwwc8jdk8640000gn/T/wordweave-cr016-build-DhSmZ1/.nuxt/dist/server/_nuxt/error-404-styles-1.mjs-DwzLrrzA.js       2.97 kB │ map:     6.05 kB
../../../../../../../var/folders/z9/99ckxr957v901zwwc8jdk8640000gn/T/wordweave-cr016-build-DhSmZ1/.nuxt/dist/server/_nuxt/AccountPage-Bsob8C0T.js                  3.14 kB │ map:     2.35 kB
../../../../../../../var/folders/z9/99ckxr957v901zwwc8jdk8640000gn/T/wordweave-cr016-build-DhSmZ1/.nuxt/dist/server/_nuxt/analytics-BySmWJfJ.js                    3.76 kB │ map:     7.18 kB
../../../../../../../var/folders/z9/99ckxr957v901zwwc8jdk8640000gn/T/wordweave-cr016-build-DhSmZ1/.nuxt/dist/server/_nuxt/AccountShell-Dg5gQj2w.js                 4.45 kB │ map:     6.98 kB
../../../../../../../var/folders/z9/99ckxr957v901zwwc8jdk8640000gn/T/wordweave-cr016-build-DhSmZ1/.nuxt/dist/server/_nuxt/error-500-D2vTCUan.js                    4.66 kB │ map:     5.73 kB
../../../../../../../var/folders/z9/99ckxr957v901zwwc8jdk8640000gn/T/wordweave-cr016-build-DhSmZ1/.nuxt/dist/server/_nuxt/admin-C5fl1375.js                        4.87 kB │ map:     7.66 kB
../../../../../../../var/folders/z9/99ckxr957v901zwwc8jdk8640000gn/T/wordweave-cr016-build-DhSmZ1/.nuxt/dist/server/_nuxt/error-404-j04tEww0.js                    5.36 kB │ map:     6.53 kB
../../../../../../../var/folders/z9/99ckxr957v901zwwc8jdk8640000gn/T/wordweave-cr016-build-DhSmZ1/.nuxt/dist/server/_nuxt/login-CL5J3RiR.js                        5.53 kB │ map:    12.85 kB
../../../../../../../var/folders/z9/99ckxr957v901zwwc8jdk8640000gn/T/wordweave-cr016-build-DhSmZ1/.nuxt/dist/server/_nuxt/admin-vPRGn5N8.js                        5.63 kB │ map:     8.89 kB
../../../../../../../var/folders/z9/99ckxr957v901zwwc8jdk8640000gn/T/wordweave-cr016-build-DhSmZ1/.nuxt/dist/server/_nuxt/register-C56cdpiU.js                     6.12 kB │ map:    14.76 kB
../../../../../../../var/folders/z9/99ckxr957v901zwwc8jdk8640000gn/T/wordweave-cr016-build-DhSmZ1/.nuxt/dist/server/_nuxt/learner-access-BrsDGy0z.js               6.60 kB │ map:     9.03 kB
../../../../../../../var/folders/z9/99ckxr957v901zwwc8jdk8640000gn/T/wordweave-cr016-build-DhSmZ1/.nuxt/dist/server/_nuxt/pages-CL8vvYm1.js                        7.02 kB │ map:    13.03 kB
../../../../../../../var/folders/z9/99ckxr957v901zwwc8jdk8640000gn/T/wordweave-cr016-build-DhSmZ1/.nuxt/dist/server/_nuxt/notices--16_i1J8.js                      7.74 kB │ map:    12.85 kB
../../../../../../../var/folders/z9/99ckxr957v901zwwc8jdk8640000gn/T/wordweave-cr016-build-DhSmZ1/.nuxt/dist/server/_nuxt/BatchParticipation-abGL-aKc.js           8.74 kB │ map:    16.24 kB
../../../../../../../var/folders/z9/99ckxr957v901zwwc8jdk8640000gn/T/wordweave-cr016-build-DhSmZ1/.nuxt/dist/server/_nuxt/session-BTB3giuV.js                      8.80 kB │ map:    21.73 kB
../../../../../../../var/folders/z9/99ckxr957v901zwwc8jdk8640000gn/T/wordweave-cr016-build-DhSmZ1/.nuxt/dist/server/_nuxt/default-C-_El3BL.js                      8.82 kB │ map:    13.36 kB
../../../../../../../var/folders/z9/99ckxr957v901zwwc8jdk8640000gn/T/wordweave-cr016-build-DhSmZ1/.nuxt/dist/server/_nuxt/error-D5ZPde6i.js                        8.83 kB │ map:    23.41 kB
../../../../../../../var/folders/z9/99ckxr957v901zwwc8jdk8640000gn/T/wordweave-cr016-build-DhSmZ1/.nuxt/dist/server/_nuxt/users-Bucza69f.js                       10.24 kB │ map:    21.85 kB
../../../../../../../var/folders/z9/99ckxr957v901zwwc8jdk8640000gn/T/wordweave-cr016-build-DhSmZ1/.nuxt/dist/server/_nuxt/nuxt-DWOhBiFZ.js                        12.67 kB │ map:    33.79 kB
../../../../../../../var/folders/z9/99ckxr957v901zwwc8jdk8640000gn/T/wordweave-cr016-build-DhSmZ1/.nuxt/dist/server/_nuxt/explore-BmuxOCoB.js                     12.70 kB │ map:    31.36 kB
../../../../../../../var/folders/z9/99ckxr957v901zwwc8jdk8640000gn/T/wordweave-cr016-build-DhSmZ1/.nuxt/dist/server/_nuxt/notices-BP5WnS1S.js                     14.38 kB │ map:    34.24 kB
../../../../../../../var/folders/z9/99ckxr957v901zwwc8jdk8640000gn/T/wordweave-cr016-build-DhSmZ1/.nuxt/dist/server/_nuxt/admin-loNqod5U.js                       14.91 kB │ map:    31.27 kB
../../../../../../../var/folders/z9/99ckxr957v901zwwc8jdk8640000gn/T/wordweave-cr016-build-DhSmZ1/.nuxt/dist/server/_nuxt/AppIcon-B7K2XjAS.js                     17.65 kB │ map:    49.77 kB
../../../../../../../var/folders/z9/99ckxr957v901zwwc8jdk8640000gn/T/wordweave-cr016-build-DhSmZ1/.nuxt/dist/server/_nuxt/plans-C7IeKrDY.js                       18.10 kB │ map:    40.82 kB
../../../../../../../var/folders/z9/99ckxr957v901zwwc8jdk8640000gn/T/wordweave-cr016-build-DhSmZ1/.nuxt/dist/server/_nuxt/_batchId_-D0mDBG7Z.js                   19.65 kB │ map:    26.88 kB
../../../../../../../var/folders/z9/99ckxr957v901zwwc8jdk8640000gn/T/wordweave-cr016-build-DhSmZ1/.nuxt/dist/server/_nuxt/models-CHiHkSS_.js                      21.00 kB │ map:    40.95 kB
../../../../../../../var/folders/z9/99ckxr957v901zwwc8jdk8640000gn/T/wordweave-cr016-build-DhSmZ1/.nuxt/dist/server/_nuxt/devtools-CLRpXhL7-CYb7ggQw.js           21.27 kB │ map:    73.24 kB
../../../../../../../var/folders/z9/99ckxr957v901zwwc8jdk8640000gn/T/wordweave-cr016-build-DhSmZ1/.nuxt/dist/server/_nuxt/analytics-DuLOSh98.js                   24.12 kB │ map:    47.31 kB
../../../../../../../var/folders/z9/99ckxr957v901zwwc8jdk8640000gn/T/wordweave-cr016-build-DhSmZ1/.nuxt/dist/server/_nuxt/library-RYG6g-Wx.js                     25.06 kB │ map:    38.34 kB
../../../../../../../var/folders/z9/99ckxr957v901zwwc8jdk8640000gn/T/wordweave-cr016-build-DhSmZ1/.nuxt/dist/server/_nuxt/presets-CiRcpJW8.js                     26.30 kB │ map:    67.42 kB
../../../../../../../var/folders/z9/99ckxr957v901zwwc8jdk8640000gn/T/wordweave-cr016-build-DhSmZ1/.nuxt/dist/server/_nuxt/growth-C-Og26kS.js                      26.57 kB │ map:    42.76 kB
../../../../../../../var/folders/z9/99ckxr957v901zwwc8jdk8640000gn/T/wordweave-cr016-build-DhSmZ1/.nuxt/dist/server/_nuxt/review-BnYFuezL.js                      26.97 kB │ map:    49.97 kB
../../../../../../../var/folders/z9/99ckxr957v901zwwc8jdk8640000gn/T/wordweave-cr016-build-DhSmZ1/.nuxt/dist/server/_nuxt/GenerationWorkspace-CD5ig6cU.js         30.77 kB │ map:    83.87 kB
../../../../../../../var/folders/z9/99ckxr957v901zwwc8jdk8640000gn/T/wordweave-cr016-build-DhSmZ1/.nuxt/dist/server/_nuxt/account-Vn5KgVXy.js                     31.03 kB │ map:    37.19 kB
../../../../../../../var/folders/z9/99ckxr957v901zwwc8jdk8640000gn/T/wordweave-cr016-build-DhSmZ1/.nuxt/dist/server/_nuxt/ItemsWorkspace-BYOqBMuQ.js              42.79 kB │ map:    64.83 kB
../../../../../../../var/folders/z9/99ckxr957v901zwwc8jdk8640000gn/T/wordweave-cr016-build-DhSmZ1/.nuxt/dist/server/_nuxt/_userId_-DTL9MNDv.js                    44.52 kB │ map:    88.82 kB
../../../../../../../var/folders/z9/99ckxr957v901zwwc8jdk8640000gn/T/wordweave-cr016-build-DhSmZ1/.nuxt/dist/server/_nuxt/_sessionId_-CLqShzJC.js                 60.58 kB │ map:   111.55 kB
../../../../../../../var/folders/z9/99ckxr957v901zwwc8jdk8640000gn/T/wordweave-cr016-build-DhSmZ1/.nuxt/dist/server/_nuxt/growth-DVvd3IdY.js                      67.87 kB │ map:   154.34 kB
../../../../../../../var/folders/z9/99ckxr957v901zwwc8jdk8640000gn/T/wordweave-cr016-build-DhSmZ1/.nuxt/dist/server/server.mjs                                   422.25 kB │ map: 1,135.73 kB

ℹ ✓ built in 3.87s

 WARN  [33m[PLUGIN_TIMINGS] [0mYour build spent 98% of 3.9s inside plugin hooks (3.8s).
Measured inside the callback, so queue time is excluded and time the callback itself awaited is not:
  - vite-plugin-checker buildEnd (66%, 2.6s, 1 call)
Those rows are 66% of the build; the rest of the 98% is below.
Not measurable — 4 hooks whose calls overlap, so elapsed time covers work other calls were doing. Profile with node --cpu-prof:
  - nuxt:ssr-styles:ssr resolveId (142 calls)
  - nuxt:resolve-externals:external resolveId (43 calls)
  - nuxt:resolve-bare-imports resolveId (22 calls)
  … and 1 more
See https://rolldown.rs/reference/InputOptions.checks#plugintimings for more details.


✔ Server built in 3885ms
[nitro] ✔ Generated public ../../../../../../../var/folders/z9/99ckxr957v901zwwc8jdk8640000gn/T/wordweave-cr016-build-DhSmZ1/.output/public
[nitro] ℹ Building Nuxt Nitro server (preset: node-server, compatibility date: 2026-09-01)
[plugin esbuild] ../../../../../../../private/var/folders/z9/99ckxr957v901zwwc8jdk8640000gn/T/wordweave-cr016-build-DhSmZ1/.nuxt/dist/server/_nuxt/growth-C-Og26kS.js: [esbuild] (../../../../../../../private/var/folders/z9/99ckxr957v901zwwc8jdk8640000gn/T/wordweave-cr016-build-DhSmZ1/.nuxt/dist/server/_nuxt/growth-C-Og26kS.js:182:18) Big integer literals are not available in the configured target environment ("es2019") and may crash at run-time
[plugin esbuild] ../../../../../../../private/var/folders/z9/99ckxr957v901zwwc8jdk8640000gn/T/wordweave-cr016-build-DhSmZ1/.nuxt/dist/server/_nuxt/growth-C-Og26kS.js: [esbuild] (../../../../../../../private/var/folders/z9/99ckxr957v901zwwc8jdk8640000gn/T/wordweave-cr016-build-DhSmZ1/.nuxt/dist/server/_nuxt/growth-C-Og26kS.js:182:68) Big integer literals are not available in the configured target environment ("es2019") and may crash at run-time
[plugin esbuild] ../../../../../../../private/var/folders/z9/99ckxr957v901zwwc8jdk8640000gn/T/wordweave-cr016-build-DhSmZ1/.nuxt/dist/server/_nuxt/growth-drafts-g6NGAUre.js: [esbuild] (../../../../../../../private/var/folders/z9/99ckxr957v901zwwc8jdk8640000gn/T/wordweave-cr016-build-DhSmZ1/.nuxt/dist/server/_nuxt/growth-drafts-g6NGAUre.js:2:82) Big integer literals are not available in the configured target environment ("es2019") and may crash at run-time
[nitro] ✔ Nuxt Nitro server built
  ├─ ../../../../../../../var/folders/z9/99ckxr957v901zwwc8jdk8640000gn/T/wordweave-cr016-build-DhSmZ1/.output/server/chunks/_/_batchId_-D-voHep7.mjs (2.28 kB) (949 B gzip)
  ├─ ../../../../../../../var/folders/z9/99ckxr957v901zwwc8jdk8640000gn/T/wordweave-cr016-build-DhSmZ1/.output/server/chunks/_/_batchId_-D-voHep7.mjs.map (1.58 kB) (649 B gzip)
  ├─ ../../../../../../../var/folders/z9/99ckxr957v901zwwc8jdk8640000gn/T/wordweave-cr016-build-DhSmZ1/.output/server/chunks/_/_batchId_-D0mDBG7Z.mjs (22.2 kB) (4.62 kB gzip)
  ├─ ../../../../../../../var/folders/z9/99ckxr957v901zwwc8jdk8640000gn/T/wordweave-cr016-build-DhSmZ1/.output/server/chunks/_/_batchId_-D0mDBG7Z.mjs.map (20.6 kB) (3.94 kB gzip)
  ├─ ../../../../../../../var/folders/z9/99ckxr957v901zwwc8jdk8640000gn/T/wordweave-cr016-build-DhSmZ1/.output/server/chunks/_/_plugin-vue_export-helper-BOaGB7Aw.mjs (286 B) (206 B gzip)
  ├─ ../../../../../../../var/folders/z9/99ckxr957v901zwwc8jdk8640000gn/T/wordweave-cr016-build-DhSmZ1/.output/server/chunks/_/_plugin-vue_export-helper-BOaGB7Aw.mjs.map (483 B) (310 B gzip)
  ├─ ../../../../../../../var/folders/z9/99ckxr957v901zwwc8jdk8640000gn/T/wordweave-cr016-build-DhSmZ1/.output/server/chunks/_/_presetId_-UVKYe9-6.mjs (2.25 kB) (923 B gzip)
  ├─ ../../../../../../../var/folders/z9/99ckxr957v901zwwc8jdk8640000gn/T/wordweave-cr016-build-DhSmZ1/.output/server/chunks/_/_presetId_-UVKYe9-6.mjs.map (1.09 kB) (513 B gzip)
  ├─ ../../../../../../../var/folders/z9/99ckxr957v901zwwc8jdk8640000gn/T/wordweave-cr016-build-DhSmZ1/.output/server/chunks/_/_sessionId_-CLqShzJC.mjs (68.9 kB) (12.9 kB gzip)
  ├─ ../../../../../../../var/folders/z9/99ckxr957v901zwwc8jdk8640000gn/T/wordweave-cr016-build-DhSmZ1/.output/server/chunks/_/_sessionId_-CLqShzJC.mjs.map (73.4 kB) (11.9 kB gzip)
  ├─ ../../../../../../../var/folders/z9/99ckxr957v901zwwc8jdk8640000gn/T/wordweave-cr016-build-DhSmZ1/.output/server/chunks/_/_userId_-DTL9MNDv.mjs (48.4 kB) (9.75 kB gzip)
  ├─ ../../../../../../../var/folders/z9/99ckxr957v901zwwc8jdk8640000gn/T/wordweave-cr016-build-DhSmZ1/.output/server/chunks/_/_userId_-DTL9MNDv.mjs.map (52 kB) (8.71 kB gzip)
  ├─ ../../../../../../../var/folders/z9/99ckxr957v901zwwc8jdk8640000gn/T/wordweave-cr016-build-DhSmZ1/.output/server/chunks/_/account-Vn5KgVXy.mjs (34.8 kB) (4.53 kB gzip)
  ├─ ../../../../../../../var/folders/z9/99ckxr957v901zwwc8jdk8640000gn/T/wordweave-cr016-build-DhSmZ1/.output/server/chunks/_/account-Vn5KgVXy.mjs.map (32 kB) (4.08 kB gzip)
  ├─ ../../../../../../../var/folders/z9/99ckxr957v901zwwc8jdk8640000gn/T/wordweave-cr016-build-DhSmZ1/.output/server/chunks/_/AccountPage-Bsob8C0T.mjs (3.14 kB) (1.01 kB gzip)
  ├─ ../../../../../../../var/folders/z9/99ckxr957v901zwwc8jdk8640000gn/T/wordweave-cr016-build-DhSmZ1/.output/server/chunks/_/AccountPage-Bsob8C0T.mjs.map (2.7 kB) (883 B gzip)
  ├─ ../../../../../../../var/folders/z9/99ckxr957v901zwwc8jdk8640000gn/T/wordweave-cr016-build-DhSmZ1/.output/server/chunks/_/AccountShell-Dg5gQj2w.mjs (4.65 kB) (1.49 kB gzip)
  ├─ ../../../../../../../var/folders/z9/99ckxr957v901zwwc8jdk8640000gn/T/wordweave-cr016-build-DhSmZ1/.output/server/chunks/_/AccountShell-Dg5gQj2w.mjs.map (4.11 kB) (1.19 kB gzip)
  ├─ ../../../../../../../var/folders/z9/99ckxr957v901zwwc8jdk8640000gn/T/wordweave-cr016-build-DhSmZ1/.output/server/chunks/_/admin-C5fl1375.mjs (5.6 kB) (1.81 kB gzip)
  ├─ ../../../../../../../var/folders/z9/99ckxr957v901zwwc8jdk8640000gn/T/wordweave-cr016-build-DhSmZ1/.output/server/chunks/_/admin-C5fl1375.mjs.map (4.42 kB) (1.21 kB gzip)
  ├─ ../../../../../../../var/folders/z9/99ckxr957v901zwwc8jdk8640000gn/T/wordweave-cr016-build-DhSmZ1/.output/server/chunks/_/admin-DHw4N4TV.mjs (1.03 kB) (472 B gzip)
  ├─ ../../../../../../../var/folders/z9/99ckxr957v901zwwc8jdk8640000gn/T/wordweave-cr016-build-DhSmZ1/.output/server/chunks/_/admin-DHw4N4TV.mjs.map (552 B) (333 B gzip)
  ├─ ../../../../../../../var/folders/z9/99ckxr957v901zwwc8jdk8640000gn/T/wordweave-cr016-build-DhSmZ1/.output/server/chunks/_/admin-loNqod5U.mjs (16 kB) (3.19 kB gzip)
  ├─ ../../../../../../../var/folders/z9/99ckxr957v901zwwc8jdk8640000gn/T/wordweave-cr016-build-DhSmZ1/.output/server/chunks/_/admin-loNqod5U.mjs.map (17.3 kB) (3.09 kB gzip)
  ├─ ../../../../../../../var/folders/z9/99ckxr957v901zwwc8jdk8640000gn/T/wordweave-cr016-build-DhSmZ1/.output/server/chunks/_/admin-vPRGn5N8.mjs (6.53 kB) (2.01 kB gzip)
  ├─ ../../../../../../../var/folders/z9/99ckxr957v901zwwc8jdk8640000gn/T/wordweave-cr016-build-DhSmZ1/.output/server/chunks/_/admin-vPRGn5N8.mjs.map (5.85 kB) (1.47 kB gzip)
  ├─ ../../../../../../../var/folders/z9/99ckxr957v901zwwc8jdk8640000gn/T/wordweave-cr016-build-DhSmZ1/.output/server/chunks/_/analytics-BySmWJfJ.mjs (3.77 kB) (1.27 kB gzip)
  ├─ ../../../../../../../var/folders/z9/99ckxr957v901zwwc8jdk8640000gn/T/wordweave-cr016-build-DhSmZ1/.output/server/chunks/_/analytics-BySmWJfJ.mjs.map (4.46 kB) (1.22 kB gzip)
  ├─ ../../../../../../../var/folders/z9/99ckxr957v901zwwc8jdk8640000gn/T/wordweave-cr016-build-DhSmZ1/.output/server/chunks/_/analytics-DuLOSh98.mjs (27.5 kB) (6.17 kB gzip)
  ├─ ../../../../../../../var/folders/z9/99ckxr957v901zwwc8jdk8640000gn/T/wordweave-cr016-build-DhSmZ1/.output/server/chunks/_/analytics-DuLOSh98.mjs.map (25.2 kB) (4.54 kB gzip)
  ├─ ../../../../../../../var/folders/z9/99ckxr957v901zwwc8jdk8640000gn/T/wordweave-cr016-build-DhSmZ1/.output/server/chunks/_/analytics-events-DLsVIQ3d.mjs (498 B) (314 B gzip)
  ├─ ../../../../../../../var/folders/z9/99ckxr957v901zwwc8jdk8640000gn/T/wordweave-cr016-build-DhSmZ1/.output/server/chunks/_/analytics-events-DLsVIQ3d.mjs.map (648 B) (371 B gzip)
  ├─ ../../../../../../../var/folders/z9/99ckxr957v901zwwc8jdk8640000gn/T/wordweave-cr016-build-DhSmZ1/.output/server/chunks/_/analytics-styles.COS2yGzo.mjs (1.25 kB) (492 B gzip)
  ├─ ../../../../../../../var/folders/z9/99ckxr957v901zwwc8jdk8640000gn/T/wordweave-cr016-build-DhSmZ1/.output/server/chunks/_/analytics-styles.COS2yGzo.mjs.map (504 B) (269 B gzip)
  ├─ ../../../../../../../var/folders/z9/99ckxr957v901zwwc8jdk8640000gn/T/wordweave-cr016-build-DhSmZ1/.output/server/chunks/_/AppDialog-YimJpnmh.mjs (2.74 kB) (1.08 kB gzip)
  ├─ ../../../../../../../var/folders/z9/99ckxr957v901zwwc8jdk8640000gn/T/wordweave-cr016-build-DhSmZ1/.output/server/chunks/_/AppDialog-YimJpnmh.mjs.map (2.65 kB) (917 B gzip)
  ├─ ../../../../../../../var/folders/z9/99ckxr957v901zwwc8jdk8640000gn/T/wordweave-cr016-build-DhSmZ1/.output/server/chunks/_/AppError-AIk1fG1k.mjs (1.64 kB) (706 B gzip)
  ├─ ../../../../../../../var/folders/z9/99ckxr957v901zwwc8jdk8640000gn/T/wordweave-cr016-build-DhSmZ1/.output/server/chunks/_/AppError-AIk1fG1k.mjs.map (1.52 kB) (622 B gzip)
  ├─ ../../../../../../../var/folders/z9/99ckxr957v901zwwc8jdk8640000gn/T/wordweave-cr016-build-DhSmZ1/.output/server/chunks/_/AppIcon-B7K2XjAS.mjs (17.8 kB) (3.87 kB gzip)
  ├─ ../../../../../../../var/folders/z9/99ckxr957v901zwwc8jdk8640000gn/T/wordweave-cr016-build-DhSmZ1/.output/server/chunks/_/AppIcon-B7K2XjAS.mjs.map (5.52 kB) (1.3 kB gzip)
  ├─ ../../../../../../../var/folders/z9/99ckxr957v901zwwc8jdk8640000gn/T/wordweave-cr016-build-DhSmZ1/.output/server/chunks/_/BatchParticipation-abGL-aKc.mjs (8.91 kB) (2.1 kB gzip)
  ├─ ../../../../../../../var/folders/z9/99ckxr957v901zwwc8jdk8640000gn/T/wordweave-cr016-build-DhSmZ1/.output/server/chunks/_/BatchParticipation-abGL-aKc.mjs.map (9.23 kB) (1.86 kB gzip)
  ├─ ../../../../../../../var/folders/z9/99ckxr957v901zwwc8jdk8640000gn/T/wordweave-cr016-build-DhSmZ1/.output/server/chunks/_/BrandMark-Dfw0giN0.mjs (1.35 kB) (709 B gzip)
  ├─ ../../../../../../../var/folders/z9/99ckxr957v901zwwc8jdk8640000gn/T/wordweave-cr016-build-DhSmZ1/.output/server/chunks/_/BrandMark-Dfw0giN0.mjs.map (940 B) (469 B gzip)
  ├─ ../../../../../../../var/folders/z9/99ckxr957v901zwwc8jdk8640000gn/T/wordweave-cr016-build-DhSmZ1/.output/server/chunks/_/create-seWTTzOX.mjs (2.01 kB) (834 B gzip)
  ├─ ../../../../../../../var/folders/z9/99ckxr957v901zwwc8jdk8640000gn/T/wordweave-cr016-build-DhSmZ1/.output/server/chunks/_/create-seWTTzOX.mjs.map (902 B) (454 B gzip)
  ├─ ../../../../../../../var/folders/z9/99ckxr957v901zwwc8jdk8640000gn/T/wordweave-cr016-build-DhSmZ1/.output/server/chunks/_/default-C-_El3BL.mjs (9.97 kB) (2.46 kB gzip)
  ├─ ../../../../../../../var/folders/z9/99ckxr957v901zwwc8jdk8640000gn/T/wordweave-cr016-build-DhSmZ1/.output/server/chunks/_/default-C-_El3BL.mjs.map (9.23 kB) (1.89 kB gzip)
  ├─ ../../../../../../../var/folders/z9/99ckxr957v901zwwc8jdk8640000gn/T/wordweave-cr016-build-DhSmZ1/.output/server/chunks/_/error-404-j04tEww0.mjs (5.76 kB) (2.37 kB gzip)
  ├─ ../../../../../../../var/folders/z9/99ckxr957v901zwwc8jdk8640000gn/T/wordweave-cr016-build-DhSmZ1/.output/server/chunks/_/error-404-j04tEww0.mjs.map (2.26 kB) (800 B gzip)
  ├─ ../../../../../../../var/folders/z9/99ckxr957v901zwwc8jdk8640000gn/T/wordweave-cr016-build-DhSmZ1/.output/server/chunks/_/error-404-styles.UP1AHB9m.mjs (2.76 kB) (1 kB gzip)
  ├─ ../../../../../../../var/folders/z9/99ckxr957v901zwwc8jdk8640000gn/T/wordweave-cr016-build-DhSmZ1/.output/server/chunks/_/error-404-styles.UP1AHB9m.mjs.map (504 B) (267 B gzip)
  ├─ ../../../../../../../var/folders/z9/99ckxr957v901zwwc8jdk8640000gn/T/wordweave-cr016-build-DhSmZ1/.output/server/chunks/_/error-500-D2vTCUan.mjs (5.05 kB) (2.12 kB gzip)
  ├─ ../../../../../../../var/folders/z9/99ckxr957v901zwwc8jdk8640000gn/T/wordweave-cr016-build-DhSmZ1/.output/server/chunks/_/error-500-D2vTCUan.mjs.map (1.76 kB) (642 B gzip)
  ├─ ../../../../../../../var/folders/z9/99ckxr957v901zwwc8jdk8640000gn/T/wordweave-cr016-build-DhSmZ1/.output/server/chunks/_/error-500-styles.CvfOP9g8.mjs (2.23 kB) (877 B gzip)
  ├─ ../../../../../../../var/folders/z9/99ckxr957v901zwwc8jdk8640000gn/T/wordweave-cr016-build-DhSmZ1/.output/server/chunks/_/error-500-styles.CvfOP9g8.mjs.map (504 B) (268 B gzip)
  ├─ ../../../../../../../var/folders/z9/99ckxr957v901zwwc8jdk8640000gn/T/wordweave-cr016-build-DhSmZ1/.output/server/chunks/_/error-500.mjs (5.05 kB) (2.07 kB gzip)
  ├─ ../../../../../../../var/folders/z9/99ckxr957v901zwwc8jdk8640000gn/T/wordweave-cr016-build-DhSmZ1/.output/server/chunks/_/error-500.mjs.map (366 B) (253 B gzip)
  ├─ ../../../../../../../var/folders/z9/99ckxr957v901zwwc8jdk8640000gn/T/wordweave-cr016-build-DhSmZ1/.output/server/chunks/_/exchange-B-QSSDRz.mjs (1.98 kB) (827 B gzip)
  ├─ ../../../../../../../var/folders/z9/99ckxr957v901zwwc8jdk8640000gn/T/wordweave-cr016-build-DhSmZ1/.output/server/chunks/_/exchange-B-QSSDRz.mjs.map (919 B) (459 B gzip)
  ├─ ../../../../../../../var/folders/z9/99ckxr957v901zwwc8jdk8640000gn/T/wordweave-cr016-build-DhSmZ1/.output/server/chunks/_/explore-BmuxOCoB.mjs (13.8 kB) (3.96 kB gzip)
  ├─ ../../../../../../../var/folders/z9/99ckxr957v901zwwc8jdk8640000gn/T/wordweave-cr016-build-DhSmZ1/.output/server/chunks/_/explore-BmuxOCoB.mjs.map (13.5 kB) (3.02 kB gzip)
  ├─ ../../../../../../../var/folders/z9/99ckxr957v901zwwc8jdk8640000gn/T/wordweave-cr016-build-DhSmZ1/.output/server/chunks/_/GenerationSettings--xPNoD1P.mjs (2.63 kB) (852 B gzip)
  ├─ ../../../../../../../var/folders/z9/99ckxr957v901zwwc8jdk8640000gn/T/wordweave-cr016-build-DhSmZ1/.output/server/chunks/_/GenerationSettings--xPNoD1P.mjs.map (2.09 kB) (701 B gzip)
  ├─ ../../../../../../../var/folders/z9/99ckxr957v901zwwc8jdk8640000gn/T/wordweave-cr016-build-DhSmZ1/.output/server/chunks/_/GenerationWorkspace-CD5ig6cU.mjs (33.4 kB) (7 kB gzip)
  ├─ ../../../../../../../var/folders/z9/99ckxr957v901zwwc8jdk8640000gn/T/wordweave-cr016-build-DhSmZ1/.output/server/chunks/_/GenerationWorkspace-CD5ig6cU.mjs.map (34 kB) (6.32 kB gzip)
  ├─ ../../../../../../../var/folders/z9/99ckxr957v901zwwc8jdk8640000gn/T/wordweave-cr016-build-DhSmZ1/.output/server/chunks/_/growth-C-Og26kS.mjs (29.1 kB) (5.76 kB gzip)
  ├─ ../../../../../../../var/folders/z9/99ckxr957v901zwwc8jdk8640000gn/T/wordweave-cr016-build-DhSmZ1/.output/server/chunks/_/growth-C-Og26kS.mjs.map (28.4 kB) (5.03 kB gzip)
  ├─ ../../../../../../../var/folders/z9/99ckxr957v901zwwc8jdk8640000gn/T/wordweave-cr016-build-DhSmZ1/.output/server/chunks/_/growth-drafts-g6NGAUre.mjs (1.47 kB) (707 B gzip)
  ├─ ../../../../../../../var/folders/z9/99ckxr957v901zwwc8jdk8640000gn/T/wordweave-cr016-build-DhSmZ1/.output/server/chunks/_/growth-drafts-g6NGAUre.mjs.map (1.98 kB) (714 B gzip)
  ├─ ../../../../../../../var/folders/z9/99ckxr957v901zwwc8jdk8640000gn/T/wordweave-cr016-build-DhSmZ1/.output/server/chunks/_/growth-DVvd3IdY.mjs (74.4 kB) (12.9 kB gzip)
  ├─ ../../../../../../../var/folders/z9/99ckxr957v901zwwc8jdk8640000gn/T/wordweave-cr016-build-DhSmZ1/.output/server/chunks/_/growth-DVvd3IdY.mjs.map (80.5 kB) (12.4 kB gzip)
  ├─ ../../../../../../../var/folders/z9/99ckxr957v901zwwc8jdk8640000gn/T/wordweave-cr016-build-DhSmZ1/.output/server/chunks/_/guest-C1Je0kX8.mjs (1.13 kB) (529 B gzip)
  ├─ ../../../../../../../var/folders/z9/99ckxr957v901zwwc8jdk8640000gn/T/wordweave-cr016-build-DhSmZ1/.output/server/chunks/_/guest-C1Je0kX8.mjs.map (683 B) (372 B gzip)
  ├─ ../../../../../../../var/folders/z9/99ckxr957v901zwwc8jdk8640000gn/T/wordweave-cr016-build-DhSmZ1/.output/server/chunks/_/items-A_V6N60v.mjs (1.91 kB) (808 B gzip)
  ├─ ../../../../../../../var/folders/z9/99ckxr957v901zwwc8jdk8640000gn/T/wordweave-cr016-build-DhSmZ1/.output/server/chunks/_/items-A_V6N60v.mjs.map (867 B) (440 B gzip)
  ├─ ../../../../../../../var/folders/z9/99ckxr957v901zwwc8jdk8640000gn/T/wordweave-cr016-build-DhSmZ1/.output/server/chunks/_/ItemsWorkspace-BYOqBMuQ.mjs (47.7 kB) (7.16 kB gzip)
  ├─ ../../../../../../../var/folders/z9/99ckxr957v901zwwc8jdk8640000gn/T/wordweave-cr016-build-DhSmZ1/.output/server/chunks/_/ItemsWorkspace-BYOqBMuQ.mjs.map (50 kB) (7.27 kB gzip)
  ├─ ../../../../../../../var/folders/z9/99ckxr957v901zwwc8jdk8640000gn/T/wordweave-cr016-build-DhSmZ1/.output/server/chunks/_/learner-access-BrsDGy0z.mjs (6.38 kB) (1.86 kB gzip)
  ├─ ../../../../../../../var/folders/z9/99ckxr957v901zwwc8jdk8640000gn/T/wordweave-cr016-build-DhSmZ1/.output/server/chunks/_/learner-access-BrsDGy0z.mjs.map (5.99 kB) (1.56 kB gzip)
  ├─ ../../../../../../../var/folders/z9/99ckxr957v901zwwc8jdk8640000gn/T/wordweave-cr016-build-DhSmZ1/.output/server/chunks/_/learner-daJ_yCr-.mjs (1.04 kB) (471 B gzip)
  ├─ ../../../../../../../var/folders/z9/99ckxr957v901zwwc8jdk8640000gn/T/wordweave-cr016-build-DhSmZ1/.output/server/chunks/_/learner-daJ_yCr-.mjs.map (551 B) (332 B gzip)
  ├─ ../../../../../../../var/folders/z9/99ckxr957v901zwwc8jdk8640000gn/T/wordweave-cr016-build-DhSmZ1/.output/server/chunks/_/library-RYG6g-Wx.mjs (28 kB) (5.42 kB gzip)
  ├─ ../../../../../../../var/folders/z9/99ckxr957v901zwwc8jdk8640000gn/T/wordweave-cr016-build-DhSmZ1/.output/server/chunks/_/library-RYG6g-Wx.mjs.map (26.9 kB) (4.79 kB gzip)
  ├─ ../../../../../../../var/folders/z9/99ckxr957v901zwwc8jdk8640000gn/T/wordweave-cr016-build-DhSmZ1/.output/server/chunks/_/login-CL5J3RiR.mjs (5.93 kB) (1.93 kB gzip)
  ├─ ../../../../../../../var/folders/z9/99ckxr957v901zwwc8jdk8640000gn/T/wordweave-cr016-build-DhSmZ1/.output/server/chunks/_/login-CL5J3RiR.mjs.map (4.71 kB) (1.27 kB gzip)
  ├─ ../../../../../../../var/folders/z9/99ckxr957v901zwwc8jdk8640000gn/T/wordweave-cr016-build-DhSmZ1/.output/server/chunks/_/models-CHiHkSS_.mjs (22.9 kB) (4.52 kB gzip)
  ├─ ../../../../../../../var/folders/z9/99ckxr957v901zwwc8jdk8640000gn/T/wordweave-cr016-build-DhSmZ1/.output/server/chunks/_/models-CHiHkSS_.mjs.map (23.2 kB) (3.84 kB gzip)
  ├─ ../../../../../../../var/folders/z9/99ckxr957v901zwwc8jdk8640000gn/T/wordweave-cr016-build-DhSmZ1/.output/server/chunks/_/notices--16_i1J8.mjs (8.56 kB) (2.47 kB gzip)
  ├─ ../../../../../../../var/folders/z9/99ckxr957v901zwwc8jdk8640000gn/T/wordweave-cr016-build-DhSmZ1/.output/server/chunks/_/notices--16_i1J8.mjs.map (8.57 kB) (2.02 kB gzip)
  ├─ ../../../../../../../var/folders/z9/99ckxr957v901zwwc8jdk8640000gn/T/wordweave-cr016-build-DhSmZ1/.output/server/chunks/_/notices-BP5WnS1S.mjs (15.5 kB) (3.93 kB gzip)
  ├─ ../../../../../../../var/folders/z9/99ckxr957v901zwwc8jdk8640000gn/T/wordweave-cr016-build-DhSmZ1/.output/server/chunks/_/notices-BP5WnS1S.mjs.map (15.2 kB) (3.25 kB gzip)
  ├─ ../../../../../../../var/folders/z9/99ckxr957v901zwwc8jdk8640000gn/T/wordweave-cr016-build-DhSmZ1/.output/server/chunks/_/page-loader-JPF-RMuF.mjs (248 B) (203 B gzip)
  ├─ ../../../../../../../var/folders/z9/99ckxr957v901zwwc8jdk8640000gn/T/wordweave-cr016-build-DhSmZ1/.output/server/chunks/_/page-loader-JPF-RMuF.mjs.map (374 B) (272 B gzip)
  ├─ ../../../../../../../var/folders/z9/99ckxr957v901zwwc8jdk8640000gn/T/wordweave-cr016-build-DhSmZ1/.output/server/chunks/_/pages-CL8vvYm1.mjs (7.86 kB) (2.54 kB gzip)
  ├─ ../../../../../../../var/folders/z9/99ckxr957v901zwwc8jdk8640000gn/T/wordweave-cr016-build-DhSmZ1/.output/server/chunks/_/pages-CL8vvYm1.mjs.map (6.47 kB) (1.52 kB gzip)
  ├─ ../../../../../../../var/folders/z9/99ckxr957v901zwwc8jdk8640000gn/T/wordweave-cr016-build-DhSmZ1/.output/server/chunks/_/plans-C7IeKrDY.mjs (19.9 kB) (4.41 kB gzip)
  ├─ ../../../../../../../var/folders/z9/99ckxr957v901zwwc8jdk8640000gn/T/wordweave-cr016-build-DhSmZ1/.output/server/chunks/_/plans-C7IeKrDY.mjs.map (20.2 kB) (3.83 kB gzip)
  ├─ ../../../../../../../var/folders/z9/99ckxr957v901zwwc8jdk8640000gn/T/wordweave-cr016-build-DhSmZ1/.output/server/chunks/_/presets-CiRcpJW8.mjs (29.6 kB) (6.38 kB gzip)
  ├─ ../../../../../../../var/folders/z9/99ckxr957v901zwwc8jdk8640000gn/T/wordweave-cr016-build-DhSmZ1/.output/server/chunks/_/presets-CiRcpJW8.mjs.map (31.8 kB) (5.71 kB gzip)
  ├─ ../../../../../../../var/folders/z9/99ckxr957v901zwwc8jdk8640000gn/T/wordweave-cr016-build-DhSmZ1/.output/server/chunks/_/presets-URJ6doeh.mjs (2.57 kB) (801 B gzip)
  ├─ ../../../../../../../var/folders/z9/99ckxr957v901zwwc8jdk8640000gn/T/wordweave-cr016-build-DhSmZ1/.output/server/chunks/_/presets-URJ6doeh.mjs.map (2.99 kB) (817 B gzip)
  ├─ ../../../../../../../var/folders/z9/99ckxr957v901zwwc8jdk8640000gn/T/wordweave-cr016-build-DhSmZ1/.output/server/chunks/_/register-C56cdpiU.mjs (6.51 kB) (2.03 kB gzip)
  ├─ ../../../../../../../var/folders/z9/99ckxr957v901zwwc8jdk8640000gn/T/wordweave-cr016-build-DhSmZ1/.output/server/chunks/_/register-C56cdpiU.mjs.map (5.05 kB) (1.31 kB gzip)
  ├─ ../../../../../../../var/folders/z9/99ckxr957v901zwwc8jdk8640000gn/T/wordweave-cr016-build-DhSmZ1/.output/server/chunks/_/return-intent-CO5nbQnf.mjs (1.97 kB) (808 B gzip)
  ├─ ../../../../../../../var/folders/z9/99ckxr957v901zwwc8jdk8640000gn/T/wordweave-cr016-build-DhSmZ1/.output/server/chunks/_/return-intent-CO5nbQnf.mjs.map (2.6 kB) (827 B gzip)
  ├─ ../../../../../../../var/folders/z9/99ckxr957v901zwwc8jdk8640000gn/T/wordweave-cr016-build-DhSmZ1/.output/server/chunks/_/review-BnYFuezL.mjs (28.9 kB) (6.61 kB gzip)
  ├─ ../../../../../../../var/folders/z9/99ckxr957v901zwwc8jdk8640000gn/T/wordweave-cr016-build-DhSmZ1/.output/server/chunks/_/review-BnYFuezL.mjs.map (29.7 kB) (5.6 kB gzip)
  ├─ ../../../../../../../var/folders/z9/99ckxr957v901zwwc8jdk8640000gn/T/wordweave-cr016-build-DhSmZ1/.output/server/chunks/_/use-design-copy-DAtFtba3.mjs (416 B) (295 B gzip)
  ├─ ../../../../../../../var/folders/z9/99ckxr957v901zwwc8jdk8640000gn/T/wordweave-cr016-build-DhSmZ1/.output/server/chunks/_/use-design-copy-DAtFtba3.mjs.map (591 B) (354 B gzip)
  ├─ ../../../../../../../var/folders/z9/99ckxr957v901zwwc8jdk8640000gn/T/wordweave-cr016-build-DhSmZ1/.output/server/chunks/_/use-display-formatters-6TT967_4.mjs (1.5 kB) (641 B gzip)
  ├─ ../../../../../../../var/folders/z9/99ckxr957v901zwwc8jdk8640000gn/T/wordweave-cr016-build-DhSmZ1/.output/server/chunks/_/use-display-formatters-6TT967_4.mjs.map (1.79 kB) (608 B gzip)
  ├─ ../../../../../../../var/folders/z9/99ckxr957v901zwwc8jdk8640000gn/T/wordweave-cr016-build-DhSmZ1/.output/server/chunks/_/use-localized-head-BLb3TwV1.mjs (270 B) (216 B gzip)
  ├─ ../../../../../../../var/folders/z9/99ckxr957v901zwwc8jdk8640000gn/T/wordweave-cr016-build-DhSmZ1/.output/server/chunks/_/use-localized-head-BLb3TwV1.mjs.map (426 B) (289 B gzip)
  ├─ ../../../../../../../var/folders/z9/99ckxr957v901zwwc8jdk8640000gn/T/wordweave-cr016-build-DhSmZ1/.output/server/chunks/_/users-Bucza69f.mjs (10.6 kB) (3.27 kB gzip)
  ├─ ../../../../../../../var/folders/z9/99ckxr957v901zwwc8jdk8640000gn/T/wordweave-cr016-build-DhSmZ1/.output/server/chunks/_/users-Bucza69f.mjs.map (9.74 kB) (2.49 kB gzip)
  ├─ ../../../../../../../var/folders/z9/99ckxr957v901zwwc8jdk8640000gn/T/wordweave-cr016-build-DhSmZ1/.output/server/chunks/nitro/nitro.mjs (219 kB) (54.9 kB gzip)
  ├─ ../../../../../../../var/folders/z9/99ckxr957v901zwwc8jdk8640000gn/T/wordweave-cr016-build-DhSmZ1/.output/server/chunks/nitro/nitro.mjs.map (17.2 kB) (1.55 kB gzip)
  ├─ ../../../../../../../var/folders/z9/99ckxr957v901zwwc8jdk8640000gn/T/wordweave-cr016-build-DhSmZ1/.output/server/chunks/raw/0286ed24.mjs (50.1 kB) (14.9 kB gzip)
  ├─ ../../../../../../../var/folders/z9/99ckxr957v901zwwc8jdk8640000gn/T/wordweave-cr016-build-DhSmZ1/.output/server/chunks/raw/0286ed24.mjs.map (76 B) (89 B gzip)
  ├─ ../../../../../../../var/folders/z9/99ckxr957v901zwwc8jdk8640000gn/T/wordweave-cr016-build-DhSmZ1/.output/server/chunks/raw/c75dadbf.mjs (49.1 kB) (16.5 kB gzip)
  ├─ ../../../../../../../var/folders/z9/99ckxr957v901zwwc8jdk8640000gn/T/wordweave-cr016-build-DhSmZ1/.output/server/chunks/raw/c75dadbf.mjs.map (76 B) (89 B gzip)
  ├─ ../../../../../../../var/folders/z9/99ckxr957v901zwwc8jdk8640000gn/T/wordweave-cr016-build-DhSmZ1/.output/server/chunks/routes/renderer.mjs (15.4 kB) (5.34 kB gzip)
  ├─ ../../../../../../../var/folders/z9/99ckxr957v901zwwc8jdk8640000gn/T/wordweave-cr016-build-DhSmZ1/.output/server/chunks/routes/renderer.mjs.map (3.24 kB) (489 B gzip)
  ├─ ../../../../../../../var/folders/z9/99ckxr957v901zwwc8jdk8640000gn/T/wordweave-cr016-build-DhSmZ1/.output/server/chunks/virtual/_virtual_spa-template.mjs (94 B) (100 B gzip)
  ├─ ../../../../../../../var/folders/z9/99ckxr957v901zwwc8jdk8640000gn/T/wordweave-cr016-build-DhSmZ1/.output/server/chunks/virtual/_virtual_spa-template.mjs.map (88 B) (97 B gzip)
  ├─ ../../../../../../../var/folders/z9/99ckxr957v901zwwc8jdk8640000gn/T/wordweave-cr016-build-DhSmZ1/.output/server/chunks/virtual/entry.mjs (463 kB) (107 kB gzip)
  ├─ ../../../../../../../var/folders/z9/99ckxr957v901zwwc8jdk8640000gn/T/wordweave-cr016-build-DhSmZ1/.output/server/chunks/virtual/entry.mjs.map (2.84 kB) (777 B gzip)
  ├─ ../../../../../../../var/folders/z9/99ckxr957v901zwwc8jdk8640000gn/T/wordweave-cr016-build-DhSmZ1/.output/server/chunks/virtual/precomputed.mjs (52.9 kB) (4.12 kB gzip)
  ├─ ../../../../../../../var/folders/z9/99ckxr957v901zwwc8jdk8640000gn/T/wordweave-cr016-build-DhSmZ1/.output/server/chunks/virtual/precomputed.mjs.map (44.7 kB) (1.41 kB gzip)
  ├─ ../../../../../../../var/folders/z9/99ckxr957v901zwwc8jdk8640000gn/T/wordweave-cr016-build-DhSmZ1/.output/server/chunks/virtual/styles.mjs (786 B) (355 B gzip)
  ├─ ../../../../../../../var/folders/z9/99ckxr957v901zwwc8jdk8640000gn/T/wordweave-cr016-build-DhSmZ1/.output/server/chunks/virtual/styles.mjs.map (498 B) (275 B gzip)
  ├─ ../../../../../../../var/folders/z9/99ckxr957v901zwwc8jdk8640000gn/T/wordweave-cr016-build-DhSmZ1/.output/server/index.mjs (374 B) (215 B gzip)
  └─ ../../../../../../../var/folders/z9/99ckxr957v901zwwc8jdk8640000gn/T/wordweave-cr016-build-DhSmZ1/.output/server/package.json (1.27 kB) (497 B gzip)
Σ Total size: 5.25 MB (1.23 MB gzip)
[nitro] ✔ You can preview this build using node ../../../../../../../var/folders/z9/99ckxr957v901zwwc8jdk8640000gn/T/wordweave-cr016-build-DhSmZ1/.output/server/index.mjs
