=== RUN   TestM002ClaimedAccountDeletionHTTP
2026/09/21 14:16:47 INFO http_request request_id=req_xn-RAfkJ4u4C_nasI5GmIA method=GET route=/api/v1/bootstrap status=200 duration_ms=2
2026/09/21 14:16:48 INFO http_request request_id=req_ZGTnLy5JdhxT_7hc0icJZQ method=POST route=/api/v1/auth/login status=200 duration_ms=759
2026/09/21 14:16:48 INFO http_request request_id=req_q0GO46A_52VQgU9ZLLXPMg method=GET route=/api/v1/bootstrap status=200 duration_ms=0
2026/09/21 14:16:49 INFO http_request request_id=req_EgDLT0pOuUw_y4VAvEX3Ag method=POST route=/api/v1/auth/login status=200 duration_ms=749
2026/09/21 14:16:49 INFO http_request request_id=req_TTgaTT7SGE1urH6RH4kE6A method=GET route=/api/v1/bootstrap status=200 duration_ms=0
2026/09/21 14:16:50 INFO http_request request_id=req_GjWNQC3p8BFO7ygoiE_u4w method=POST route=/api/v1/auth/login status=200 duration_ms=782
2026/09/21 14:16:50 INFO http_request request_id=req_HeVTnoAss3qGHu6ir7BCvA method=GET route=/api/v1/bootstrap status=200 duration_ms=1
2026/09/21 14:16:50 INFO http_request request_id=req_GmZdIYvu3Va_KDhc3NKlKg method=POST route=/api/v1/analytics/events status=204 duration_ms=4
=== RUN   TestM002ClaimedAccountDeletionHTTP/wrong_password
2026/09/21 14:16:50 INFO http_request request_id=req_xwtxpsRkREEPeApSVn4smA method=DELETE route=/api/v1/me/account status=422 duration_ms=767
2026/09/21 14:16:50 INFO http_request request_id=req_bNSYTFey4RACLjhsqPBcew method=GET route=/api/v1/me/batches/{batch_id} status=200 duration_ms=4
=== RUN   TestM002ClaimedAccountDeletionHTTP/confirmation_required
2026/09/21 14:16:50 INFO http_request request_id=req_NoG72ObY4l2F9JSKr9AbSA method=DELETE route=/api/v1/me/account status=422 duration_ms=0
2026/09/21 14:16:50 INFO http_request request_id=req_Gg3t5crK63DqDA3Tw5W3bw method=GET route=/api/v1/me/batches/{batch_id} status=200 duration_ms=1
2026/09/21 14:16:51 INFO http_request request_id=req_fxf4pUm-NKjm29fpTe5niA method=DELETE route=/api/v1/me/account status=500 duration_ms=760
=== NAME  TestM002ClaimedAccountDeletionHTTP
    m002_account_deletion_integration_test.go:139: status=500, want=204 body="{\"type\":\"https://wordweave.example/problems/internal-error\",\"title\":\"Internal error\",\"status\":500,\"code\":\"internal_error\",\"detail\":\"The request could not be completed.\",\"request_id\":\"req_fxf4pUm-NKjm29fpTe5niA\"}\n"
--- FAIL: TestM002ClaimedAccountDeletionHTTP (9.17s)
    --- PASS: TestM002ClaimedAccountDeletionHTTP/wrong_password (0.77s)
    --- PASS: TestM002ClaimedAccountDeletionHTTP/confirmation_required (0.00s)
FAIL
FAIL	wordweave/internal/httpapi	9.518s
FAIL
