?   	wordweave/assets/lexicon	[no test files]
?   	wordweave/assets/vocabulary	[no test files]
?   	wordweave/cmd/build-lexicon	[no test files]
ok  	wordweave/cmd/build-provenance	1.275s
?   	wordweave/cmd/wordweave	[no test files]
ok  	wordweave/cmd/wordweave-admin	1.403s
?   	wordweave/db/migrations	[no test files]
ok  	wordweave/internal/admin	1.461s
ok  	wordweave/internal/ai	22.299s
?   	wordweave/internal/analytics	[no test files]
ok  	wordweave/internal/buildinfo	1.939s
?   	wordweave/internal/dbgen	[no test files]
ok  	wordweave/internal/diagnostics	4.948s
?   	wordweave/internal/entitlement	[no test files]
ok  	wordweave/internal/generation	2.306s
ok  	wordweave/internal/generationevidence	4.087s
ok  	wordweave/internal/generationtrace	2.765s
?   	wordweave/internal/generationtrace/tracetest	[no test files]
ok  	wordweave/internal/growth	2.812s
ok  	wordweave/internal/httpapi	2.549s
ok  	wordweave/internal/identity	2.410s
?   	wordweave/internal/learning	[no test files]
?   	wordweave/internal/maintenance	[no test files]
ok  	wordweave/internal/notices	2.399s
ok  	wordweave/internal/observability	2.156s
ok  	wordweave/internal/platform/business	1.914s
ok  	wordweave/internal/platform/config	1.674s
?   	wordweave/internal/platform/postgres	[no test files]
ok  	wordweave/internal/platform/security	4.056s
ok  	wordweave/internal/review	1.485s
?   	wordweave/internal/vocabulary	[no test files]
ok  	wordweave/internal/wordnet	1.688s
