{
  "method": "PUT",
  "path": "/api/v1/admin/growth/items/01a0c1c8-cc8c-7592-b5c2-a31ad34e6651",
  "changedFields": [
    "effect.retirement_points"
  ],
  "beforePoints": "20",
  "requestedPoints": "35",
  "modelIdsUnchanged": true,
  "status": 422,
  "problem": {
    "type": "https://wordweave.example/problems/validation-failed",
    "title": "Request could not be accepted",
    "status": 422,
    "code": "validation_failed",
    "detail": "One or more fields need attention.",
    "request_id": "req_3jzDFB_xcSW8Tsa2m7Ul6A",
    "field_errors": [
      {
        "field": "/effect/model_ids",
        "code": "invalid_reference"
      }
    ]
  },
  "afterPoints": "20",
  "revisionUnchanged": true
}
