?   	wordweave/assets/lexicon	[no test files]
?   	wordweave/assets/vocabulary	[no test files]
?   	wordweave/cmd/build-lexicon	[no test files]
ok  	wordweave/cmd/build-provenance	0.513s
?   	wordweave/cmd/wordweave	[no test files]
ok  	wordweave/cmd/wordweave-admin	0.402s
?   	wordweave/db/migrations	[no test files]
ok  	wordweave/internal/admin	(cached)
ok  	wordweave/internal/ai	4.151s
?   	wordweave/internal/analytics	[no test files]
ok  	wordweave/internal/buildinfo	0.533s
?   	wordweave/internal/dbgen	[no test files]
ok  	wordweave/internal/diagnostics	2.067s
?   	wordweave/internal/entitlement	[no test files]
ok  	wordweave/internal/generation	(cached)
ok  	wordweave/internal/generationevidence	2.027s
ok  	wordweave/internal/generationtrace	1.562s
?   	wordweave/internal/generationtrace/tracetest	[no test files]
ok  	wordweave/internal/growth	1.313s
ok  	wordweave/internal/httpapi	1.937s
ok  	wordweave/internal/identity	2.447s
ok  	wordweave/internal/learning	2.166s
?   	wordweave/internal/maintenance	[no test files]
ok  	wordweave/internal/notices	2.754s
ok  	wordweave/internal/observability	2.621s
ok  	wordweave/internal/platform/business	2.081s
ok  	wordweave/internal/platform/config	2.155s
?   	wordweave/internal/platform/postgres	[no test files]
ok  	wordweave/internal/platform/security	2.139s
ok  	wordweave/internal/review	2.141s
?   	wordweave/internal/vocabulary	[no test files]
ok  	wordweave/internal/wordnet	2.377s
