{"time":"2026-09-28T16:31:55.803732+08:00","level":"INFO","msg":"server_build","provenance":"unavailable"}
{"time":"2026-09-28T16:31:56.424656+08:00","level":"INFO","msg":"http_request","request_id":"req_iHDdLR1k0wXkH62_yR5-9g","method":"GET","route":"/health/ready","status":200,"duration_ms":0}
{"time":"2026-09-28T16:31:57.124234+08:00","level":"INFO","msg":"http_request","request_id":"req_WbTYiB32lxjyCaa8Xq2gtw","method":"GET","route":"/api/v1/bootstrap","status":200,"duration_ms":0}
{"time":"2026-09-28T16:31:57.964211+08:00","level":"INFO","msg":"http_request","request_id":"req_pU9dh7Ow828vs9aHrsIANQ","method":"GET","route":"/api/v1/bootstrap","status":200,"duration_ms":0}
{"time":"2026-09-28T16:31:58.070721+08:00","level":"INFO","msg":"http_request","request_id":"req_EMoGB2CZHsSw0IHXa_8_og","method":"POST","route":"/api/v1/auth/login","status":200,"duration_ms":98}
{"time":"2026-09-28T16:31:58.074637+08:00","level":"INFO","msg":"http_request","request_id":"req_KYX-ANb4Yhqkfi-nh5wqyQ","method":"GET","route":"/api/v1/bootstrap","status":200,"duration_ms":0}
{"time":"2026-09-28T16:31:58.07951+08:00","level":"INFO","msg":"http_request","request_id":"req_rU7JREzgu7Jmy1hdxpbynA","method":"PUT","route":"/api/v1/me/ui-locale","status":200,"duration_ms":2}
{"time":"2026-09-28T16:31:58.288357+08:00","level":"INFO","msg":"http_request","request_id":"req_rNN-I5z359ig6U9Cl_oUlg","method":"GET","route":"/api/v1/bootstrap","status":200,"duration_ms":0}
{"time":"2026-09-28T16:31:58.291831+08:00","level":"INFO","msg":"http_request","request_id":"req_Zo6yYCd-wDf5tlbGBRnFtQ","method":"GET","route":"/api/v1/me/account","status":200,"duration_ms":1}
{"time":"2026-09-28T16:31:58.303818+08:00","level":"INFO","msg":"http_request","request_id":"req_I2v1gagIPBTYTRlG6IFSCQ","method":"GET","route":"/api/v1/me/batches/{batch_id}","status":200,"duration_ms":4}
{"time":"2026-09-28T16:31:58.481988+08:00","level":"INFO","msg":"http_request","request_id":"req_3T4Yw8KgrzTnQlmFXOnvng","method":"GET","route":"/api/v1/bootstrap","status":200,"duration_ms":0}
{"time":"2026-09-28T16:31:58.492462+08:00","level":"INFO","msg":"http_request","request_id":"req_YLj_SKe1oUpT9HVBYVhYpg","method":"POST","route":"/api/v1/analytics/events","status":204,"duration_ms":3}
{"time":"2026-09-28T16:31:58.698622+08:00","level":"INFO","msg":"http_request","request_id":"req_8cFNP8M8FnLxZKJ_V0_SYw","method":"GET","route":"/api/v1/bootstrap","status":200,"duration_ms":0}
{"time":"2026-09-28T16:31:58.705453+08:00","level":"INFO","msg":"http_request","request_id":"req_jWfO40UipmQaIwy3jGhSBA","method":"PATCH","route":"/api/v1/me/batches/{batch_id}","status":200,"duration_ms":2}
{"time":"2026-09-28T16:32:12.126868+08:00","level":"INFO","msg":"http_request","request_id":"req_xKpAIew3Kkt0Yo1q3DmxYA","method":"GET","route":"/api/v1/bootstrap","status":200,"duration_ms":0}
{"time":"2026-09-28T16:32:12.205655+08:00","level":"INFO","msg":"http_request","request_id":"req_-GkfjqAr5qwJiqE_CEAdkQ","method":"POST","route":"/api/v1/auth/login","status":200,"duration_ms":75}
{"time":"2026-09-28T16:32:12.208092+08:00","level":"INFO","msg":"http_request","request_id":"req_hQDL9DX7qKUp0KXRgU5kig","method":"GET","route":"/api/v1/bootstrap","status":200,"duration_ms":0}
{"time":"2026-09-28T16:32:12.210154+08:00","level":"INFO","msg":"http_request","request_id":"req_rYRyP9zLqC0FpvgW5mKRhQ","method":"PUT","route":"/api/v1/me/ui-locale","status":200,"duration_ms":0}
{"time":"2026-09-28T16:32:12.721328+08:00","level":"INFO","msg":"http_request","request_id":"req_8uDReBSnUz12mn5Mez18Xg","method":"GET","route":"/api/v1/bootstrap","status":200,"duration_ms":0}
{"time":"2026-09-28T16:32:12.723101+08:00","level":"INFO","msg":"http_request","request_id":"req_iO4qpdLA40YXODXqxuJLpg","method":"GET","route":"/api/v1/me/account","status":200,"duration_ms":0}
{"time":"2026-09-28T16:32:12.726585+08:00","level":"INFO","msg":"http_request","request_id":"req_HXjwlSnMBq7IWNIcRuY3pw","method":"GET","route":"/api/v1/me/batches/{batch_id}","status":200,"duration_ms":1}
{"time":"2026-09-28T16:32:12.875164+08:00","level":"INFO","msg":"http_request","request_id":"req_nc3e-3PfTBrBBhc1i4hnCw","method":"GET","route":"/api/v1/bootstrap","status":200,"duration_ms":0}
{"time":"2026-09-28T16:32:12.882564+08:00","level":"INFO","msg":"http_request","request_id":"req_j_m5Fe2WC0Ozmgq15zq7oQ","method":"POST","route":"/api/v1/analytics/events","status":204,"duration_ms":2}
{"time":"2026-09-28T16:32:13.23359+08:00","level":"INFO","msg":"http_request","request_id":"req_OqRiWC8iK9s1-VitUdfKEA","method":"GET","route":"/api/v1/bootstrap","status":200,"duration_ms":0}
{"time":"2026-09-28T16:32:13.238464+08:00","level":"INFO","msg":"http_request","request_id":"req_0Q_L26_Dt8IaDCzTFSoptw","method":"PATCH","route":"/api/v1/me/batches/{batch_id}","status":200,"duration_ms":1}
{"time":"2026-09-28T16:32:26.339143+08:00","level":"INFO","msg":"http_request","request_id":"req_nFQXUoJeYPtYU7rX94ATZw","method":"GET","route":"/api/v1/bootstrap","status":200,"duration_ms":1}
{"time":"2026-09-28T16:32:26.420875+08:00","level":"INFO","msg":"http_request","request_id":"req_qsfB97RgRnTMFT_DJneISA","method":"POST","route":"/api/v1/auth/login","status":200,"duration_ms":79}
{"time":"2026-09-28T16:32:26.423003+08:00","level":"INFO","msg":"http_request","request_id":"req_gkE-UEOV92yHDiDTfp8InQ","method":"GET","route":"/api/v1/bootstrap","status":200,"duration_ms":0}
{"time":"2026-09-28T16:32:26.425259+08:00","level":"INFO","msg":"http_request","request_id":"req_f9_FyAJf-LeNGd81D2P7iQ","method":"PUT","route":"/api/v1/me/ui-locale","status":200,"duration_ms":1}
{"time":"2026-09-28T16:32:26.504791+08:00","level":"INFO","msg":"http_request","request_id":"req_Rtz5dArQfngaHY8hrlOlgQ","method":"GET","route":"/api/v1/bootstrap","status":200,"duration_ms":0}
{"time":"2026-09-28T16:32:26.506421+08:00","level":"INFO","msg":"http_request","request_id":"req_UxYhPNX9UoTVMNwgONl6Pg","method":"GET","route":"/api/v1/me/account","status":200,"duration_ms":0}
{"time":"2026-09-28T16:32:26.509632+08:00","level":"INFO","msg":"http_request","request_id":"req_-YKhN3RioLRhmiDCTRWmIQ","method":"GET","route":"/api/v1/me/batches/{batch_id}","status":200,"duration_ms":1}
{"time":"2026-09-28T16:32:26.582866+08:00","level":"INFO","msg":"http_request","request_id":"req_uE2Am1dr2VXMISPdVeZPfQ","method":"GET","route":"/api/v1/bootstrap","status":200,"duration_ms":0}
{"time":"2026-09-28T16:32:26.589903+08:00","level":"INFO","msg":"http_request","request_id":"req_t0yXRmKKqNPixBD6s47mBw","method":"POST","route":"/api/v1/analytics/events","status":204,"duration_ms":2}
{"time":"2026-09-28T16:32:26.745081+08:00","level":"INFO","msg":"http_request","request_id":"req_JrQQvCnQwMa6ddmb8D41jQ","method":"GET","route":"/api/v1/bootstrap","status":200,"duration_ms":0}
{"time":"2026-09-28T16:32:26.752404+08:00","level":"INFO","msg":"http_request","request_id":"req_7gTMahea3R22czZtwBMRXw","method":"PATCH","route":"/api/v1/me/batches/{batch_id}","status":200,"duration_ms":1}
{"time":"2026-09-28T16:32:40.101588+08:00","level":"INFO","msg":"http_request","request_id":"req_73ryCHseXAEmSj1xS1rx_w","method":"GET","route":"/api/v1/bootstrap","status":200,"duration_ms":0}
{"time":"2026-09-28T16:32:40.189167+08:00","level":"INFO","msg":"http_request","request_id":"req_1AIWehs6FCzvQbMGn55NDA","method":"POST","route":"/api/v1/auth/login","status":200,"duration_ms":73}
{"time":"2026-09-28T16:32:40.192104+08:00","level":"INFO","msg":"http_request","request_id":"req_usekUAcaIPwjMGZleuLZmg","method":"GET","route":"/api/v1/bootstrap","status":200,"duration_ms":0}
{"time":"2026-09-28T16:32:40.194123+08:00","level":"INFO","msg":"http_request","request_id":"req_Yyw7wfnwV4Cxa_23bbw5ng","method":"PUT","route":"/api/v1/me/ui-locale","status":200,"duration_ms":0}
{"time":"2026-09-28T16:32:40.633091+08:00","level":"INFO","msg":"http_request","request_id":"req_ACkM1yRE5b2qYT5Ak2uVWA","method":"GET","route":"/api/v1/bootstrap","status":200,"duration_ms":0}
{"time":"2026-09-28T16:32:40.63504+08:00","level":"INFO","msg":"http_request","request_id":"req_nKJrlhgNr_58KrkfD0U_kA","method":"GET","route":"/api/v1/me/account","status":200,"duration_ms":0}
{"time":"2026-09-28T16:32:40.638273+08:00","level":"INFO","msg":"http_request","request_id":"req_6LOxVaaliucMiB13oRdYKA","method":"GET","route":"/api/v1/me/batches/{batch_id}","status":200,"duration_ms":0}
{"time":"2026-09-28T16:32:40.767037+08:00","level":"INFO","msg":"http_request","request_id":"req_KQIlHUSZ993qhxsPGH7J9w","method":"GET","route":"/api/v1/bootstrap","status":200,"duration_ms":0}
{"time":"2026-09-28T16:32:40.774246+08:00","level":"INFO","msg":"http_request","request_id":"req_3amwKzSArP236K5eDoLVLQ","method":"POST","route":"/api/v1/analytics/events","status":204,"duration_ms":1}
{"time":"2026-09-28T16:32:41.145072+08:00","level":"INFO","msg":"http_request","request_id":"req_-TeYC2W3lvPMiXS42d11Gw","method":"GET","route":"/api/v1/bootstrap","status":200,"duration_ms":0}
{"time":"2026-09-28T16:32:41.149795+08:00","level":"INFO","msg":"http_request","request_id":"req_fqGXvsCR5FLEdUsH9hQ-UQ","method":"PATCH","route":"/api/v1/me/batches/{batch_id}","status":200,"duration_ms":1}
{"time":"2026-09-28T16:32:54.283399+08:00","level":"INFO","msg":"http_request","request_id":"req__lXamcTyHeZ0P9FVk42pKw","method":"GET","route":"/api/v1/bootstrap","status":200,"duration_ms":0}
{"time":"2026-09-28T16:32:54.364001+08:00","level":"INFO","msg":"http_request","request_id":"req_lKBImcdGZie6pwYwzaHLKg","method":"POST","route":"/api/v1/auth/login","status":200,"duration_ms":78}
{"time":"2026-09-28T16:32:54.366027+08:00","level":"INFO","msg":"http_request","request_id":"req__40hlJAz3qNrqeobUfXtKQ","method":"GET","route":"/api/v1/bootstrap","status":200,"duration_ms":0}
{"time":"2026-09-28T16:32:54.368698+08:00","level":"INFO","msg":"http_request","request_id":"req__1zTCJjTpZqIVvoxzY6sQg","method":"PUT","route":"/api/v1/me/ui-locale","status":200,"duration_ms":1}
{"time":"2026-09-28T16:32:54.448141+08:00","level":"INFO","msg":"http_request","request_id":"req_Chd4GbWo5BTMwx-Jbg4Xxg","method":"GET","route":"/api/v1/bootstrap","status":200,"duration_ms":0}
{"time":"2026-09-28T16:32:54.449855+08:00","level":"INFO","msg":"http_request","request_id":"req_-aj73-Xd_GcrW4tpCBXksg","method":"GET","route":"/api/v1/me/account","status":200,"duration_ms":0}
{"time":"2026-09-28T16:32:54.452586+08:00","level":"INFO","msg":"http_request","request_id":"req_twFndis0vY9TQHfvtbGwww","method":"GET","route":"/api/v1/me/batches/{batch_id}","status":200,"duration_ms":0}
{"time":"2026-09-28T16:32:54.521973+08:00","level":"INFO","msg":"http_request","request_id":"req_fmfHwpIxHvaXbTFe36f5vA","method":"GET","route":"/api/v1/bootstrap","status":200,"duration_ms":0}
{"time":"2026-09-28T16:32:54.528159+08:00","level":"INFO","msg":"http_request","request_id":"req_EidlRRKTpHHnSRAzVEynzw","method":"POST","route":"/api/v1/analytics/events","status":204,"duration_ms":2}
{"time":"2026-09-28T16:32:54.673431+08:00","level":"INFO","msg":"http_request","request_id":"req_DT38gjXemDzEh9Uy4-TbRQ","method":"GET","route":"/api/v1/bootstrap","status":200,"duration_ms":0}
{"time":"2026-09-28T16:32:54.677572+08:00","level":"INFO","msg":"http_request","request_id":"req_lGD6GEHWk6e0uBnIfKhSkA","method":"PATCH","route":"/api/v1/me/batches/{batch_id}","status":200,"duration_ms":1}
{"time":"2026-09-28T16:33:08.01369+08:00","level":"INFO","msg":"http_request","request_id":"req_S0ipbSo8YTSXWLLIz2j_1A","method":"GET","route":"/api/v1/bootstrap","status":200,"duration_ms":0}
{"time":"2026-09-28T16:33:08.094662+08:00","level":"INFO","msg":"http_request","request_id":"req_16JjzE0vRS0Ybu2-5dRyjA","method":"POST","route":"/api/v1/auth/login","status":200,"duration_ms":78}
{"time":"2026-09-28T16:33:08.097347+08:00","level":"INFO","msg":"http_request","request_id":"req_F1X1aweXqBjMXyABKV5jew","method":"GET","route":"/api/v1/bootstrap","status":200,"duration_ms":0}
{"time":"2026-09-28T16:33:08.099133+08:00","level":"INFO","msg":"http_request","request_id":"req_oW9AZcPVy1WLgxhM6kXozg","method":"PUT","route":"/api/v1/me/ui-locale","status":200,"duration_ms":0}
{"time":"2026-09-28T16:33:08.619809+08:00","level":"INFO","msg":"http_request","request_id":"req_aMQm70k5lhrD9Q_fu0wTMw","method":"GET","route":"/api/v1/bootstrap","status":200,"duration_ms":0}
{"time":"2026-09-28T16:33:08.621363+08:00","level":"INFO","msg":"http_request","request_id":"req_bfLcVguBRPhl-iDPk3u_4A","method":"GET","route":"/api/v1/me/account","status":200,"duration_ms":0}
{"time":"2026-09-28T16:33:08.624288+08:00","level":"INFO","msg":"http_request","request_id":"req_aVnFESHT01aV-x9virbaTg","method":"GET","route":"/api/v1/me/batches/{batch_id}","status":200,"duration_ms":1}
{"time":"2026-09-28T16:33:08.786815+08:00","level":"INFO","msg":"http_request","request_id":"req_IoB-GMGjBHAeWZ_lAJy5HA","method":"GET","route":"/api/v1/bootstrap","status":200,"duration_ms":0}
{"time":"2026-09-28T16:33:08.795626+08:00","level":"INFO","msg":"http_request","request_id":"req_xbTsrGGKt69x8iWyu4ckzw","method":"POST","route":"/api/v1/analytics/events","status":204,"duration_ms":2}
{"time":"2026-09-28T16:33:09.162542+08:00","level":"INFO","msg":"http_request","request_id":"req_Rhs_X2okklXc5vcMtIpAZQ","method":"GET","route":"/api/v1/bootstrap","status":200,"duration_ms":0}
{"time":"2026-09-28T16:33:09.167415+08:00","level":"INFO","msg":"http_request","request_id":"req_ud6AlBOIBLANVfAZ2kfFTA","method":"PATCH","route":"/api/v1/me/batches/{batch_id}","status":200,"duration_ms":1}
{"time":"2026-09-28T16:33:22.265772+08:00","level":"INFO","msg":"http_request","request_id":"req_KStk-l48LPMGnJOnDVYlaA","method":"GET","route":"/api/v1/bootstrap","status":200,"duration_ms":0}
{"time":"2026-09-28T16:33:22.344757+08:00","level":"INFO","msg":"http_request","request_id":"req_uTLx7PmcwVRwPKUeVlES2Q","method":"POST","route":"/api/v1/auth/login","status":200,"duration_ms":77}
{"time":"2026-09-28T16:33:22.34704+08:00","level":"INFO","msg":"http_request","request_id":"req_YYqC0rKkEYQt53kbBMjBRw","method":"GET","route":"/api/v1/bootstrap","status":200,"duration_ms":0}
{"time":"2026-09-28T16:33:22.349269+08:00","level":"INFO","msg":"http_request","request_id":"req_264mIiep3uCg60Tvq_Q4tw","method":"PUT","route":"/api/v1/me/ui-locale","status":200,"duration_ms":1}
{"time":"2026-09-28T16:33:22.430144+08:00","level":"INFO","msg":"http_request","request_id":"req_YuOuKyvfQZHXOMM99lOo6w","method":"GET","route":"/api/v1/bootstrap","status":200,"duration_ms":0}
{"time":"2026-09-28T16:33:22.431873+08:00","level":"INFO","msg":"http_request","request_id":"req_9iaxEpSu0iPy37SIkIb1VA","method":"GET","route":"/api/v1/me/account","status":200,"duration_ms":0}
{"time":"2026-09-28T16:33:22.434783+08:00","level":"INFO","msg":"http_request","request_id":"req_RQWqJjT-_V6Xhe2J86fbXQ","method":"GET","route":"/api/v1/me/batches/{batch_id}","status":200,"duration_ms":0}
{"time":"2026-09-28T16:33:22.505578+08:00","level":"INFO","msg":"http_request","request_id":"req_ghjnpm_grTAoGDoB-pWmmw","method":"GET","route":"/api/v1/bootstrap","status":200,"duration_ms":0}
{"time":"2026-09-28T16:33:22.511779+08:00","level":"INFO","msg":"http_request","request_id":"req_ALrk4P0lXygUgYwCuYkUug","method":"POST","route":"/api/v1/analytics/events","status":204,"duration_ms":1}
{"time":"2026-09-28T16:33:22.656877+08:00","level":"INFO","msg":"http_request","request_id":"req_Bz-GzyF5q2JkjvvZEiePOQ","method":"GET","route":"/api/v1/bootstrap","status":200,"duration_ms":0}
{"time":"2026-09-28T16:33:22.664563+08:00","level":"INFO","msg":"http_request","request_id":"req_UnPnca4rGLOuMl_3PmkLAQ","method":"PATCH","route":"/api/v1/me/batches/{batch_id}","status":200,"duration_ms":1}
{"time":"2026-09-28T16:33:35.922456+08:00","level":"INFO","msg":"http_request","request_id":"req_bW6bs4hf1pgv2DwgXIXbQw","method":"GET","route":"/api/v1/bootstrap","status":200,"duration_ms":0}
{"time":"2026-09-28T16:33:35.998348+08:00","level":"INFO","msg":"http_request","request_id":"req_hupzh2ti6KIedrcrOw3H0w","method":"POST","route":"/api/v1/auth/login","status":200,"duration_ms":73}
{"time":"2026-09-28T16:33:36.000737+08:00","level":"INFO","msg":"http_request","request_id":"req_vbifjawXvtym355ihEliQw","method":"GET","route":"/api/v1/bootstrap","status":200,"duration_ms":0}
{"time":"2026-09-28T16:33:36.002691+08:00","level":"INFO","msg":"http_request","request_id":"req_YQfjnIxn2Sbj7LvZGhdmVQ","method":"PUT","route":"/api/v1/me/ui-locale","status":200,"duration_ms":0}
{"time":"2026-09-28T16:33:36.382522+08:00","level":"INFO","msg":"http_request","request_id":"req_PXXnFxJsAKkrZT7xGJvP0g","method":"GET","route":"/api/v1/bootstrap","status":200,"duration_ms":0}
{"time":"2026-09-28T16:33:36.383819+08:00","level":"INFO","msg":"http_request","request_id":"req_3mmrFhyr2WUneJRPdKOqIA","method":"GET","route":"/api/v1/me/account","status":200,"duration_ms":0}
{"time":"2026-09-28T16:33:36.386778+08:00","level":"INFO","msg":"http_request","request_id":"req_oql7D-ZnaZ8LGPEDpRxp1w","method":"GET","route":"/api/v1/me/batches/{batch_id}","status":200,"duration_ms":0}
{"time":"2026-09-28T16:33:36.496179+08:00","level":"INFO","msg":"http_request","request_id":"req_BE1SoV0rn57Zijg58yeARQ","method":"GET","route":"/api/v1/bootstrap","status":200,"duration_ms":0}
{"time":"2026-09-28T16:33:36.50381+08:00","level":"INFO","msg":"http_request","request_id":"req_681OGRmh9ik2p6I0nCfavQ","method":"POST","route":"/api/v1/analytics/events","status":204,"duration_ms":1}
{"time":"2026-09-28T16:33:36.842587+08:00","level":"INFO","msg":"http_request","request_id":"req_tx4LKfornkxf4uwlALiQqw","method":"GET","route":"/api/v1/bootstrap","status":200,"duration_ms":0}
{"time":"2026-09-28T16:33:36.847541+08:00","level":"INFO","msg":"http_request","request_id":"req_gD1Qkh--GZUUYL9-pygHhQ","method":"PATCH","route":"/api/v1/me/batches/{batch_id}","status":200,"duration_ms":1}
