{"time":"2026-09-28T15:56:59.069314+08:00","level":"INFO","msg":"server_build","provenance":"unavailable"}
{"time":"2026-09-28T15:56:59.482646+08:00","level":"INFO","msg":"http_request","request_id":"req_mngSVQ5PtOIbS-Gbcocw6A","method":"GET","route":"/health/ready","status":200,"duration_ms":0}
{"time":"2026-09-28T15:56:59.898779+08:00","level":"INFO","msg":"http_request","request_id":"req_1ssA17HAecIkzJaAzYXzcw","method":"GET","route":"/api/v1/bootstrap","status":200,"duration_ms":1}
{"time":"2026-09-28T15:57:00.688556+08:00","level":"INFO","msg":"http_request","request_id":"req_7swakEeGUQRDQ4KvstuBcQ","method":"GET","route":"/api/v1/bootstrap","status":200,"duration_ms":0}
{"time":"2026-09-28T15:57:00.780811+08:00","level":"INFO","msg":"http_request","request_id":"req_cBk1mX326bPF6mlfmM7_1w","method":"POST","route":"/api/v1/auth/login","status":200,"duration_ms":85}
{"time":"2026-09-28T15:57:00.78449+08:00","level":"INFO","msg":"http_request","request_id":"req_wSbKh8GZE0SqRATKn85F4g","method":"GET","route":"/api/v1/bootstrap","status":200,"duration_ms":0}
{"time":"2026-09-28T15:57:00.787514+08:00","level":"INFO","msg":"http_request","request_id":"req_Z8WgDXlxqzm3nNtmoWh8yg","method":"PUT","route":"/api/v1/me/ui-locale","status":200,"duration_ms":1}
{"time":"2026-09-28T15:57:00.791922+08:00","level":"INFO","msg":"http_request","request_id":"req_2X2FFTWRaMR3uGV57GwDug","method":"GET","route":"/api/v1/bootstrap","status":200,"duration_ms":0}
{"time":"2026-09-28T15:57:00.87484+08:00","level":"INFO","msg":"http_request","request_id":"req_VHC4XGg-TNZd7xMpm8X_aA","method":"POST","route":"/api/v1/auth/login","status":200,"duration_ms":80}
{"time":"2026-09-28T15:57:00.877493+08:00","level":"INFO","msg":"http_request","request_id":"req_KvRkvXnNaAN7uw8om29yqA","method":"GET","route":"/api/v1/bootstrap","status":200,"duration_ms":0}
{"time":"2026-09-28T15:57:00.879905+08:00","level":"INFO","msg":"http_request","request_id":"req_SaOTgTj2K4J6Jyo1XJYpMg","method":"PUT","route":"/api/v1/me/ui-locale","status":200,"duration_ms":1}
{"time":"2026-09-28T15:57:01.442362+08:00","level":"INFO","msg":"http_request","request_id":"req_g84ATGD5x_DsuGFY8mAE7Q","method":"GET","route":"/api/v1/bootstrap","status":200,"duration_ms":0}
{"time":"2026-09-28T15:57:01.446686+08:00","level":"INFO","msg":"http_request","request_id":"req_UHKvXKmje6qg6Chy3TgPzw","method":"GET","route":"/api/v1/me/account","status":200,"duration_ms":2}
{"time":"2026-09-28T15:57:01.455354+08:00","level":"INFO","msg":"http_request","request_id":"req_9M1WdG0bWm9SRzhj1Hd9-Q","method":"GET","route":"/api/v1/me/items","status":200,"duration_ms":3}
{"time":"2026-09-28T15:57:01.456028+08:00","level":"INFO","msg":"http_request","request_id":"req_qTAbEWTvWqpoG5Pj0X_7QA","method":"GET","route":"/api/v1/me/growth","status":503,"duration_ms":4}
{"time":"2026-09-28T15:57:01.669452+08:00","level":"INFO","msg":"http_request","request_id":"req_R_AL4B5zaXXl6cEt8WyK-Q","method":"GET","route":"/api/v1/bootstrap","status":200,"duration_ms":0}
{"time":"2026-09-28T15:57:01.677176+08:00","level":"INFO","msg":"http_request","request_id":"req_dByIifQlgUtFUYh1yzWBeg","method":"POST","route":"/api/v1/analytics/events","status":204,"duration_ms":0}
{"time":"2026-09-28T15:57:02.502839+08:00","level":"INFO","msg":"http_request","request_id":"req_1X_to63gS6A2Ju4B38aJaQ","method":"GET","route":"/api/v1/bootstrap","status":200,"duration_ms":0}
{"time":"2026-09-28T15:57:02.51018+08:00","level":"INFO","msg":"http_request","request_id":"req_yDNfyeVgNZ7Hyv8TGd9wTg","method":"GET","route":"/api/v1/admin/users","status":200,"duration_ms":1}
{"time":"2026-09-28T15:57:03.402191+08:00","level":"INFO","msg":"http_request","request_id":"req_o_fnmJU9sC3PK5Z7FeW90w","method":"GET","route":"/api/v1/bootstrap","status":200,"duration_ms":0}
{"time":"2026-09-28T15:57:03.410751+08:00","level":"INFO","msg":"http_request","request_id":"req_jgh3plYs0WgAKQCOD1KOkg","method":"GET","route":"/api/v1/admin/users/{user_id}/batches","status":200,"duration_ms":4}
{"time":"2026-09-28T15:57:03.41328+08:00","level":"INFO","msg":"http_request","request_id":"req_PlDgfx82MWijdLDPcLheRA","method":"GET","route":"/api/v1/admin/users/{user_id}","status":200,"duration_ms":6}
{"time":"2026-09-28T15:57:03.417777+08:00","level":"INFO","msg":"http_request","request_id":"req_NI-RU_1hr2HJElVh4CTPSw","method":"GET","route":"/api/v1/admin/users/{user_id}/points-ledger","status":200,"duration_ms":2}
{"time":"2026-09-28T15:57:03.420309+08:00","level":"INFO","msg":"http_request","request_id":"req_uzcfgZKuduXr7OaUK7_PRw","method":"GET","route":"/api/v1/admin/users/{user_id}/benefits","status":200,"duration_ms":4}
{"time":"2026-09-28T15:57:04.201273+08:00","level":"INFO","msg":"http_request","request_id":"req_RDb-ZPl0einXJSsIjNt2Mw","method":"GET","route":"/api/v1/bootstrap","status":200,"duration_ms":0}
{"time":"2026-09-28T15:57:04.286547+08:00","level":"INFO","msg":"http_request","request_id":"req_gdN8AfaAJrQsf0kBRvt4cQ","method":"POST","route":"/api/v1/auth/login","status":200,"duration_ms":83}
{"time":"2026-09-28T15:57:04.289072+08:00","level":"INFO","msg":"http_request","request_id":"req_tmrMXl3XBbVST2fUSa_WMQ","method":"GET","route":"/api/v1/bootstrap","status":200,"duration_ms":0}
{"time":"2026-09-28T15:57:04.291607+08:00","level":"INFO","msg":"http_request","request_id":"req_PYloEhDlOQXhaaNvmSITkA","method":"PUT","route":"/api/v1/me/ui-locale","status":200,"duration_ms":1}
{"time":"2026-09-28T15:57:04.294649+08:00","level":"INFO","msg":"http_request","request_id":"req_SPuKqTpThv6_5hXQvscJsg","method":"GET","route":"/api/v1/bootstrap","status":200,"duration_ms":0}
{"time":"2026-09-28T15:57:04.375091+08:00","level":"INFO","msg":"http_request","request_id":"req_RunmE_zV20b3EGKU57e1mQ","method":"POST","route":"/api/v1/auth/login","status":200,"duration_ms":79}
{"time":"2026-09-28T15:57:04.377628+08:00","level":"INFO","msg":"http_request","request_id":"req_Hm6bN9CpGX9PbUSzrFLONw","method":"GET","route":"/api/v1/bootstrap","status":200,"duration_ms":0}
{"time":"2026-09-28T15:57:04.381308+08:00","level":"INFO","msg":"http_request","request_id":"req_ipMlcH0o6qKuZXbrFvTlfA","method":"PUT","route":"/api/v1/me/ui-locale","status":200,"duration_ms":1}
{"time":"2026-09-28T15:57:04.584654+08:00","level":"INFO","msg":"http_request","request_id":"req_h60T_t5m18pkMLo5nAHnGQ","method":"GET","route":"/api/v1/bootstrap","status":200,"duration_ms":0}
{"time":"2026-09-28T15:57:04.586423+08:00","level":"INFO","msg":"http_request","request_id":"req_TL57C2vvOrqgKJmVcW--Eg","method":"GET","route":"/api/v1/me/account","status":200,"duration_ms":0}
{"time":"2026-09-28T15:57:04.594016+08:00","level":"INFO","msg":"http_request","request_id":"req_Y4D_NnuU3Fg7JlvoB7iXJA","method":"GET","route":"/api/v1/me/items","status":200,"duration_ms":3}
{"time":"2026-09-28T15:57:04.594153+08:00","level":"INFO","msg":"http_request","request_id":"req_F085tvXCKnnVclvyKsm6YA","method":"GET","route":"/api/v1/me/growth","status":503,"duration_ms":3}
{"time":"2026-09-28T15:57:04.709591+08:00","level":"INFO","msg":"http_request","request_id":"req_emBN2FHr83bNH6uBx1Q4nQ","method":"GET","route":"/api/v1/bootstrap","status":200,"duration_ms":0}
{"time":"2026-09-28T15:57:04.715615+08:00","level":"INFO","msg":"http_request","request_id":"req_CyHEymgYlK4eH1jh2ZDduA","method":"POST","route":"/api/v1/analytics/events","status":204,"duration_ms":0}
{"time":"2026-09-28T15:57:05.508115+08:00","level":"INFO","msg":"http_request","request_id":"req_KE-gimzN9V1IlM6JEaXIKQ","method":"GET","route":"/api/v1/bootstrap","status":200,"duration_ms":0}
{"time":"2026-09-28T15:57:05.511403+08:00","level":"INFO","msg":"http_request","request_id":"req_2ufUR2TrPCAYFK9oo3ahsg","method":"GET","route":"/api/v1/admin/users","status":200,"duration_ms":0}
{"time":"2026-09-28T15:57:06.405665+08:00","level":"INFO","msg":"http_request","request_id":"req_8kaEdQGAOj0Bx8ymGLaLaQ","method":"GET","route":"/api/v1/bootstrap","status":200,"duration_ms":0}
{"time":"2026-09-28T15:57:06.409838+08:00","level":"INFO","msg":"http_request","request_id":"req_iicfspQEEfiCRQAnt4NTwQ","method":"GET","route":"/api/v1/admin/users/{user_id}/batches","status":200,"duration_ms":1}
{"time":"2026-09-28T15:57:06.410241+08:00","level":"INFO","msg":"http_request","request_id":"req_e-PGzfbmghZpKdTQHteEMQ","method":"GET","route":"/api/v1/admin/users/{user_id}","status":200,"duration_ms":1}
{"time":"2026-09-28T15:57:06.4127+08:00","level":"INFO","msg":"http_request","request_id":"req_wt-14OYhGU-ca1mqqHVwlg","method":"GET","route":"/api/v1/admin/users/{user_id}/benefits","status":200,"duration_ms":1}
{"time":"2026-09-28T15:57:06.41317+08:00","level":"INFO","msg":"http_request","request_id":"req_i4Cio6TSTFz6WuNSDhooww","method":"GET","route":"/api/v1/admin/users/{user_id}/points-ledger","status":200,"duration_ms":2}
