
Running 24 tests using 1 worker

(node:24496) Warning: The 'NO_COLOR' env is ignored due to the 'FORCE_COLOR' env being set.
(Use `node --trace-warnings ...` to show where the warning was created)
  ✓   1 [desktop] › tests/e2e/m002-review-storage.spec.ts:96:1 › denied storage preserves editing and submits the latest memory answers; cleanup retries and summary is one-time (934ms)
  ✓   2 [desktop] › tests/e2e/m002-review-storage.spec.ts:149:1 › a failed write retains current input and persists it on retry for confirmed restoration (1.2s)
  ✓   3 [desktop] › tests/e2e/m002-review-storage.spec.ts:179:1 › recovering a failed read never overwrites an existing draft before restore confirmation (1.1s)
  ✓   4 [desktop] › tests/e2e/m002-review-storage.spec.ts:206:1 › an unknown draft schema is protected until explicit restart (870ms)
  ✓   5 [desktop] › tests/e2e/m002-review.spec.ts:87:1 › local restoration requires confirmation and never creates a new attempt on reload (1.0s)
  ✓   6 [desktop] › tests/e2e/m002-review.spec.ts:111:1 › a lost submit response reconciles the receipt without recreating comparison (495ms)
  ✓   7 [desktop] › tests/e2e/m002-review.spec.ts:126:1 › two tabs cannot silently overwrite the same local draft (1.7s)
  ✓   8 [desktop] › tests/e2e/m002-review.spec.ts:157:1 › over-capacity paste is rejected as a whole and existing letters remain (450ms)
(node:24898) Warning: The 'NO_COLOR' env is ignored due to the 'FORCE_COLOR' env being set.
(Use `node --trace-warnings ...` to show where the warning was created)
  ✓   9 [mobile] › tests/e2e/m002-review-storage.spec.ts:96:1 › denied storage preserves editing and submits the latest memory answers; cleanup retries and summary is one-time (960ms)
  ✓  10 [mobile] › tests/e2e/m002-review-storage.spec.ts:149:1 › a failed write retains current input and persists it on retry for confirmed restoration (1.1s)
  ✓  11 [mobile] › tests/e2e/m002-review-storage.spec.ts:179:1 › recovering a failed read never overwrites an existing draft before restore confirmation (1.2s)
  ✓  12 [mobile] › tests/e2e/m002-review-storage.spec.ts:206:1 › an unknown draft schema is protected until explicit restart (868ms)
  ✓  13 [mobile] › tests/e2e/m002-review.spec.ts:87:1 › local restoration requires confirmation and never creates a new attempt on reload (994ms)
  ✓  14 [mobile] › tests/e2e/m002-review.spec.ts:111:1 › a lost submit response reconciles the receipt without recreating comparison (538ms)
  ✓  15 [mobile] › tests/e2e/m002-review.spec.ts:126:1 › two tabs cannot silently overwrite the same local draft (1.8s)
  ✓  16 [mobile] › tests/e2e/m002-review.spec.ts:157:1 › over-capacity paste is rejected as a whole and existing letters remain (471ms)
(node:25260) Warning: The 'NO_COLOR' env is ignored due to the 'FORCE_COLOR' env being set.
(Use `node --trace-warnings ...` to show where the warning was created)
  ✓  17 [firefox] › tests/e2e/m002-review-storage.spec.ts:96:1 › denied storage preserves editing and submits the latest memory answers; cleanup retries and summary is one-time (1.7s)
  ✓  18 [firefox] › tests/e2e/m002-review-storage.spec.ts:149:1 › a failed write retains current input and persists it on retry for confirmed restoration (1.2s)
  ✓  19 [firefox] › tests/e2e/m002-review-storage.spec.ts:179:1 › recovering a failed read never overwrites an existing draft before restore confirmation (1.2s)
  ✓  20 [firefox] › tests/e2e/m002-review-storage.spec.ts:206:1 › an unknown draft schema is protected until explicit restart (1.0s)
(node:25506) Warning: The 'NO_COLOR' env is ignored due to the 'FORCE_COLOR' env being set.
(Use `node --trace-warnings ...` to show where the warning was created)
  ✓  21 [webkit] › tests/e2e/m002-review-storage.spec.ts:96:1 › denied storage preserves editing and submits the latest memory answers; cleanup retries and summary is one-time (1.8s)
  ✓  22 [webkit] › tests/e2e/m002-review-storage.spec.ts:149:1 › a failed write retains current input and persists it on retry for confirmed restoration (1.5s)
  ✓  23 [webkit] › tests/e2e/m002-review-storage.spec.ts:179:1 › recovering a failed read never overwrites an existing draft before restore confirmation (1.4s)
  ✓  24 [webkit] › tests/e2e/m002-review-storage.spec.ts:206:1 › an unknown draft schema is protected until explicit restart (1.1s)

  24 passed (31.4s)
