
Running 24 tests using 1 worker

(node:37080) Warning: The 'NO_COLOR' env is ignored due to the 'FORCE_COLOR' env being set.
(Use `node --trace-warnings ...` to show where the warning was created)
  ✓   1 [desktop] › tests/e2e/m002-review-storage.spec.ts:96:1 › denied storage preserves editing and submits the latest memory answers; cleanup retries and summary is one-time (947ms)
  ✓   2 [desktop] › tests/e2e/m002-review-storage.spec.ts:149:1 › a failed write retains current input and persists it on retry for confirmed restoration (1.2s)
  ✓   3 [desktop] › tests/e2e/m002-review-storage.spec.ts:179:1 › recovering a failed read never overwrites an existing draft before restore confirmation (1.2s)
  ✓   4 [desktop] › tests/e2e/m002-review-storage.spec.ts:206:1 › an unknown draft schema is protected until explicit restart (873ms)
  ✓   5 [desktop] › tests/e2e/m002-review.spec.ts:87:1 › local restoration requires confirmation and never creates a new attempt on reload (723ms)
  ✓   6 [desktop] › tests/e2e/m002-review.spec.ts:111:1 › a lost submit response reconciles the receipt without recreating comparison (528ms)
  ✓   7 [desktop] › tests/e2e/m002-review.spec.ts:126:1 › two tabs cannot silently overwrite the same local draft (1.8s)
  ✓   8 [desktop] › tests/e2e/m002-review.spec.ts:157:1 › over-capacity paste is rejected as a whole and existing letters remain (479ms)
(node:37394) Warning: The 'NO_COLOR' env is ignored due to the 'FORCE_COLOR' env being set.
(Use `node --trace-warnings ...` to show where the warning was created)
  ✓   9 [mobile] › tests/e2e/m002-review-storage.spec.ts:96:1 › denied storage preserves editing and submits the latest memory answers; cleanup retries and summary is one-time (955ms)
  ✓  10 [mobile] › tests/e2e/m002-review-storage.spec.ts:149:1 › a failed write retains current input and persists it on retry for confirmed restoration (1.1s)
  ✓  11 [mobile] › tests/e2e/m002-review-storage.spec.ts:179:1 › recovering a failed read never overwrites an existing draft before restore confirmation (1.2s)
  ✓  12 [mobile] › tests/e2e/m002-review-storage.spec.ts:206:1 › an unknown draft schema is protected until explicit restart (862ms)
  ✓  13 [mobile] › tests/e2e/m002-review.spec.ts:87:1 › local restoration requires confirmation and never creates a new attempt on reload (991ms)
  ✓  14 [mobile] › tests/e2e/m002-review.spec.ts:111:1 › a lost submit response reconciles the receipt without recreating comparison (508ms)
  ✓  15 [mobile] › tests/e2e/m002-review.spec.ts:126:1 › two tabs cannot silently overwrite the same local draft (1.7s)
  ✓  16 [mobile] › tests/e2e/m002-review.spec.ts:157:1 › over-capacity paste is rejected as a whole and existing letters remain (448ms)
(node:37647) Warning: The 'NO_COLOR' env is ignored due to the 'FORCE_COLOR' env being set.
(Use `node --trace-warnings ...` to show where the warning was created)
  ✓  17 [firefox] › tests/e2e/m002-review-storage.spec.ts:96:1 › denied storage preserves editing and submits the latest memory answers; cleanup retries and summary is one-time (1.6s)
  ✓  18 [firefox] › tests/e2e/m002-review-storage.spec.ts:149:1 › a failed write retains current input and persists it on retry for confirmed restoration (1.2s)
  ✓  19 [firefox] › tests/e2e/m002-review-storage.spec.ts:179:1 › recovering a failed read never overwrites an existing draft before restore confirmation (1.2s)
  ✓  20 [firefox] › tests/e2e/m002-review-storage.spec.ts:206:1 › an unknown draft schema is protected until explicit restart (1.0s)
(node:37882) Warning: The 'NO_COLOR' env is ignored due to the 'FORCE_COLOR' env being set.
(Use `node --trace-warnings ...` to show where the warning was created)
  ✓  21 [webkit] › tests/e2e/m002-review-storage.spec.ts:96:1 › denied storage preserves editing and submits the latest memory answers; cleanup retries and summary is one-time (1.5s)
  ✓  22 [webkit] › tests/e2e/m002-review-storage.spec.ts:149:1 › a failed write retains current input and persists it on retry for confirmed restoration (1.5s)
  ✓  23 [webkit] › tests/e2e/m002-review-storage.spec.ts:179:1 › recovering a failed read never overwrites an existing draft before restore confirmation (1.3s)
  ✓  24 [webkit] › tests/e2e/m002-review-storage.spec.ts:206:1 › an unknown draft schema is protected until explicit restart (1.1s)

  24 passed (28.5s)
