chromium-en-320-explicit PASS
chromium-en-320-history PASS
chromium-en-390-explicit PASS
chromium-en-390-history PASS
chromium-en-768-explicit PASS
chromium-en-768-history PASS
chromium-en-1440-explicit PASS
chromium-en-1440-history PASS
chromium-zh-320-explicit PASS
chromium-zh-320-history PASS
chromium-zh-390-explicit PASS
chromium-zh-390-history PASS
chromium-zh-768-explicit PASS
chromium-zh-768-history PASS
chromium-zh-1440-explicit PASS
chromium-zh-1440-history PASS
firefox-en-390 PASS
firefox-zh-1440 PASS
webkit-en-390 PASS
webkit-zh-1440 PASS
keyboard-spaced-query PASS
title-edit-return PASS
unrelated-entry-and-direct-detail PASS
no-result-and-clear PASS
missing-row-after-delete FAIL
empty-library PASS
library-accessibility-runtime FAIL
