=== RUN   TestQA31NoticeOnceHTTP
2026/10/01 18:39:27 INFO http_request request_id=req_OxpN4jsdlQMBcG0p4voLVw method=GET route=/api/v1/bootstrap status=200 duration_ms=2
2026/10/01 18:39:28 INFO http_request request_id=req_LaaY8lu8MLs8ExpxLnm_vA method=POST route=/api/v1/auth/login status=200 duration_ms=746
2026/10/01 18:39:28 INFO http_request request_id=req_IuFVtqem-ws4ynottqgOhQ method=GET route=/api/v1/bootstrap status=200 duration_ms=0
2026/10/01 18:39:28 INFO http_request request_id=req_abwkuiupgTX0hfgPQtZG3w method=POST route=/api/v1/auth/login status=200 duration_ms=749
2026/10/01 18:39:28 INFO http_request request_id=req_GyaVQvrMh9PJuU9xV8XeDw method=GET route=/api/v1/bootstrap status=200 duration_ms=0
2026/10/01 18:39:28 INFO http_request request_id=req_KnseWSpEeqYBXyjnBuZ0aQ method=GET route=/api/v1/bootstrap status=200 duration_ms=0
2026/10/01 18:39:28 INFO http_request request_id=req_e60LK4bAXDOJQNmTJMjEBA method=POST route=/api/v1/admin/notices status=201 duration_ms=3
2026/10/01 18:39:28 INFO http_request request_id=req_4KI6-w1fpQtzvJvhpXD_jg method=GET route=/api/v1/admin/notices/{notice_id} status=200 duration_ms=1
2026/10/01 18:39:28 INFO http_request request_id=req_e7pdJjic-JDQlYkDko836A method=GET route=/api/v1/notices/{notice_id} status=200 duration_ms=1
2026/10/01 18:39:28 INFO http_request request_id=req_v9UVjdJgpOzUmwHz2mWi2w method=GET route=/api/v1/notices status=200 duration_ms=1
2026/10/01 18:39:28 INFO http_request request_id=req_xixRxthTxqBobZJqZ9NsQQ method=GET route=/api/v1/notices status=401 duration_ms=0
2026/10/01 18:39:28 INFO http_request request_id=req_sXKdEOOGVMEbg2CCbV8jpw method=GET route=/api/v1/bootstrap status=200 duration_ms=0
2026/10/01 18:39:28 INFO http_request request_id=req_Qkq7Z_AINGcdeZBIP2uDSA method=POST route=/api/v1/admin/* status=403 duration_ms=0
2026/10/01 18:39:28 INFO http_request request_id=req_vEbAs-hrSef5T3EpaZH_VQ method=PUT route=/api/v1/admin/notices/{notice_id} status=200 duration_ms=1
2026/10/01 18:39:28 INFO http_request request_id=req_1fr8OVnm3zTK2H2nm2FuUQ method=PUT route=/api/v1/admin/notices/{notice_id} status=409 duration_ms=1
2026/10/01 18:39:28 INFO http_request request_id=req_Nbe56VqgV9tnjTaSX7oM8g method=GET route=/api/v1/notices status=200 duration_ms=1
2026/10/01 18:39:28 INFO http_request request_id=req_M2wPw_0TpN-ZLQmm06aMCg method=GET route=/api/v1/notices/{notice_id} status=200 duration_ms=0
2026/10/01 18:39:28 INFO http_request request_id=req_viX7OwAo1lZ83bh8qJ5GXA method=PUT route=/api/v1/admin/notices/{notice_id} status=200 duration_ms=1
2026/10/01 18:39:28 INFO http_request request_id=req_vnU90Ob7KEEvN02M44La4Q method=GET route=/api/v1/notices/{notice_id} status=404 duration_ms=0
2026/10/01 18:39:28 INFO http_request request_id=req_15yJjB6yVTOPvw7pmUtjmw method=POST route=/api/v1/admin/notices status=422 duration_ms=0
    qa_notice_once_temporary_test.go:87: status=422 want=201 body={"type":"https://wordweave.example/problems/validation-failed","title":"Request could not be accepted","status":422,"code":"validation_failed","detail":"One or more fields need attention.","request_id":"req_15yJjB6yVTOPvw7pmUtjmw","field_errors":[{"field":"/remind_once","code":"required"}]}
--- FAIL: TestQA31NoticeOnceHTTP (7.02s)
FAIL
FAIL	wordweave/internal/httpapi	7.465s
FAIL
