=== RUN   TestQA31NoticeOnceHTTP
2026/10/01 18:41:44 INFO http_request request_id=req_UlxeBe0L9GWYr-9-xIlHZA method=GET route=/api/v1/bootstrap status=200 duration_ms=1
2026/10/01 18:41:45 INFO http_request request_id=req_0SE6JNxvgm_kEqLOlcYBRw method=POST route=/api/v1/auth/login status=200 duration_ms=767
2026/10/01 18:41:45 INFO http_request request_id=req_uZr9WW35CWApVFRscICV0A method=GET route=/api/v1/bootstrap status=200 duration_ms=5
2026/10/01 18:41:46 INFO http_request request_id=req_EW4lUfv0PPtTXp-8AaHYMw method=POST route=/api/v1/auth/login status=200 duration_ms=753
2026/10/01 18:41:46 INFO http_request request_id=req_d6ju_bLFbV6yyfg14uEaPA method=GET route=/api/v1/bootstrap status=200 duration_ms=0
2026/10/01 18:41:46 INFO http_request request_id=req_8KvfdA9TnlpQveYIRQ_FaQ method=GET route=/api/v1/bootstrap status=200 duration_ms=0
2026/10/01 18:41:46 INFO http_request request_id=req_EIEOfK0JYsLM-ZQ1dXgOnw method=POST route=/api/v1/admin/notices status=201 duration_ms=3
2026/10/01 18:41:46 INFO http_request request_id=req_gquBjwbXYWwGKRxuKJmvMg method=GET route=/api/v1/admin/notices/{notice_id} status=200 duration_ms=1
2026/10/01 18:41:46 INFO http_request request_id=req_8yDAb2dUxthJzIHxfYbyVA method=GET route=/api/v1/notices/{notice_id} status=200 duration_ms=1
2026/10/01 18:41:46 INFO http_request request_id=req_3T9We9oUqysP5mMUe49nXw method=GET route=/api/v1/notices status=200 duration_ms=1
2026/10/01 18:41:46 INFO http_request request_id=req_UnYZe2-IsbkW3OghpFHh6A method=GET route=/api/v1/notices status=401 duration_ms=0
2026/10/01 18:41:46 INFO http_request request_id=req_vTkYk1wCTw6qT1TdcTLS7Q method=GET route=/api/v1/bootstrap status=200 duration_ms=0
2026/10/01 18:41:46 INFO http_request request_id=req_NEvvIr68X3-5JM06ztz0ug method=POST route=/api/v1/admin/* status=403 duration_ms=0
2026/10/01 18:41:46 INFO http_request request_id=req_IxGrzUT_QITZPplQa3dCyw method=PUT route=/api/v1/admin/notices/{notice_id} status=200 duration_ms=1
2026/10/01 18:41:46 INFO http_request request_id=req_gRsJfo69EDxhry2JXjrkWw method=PUT route=/api/v1/admin/notices/{notice_id} status=409 duration_ms=1
2026/10/01 18:41:46 INFO http_request request_id=req_UB5YaZLd0BC8MUX0YZQVKg method=GET route=/api/v1/notices status=200 duration_ms=0
2026/10/01 18:41:46 INFO http_request request_id=req_TT-0lKZxHN7_8RFLCa3big method=GET route=/api/v1/notices/{notice_id} status=200 duration_ms=0
2026/10/01 18:41:46 INFO http_request request_id=req_xfsLPGlDE1REY3HhlExRyw method=PUT route=/api/v1/admin/notices/{notice_id} status=200 duration_ms=1
2026/10/01 18:41:46 INFO http_request request_id=req_obSr6onI2otcBdjP5Fzesg method=GET route=/api/v1/notices/{notice_id} status=404 duration_ms=0
2026/10/01 18:41:46 INFO http_request request_id=req_T5_GBGlsu-PxLFRi0a7KiA method=POST route=/api/v1/admin/notices status=201 duration_ms=1
    qa_notice_once_temporary_test.go:94: QA31-HTTP PASS: actual admin create/read/update, public projection/Markdown, default false, revision conflict, visibility/reminder filtering, learner and visitor restrictions; 0 provider calls
--- PASS: TestQA31NoticeOnceHTTP (7.06s)
PASS
ok  	wordweave/internal/httpapi	8.571s
