=== RUN   TestClaimedBatchDeletionRollback
--- PASS: TestClaimedBatchDeletionRollback (4.93s)
=== RUN   TestClaimedBatchDeletionConcurrency
=== RUN   TestClaimedBatchDeletionConcurrency/delete_wins_before_blocked_claim_replay
=== RUN   TestClaimedBatchDeletionConcurrency/concurrent_deletes_and_claim_replays
--- PASS: TestClaimedBatchDeletionConcurrency (0.60s)
    --- PASS: TestClaimedBatchDeletionConcurrency/delete_wins_before_blocked_claim_replay (0.04s)
    --- PASS: TestClaimedBatchDeletionConcurrency/concurrent_deletes_and_claim_replays (0.14s)
=== RUN   TestClaimedBatchDeletionRetention
--- PASS: TestClaimedBatchDeletionRetention (0.74s)
=== RUN   TestClaimedBatchDeletionRollback
--- PASS: TestClaimedBatchDeletionRollback (0.50s)
=== RUN   TestClaimedBatchDeletionConcurrency
=== RUN   TestClaimedBatchDeletionConcurrency/delete_wins_before_blocked_claim_replay
=== RUN   TestClaimedBatchDeletionConcurrency/concurrent_deletes_and_claim_replays
--- PASS: TestClaimedBatchDeletionConcurrency (0.58s)
    --- PASS: TestClaimedBatchDeletionConcurrency/delete_wins_before_blocked_claim_replay (0.05s)
    --- PASS: TestClaimedBatchDeletionConcurrency/concurrent_deletes_and_claim_replays (0.13s)
=== RUN   TestClaimedBatchDeletionRetention
--- PASS: TestClaimedBatchDeletionRetention (0.73s)
=== RUN   TestClaimedBatchDeletionRollback
--- PASS: TestClaimedBatchDeletionRollback (0.40s)
=== RUN   TestClaimedBatchDeletionConcurrency
=== RUN   TestClaimedBatchDeletionConcurrency/delete_wins_before_blocked_claim_replay
=== RUN   TestClaimedBatchDeletionConcurrency/concurrent_deletes_and_claim_replays
--- PASS: TestClaimedBatchDeletionConcurrency (0.69s)
    --- PASS: TestClaimedBatchDeletionConcurrency/delete_wins_before_blocked_claim_replay (0.04s)
    --- PASS: TestClaimedBatchDeletionConcurrency/concurrent_deletes_and_claim_replays (0.13s)
=== RUN   TestClaimedBatchDeletionRetention
--- PASS: TestClaimedBatchDeletionRetention (0.80s)
=== RUN   TestClaimedBatchDeletionRollback
--- PASS: TestClaimedBatchDeletionRollback (0.52s)
=== RUN   TestClaimedBatchDeletionConcurrency
=== RUN   TestClaimedBatchDeletionConcurrency/delete_wins_before_blocked_claim_replay
=== RUN   TestClaimedBatchDeletionConcurrency/concurrent_deletes_and_claim_replays
--- PASS: TestClaimedBatchDeletionConcurrency (0.68s)
    --- PASS: TestClaimedBatchDeletionConcurrency/delete_wins_before_blocked_claim_replay (0.04s)
    --- PASS: TestClaimedBatchDeletionConcurrency/concurrent_deletes_and_claim_replays (0.13s)
=== RUN   TestClaimedBatchDeletionRetention
--- PASS: TestClaimedBatchDeletionRetention (0.78s)
=== RUN   TestClaimedBatchDeletionRollback
--- PASS: TestClaimedBatchDeletionRollback (0.42s)
=== RUN   TestClaimedBatchDeletionConcurrency
=== RUN   TestClaimedBatchDeletionConcurrency/delete_wins_before_blocked_claim_replay
=== RUN   TestClaimedBatchDeletionConcurrency/concurrent_deletes_and_claim_replays
--- PASS: TestClaimedBatchDeletionConcurrency (0.58s)
    --- PASS: TestClaimedBatchDeletionConcurrency/delete_wins_before_blocked_claim_replay (0.05s)
    --- PASS: TestClaimedBatchDeletionConcurrency/concurrent_deletes_and_claim_replays (0.13s)
=== RUN   TestClaimedBatchDeletionRetention
--- PASS: TestClaimedBatchDeletionRetention (0.74s)
PASS
ok  	wordweave/internal/httpapi	14.724s
