?   	wordweave/assets/lexicon	[no test files]
?   	wordweave/assets/vocabulary	[no test files]
?   	wordweave/cmd/build-lexicon	[no test files]
?   	wordweave/cmd/wordweave	[no test files]
?   	wordweave/cmd/wordweave-admin	[no test files]
?   	wordweave/db/migrations	[no test files]
ok  	wordweave/internal/admin	1.063s
ok  	wordweave/internal/ai	13.989s
?   	wordweave/internal/dbgen	[no test files]
?   	wordweave/internal/entitlement	[no test files]
ok  	wordweave/internal/generation	1.061s
ok  	wordweave/internal/httpapi	1.236s
?   	wordweave/internal/identity	[no test files]
?   	wordweave/internal/learning	[no test files]
?   	wordweave/internal/maintenance	[no test files]
?   	wordweave/internal/observability	[no test files]
ok  	wordweave/internal/platform/config	1.248s
?   	wordweave/internal/platform/postgres	[no test files]
ok  	wordweave/internal/platform/security	6.252s
ok  	wordweave/internal/review	1.249s
?   	wordweave/internal/vocabulary	[no test files]
ok  	wordweave/internal/wordnet	1.244s
