{"name":"browser-webkit-keyboard","counts":{"PASS":38,"FAIL":0,"ERROR":1},"failures":[{"id":"WebKit execution","status":"ERROR","error":"Error: locator.pressSequentially: Target page, context or browser has been closed\nBrowser logs:\n\n<launching> /Users/xekinzhuo/Library/Caches/ms-playwright/webkit-2336/pw_run.sh --inspector-pipe --headless --no-startup-window\n<launched> pid=38316\n[pid=38316][err] 2026-09-06 18:25:28.858 Playwright[38322:848532851] +[IMKClient subclass]: chose IMKClient_Modern\n[pid=38316][err] *** Terminating app due to uncaught exception 'NSInvalidArgumentException', reason: '-[NSTextInputContext textInputClientDidUpdateSelection]: unrecognized selector sent to instance 0x60000377c270'\n[pid=38316][err] *** First throw call stack:\n[pid=38316][err] (\n[pid=38316][err] \t0   CoreFoundation                      0x000000019156ee80 __exceptionPreprocess + 176\n[pid=38316][err] \t1   libobjc.A.dylib                     0x0000000191056cd8 objc_exception_throw + 88\n[pid=38316][err] \t2   CoreFoundation                      0x00000001916241d8 -[NSObject(NSObject) __retain_OA] + 0\n[pid=38316][err] \t3   CoreFoundation                      0x00000001914db830 ___forwarding___ + 1568\n[pid=38316][err] \t4   CoreFoundation                      0x00000001914db150 _CF_forwarding_prep_0 + 96\n[pid=38316][err] \t5   WebKit                              0x00000001087fbb98 _ZNK3WTF8FunctionIFvvEEclEv + 36\n[pid=38316][err] \t6   WebKit                              0x00000001087fbb68 _ZN3WTF7RunLoop5Timer5firedEv + 28\n[pid=38316][err] \t7   JavaScriptCore                      0x000000010eb9f5d0 _ZZN3WTF7RunLoop9TimerBase5startENS_7SecondsEbEN3$_08__invokeEP16__CFRunLoopTimerPv + 68\n[pid=38316][err] \t8   CoreFoundation                      0x0000000191516394 __CFRUNLOOP_IS_CALLING_OUT_TO_A_TIMER_CALLBACK_FUNCTION__ + 32\n[pid=38316][err] \t9   CoreFoundation                      0x0000000191516038 __CFRunLoopDoTimer + 1012\n[pid=38316][err] \t10  CoreFoundation                      0x0000000191515b48 __CFRunLoopDoTimers + 356\n[pid=38316][err] \t11  CoreFoundation                      0x00000001914fb530 __CFRunLoopRun + 1856\n[pid=38316][err] \t12  CoreFoundation                      0x00000001914fa734 CFRunLoopRunSpecific + 588\n[pid=38316][err] \t13  HIToolbox                           0x000000019ca69530 RunCurrentEventLoopInMode + 292\n[pid=38316][err] \t14  HIToolbox                           0x000000019ca6f348 ReceiveNextEventCommon + 676\n[pid=38316][err] \t15  HIToolbox                           0x000000019ca6f508 _BlockUntilNextEventMatchingListInModeWithFilter + 76\n[pid=38316][err] \t16  AppKit                              0x0000000195072848 _DPSNextEvent + 660\n[pid=38316][err] \t17  AppKit                              0x00000001959d8c24 -[NSApplication(NSEventRouting) _nextEventMatchingEventMask:untilDate:inMode:dequeue:] + 688\n[pid=38316][err] \t18  AppKit                              0x0000000195065874 -[NSApplication run] + 480\n[pid=38316][err] \t19  AppKit                              0x000000019503c068 NSApplicationMain + 888\n[pid=38316][err] \t20  dyld                                0x0000000191094274 start + 2840\n[pid=38316][err] )\n[pid=38316][err] libc++abi: terminating due to uncaught exception of type NSException\n[pid=38316][err] /Users/xekinzhuo/Library/Caches/ms-playwright/webkit-2336/pw_run.sh: line 7: 38322 Abort trap: 6           DYLD_FRAMEWORK_PATH=\"$DYLIB_PATH\" DYLD_LIBRARY_PATH=\"$DYLIB_PATH\" \"$PLAYWRIGHT\" \"$@\"\nCall log:\n\u001b[2m  - waiting for locator('dialog input[type=password]').first()\u001b[22m\n\u001b[2m    - locator resolved to <input required=\"\" type=\"password\" class=\"text-input\" autocomplete=\"current-password\"/>\u001b[22m\n\u001b[2m  - elementHandle.type(\"Dev080SyntheticOnly!\")\u001b[22m\n"}]}
2026-09-06T10:25:27.620Z pw:browser <launching> /Users/xekinzhuo/Library/Caches/ms-playwright/webkit-2336/pw_run.sh --inspector-pipe --headless --no-startup-window
2026-09-06T10:25:27.622Z pw:browser <launched> pid=38316
2026-09-06T10:25:28.858Z pw:browser [pid=38316][err] 2026-09-06 18:25:28.858 Playwright[38322:848532851] +[IMKClient subclass]: chose IMKClient_Modern
2026-09-06T10:25:33.745Z pw:browser [pid=38316][err] *** Terminating app due to uncaught exception 'NSInvalidArgumentException', reason: '-[NSTextInputContext textInputClientDidUpdateSelection]: unrecognized selector sent to instance 0x60000377c270'
2026-09-06T10:25:33.745Z pw:browser [pid=38316][err] *** First throw call stack:
2026-09-06T10:25:33.745Z pw:browser [pid=38316][err] (
2026-09-06T10:25:33.745Z pw:browser [pid=38316][err] 	0   CoreFoundation                      0x000000019156ee80 __exceptionPreprocess + 176
2026-09-06T10:25:33.745Z pw:browser [pid=38316][err] 	1   libobjc.A.dylib                     0x0000000191056cd8 objc_exception_throw + 88
2026-09-06T10:25:33.745Z pw:browser [pid=38316][err] 	2   CoreFoundation                      0x00000001916241d8 -[NSObject(NSObject) __retain_OA] + 0
2026-09-06T10:25:33.745Z pw:browser [pid=38316][err] 	3   CoreFoundation                      0x00000001914db830 ___forwarding___ + 1568
2026-09-06T10:25:33.745Z pw:browser [pid=38316][err] 	4   CoreFoundation                      0x00000001914db150 _CF_forwarding_prep_0 + 96
2026-09-06T10:25:33.745Z pw:browser [pid=38316][err] 	5   WebKit                              0x00000001087fbb98 _ZNK3WTF8FunctionIFvvEEclEv + 36
2026-09-06T10:25:33.745Z pw:browser [pid=38316][err] 	6   WebKit                              0x00000001087fbb68 _ZN3WTF7RunLoop5Timer5firedEv + 28
2026-09-06T10:25:33.745Z pw:browser [pid=38316][err] 	7   JavaScriptCore                      0x000000010eb9f5d0 _ZZN3WTF7RunLoop9TimerBase5startENS_7SecondsEbEN3$_08__invokeEP16__CFRunLoopTimerPv + 68
2026-09-06T10:25:33.745Z pw:browser [pid=38316][err] 	8   CoreFoundation                      0x0000000191516394 __CFRUNLOOP_IS_CALLING_OUT_TO_A_TIMER_CALLBACK_FUNCTION__ + 32
2026-09-06T10:25:33.745Z pw:browser [pid=38316][err] 	9   CoreFoundation                      0x0000000191516038 __CFRunLoopDoTimer + 1012
2026-09-06T10:25:33.745Z pw:browser [pid=38316][err] 	10  CoreFoundation                      0x0000000191515b48 __CFRunLoopDoTimers + 356
2026-09-06T10:25:33.745Z pw:browser [pid=38316][err] 	11  CoreFoundation                      0x00000001914fb530 __CFRunLoopRun + 1856
2026-09-06T10:25:33.745Z pw:browser [pid=38316][err] 	12  CoreFoundation                      0x00000001914fa734 CFRunLoopRunSpecific + 588
2026-09-06T10:25:33.745Z pw:browser [pid=38316][err] 	13  HIToolbox                           0x000000019ca69530 RunCurrentEventLoopInMode + 292
2026-09-06T10:25:33.745Z pw:browser [pid=38316][err] 	14  HIToolbox                           0x000000019ca6f348 ReceiveNextEventCommon + 676
2026-09-06T10:25:33.745Z pw:browser [pid=38316][err] 	15  HIToolbox                           0x000000019ca6f508 _BlockUntilNextEventMatchingListInModeWithFilter + 76
2026-09-06T10:25:33.745Z pw:browser [pid=38316][err] 	16  AppKit                              0x0000000195072848 _DPSNextEvent + 660
2026-09-06T10:25:33.745Z pw:browser [pid=38316][err] 	17  AppKit                              0x00000001959d8c24 -[NSApplication(NSEventRouting) _nextEventMatchingEventMask:untilDate:inMode:dequeue:] + 688
2026-09-06T10:25:33.745Z pw:browser [pid=38316][err] 	18  AppKit                              0x0000000195065874 -[NSApplication run] + 480
2026-09-06T10:25:33.745Z pw:browser [pid=38316][err] 	19  AppKit                              0x000000019503c068 NSApplicationMain + 888
2026-09-06T10:25:33.745Z pw:browser [pid=38316][err] 	20  dyld                                0x0000000191094274 start + 2840
2026-09-06T10:25:33.745Z pw:browser [pid=38316][err] )
2026-09-06T10:25:33.746Z pw:browser [pid=38316][err] libc++abi: terminating due to uncaught exception of type NSException
2026-09-06T10:25:33.748Z pw:browser [pid=38316][err] /Users/xekinzhuo/Library/Caches/ms-playwright/webkit-2336/pw_run.sh: line 7: 38322 Abort trap: 6           DYLD_FRAMEWORK_PATH="$DYLIB_PATH" DYLD_LIBRARY_PATH="$DYLIB_PATH" "$PLAYWRIGHT" "$@"
2026-09-06T10:25:33.752Z pw:browser [pid=38316] <process did exit: exitCode=134, signal=null>
2026-09-06T10:25:33.752Z pw:browser [pid=38316] starting temporary directories cleanup
2026-09-06T10:25:33.754Z pw:browser [pid=38316] finished temporary directories cleanup
