{"name":"browser-final2","counts":{"PASS":129,"FAIL":0,"ERROR":2},"failures":[{"id":"other context cleanup","status":"ERROR","error":"Error: browserContext.close: Target page, context or browser has been closed"},{"id":"WebKit execution","status":"ERROR","error":"Error: page.waitForResponse: Target page, context or browser has been closed"}]}
2026-09-06T10:24:34.208Z pw:browser <launching> /Users/xekinzhuo/Library/Caches/ms-playwright/chromium_headless_shell-1234/chrome-headless-shell-mac-arm64/chrome-headless-shell --disable-field-trial-config --disable-background-networking --disable-background-timer-throttling --disable-backgrounding-occluded-windows --disable-back-forward-cache --disable-breakpad --disable-client-side-phishing-detection --disable-component-extensions-with-background-pages --disable-component-update --no-default-browser-check --disable-default-apps --disable-dev-shm-usage --disable-edgeupdater --disable-extensions --disable-features=AvoidUnnecessaryBeforeUnloadCheckSync,BoundaryEventDispatchTracksNodeRemoval,DestroyProfileOnBrowserClose,DialMediaRouteProvider,GlobalMediaControls,HttpsUpgrades,LensOverlay,MediaRouter,PaintHolding,ThirdPartyStoragePartitioning,BlockOriginHeaderModificationOnRedirect,Translate,AutoDeElevate,OptimizationHints,msForceBrowserSignIn,msEdgeUpdateLaunchServicesPreferredVersion --enable-features=CDPScreenshotNewSurface --allow-pre-commit-input --disable-hang-monitor --disable-ipc-flooding-protection --disable-popup-blocking --disable-prompt-on-repost --disable-renderer-backgrounding --disable-updater-scheduler --force-color-profile=srgb --metrics-recording-only --no-first-run --password-store=basic --use-mock-keychain --no-service-autorun --export-tagged-pdf --disable-search-engine-choice-screen --unsafely-disable-devtools-self-xss-warnings --edge-skip-compat-layer-relaunch --disable-infobars --disable-search-engine-choice-screen --disable-sync --enable-unsafe-swiftshader --headless --hide-scrollbars --mute-audio --blink-settings=primaryHoverType=2,availableHoverTypes=2,primaryPointerType=4,availablePointerTypes=4 --no-sandbox --user-data-dir=/var/folders/z9/99ckxr957v901zwwc8jdk8640000gn/T/playwright_chromiumdev_profile-1KH8oO --remote-debugging-pipe --no-startup-window
2026-09-06T10:24:34.210Z pw:browser <launched> pid=33741
2026-09-06T10:24:39.005Z pw:browser [pid=33741][err] [0906/182439.004263:ERROR:gpu/command_buffer/service/shared_image/shared_image_manager.cc:395] SharedImageManager::ProduceMemory: Trying to Produce a Memory representation from a non-existent mailbox.
2026-09-06T10:24:39.005Z pw:browser [pid=33741][err] [0906/182439.004757:ERROR:gpu/command_buffer/service/shared_image/shared_image_manager.cc:395] SharedImageManager::ProduceMemory: Trying to Produce a Memory representation from a non-existent mailbox.
2026-09-06T10:24:39.005Z pw:browser [pid=33741][err] [0906/182439.004762:ERROR:gpu/command_buffer/service/shared_image/shared_image_manager.cc:395] SharedImageManager::ProduceMemory: Trying to Produce a Memory representation from a non-existent mailbox.
2026-09-06T10:24:39.005Z pw:browser [pid=33741][err] [0906/182439.004764:ERROR:gpu/command_buffer/service/shared_image/shared_image_manager.cc:395] SharedImageManager::ProduceMemory: Trying to Produce a Memory representation from a non-existent mailbox.
2026-09-06T10:24:39.005Z pw:browser [pid=33741][err] [0906/182439.004767:ERROR:gpu/command_buffer/service/shared_image/shared_image_manager.cc:395] SharedImageManager::ProduceMemory: Trying to Produce a Memory representation from a non-existent mailbox.
2026-09-06T10:24:39.005Z pw:browser [pid=33741][err] [0906/182439.004770:ERROR:gpu/command_buffer/service/shared_image/shared_image_manager.cc:395] SharedImageManager::ProduceMemory: Trying to Produce a Memory representation from a non-existent mailbox.
2026-09-06T10:24:39.005Z pw:browser [pid=33741][err] [0906/182439.004772:ERROR:gpu/command_buffer/service/shared_image/shared_image_manager.cc:395] SharedImageManager::ProduceMemory: Trying to Produce a Memory representation from a non-existent mailbox.
2026-09-06T10:24:39.005Z pw:browser [pid=33741][err] [0906/182439.004775:ERROR:gpu/command_buffer/service/shared_image/shared_image_manager.cc:395] SharedImageManager::ProduceMemory: Trying to Produce a Memory representation from a non-existent mailbox.
2026-09-06T10:24:39.005Z pw:browser [pid=33741][err] [0906/182439.004777:ERROR:gpu/command_buffer/service/shared_image/shared_image_manager.cc:395] SharedImageManager::ProduceMemory: Trying to Produce a Memory representation from a non-existent mailbox.
2026-09-06T10:24:39.005Z pw:browser [pid=33741][err] [0906/182439.005065:ERROR:gpu/command_buffer/service/shared_image/shared_image_manager.cc:395] SharedImageManager::ProduceMemory: Trying to Produce a Memory representation from a non-existent mailbox.
2026-09-06T10:24:39.005Z pw:browser [pid=33741][err] [0906/182439.005076:ERROR:gpu/command_buffer/service/shared_image/shared_image_manager.cc:395] SharedImageManager::ProduceMemory: Trying to Produce a Memory representation from a non-existent mailbox.
2026-09-06T10:24:40.808Z pw:browser [pid=33741] <gracefully close start>
2026-09-06T10:24:40.822Z pw:browser [pid=33741] <process did exit: exitCode=0, signal=null>
2026-09-06T10:24:40.822Z pw:browser [pid=33741] starting temporary directories cleanup
2026-09-06T10:24:40.825Z pw:browser [pid=33741] finished temporary directories cleanup
2026-09-06T10:24:40.825Z pw:browser [pid=33741] <gracefully close end>
2026-09-06T10:24:40.827Z pw:browser <launching> /Users/xekinzhuo/Library/Caches/ms-playwright/webkit-2336/pw_run.sh --inspector-pipe --headless --no-startup-window
2026-09-06T10:24:40.828Z pw:browser <launched> pid=34361
2026-09-06T10:24:41.911Z pw:browser [pid=34361][err] 2026-09-06 18:24:41.911 Playwright[34367:848524424] +[IMKClient subclass]: chose IMKClient_Modern
2026-09-06T10:24:46.773Z pw:browser [pid=34361][err] *** Terminating app due to uncaught exception 'NSInvalidArgumentException', reason: '-[NSTextInputContext textInputClientDidUpdateSelection]: unrecognized selector sent to instance 0x6000033096c0'
2026-09-06T10:24:46.774Z pw:browser [pid=34361][err] *** First throw call stack:
2026-09-06T10:24:46.774Z pw:browser [pid=34361][err] (
2026-09-06T10:24:46.774Z pw:browser [pid=34361][err] 	0   CoreFoundation                      0x000000019156ee80 __exceptionPreprocess + 176
2026-09-06T10:24:46.774Z pw:browser [pid=34361][err] 	1   libobjc.A.dylib                     0x0000000191056cd8 objc_exception_throw + 88
2026-09-06T10:24:46.774Z pw:browser [pid=34361][err] 	2   CoreFoundation                      0x00000001916241d8 -[NSObject(NSObject) __retain_OA] + 0
2026-09-06T10:24:46.774Z pw:browser [pid=34361][err] 	3   CoreFoundation                      0x00000001914db830 ___forwarding___ + 1568
2026-09-06T10:24:46.774Z pw:browser [pid=34361][err] 	4   CoreFoundation                      0x00000001914db150 _CF_forwarding_prep_0 + 96
2026-09-06T10:24:46.774Z pw:browser [pid=34361][err] 	5   WebKit                              0x0000000108e03b98 _ZNK3WTF8FunctionIFvvEEclEv + 36
2026-09-06T10:24:46.774Z pw:browser [pid=34361][err] 	6   WebKit                              0x0000000108e03b68 _ZN3WTF7RunLoop5Timer5firedEv + 28
2026-09-06T10:24:46.774Z pw:browser [pid=34361][err] 	7   JavaScriptCore                      0x000000010f1a75d0 _ZZN3WTF7RunLoop9TimerBase5startENS_7SecondsEbEN3$_08__invokeEP16__CFRunLoopTimerPv + 68
2026-09-06T10:24:46.774Z pw:browser [pid=34361][err] 	8   CoreFoundation                      0x0000000191516394 __CFRUNLOOP_IS_CALLING_OUT_TO_A_TIMER_CALLBACK_FUNCTION__ + 32
2026-09-06T10:24:46.774Z pw:browser [pid=34361][err] 	9   CoreFoundation                      0x0000000191516038 __CFRunLoopDoTimer + 1012
2026-09-06T10:24:46.774Z pw:browser [pid=34361][err] 	10  CoreFoundation                      0x0000000191515b48 __CFRunLoopDoTimers + 356
2026-09-06T10:24:46.774Z pw:browser [pid=34361][err] 	11  CoreFoundation                      0x00000001914fb530 __CFRunLoopRun + 1856
2026-09-06T10:24:46.774Z pw:browser [pid=34361][err] 	12  CoreFoundation                      0x00000001914fa734 CFRunLoopRunSpecific + 588
2026-09-06T10:24:46.774Z pw:browser [pid=34361][err] 	13  HIToolbox                           0x000000019ca69530 RunCurrentEventLoopInMode + 292
2026-09-06T10:24:46.774Z pw:browser [pid=34361][err] 	14  HIToolbox                           0x000000019ca6f348 ReceiveNextEventCommon + 676
2026-09-06T10:24:46.774Z pw:browser [pid=34361][err] 	15  HIToolbox                           0x000000019ca6f508 _BlockUntilNextEventMatchingListInModeWithFilter + 76
2026-09-06T10:24:46.774Z pw:browser [pid=34361][err] 	16  AppKit                              0x0000000195072848 _DPSNextEvent + 660
2026-09-06T10:24:46.774Z pw:browser [pid=34361][err] 	17  AppKit                              0x00000001959d8c24 -[NSApplication(NSEventRouting) _nextEventMatchingEventMask:untilDate:inMode:dequeue:] + 688
2026-09-06T10:24:46.774Z pw:browser [pid=34361][err] 	18  AppKit                              0x0000000195065874 -[NSApplication run] + 480
2026-09-06T10:24:46.774Z pw:browser [pid=34361][err] 	19  AppKit                              0x000000019503c068 NSApplicationMain + 888
2026-09-06T10:24:46.774Z pw:browser [pid=34361][err] 	20  dyld                                0x0000000191094274 start + 2840
2026-09-06T10:24:46.774Z pw:browser [pid=34361][err] )
2026-09-06T10:24:46.775Z pw:browser [pid=34361][err] libc++abi: terminating due to uncaught exception of type NSException
2026-09-06T10:24:46.776Z pw:browser [pid=34361][err] /Users/xekinzhuo/Library/Caches/ms-playwright/webkit-2336/pw_run.sh: line 7: 34367 Abort trap: 6           DYLD_FRAMEWORK_PATH="$DYLIB_PATH" DYLD_LIBRARY_PATH="$DYLIB_PATH" "$PLAYWRIGHT" "$@"
2026-09-06T10:24:46.781Z pw:browser [pid=34361] <process did exit: exitCode=134, signal=null>
2026-09-06T10:24:46.781Z pw:browser [pid=34361] starting temporary directories cleanup
2026-09-06T10:24:46.782Z pw:browser [pid=34361] finished temporary directories cleanup
