





Running 122 tests using 1 worker



[1/122] [desktop] › tests/e2e/application-smoke.spec.ts:96:1 › localized brand and all three homepage tasks preserve guest intent
[2/122] [desktop] › tests/e2e/application-smoke.spec.ts:142:1 › guest review gate stays in place and carries safe return intent
[3/122] [desktop] › tests/e2e/application-smoke.spec.ts:178:1 › word suggestions overlay a compact, unselected and bounded creation form
[4/122] [desktop] › tests/e2e/application-smoke.spec.ts:217:1 › creation requires four explicit choices and resets them for another task
[5/122] [desktop] › tests/e2e/application-smoke.spec.ts:251:1 › creation stays unavailable when the group has no model or length
[6/122] [desktop] › tests/e2e/application-smoke.spec.ts:271:1 › a valid unsaved generation cannot be abandoned silently
[7/122] [desktop] › tests/e2e/application-smoke.spec.ts:305:1 › learner pages expose six statistics, Basic copy and single-review context
[8/122] [desktop] › tests/e2e/application-smoke.spec.ts:344:1 › library normal, first-empty and search-empty states match their approved variants
[9/122] [desktop] › tests/e2e/application-smoke.spec.ts:400:5 › login applies admin account locale zh-CN before navigating
[10/122] [desktop] › tests/e2e/application-smoke.spec.ts:400:5 › login applies admin account locale en-US before navigating
[11/122] [desktop] › tests/e2e/application-smoke.spec.ts:400:5 › login applies learner account locale zh-CN before navigating
[12/122] [desktop] › tests/e2e/application-smoke.spec.ts:400:5 › login applies learner account locale en-US before navigating
[13/122] [desktop] › tests/e2e/application-smoke.spec.ts:435:1 › login credential errors use the approved notice structure and remain retryable
[14/122] [desktop] › tests/e2e/application-smoke.spec.ts:458:1 › single and date review summaries expose all four approved states
[15/122] [desktop] › tests/e2e/application-smoke.spec.ts:524:1 › summary restart actions create a new session for the same scope
[16/122] [desktop] › tests/e2e/application-smoke.spec.ts:561:1 › passage review groups related blanks without exposing their spelling
[17/122] [desktop] › tests/e2e/application-smoke.spec.ts:621:1 › admin revision matches approved workspace, dialogs, plans and search-first users
[18/122] [desktop] › tests/e2e/application-smoke.spec.ts:838:1 › admin user pagination recovers an invalid cursor exactly once
[19/122] [desktop] › tests/e2e/application-smoke.spec.ts:871:1 › admin user detail return restores exact scroll across viewport heights
[20/122] [desktop] › tests/e2e/application-smoke.spec.ts:925:1 › admin append failure preserves results and offers a footer retry
[21/122] [desktop] › tests/e2e/application-smoke.spec.ts:946:1 › account deletion requires the unchecked confirmation and derives its request value
[22/122] [desktop] › tests/e2e/application-smoke.spec.ts:991:1 › administrator group and password mutations require confirmation
[23/122] [desktop] › tests/e2e/application-smoke.spec.ts:1035:1 › all approved page families have no serious or critical Axe findings
[24/122] [desktop] › tests/e2e/cr029-cr033.spec.ts:32:3 › CR032 five private routes gate consistently without private reads: en-US
[25/122] [desktop] › tests/e2e/cr029-cr033.spec.ts:83:3 › CR029 exact dates, home and danger-zone design: en-US
[26/122] [desktop] › tests/e2e/cr029-cr033.spec.ts:120:3 › CR030 reader keeps parent search, real target and close focus: en-US
[27/122] [desktop] › tests/e2e/cr029-cr033.spec.ts:32:3 › CR032 five private routes gate consistently without private reads: zh-CN
[28/122] [desktop] › tests/e2e/cr029-cr033.spec.ts:83:3 › CR029 exact dates, home and danger-zone design: zh-CN
[29/122] [desktop] › tests/e2e/cr029-cr033.spec.ts:120:3 › CR030 reader keeps parent search, real target and close focus: zh-CN
[30/122] [desktop] › tests/e2e/cr029-cr033.spec.ts:172:1 › CR033 complete quota update, 0, admin null and uncertain mutation recovery
[31/122] [desktop] › tests/e2e/cr029-cr033.spec.ts:222:1 › CR031 deep/legacy URLs, unavailable and error retry never change parents
[32/122] [desktop] › tests/e2e/cr029-cr033.spec.ts:259:1 › CR032 login error preserves intent, role overrides learner redirect and stale claim
[33/122] [desktop] › tests/e2e/cr029-cr033.spec.ts:288:1 › CR031 reader long content fits all approved widths and keyboard remains modal
[34/122] [desktop] › tests/e2e/cr030-073.spec.ts:20:3 › CR030-073 search and empty-state sizing follows the approved cascade: en-US
[35/122] [desktop] › tests/e2e/cr030-073.spec.ts:93:3 › CR030-073 search failure uses approved copy and retry keeps the submitted query: en-US
[36/122] [desktop] › tests/e2e/cr030-073.spec.ts:20:3 › CR030-073 search and empty-state sizing follows the approved cascade: zh-CN
[37/122] [desktop] › tests/e2e/cr030-073.spec.ts:93:3 › CR030-073 search failure uses approved copy and retry keeps the submitted query: zh-CN
[38/122] [desktop] › tests/e2e/cr030-073.spec.ts:137:3 › CR030-073 loading skeleton retains its two-row mobile layout: en-US
[39/122] [desktop] › tests/e2e/cr030-073.spec.ts:137:3 › CR030-073 loading skeleton retains its two-row mobile layout: zh-CN
[40/122] [desktop] › tests/e2e/cr030-cr035-075.spec.ts:19:3 › CR030-075 detail contains legal long usernames without losing content: en-US
[41/122] [desktop] › tests/e2e/cr030-cr035-075.spec.ts:77:3 › CR035-075 both semantic fieldset labels have one 8px gap and aligned text: en-US
[42/122] [desktop] › tests/e2e/cr030-cr035-075.spec.ts:19:3 › CR030-075 detail contains legal long usernames without losing content: zh-CN
[43/122] [desktop] › tests/e2e/cr030-cr035-075.spec.ts:77:3 › CR035-075 both semantic fieldset labels have one 8px gap and aligned text: zh-CN
[44/122] [desktop] › tests/e2e/cr034.spec.ts:40:3 › CR034 old records: stable inputs, empty→ready→empty→ready, en-US
[45/122] [desktop] › tests/e2e/cr034.spec.ts:78:3 › CR034 empty responsive geometry and accessibility: en-US
[46/122] [desktop] › tests/e2e/cr034.spec.ts:40:3 › CR034 old records: stable inputs, empty→ready→empty→ready, zh-CN
[47/122] [desktop] › tests/e2e/cr034.spec.ts:78:3 › CR034 empty responsive geometry and accessibility: zh-CN
[48/122] [desktop] › tests/e2e/cr034.spec.ts:128:3 › CR034 distinct fixture stays empty and editable: empty
[49/122] [desktop] › tests/e2e/cr034.spec.ts:128:3 › CR034 distinct fixture stays empty and editable: paused
[50/122] [desktop] › tests/e2e/cr034.spec.ts:143:1 › CR034 invalid dates do not preview or POST; same day recovers
[51/122] [desktop] › tests/e2e/cr034.spec.ts:171:1 › CR034 failed preview, retained resume, retry focus and exact copy
[52/122] [desktop] › tests/e2e/cr034.spec.ts:204:1 › CR034 stale success ignored, immediate invalidation and leave cancellation
[53/122] [desktop] › tests/e2e/cr034.spec.ts:245:1 › CR034 double submission blocked; server query captured before later edits
[54/122] [desktop] › tests/e2e/cr034.spec.ts:283:1 › CR034 security refresh date change prevents POST; later retry works
[55/122] [desktop] › tests/e2e/cr034.spec.ts:316:1 › CR034 uncertain POST only reconciles GET, no automatic replay or navigation
[56/122] [desktop] › tests/e2e/cr037-auth-account.spec.ts:42:3 › CR037 auth hint precedes headings through safe target round trips: en-US
  1) [desktop] › tests/e2e/cr037-auth-account.spec.ts:42:3 › CR037 auth hint precedes headings through safe target round trips: en-US 

    Error: expect(received).toBe(expected) // Object.is equality

    Expected: "/register"
    Received: "/login"

      79 |         await ready(page);
      80 |         await leadingHint(page, copy!);
    > 81 |         expect(new URL(page.url()).pathname).toBe("/register");
         |                                              ^
      82 |         expect(new URL(page.url()).searchParams.get("redirect")).toBe(path);
      83 |         await page.reload();
      84 |         await ready(page);
        at /Users/xekinzhuo/Desktop/xekin_develop/ai-en-learning-development/ai-en-learning/frontend/tests/e2e/cr037-auth-account.spec.ts:81:46

    Error Context: test-results/cr037-auth-account-CR037-a-5c32d-fe-target-round-trips-en-US-desktop/error-context.md

    attachment #2: trace (application/zip) ─────────────────────────────────────────────────────────
    test-results/cr037-auth-account-CR037-a-5c32d-fe-target-round-trips-en-US-desktop/trace.zip
    Usage:

        pnpm exec playwright show-trace test-results/cr037-auth-account-CR037-a-5c32d-fe-target-round-trips-en-US-desktop/trace.zip

    ────────────────────────────────────────────────────────────────────────────────────────────────




[57/122] [desktop] › tests/e2e/cr037-auth-account.spec.ts:107:3 › CR037 no intent and stale claims preserve normal auth layout: en-US
[58/122] [desktop] › tests/e2e/cr037-auth-account.spec.ts:132:3 › CR037 password dialog exact copy, cancel, confirmation and shared helper: en-US
  2) [desktop] › tests/e2e/cr037-auth-account.spec.ts:132:3 › CR037 password dialog exact copy, cancel, confirmation and shared helper: en-US 

    Error: expect(locator).toBeFocused() failed

    Locator:  locator('.settings-grid .card-footer .button-secondary')
    Expected: focused
    Received: inactive
    Timeout:  5000ms

    Call log:
      - Expect "toBeFocused" with timeout 5000ms
      - waiting for locator('.settings-grid .card-footer .button-secondary')
        14 × locator resolved to <button type="button" class="button button-secondary">Change password</button>
           - unexpected value "inactive"


      183 |       await dialog.locator(".button-secondary").click();
      184 |       await expect(page.locator("dialog")).toHaveCount(0);
    > 185 |       await expect(trigger).toBeFocused();
          |                             ^
      186 |       expect(writes).toEqual([]);
      187 |       await trigger.click();
      188 |       for (let i = 0; i < 3; i++) await expect(inputs.nth(i)).toHaveValue("");
        at /Users/xekinzhuo/Desktop/xekin_develop/ai-en-learning-development/ai-en-learning/frontend/tests/e2e/cr037-auth-account.spec.ts:185:29

    Error Context: test-results/cr037-auth-account-CR037-p-fc754-ion-and-shared-helper-en-US-desktop/error-context.md

    attachment #2: trace (application/zip) ─────────────────────────────────────────────────────────
    test-results/cr037-auth-account-CR037-p-fc754-ion-and-shared-helper-en-US-desktop/trace.zip
    Usage:

        pnpm exec playwright show-trace test-results/cr037-auth-account-CR037-p-fc754-ion-and-shared-helper-en-US-desktop/trace.zip

    ────────────────────────────────────────────────────────────────────────────────────────────────




[59/122] [desktop] › tests/e2e/cr037-auth-account.spec.ts:42:3 › CR037 auth hint precedes headings through safe target round trips: zh-CN
  3) [desktop] › tests/e2e/cr037-auth-account.spec.ts:42:3 › CR037 auth hint precedes headings through safe target round trips: zh-CN 

    Error: expect(received).toBe(expected) // Object.is equality

    Expected: "/register"
    Received: "/login"

      79 |         await ready(page);
      80 |         await leadingHint(page, copy!);
    > 81 |         expect(new URL(page.url()).pathname).toBe("/register");
         |                                              ^
      82 |         expect(new URL(page.url()).searchParams.get("redirect")).toBe(path);
      83 |         await page.reload();
      84 |         await ready(page);
        at /Users/xekinzhuo/Desktop/xekin_develop/ai-en-learning-development/ai-en-learning/frontend/tests/e2e/cr037-auth-account.spec.ts:81:46

    Error Context: test-results/cr037-auth-account-CR037-a-66cb8-fe-target-round-trips-zh-CN-desktop/error-context.md

    attachment #2: trace (application/zip) ─────────────────────────────────────────────────────────
    test-results/cr037-auth-account-CR037-a-66cb8-fe-target-round-trips-zh-CN-desktop/trace.zip
    Usage:

        pnpm exec playwright show-trace test-results/cr037-auth-account-CR037-a-66cb8-fe-target-round-trips-zh-CN-desktop/trace.zip

    ────────────────────────────────────────────────────────────────────────────────────────────────




[60/122] [desktop] › tests/e2e/cr037-auth-account.spec.ts:107:3 › CR037 no intent and stale claims preserve normal auth layout: zh-CN
[61/122] [desktop] › tests/e2e/cr037-auth-account.spec.ts:132:3 › CR037 password dialog exact copy, cancel, confirmation and shared helper: zh-CN
  4) [desktop] › tests/e2e/cr037-auth-account.spec.ts:132:3 › CR037 password dialog exact copy, cancel, confirmation and shared helper: zh-CN 

    Error: expect(locator).toBeFocused() failed

    Locator:  locator('.settings-grid .card-footer .button-secondary')
    Expected: focused
    Received: inactive
    Timeout:  5000ms

    Call log:
      - Expect "toBeFocused" with timeout 5000ms
      - waiting for locator('.settings-grid .card-footer .button-secondary')
        14 × locator resolved to <button type="button" class="button button-secondary">修改密码</button>
           - unexpected value "inactive"


      183 |       await dialog.locator(".button-secondary").click();
      184 |       await expect(page.locator("dialog")).toHaveCount(0);
    > 185 |       await expect(trigger).toBeFocused();
          |                             ^
      186 |       expect(writes).toEqual([]);
      187 |       await trigger.click();
      188 |       for (let i = 0; i < 3; i++) await expect(inputs.nth(i)).toHaveValue("");
        at /Users/xekinzhuo/Desktop/xekin_develop/ai-en-learning-development/ai-en-learning/frontend/tests/e2e/cr037-auth-account.spec.ts:185:29

    Error Context: test-results/cr037-auth-account-CR037-p-ce109-ion-and-shared-helper-zh-CN-desktop/error-context.md

    attachment #2: trace (application/zip) ─────────────────────────────────────────────────────────
    test-results/cr037-auth-account-CR037-p-ce109-ion-and-shared-helper-zh-CN-desktop/trace.zip
    Usage:

        pnpm exec playwright show-trace test-results/cr037-auth-account-CR037-p-ce109-ion-and-shared-helper-zh-CN-desktop/trace.zip

    ────────────────────────────────────────────────────────────────────────────────────────────────




[62/122] [mobile] › tests/e2e/application-smoke.spec.ts:96:1 › localized brand and all three homepage tasks preserve guest intent
[63/122] [mobile] › tests/e2e/application-smoke.spec.ts:142:1 › guest review gate stays in place and carries safe return intent
[64/122] [mobile] › tests/e2e/application-smoke.spec.ts:178:1 › word suggestions overlay a compact, unselected and bounded creation form
[65/122] [mobile] › tests/e2e/application-smoke.spec.ts:217:1 › creation requires four explicit choices and resets them for another task
[66/122] [mobile] › tests/e2e/application-smoke.spec.ts:251:1 › creation stays unavailable when the group has no model or length
[67/122] [mobile] › tests/e2e/application-smoke.spec.ts:271:1 › a valid unsaved generation cannot be abandoned silently
[68/122] [mobile] › tests/e2e/application-smoke.spec.ts:305:1 › learner pages expose six statistics, Basic copy and single-review context
[69/122] [mobile] › tests/e2e/application-smoke.spec.ts:344:1 › library normal, first-empty and search-empty states match their approved variants
[70/122] [mobile] › tests/e2e/application-smoke.spec.ts:400:5 › login applies admin account locale zh-CN before navigating
[71/122] [mobile] › tests/e2e/application-smoke.spec.ts:400:5 › login applies admin account locale en-US before navigating
[72/122] [mobile] › tests/e2e/application-smoke.spec.ts:400:5 › login applies learner account locale zh-CN before navigating
[73/122] [mobile] › tests/e2e/application-smoke.spec.ts:400:5 › login applies learner account locale en-US before navigating
[74/122] [mobile] › tests/e2e/application-smoke.spec.ts:435:1 › login credential errors use the approved notice structure and remain retryable
[75/122] [mobile] › tests/e2e/application-smoke.spec.ts:458:1 › single and date review summaries expose all four approved states
[76/122] [mobile] › tests/e2e/application-smoke.spec.ts:524:1 › summary restart actions create a new session for the same scope
[77/122] [mobile] › tests/e2e/application-smoke.spec.ts:561:1 › passage review groups related blanks without exposing their spelling
[78/122] [mobile] › tests/e2e/application-smoke.spec.ts:621:1 › admin revision matches approved workspace, dialogs, plans and search-first users
[79/122] [mobile] › tests/e2e/application-smoke.spec.ts:838:1 › admin user pagination recovers an invalid cursor exactly once
[80/122] [mobile] › tests/e2e/application-smoke.spec.ts:871:1 › admin user detail return restores exact scroll across viewport heights
[81/122] [mobile] › tests/e2e/application-smoke.spec.ts:925:1 › admin append failure preserves results and offers a footer retry
[82/122] [mobile] › tests/e2e/application-smoke.spec.ts:946:1 › account deletion requires the unchecked confirmation and derives its request value
[83/122] [mobile] › tests/e2e/application-smoke.spec.ts:991:1 › administrator group and password mutations require confirmation
[84/122] [mobile] › tests/e2e/application-smoke.spec.ts:1035:1 › all approved page families have no serious or critical Axe findings
[85/122] [mobile] › tests/e2e/cr029-cr033.spec.ts:32:3 › CR032 five private routes gate consistently without private reads: en-US
[86/122] [mobile] › tests/e2e/cr029-cr033.spec.ts:83:3 › CR029 exact dates, home and danger-zone design: en-US
[87/122] [mobile] › tests/e2e/cr029-cr033.spec.ts:120:3 › CR030 reader keeps parent search, real target and close focus: en-US
[88/122] [mobile] › tests/e2e/cr029-cr033.spec.ts:32:3 › CR032 five private routes gate consistently without private reads: zh-CN
[89/122] [mobile] › tests/e2e/cr029-cr033.spec.ts:83:3 › CR029 exact dates, home and danger-zone design: zh-CN
[90/122] [mobile] › tests/e2e/cr029-cr033.spec.ts:120:3 › CR030 reader keeps parent search, real target and close focus: zh-CN
[91/122] [mobile] › tests/e2e/cr029-cr033.spec.ts:172:1 › CR033 complete quota update, 0, admin null and uncertain mutation recovery
[92/122] [mobile] › tests/e2e/cr029-cr033.spec.ts:222:1 › CR031 deep/legacy URLs, unavailable and error retry never change parents
[93/122] [mobile] › tests/e2e/cr029-cr033.spec.ts:259:1 › CR032 login error preserves intent, role overrides learner redirect and stale claim
[94/122] [mobile] › tests/e2e/cr029-cr033.spec.ts:288:1 › CR031 reader long content fits all approved widths and keyboard remains modal
[95/122] [mobile] › tests/e2e/cr030-073.spec.ts:20:3 › CR030-073 search and empty-state sizing follows the approved cascade: en-US
[96/122] [mobile] › tests/e2e/cr030-073.spec.ts:93:3 › CR030-073 search failure uses approved copy and retry keeps the submitted query: en-US
[97/122] [mobile] › tests/e2e/cr030-073.spec.ts:20:3 › CR030-073 search and empty-state sizing follows the approved cascade: zh-CN
[98/122] [mobile] › tests/e2e/cr030-073.spec.ts:93:3 › CR030-073 search failure uses approved copy and retry keeps the submitted query: zh-CN
[99/122] [mobile] › tests/e2e/cr030-073.spec.ts:137:3 › CR030-073 loading skeleton retains its two-row mobile layout: en-US
[100/122] [mobile] › tests/e2e/cr030-073.spec.ts:137:3 › CR030-073 loading skeleton retains its two-row mobile layout: zh-CN
[101/122] [mobile] › tests/e2e/cr030-cr035-075.spec.ts:19:3 › CR030-075 detail contains legal long usernames without losing content: en-US
[102/122] [mobile] › tests/e2e/cr030-cr035-075.spec.ts:77:3 › CR035-075 both semantic fieldset labels have one 8px gap and aligned text: en-US
[103/122] [mobile] › tests/e2e/cr030-cr035-075.spec.ts:19:3 › CR030-075 detail contains legal long usernames without losing content: zh-CN
[104/122] [mobile] › tests/e2e/cr030-cr035-075.spec.ts:77:3 › CR035-075 both semantic fieldset labels have one 8px gap and aligned text: zh-CN
[105/122] [mobile] › tests/e2e/cr034.spec.ts:40:3 › CR034 old records: stable inputs, empty→ready→empty→ready, en-US
[106/122] [mobile] › tests/e2e/cr034.spec.ts:78:3 › CR034 empty responsive geometry and accessibility: en-US
[107/122] [mobile] › tests/e2e/cr034.spec.ts:40:3 › CR034 old records: stable inputs, empty→ready→empty→ready, zh-CN
[108/122] [mobile] › tests/e2e/cr034.spec.ts:78:3 › CR034 empty responsive geometry and accessibility: zh-CN
[109/122] [mobile] › tests/e2e/cr034.spec.ts:128:3 › CR034 distinct fixture stays empty and editable: empty
[110/122] [mobile] › tests/e2e/cr034.spec.ts:128:3 › CR034 distinct fixture stays empty and editable: paused
[111/122] [mobile] › tests/e2e/cr034.spec.ts:143:1 › CR034 invalid dates do not preview or POST; same day recovers
[112/122] [mobile] › tests/e2e/cr034.spec.ts:171:1 › CR034 failed preview, retained resume, retry focus and exact copy
[113/122] [mobile] › tests/e2e/cr034.spec.ts:204:1 › CR034 stale success ignored, immediate invalidation and leave cancellation
[114/122] [mobile] › tests/e2e/cr034.spec.ts:245:1 › CR034 double submission blocked; server query captured before later edits
[115/122] [mobile] › tests/e2e/cr034.spec.ts:283:1 › CR034 security refresh date change prevents POST; later retry works
[116/122] [mobile] › tests/e2e/cr034.spec.ts:316:1 › CR034 uncertain POST only reconciles GET, no automatic replay or navigation
[117/122] [mobile] › tests/e2e/cr037-auth-account.spec.ts:42:3 › CR037 auth hint precedes headings through safe target round trips: en-US
[118/122] [mobile] › tests/e2e/cr037-auth-account.spec.ts:107:3 › CR037 no intent and stale claims preserve normal auth layout: en-US
[119/122] [mobile] › tests/e2e/cr037-auth-account.spec.ts:132:3 › CR037 password dialog exact copy, cancel, confirmation and shared helper: en-US
  5) [mobile] › tests/e2e/cr037-auth-account.spec.ts:132:3 › CR037 password dialog exact copy, cancel, confirmation and shared helper: en-US 

    Error: expect(locator).toBeFocused() failed

    Locator:  locator('.settings-grid .card-footer .button-secondary')
    Expected: focused
    Received: inactive
    Timeout:  5000ms

    Call log:
      - Expect "toBeFocused" with timeout 5000ms
      - waiting for locator('.settings-grid .card-footer .button-secondary')
        14 × locator resolved to <button type="button" class="button button-secondary">Change password</button>
           - unexpected value "inactive"


      183 |       await dialog.locator(".button-secondary").click();
      184 |       await expect(page.locator("dialog")).toHaveCount(0);
    > 185 |       await expect(trigger).toBeFocused();
          |                             ^
      186 |       expect(writes).toEqual([]);
      187 |       await trigger.click();
      188 |       for (let i = 0; i < 3; i++) await expect(inputs.nth(i)).toHaveValue("");
        at /Users/xekinzhuo/Desktop/xekin_develop/ai-en-learning-development/ai-en-learning/frontend/tests/e2e/cr037-auth-account.spec.ts:185:29

    Error Context: test-results/cr037-auth-account-CR037-p-fc754-ion-and-shared-helper-en-US-mobile/error-context.md

    attachment #2: trace (application/zip) ─────────────────────────────────────────────────────────
    test-results/cr037-auth-account-CR037-p-fc754-ion-and-shared-helper-en-US-mobile/trace.zip
    Usage:

        pnpm exec playwright show-trace test-results/cr037-auth-account-CR037-p-fc754-ion-and-shared-helper-en-US-mobile/trace.zip

    ────────────────────────────────────────────────────────────────────────────────────────────────




[120/122] [mobile] › tests/e2e/cr037-auth-account.spec.ts:42:3 › CR037 auth hint precedes headings through safe target round trips: zh-CN
  6) [mobile] › tests/e2e/cr037-auth-account.spec.ts:42:3 › CR037 auth hint precedes headings through safe target round trips: zh-CN 

    Error: expect(received).toBe(expected) // Object.is equality

    Expected: "/register"
    Received: "/login"

      79 |         await ready(page);
      80 |         await leadingHint(page, copy!);
    > 81 |         expect(new URL(page.url()).pathname).toBe("/register");
         |                                              ^
      82 |         expect(new URL(page.url()).searchParams.get("redirect")).toBe(path);
      83 |         await page.reload();
      84 |         await ready(page);
        at /Users/xekinzhuo/Desktop/xekin_develop/ai-en-learning-development/ai-en-learning/frontend/tests/e2e/cr037-auth-account.spec.ts:81:46

    Error Context: test-results/cr037-auth-account-CR037-a-66cb8-fe-target-round-trips-zh-CN-mobile/error-context.md

    attachment #2: trace (application/zip) ─────────────────────────────────────────────────────────
    test-results/cr037-auth-account-CR037-a-66cb8-fe-target-round-trips-zh-CN-mobile/trace.zip
    Usage:

        pnpm exec playwright show-trace test-results/cr037-auth-account-CR037-a-66cb8-fe-target-round-trips-zh-CN-mobile/trace.zip

    ────────────────────────────────────────────────────────────────────────────────────────────────




[121/122] [mobile] › tests/e2e/cr037-auth-account.spec.ts:107:3 › CR037 no intent and stale claims preserve normal auth layout: zh-CN
[122/122] [mobile] › tests/e2e/cr037-auth-account.spec.ts:132:3 › CR037 password dialog exact copy, cancel, confirmation and shared helper: zh-CN
  7) [mobile] › tests/e2e/cr037-auth-account.spec.ts:132:3 › CR037 password dialog exact copy, cancel, confirmation and shared helper: zh-CN 

    Error: expect(locator).toBeFocused() failed

    Locator:  locator('.settings-grid .card-footer .button-secondary')
    Expected: focused
    Received: inactive
    Timeout:  5000ms

    Call log:
      - Expect "toBeFocused" with timeout 5000ms
      - waiting for locator('.settings-grid .card-footer .button-secondary')
        14 × locator resolved to <button type="button" class="button button-secondary">修改密码</button>
           - unexpected value "inactive"


      183 |       await dialog.locator(".button-secondary").click();
      184 |       await expect(page.locator("dialog")).toHaveCount(0);
    > 185 |       await expect(trigger).toBeFocused();
          |                             ^
      186 |       expect(writes).toEqual([]);
      187 |       await trigger.click();
      188 |       for (let i = 0; i < 3; i++) await expect(inputs.nth(i)).toHaveValue("");
        at /Users/xekinzhuo/Desktop/xekin_develop/ai-en-learning-development/ai-en-learning/frontend/tests/e2e/cr037-auth-account.spec.ts:185:29

    Error Context: test-results/cr037-auth-account-CR037-p-ce109-ion-and-shared-helper-zh-CN-mobile/error-context.md

    attachment #2: trace (application/zip) ─────────────────────────────────────────────────────────
    test-results/cr037-auth-account-CR037-p-ce109-ion-and-shared-helper-zh-CN-mobile/trace.zip
    Usage:

        pnpm exec playwright show-trace test-results/cr037-auth-account-CR037-p-ce109-ion-and-shared-helper-zh-CN-mobile/trace.zip

    ────────────────────────────────────────────────────────────────────────────────────────────────


  7 failed
    [desktop] › tests/e2e/cr037-auth-account.spec.ts:42:3 › CR037 auth hint precedes headings through safe target round trips: en-US 
    [desktop] › tests/e2e/cr037-auth-account.spec.ts:132:3 › CR037 password dialog exact copy, cancel, confirmation and shared helper: en-US 
    [desktop] › tests/e2e/cr037-auth-account.spec.ts:42:3 › CR037 auth hint precedes headings through safe target round trips: zh-CN 
    [desktop] › tests/e2e/cr037-auth-account.spec.ts:132:3 › CR037 password dialog exact copy, cancel, confirmation and shared helper: zh-CN 
    [mobile] › tests/e2e/cr037-auth-account.spec.ts:132:3 › CR037 password dialog exact copy, cancel, confirmation and shared helper: en-US 
    [mobile] › tests/e2e/cr037-auth-account.spec.ts:42:3 › CR037 auth hint precedes headings through safe target round trips: zh-CN 
    [mobile] › tests/e2e/cr037-auth-account.spec.ts:132:3 › CR037 password dialog exact copy, cancel, confirmation and shared helper: zh-CN 
  115 passed (4.3m)
[WebServer] (node:89399) Warning: The 'NO_COLOR' env is ignored due to the 'FORCE_COLOR' env being set.
[WebServer] (Use `node --trace-warnings ...` to show where the warning was created)
[WebServer] (node:89638) Warning: The 'NO_COLOR' env is ignored due to the 'FORCE_COLOR' env being set.
[WebServer] (Use `node --trace-warnings ...` to show where the warning was created)
[WebServer] 
[WebServer]  ERROR  (node:89762) Warning: The 'NO_COLOR' env is ignored due to the 'FORCE_COLOR' env being set.
[WebServer] (Use node --trace-warnings ... to show where the warning was created)
[WebServer] 
[WebServer] (node:90108) Warning: The 'NO_COLOR' env is ignored due to the 'FORCE_COLOR' env being set.
[WebServer] (Use `node --trace-warnings ...` to show where the warning was created)
[WebServer] (node:90109) Warning: The 'NO_COLOR' env is ignored due to the 'FORCE_COLOR' env being set.
[WebServer] (Use `node --trace-warnings ...` to show where the warning was created)
(node:90426) Warning: The 'NO_COLOR' env is ignored due to the 'FORCE_COLOR' env being set.
(Use `node --trace-warnings ...` to show where the warning was created)
(node:514) Warning: The 'NO_COLOR' env is ignored due to the 'FORCE_COLOR' env being set.
(Use `node --trace-warnings ...` to show where the warning was created)
(node:1226) Warning: The 'NO_COLOR' env is ignored due to the 'FORCE_COLOR' env being set.
(Use `node --trace-warnings ...` to show where the warning was created)
(node:1493) Warning: The 'NO_COLOR' env is ignored due to the 'FORCE_COLOR' env being set.
(Use `node --trace-warnings ...` to show where the warning was created)
(node:2342) Warning: The 'NO_COLOR' env is ignored due to the 'FORCE_COLOR' env being set.
(Use `node --trace-warnings ...` to show where the warning was created)
(node:10518) Warning: The 'NO_COLOR' env is ignored due to the 'FORCE_COLOR' env being set.
(Use `node --trace-warnings ...` to show where the warning was created)
(node:10771) Warning: The 'NO_COLOR' env is ignored due to the 'FORCE_COLOR' env being set.
(Use `node --trace-warnings ...` to show where the warning was created)
