
Running 16 tests using 1 worker

(node:1451) Warning: The 'NO_COLOR' env is ignored due to the 'FORCE_COLOR' env being set.
(Use `node --trace-warnings ...` to show where the warning was created)
  ✓   1 [desktop] › tests/e2e/m002-generic-models.spec.ts:32:5 › UI31 en › new provider and editing its full model collection preserve IDs and settings (2.9s)
  ✓   2 [desktop] › tests/e2e/m002-generic-models.spec.ts:167:5 › UI31 en › all models remain in their provider beyond twenty entries; tests target one model (1.7s)
  ✓   3 [desktop] › tests/e2e/m002-generic-models.spec.ts:305:5 › UI31 en › revision recovery combines remote models with local edits and unsaved additions (1.8s)
  ✓   4 [desktop] › tests/e2e/m002-generic-models.spec.ts:399:5 › UI31 en › removing the last model retains an editable provider and the existing impact confirmation (1.5s)
  ✓   5 [desktop] › tests/e2e/m002-generic-models.spec.ts:32:5 › UI31 zh › new provider and editing its full model collection preserve IDs and settings (2.4s)
  ✓   6 [desktop] › tests/e2e/m002-generic-models.spec.ts:167:5 › UI31 zh › all models remain in their provider beyond twenty entries; tests target one model (1.7s)
  ✓   7 [desktop] › tests/e2e/m002-generic-models.spec.ts:305:5 › UI31 zh › revision recovery combines remote models with local edits and unsaved additions (1.9s)
  ✓   8 [desktop] › tests/e2e/m002-generic-models.spec.ts:399:5 › UI31 zh › removing the last model retains an editable provider and the existing impact confirmation (1.6s)
(node:2234) Warning: The 'NO_COLOR' env is ignored due to the 'FORCE_COLOR' env being set.
(Use `node --trace-warnings ...` to show where the warning was created)
  ✓   9 [mobile] › tests/e2e/m002-generic-models.spec.ts:32:5 › UI31 en › new provider and editing its full model collection preserve IDs and settings (2.5s)
  ✓  10 [mobile] › tests/e2e/m002-generic-models.spec.ts:167:5 › UI31 en › all models remain in their provider beyond twenty entries; tests target one model (1.5s)
  ✓  11 [mobile] › tests/e2e/m002-generic-models.spec.ts:305:5 › UI31 en › revision recovery combines remote models with local edits and unsaved additions (1.8s)
  ✓  12 [mobile] › tests/e2e/m002-generic-models.spec.ts:399:5 › UI31 en › removing the last model retains an editable provider and the existing impact confirmation (1.4s)
  ✓  13 [mobile] › tests/e2e/m002-generic-models.spec.ts:32:5 › UI31 zh › new provider and editing its full model collection preserve IDs and settings (2.5s)
  ✓  14 [mobile] › tests/e2e/m002-generic-models.spec.ts:167:5 › UI31 zh › all models remain in their provider beyond twenty entries; tests target one model (1.4s)
  ✓  15 [mobile] › tests/e2e/m002-generic-models.spec.ts:305:5 › UI31 zh › revision recovery combines remote models with local edits and unsaved additions (1.9s)
  ✓  16 [mobile] › tests/e2e/m002-generic-models.spec.ts:399:5 › UI31 zh › removing the last model retains an editable provider and the existing impact confirmation (1.3s)

  16 passed (31.7s)
