ℹ Building client...
ℹ vite v8.2.2 building client environment for production...
transforming...
✓ 568 modules transformed.
rendering chunks...
computing gzip size...
ℹ ../../../../../../../var/folders/z9/99ckxr957v901zwwc8jdk8640000gn/T/wordweave-cr008-build-wFQa5l/.nuxt/dist/client/manifest.json                  23.99 kB │ gzip:  2.37 kB
../../../../../../../var/folders/z9/99ckxr957v901zwwc8jdk8640000gn/T/wordweave-cr008-build-wFQa5l/.nuxt/dist/client/_nuxt/error-500.BCwb1ls_.css    1.90 kB │ gzip:  0.72 kB
../../../../../../../var/folders/z9/99ckxr957v901zwwc8jdk8640000gn/T/wordweave-cr008-build-wFQa5l/.nuxt/dist/client/_nuxt/error-404.DtX14caB.css    2.42 kB │ gzip:  0.85 kB
../../../../../../../var/folders/z9/99ckxr957v901zwwc8jdk8640000gn/T/wordweave-cr008-build-wFQa5l/.nuxt/dist/client/_nuxt/entry.Cs_0zkhe.css       64.67 kB │ gzip: 13.54 kB
../../../../../../../var/folders/z9/99ckxr957v901zwwc8jdk8640000gn/T/wordweave-cr008-build-wFQa5l/.nuxt/dist/client/_nuxt/CNs_Ozdc.js               0.02 kB │ gzip:  0.04 kB
../../../../../../../var/folders/z9/99ckxr957v901zwwc8jdk8640000gn/T/wordweave-cr008-build-wFQa5l/.nuxt/dist/client/_nuxt/BDNMzG2s.js               0.08 kB │ gzip:  0.09 kB
../../../../../../../var/folders/z9/99ckxr957v901zwwc8jdk8640000gn/T/wordweave-cr008-build-wFQa5l/.nuxt/dist/client/_nuxt/BDgPJ9R5.js               0.10 kB │ gzip:  0.10 kB
../../../../../../../var/folders/z9/99ckxr957v901zwwc8jdk8640000gn/T/wordweave-cr008-build-wFQa5l/.nuxt/dist/client/_nuxt/CVd6l7ad.js               0.11 kB │ gzip:  0.10 kB
../../../../../../../var/folders/z9/99ckxr957v901zwwc8jdk8640000gn/T/wordweave-cr008-build-wFQa5l/.nuxt/dist/client/_nuxt/BKARNJg6.js               0.13 kB │ gzip:  0.12 kB
../../../../../../../var/folders/z9/99ckxr957v901zwwc8jdk8640000gn/T/wordweave-cr008-build-wFQa5l/.nuxt/dist/client/_nuxt/CtLoWwMR.js               0.14 kB │ gzip:  0.13 kB
../../../../../../../var/folders/z9/99ckxr957v901zwwc8jdk8640000gn/T/wordweave-cr008-build-wFQa5l/.nuxt/dist/client/_nuxt/D6v253L3.js               0.23 kB │ gzip:  0.18 kB
../../../../../../../var/folders/z9/99ckxr957v901zwwc8jdk8640000gn/T/wordweave-cr008-build-wFQa5l/.nuxt/dist/client/_nuxt/BvP9HOPg.js               0.23 kB │ gzip:  0.19 kB
../../../../../../../var/folders/z9/99ckxr957v901zwwc8jdk8640000gn/T/wordweave-cr008-build-wFQa5l/.nuxt/dist/client/_nuxt/BcmnoBS-.js               0.23 kB │ gzip:  0.19 kB
../../../../../../../var/folders/z9/99ckxr957v901zwwc8jdk8640000gn/T/wordweave-cr008-build-wFQa5l/.nuxt/dist/client/_nuxt/BD0BSFin.js               0.23 kB │ gzip:  0.19 kB
../../../../../../../var/folders/z9/99ckxr957v901zwwc8jdk8640000gn/T/wordweave-cr008-build-wFQa5l/.nuxt/dist/client/_nuxt/Dy24A1r0.js               0.25 kB │ gzip:  0.20 kB
../../../../../../../var/folders/z9/99ckxr957v901zwwc8jdk8640000gn/T/wordweave-cr008-build-wFQa5l/.nuxt/dist/client/_nuxt/BCV0MyGW.js               0.28 kB │ gzip:  0.21 kB
../../../../../../../var/folders/z9/99ckxr957v901zwwc8jdk8640000gn/T/wordweave-cr008-build-wFQa5l/.nuxt/dist/client/_nuxt/CjLoWdSv.js               0.38 kB │ gzip:  0.26 kB
../../../../../../../var/folders/z9/99ckxr957v901zwwc8jdk8640000gn/T/wordweave-cr008-build-wFQa5l/.nuxt/dist/client/_nuxt/WqizIAGF.js               0.61 kB │ gzip:  0.41 kB
../../../../../../../var/folders/z9/99ckxr957v901zwwc8jdk8640000gn/T/wordweave-cr008-build-wFQa5l/.nuxt/dist/client/_nuxt/DcViFzIV.js               0.68 kB │ gzip:  0.43 kB
../../../../../../../var/folders/z9/99ckxr957v901zwwc8jdk8640000gn/T/wordweave-cr008-build-wFQa5l/.nuxt/dist/client/_nuxt/DiZSV6Qv.js               0.71 kB │ gzip:  0.42 kB
../../../../../../../var/folders/z9/99ckxr957v901zwwc8jdk8640000gn/T/wordweave-cr008-build-wFQa5l/.nuxt/dist/client/_nuxt/B2dYOVPV.js               0.88 kB │ gzip:  0.49 kB
../../../../../../../var/folders/z9/99ckxr957v901zwwc8jdk8640000gn/T/wordweave-cr008-build-wFQa5l/.nuxt/dist/client/_nuxt/uEmVmb9U.js               1.14 kB │ gzip:  0.48 kB
../../../../../../../var/folders/z9/99ckxr957v901zwwc8jdk8640000gn/T/wordweave-cr008-build-wFQa5l/.nuxt/dist/client/_nuxt/UJIc1-E9.js               1.23 kB │ gzip:  0.66 kB
../../../../../../../var/folders/z9/99ckxr957v901zwwc8jdk8640000gn/T/wordweave-cr008-build-wFQa5l/.nuxt/dist/client/_nuxt/BNHcy7Bg.js               1.31 kB │ gzip:  0.55 kB
../../../../../../../var/folders/z9/99ckxr957v901zwwc8jdk8640000gn/T/wordweave-cr008-build-wFQa5l/.nuxt/dist/client/_nuxt/7hXgkzzF.js               1.94 kB │ gzip:  0.90 kB
../../../../../../../var/folders/z9/99ckxr957v901zwwc8jdk8640000gn/T/wordweave-cr008-build-wFQa5l/.nuxt/dist/client/_nuxt/BCXVeM7W.js               2.03 kB │ gzip:  0.89 kB
../../../../../../../var/folders/z9/99ckxr957v901zwwc8jdk8640000gn/T/wordweave-cr008-build-wFQa5l/.nuxt/dist/client/_nuxt/DMv_tqqv.js               2.08 kB │ gzip:  0.89 kB
../../../../../../../var/folders/z9/99ckxr957v901zwwc8jdk8640000gn/T/wordweave-cr008-build-wFQa5l/.nuxt/dist/client/_nuxt/iu5wr1Iq.js               2.29 kB │ gzip:  1.09 kB
../../../../../../../var/folders/z9/99ckxr957v901zwwc8jdk8640000gn/T/wordweave-cr008-build-wFQa5l/.nuxt/dist/client/_nuxt/DYA2rhi9.js               2.32 kB │ gzip:  1.00 kB
../../../../../../../var/folders/z9/99ckxr957v901zwwc8jdk8640000gn/T/wordweave-cr008-build-wFQa5l/.nuxt/dist/client/_nuxt/DpD1P1nJ.js               2.38 kB │ gzip:  1.14 kB
../../../../../../../var/folders/z9/99ckxr957v901zwwc8jdk8640000gn/T/wordweave-cr008-build-wFQa5l/.nuxt/dist/client/_nuxt/oc7UUt1H.js               2.41 kB │ gzip:  1.06 kB
../../../../../../../var/folders/z9/99ckxr957v901zwwc8jdk8640000gn/T/wordweave-cr008-build-wFQa5l/.nuxt/dist/client/_nuxt/CWAjX6S8.js               2.77 kB │ gzip:  1.20 kB
../../../../../../../var/folders/z9/99ckxr957v901zwwc8jdk8640000gn/T/wordweave-cr008-build-wFQa5l/.nuxt/dist/client/_nuxt/DXe2Km3G.js               3.40 kB │ gzip:  1.54 kB
../../../../../../../var/folders/z9/99ckxr957v901zwwc8jdk8640000gn/T/wordweave-cr008-build-wFQa5l/.nuxt/dist/client/_nuxt/CFlngwlb.js               3.45 kB │ gzip:  1.47 kB
../../../../../../../var/folders/z9/99ckxr957v901zwwc8jdk8640000gn/T/wordweave-cr008-build-wFQa5l/.nuxt/dist/client/_nuxt/CkY2L-lT.js               3.53 kB │ gzip:  1.58 kB
../../../../../../../var/folders/z9/99ckxr957v901zwwc8jdk8640000gn/T/wordweave-cr008-build-wFQa5l/.nuxt/dist/client/_nuxt/C4zOlG7N.js               3.72 kB │ gzip:  1.69 kB
../../../../../../../var/folders/z9/99ckxr957v901zwwc8jdk8640000gn/T/wordweave-cr008-build-wFQa5l/.nuxt/dist/client/_nuxt/DSimFYyf.js               4.04 kB │ gzip:  1.69 kB
../../../../../../../var/folders/z9/99ckxr957v901zwwc8jdk8640000gn/T/wordweave-cr008-build-wFQa5l/.nuxt/dist/client/_nuxt/idIgFrSc.js               4.45 kB │ gzip:  1.80 kB
../../../../../../../var/folders/z9/99ckxr957v901zwwc8jdk8640000gn/T/wordweave-cr008-build-wFQa5l/.nuxt/dist/client/_nuxt/Dffa_gin.js               4.78 kB │ gzip:  1.59 kB
../../../../../../../var/folders/z9/99ckxr957v901zwwc8jdk8640000gn/T/wordweave-cr008-build-wFQa5l/.nuxt/dist/client/_nuxt/C9SMaCZw.js               5.78 kB │ gzip:  2.36 kB
../../../../../../../var/folders/z9/99ckxr957v901zwwc8jdk8640000gn/T/wordweave-cr008-build-wFQa5l/.nuxt/dist/client/_nuxt/DqnvYF6i.js               6.11 kB │ gzip:  2.90 kB
../../../../../../../var/folders/z9/99ckxr957v901zwwc8jdk8640000gn/T/wordweave-cr008-build-wFQa5l/.nuxt/dist/client/_nuxt/DURwiuGC.js               6.34 kB │ gzip:  2.62 kB
../../../../../../../var/folders/z9/99ckxr957v901zwwc8jdk8640000gn/T/wordweave-cr008-build-wFQa5l/.nuxt/dist/client/_nuxt/CV8wmWsw.js               6.35 kB │ gzip:  2.81 kB
../../../../../../../var/folders/z9/99ckxr957v901zwwc8jdk8640000gn/T/wordweave-cr008-build-wFQa5l/.nuxt/dist/client/_nuxt/CzS8dPRN.js               6.62 kB │ gzip:  2.13 kB
../../../../../../../var/folders/z9/99ckxr957v901zwwc8jdk8640000gn/T/wordweave-cr008-build-wFQa5l/.nuxt/dist/client/_nuxt/DfYZh6FV.js               7.29 kB │ gzip:  2.83 kB
../../../../../../../var/folders/z9/99ckxr957v901zwwc8jdk8640000gn/T/wordweave-cr008-build-wFQa5l/.nuxt/dist/client/_nuxt/CoNgMqHH.js               7.36 kB │ gzip:  2.09 kB
../../../../../../../var/folders/z9/99ckxr957v901zwwc8jdk8640000gn/T/wordweave-cr008-build-wFQa5l/.nuxt/dist/client/_nuxt/M61th90Q.js               8.00 kB │ gzip:  3.07 kB
../../../../../../../var/folders/z9/99ckxr957v901zwwc8jdk8640000gn/T/wordweave-cr008-build-wFQa5l/.nuxt/dist/client/_nuxt/DAHNe3iz.js               8.26 kB │ gzip:  2.99 kB
../../../../../../../var/folders/z9/99ckxr957v901zwwc8jdk8640000gn/T/wordweave-cr008-build-wFQa5l/.nuxt/dist/client/_nuxt/3yQeFtGD.js               9.02 kB │ gzip:  3.11 kB
../../../../../../../var/folders/z9/99ckxr957v901zwwc8jdk8640000gn/T/wordweave-cr008-build-wFQa5l/.nuxt/dist/client/_nuxt/DiaQ6TvH.js               9.03 kB │ gzip:  2.89 kB
../../../../../../../var/folders/z9/99ckxr957v901zwwc8jdk8640000gn/T/wordweave-cr008-build-wFQa5l/.nuxt/dist/client/_nuxt/Cmoi72EV.js               9.20 kB │ gzip:  3.01 kB
../../../../../../../var/folders/z9/99ckxr957v901zwwc8jdk8640000gn/T/wordweave-cr008-build-wFQa5l/.nuxt/dist/client/_nuxt/DeVAbjHr.js               9.27 kB │ gzip:  3.92 kB
../../../../../../../var/folders/z9/99ckxr957v901zwwc8jdk8640000gn/T/wordweave-cr008-build-wFQa5l/.nuxt/dist/client/_nuxt/Do5SZBaf.js               9.74 kB │ gzip:  3.40 kB
../../../../../../../var/folders/z9/99ckxr957v901zwwc8jdk8640000gn/T/wordweave-cr008-build-wFQa5l/.nuxt/dist/client/_nuxt/DvbBI7nW.js              12.72 kB │ gzip:  4.13 kB
../../../../../../../var/folders/z9/99ckxr957v901zwwc8jdk8640000gn/T/wordweave-cr008-build-wFQa5l/.nuxt/dist/client/_nuxt/DyUM36y0.js              13.46 kB │ gzip:  5.77 kB
../../../../../../../var/folders/z9/99ckxr957v901zwwc8jdk8640000gn/T/wordweave-cr008-build-wFQa5l/.nuxt/dist/client/_nuxt/DZ2iJ5K6.js              13.67 kB │ gzip:  4.75 kB
../../../../../../../var/folders/z9/99ckxr957v901zwwc8jdk8640000gn/T/wordweave-cr008-build-wFQa5l/.nuxt/dist/client/_nuxt/COa2iTm-.js              16.57 kB │ gzip:  5.35 kB
../../../../../../../var/folders/z9/99ckxr957v901zwwc8jdk8640000gn/T/wordweave-cr008-build-wFQa5l/.nuxt/dist/client/_nuxt/BrADuwnk.js              16.83 kB │ gzip:  4.09 kB
../../../../../../../var/folders/z9/99ckxr957v901zwwc8jdk8640000gn/T/wordweave-cr008-build-wFQa5l/.nuxt/dist/client/_nuxt/CGfVl5YF.js              19.01 kB │ gzip:  6.00 kB
../../../../../../../var/folders/z9/99ckxr957v901zwwc8jdk8640000gn/T/wordweave-cr008-build-wFQa5l/.nuxt/dist/client/_nuxt/CvslgUEF.js              22.65 kB │ gzip:  7.77 kB
../../../../../../../var/folders/z9/99ckxr957v901zwwc8jdk8640000gn/T/wordweave-cr008-build-wFQa5l/.nuxt/dist/client/_nuxt/HF9HqI6p.js              23.10 kB │ gzip:  7.46 kB
../../../../../../../var/folders/z9/99ckxr957v901zwwc8jdk8640000gn/T/wordweave-cr008-build-wFQa5l/.nuxt/dist/client/_nuxt/CYw3yIeO.js              34.03 kB │ gzip:  9.57 kB
../../../../../../../var/folders/z9/99ckxr957v901zwwc8jdk8640000gn/T/wordweave-cr008-build-wFQa5l/.nuxt/dist/client/_nuxt/CJVO5aPu.js              49.46 kB │ gzip: 17.06 kB
../../../../../../../var/folders/z9/99ckxr957v901zwwc8jdk8640000gn/T/wordweave-cr008-build-wFQa5l/.nuxt/dist/client/_nuxt/DyjLnLfz.js              87.22 kB │ gzip: 33.69 kB
../../../../../../../var/folders/z9/99ckxr957v901zwwc8jdk8640000gn/T/wordweave-cr008-build-wFQa5l/.nuxt/dist/client/_nuxt/B9-oe4da.js             309.57 kB │ gzip: 95.58 kB

ℹ ✓ built in 4.17s

 WARN  [33m[PLUGIN_TIMINGS] [0mYour build spent 96% of 4.1s inside plugin hooks (4.0s).
Measured inside the callback, so queue time is excluded and time the callback itself awaited is not:
  - vite-plugin-checker buildEnd (57%, 2.4s, 1 call)
Those rows are 57% of the build; the rest of the 96% is below.
Not measurable — 2 hooks whose calls overlap, so elapsed time covers work other calls were doing. Profile with node --cpu-prof:
  - nuxt:ssr-styles:client resolveId (142 calls)
  - nuxt:resolve-bare-imports resolveId (28 calls)
See https://rolldown.rs/reference/InputOptions.checks#plugintimings for more details.


✔ Client built in 4215ms
ℹ Building server...
ℹ vite v8.2.2 building ssr environment for production...
transforming...
✓ 382 modules transformed.
rendering chunks...
ℹ ../../../../../../../var/folders/z9/99ckxr957v901zwwc8jdk8640000gn/T/wordweave-cr008-build-wFQa5l/.nuxt/dist/server/_nuxt/error-404-styles.UP1AHB9m.mjs            0.08 kB
../../../../../../../var/folders/z9/99ckxr957v901zwwc8jdk8640000gn/T/wordweave-cr008-build-wFQa5l/.nuxt/dist/server/_nuxt/error-500-styles.CvfOP9g8.mjs            0.08 kB
../../../../../../../var/folders/z9/99ckxr957v901zwwc8jdk8640000gn/T/wordweave-cr008-build-wFQa5l/.nuxt/dist/server/styles.mjs                                     0.61 kB
../../../../../../../var/folders/z9/99ckxr957v901zwwc8jdk8640000gn/T/wordweave-cr008-build-wFQa5l/.nuxt/dist/server/_nuxt/_plugin-vue_export-helper-BOaGB7Aw.js    0.26 kB
../../../../../../../var/folders/z9/99ckxr957v901zwwc8jdk8640000gn/T/wordweave-cr008-build-wFQa5l/.nuxt/dist/server/_nuxt/page-loader-BVJN2kbQ.js                  0.29 kB │ map:     0.52 kB
../../../../../../../var/folders/z9/99ckxr957v901zwwc8jdk8640000gn/T/wordweave-cr008-build-wFQa5l/.nuxt/dist/server/_nuxt/feedback-B1VuI6y4.js                     0.31 kB │ map:     0.44 kB
../../../../../../../var/folders/z9/99ckxr957v901zwwc8jdk8640000gn/T/wordweave-cr008-build-wFQa5l/.nuxt/dist/server/_nuxt/use-localized-head-BayQuIUR.js           0.31 kB │ map:     0.51 kB
../../../../../../../var/folders/z9/99ckxr957v901zwwc8jdk8640000gn/T/wordweave-cr008-build-wFQa5l/.nuxt/dist/server/_nuxt/pages-B-FqgmJW.js                        0.36 kB │ map:     1.92 kB
../../../../../../../var/folders/z9/99ckxr957v901zwwc8jdk8640000gn/T/wordweave-cr008-build-wFQa5l/.nuxt/dist/server/_nuxt/private-state-Chcp6odE.js                0.43 kB │ map:     0.64 kB
../../../../../../../var/folders/z9/99ckxr957v901zwwc8jdk8640000gn/T/wordweave-cr008-build-wFQa5l/.nuxt/dist/server/_nuxt/use-design-copy-C27vTo7e.js              0.51 kB │ map:     0.84 kB
../../../../../../../var/folders/z9/99ckxr957v901zwwc8jdk8640000gn/T/wordweave-cr008-build-wFQa5l/.nuxt/dist/server/_nuxt/analytics-events-BeSwW41Z.js             0.57 kB │ map:     2.68 kB
../../../../../../../var/folders/z9/99ckxr957v901zwwc8jdk8640000gn/T/wordweave-cr008-build-wFQa5l/.nuxt/dist/server/_nuxt/admin-DO5dQtQ7.js                        0.83 kB │ map:     0.61 kB
../../../../../../../var/folders/z9/99ckxr957v901zwwc8jdk8640000gn/T/wordweave-cr008-build-wFQa5l/.nuxt/dist/server/_nuxt/learner-DskEvCSi.js                      0.85 kB │ map:     0.70 kB
../../../../../../../var/folders/z9/99ckxr957v901zwwc8jdk8640000gn/T/wordweave-cr008-build-wFQa5l/.nuxt/dist/server/_nuxt/guest-B4CgnMTv.js                        0.89 kB │ map:     0.71 kB
../../../../../../../var/folders/z9/99ckxr957v901zwwc8jdk8640000gn/T/wordweave-cr008-build-wFQa5l/.nuxt/dist/server/_nuxt/items-BYZU9T1l.js                        1.21 kB │ map:     0.69 kB
../../../../../../../var/folders/z9/99ckxr957v901zwwc8jdk8640000gn/T/wordweave-cr008-build-wFQa5l/.nuxt/dist/server/_nuxt/create-C1JExMIy.js                       1.22 kB │ map:     0.65 kB
../../../../../../../var/folders/z9/99ckxr957v901zwwc8jdk8640000gn/T/wordweave-cr008-build-wFQa5l/.nuxt/dist/server/_nuxt/exchange-D8BXwnRN.js                     1.28 kB │ map:     0.78 kB
../../../../../../../var/folders/z9/99ckxr957v901zwwc8jdk8640000gn/T/wordweave-cr008-build-wFQa5l/.nuxt/dist/server/_nuxt/growth-drafts-g6NGAUre.js                1.37 kB │ map:     6.79 kB
../../../../../../../var/folders/z9/99ckxr957v901zwwc8jdk8640000gn/T/wordweave-cr008-build-wFQa5l/.nuxt/dist/server/_nuxt/BrandMark-Dfw0giN0.js                    1.40 kB │ map:     0.92 kB
../../../../../../../var/folders/z9/99ckxr957v901zwwc8jdk8640000gn/T/wordweave-cr008-build-wFQa5l/.nuxt/dist/server/_nuxt/use-display-formatters-CT6_rKNu.js       1.45 kB │ map:     2.69 kB
../../../../../../../var/folders/z9/99ckxr957v901zwwc8jdk8640000gn/T/wordweave-cr008-build-wFQa5l/.nuxt/dist/server/_nuxt/_presetId_-lTWr0rvS.js                   1.50 kB │ map:     1.05 kB
../../../../../../../var/folders/z9/99ckxr957v901zwwc8jdk8640000gn/T/wordweave-cr008-build-wFQa5l/.nuxt/dist/server/_nuxt/AppError-Bl2g5x6x.js                     1.74 kB │ map:     1.68 kB
../../../../../../../var/folders/z9/99ckxr957v901zwwc8jdk8640000gn/T/wordweave-cr008-build-wFQa5l/.nuxt/dist/server/_nuxt/return-intent-CO5nbQnf.js                1.92 kB │ map:     4.46 kB
../../../../../../../var/folders/z9/99ckxr957v901zwwc8jdk8640000gn/T/wordweave-cr008-build-wFQa5l/.nuxt/dist/server/_nuxt/_batchId_-DmAvwwp7.js                    2.03 kB │ map:     2.54 kB
../../../../../../../var/folders/z9/99ckxr957v901zwwc8jdk8640000gn/T/wordweave-cr008-build-wFQa5l/.nuxt/dist/server/_nuxt/error-500-styles-1.mjs-BIY4rstB.js       2.44 kB │ map:     5.40 kB
../../../../../../../var/folders/z9/99ckxr957v901zwwc8jdk8640000gn/T/wordweave-cr008-build-wFQa5l/.nuxt/dist/server/_nuxt/presets-CW6YRlx7.js                      2.53 kB │ map:     4.58 kB
../../../../../../../var/folders/z9/99ckxr957v901zwwc8jdk8640000gn/T/wordweave-cr008-build-wFQa5l/.nuxt/dist/server/_nuxt/AppDialog-B-DqZkTk.js                    2.75 kB │ map:     4.49 kB
../../../../../../../var/folders/z9/99ckxr957v901zwwc8jdk8640000gn/T/wordweave-cr008-build-wFQa5l/.nuxt/dist/server/_nuxt/GenerationSettings-Cr7m6dnl.js           2.75 kB │ map:     3.83 kB
../../../../../../../var/folders/z9/99ckxr957v901zwwc8jdk8640000gn/T/wordweave-cr008-build-wFQa5l/.nuxt/dist/server/_nuxt/error-404-styles-1.mjs-DwzLrrzA.js       2.97 kB │ map:     6.05 kB
../../../../../../../var/folders/z9/99ckxr957v901zwwc8jdk8640000gn/T/wordweave-cr008-build-wFQa5l/.nuxt/dist/server/_nuxt/AccountPage-qe_GNA-M.js                  3.14 kB │ map:     2.35 kB
../../../../../../../var/folders/z9/99ckxr957v901zwwc8jdk8640000gn/T/wordweave-cr008-build-wFQa5l/.nuxt/dist/server/_nuxt/analytics-DPyNXSKX.js                    3.76 kB │ map:     7.18 kB
../../../../../../../var/folders/z9/99ckxr957v901zwwc8jdk8640000gn/T/wordweave-cr008-build-wFQa5l/.nuxt/dist/server/_nuxt/AccountShell-EELY5xWC.js                 4.45 kB │ map:     6.98 kB
../../../../../../../var/folders/z9/99ckxr957v901zwwc8jdk8640000gn/T/wordweave-cr008-build-wFQa5l/.nuxt/dist/server/_nuxt/error-500-BJnntww5.js                    4.65 kB │ map:     5.73 kB
../../../../../../../var/folders/z9/99ckxr957v901zwwc8jdk8640000gn/T/wordweave-cr008-build-wFQa5l/.nuxt/dist/server/_nuxt/admin-DjXBjEa5.js                        4.87 kB │ map:     7.66 kB
../../../../../../../var/folders/z9/99ckxr957v901zwwc8jdk8640000gn/T/wordweave-cr008-build-wFQa5l/.nuxt/dist/server/_nuxt/error-404-DloFcJfy.js                    5.32 kB │ map:     6.53 kB
../../../../../../../var/folders/z9/99ckxr957v901zwwc8jdk8640000gn/T/wordweave-cr008-build-wFQa5l/.nuxt/dist/server/_nuxt/login-CmbAU6PS.js                        5.53 kB │ map:    12.85 kB
../../../../../../../var/folders/z9/99ckxr957v901zwwc8jdk8640000gn/T/wordweave-cr008-build-wFQa5l/.nuxt/dist/server/_nuxt/admin-P9WGzR_l.js                        5.63 kB │ map:     8.89 kB
../../../../../../../var/folders/z9/99ckxr957v901zwwc8jdk8640000gn/T/wordweave-cr008-build-wFQa5l/.nuxt/dist/server/_nuxt/register-D2zCXPLj.js                     6.12 kB │ map:    14.76 kB
../../../../../../../var/folders/z9/99ckxr957v901zwwc8jdk8640000gn/T/wordweave-cr008-build-wFQa5l/.nuxt/dist/server/_nuxt/learner-access-IasaYH57.js               6.60 kB │ map:     9.03 kB
../../../../../../../var/folders/z9/99ckxr957v901zwwc8jdk8640000gn/T/wordweave-cr008-build-wFQa5l/.nuxt/dist/server/_nuxt/pages-Ck2GS1nP.js                        6.99 kB │ map:    13.03 kB
../../../../../../../var/folders/z9/99ckxr957v901zwwc8jdk8640000gn/T/wordweave-cr008-build-wFQa5l/.nuxt/dist/server/_nuxt/notices-CkyMIWm_.js                      7.70 kB │ map:    12.85 kB
../../../../../../../var/folders/z9/99ckxr957v901zwwc8jdk8640000gn/T/wordweave-cr008-build-wFQa5l/.nuxt/dist/server/_nuxt/BatchParticipation-9YUnHYzf.js           8.19 kB │ map:    15.05 kB
../../../../../../../var/folders/z9/99ckxr957v901zwwc8jdk8640000gn/T/wordweave-cr008-build-wFQa5l/.nuxt/dist/server/_nuxt/session-BS1pF6hQ.js                      8.80 kB │ map:    21.73 kB
../../../../../../../var/folders/z9/99ckxr957v901zwwc8jdk8640000gn/T/wordweave-cr008-build-wFQa5l/.nuxt/dist/server/_nuxt/default-Dg4wK-G1.js                      8.82 kB │ map:    13.36 kB
../../../../../../../var/folders/z9/99ckxr957v901zwwc8jdk8640000gn/T/wordweave-cr008-build-wFQa5l/.nuxt/dist/server/_nuxt/error-uz_YEJ4z.js                        8.83 kB │ map:    23.41 kB
../../../../../../../var/folders/z9/99ckxr957v901zwwc8jdk8640000gn/T/wordweave-cr008-build-wFQa5l/.nuxt/dist/server/_nuxt/users-DE_RGEst.js                       10.24 kB │ map:    21.85 kB
../../../../../../../var/folders/z9/99ckxr957v901zwwc8jdk8640000gn/T/wordweave-cr008-build-wFQa5l/.nuxt/dist/server/_nuxt/nuxt-pQoFn6Ip.js                        12.67 kB │ map:    33.79 kB
../../../../../../../var/folders/z9/99ckxr957v901zwwc8jdk8640000gn/T/wordweave-cr008-build-wFQa5l/.nuxt/dist/server/_nuxt/explore-BYd140ts.js                     12.70 kB │ map:    31.36 kB
../../../../../../../var/folders/z9/99ckxr957v901zwwc8jdk8640000gn/T/wordweave-cr008-build-wFQa5l/.nuxt/dist/server/_nuxt/admin-C5FnYlmC.js                       13.48 kB │ map:    28.38 kB
../../../../../../../var/folders/z9/99ckxr957v901zwwc8jdk8640000gn/T/wordweave-cr008-build-wFQa5l/.nuxt/dist/server/_nuxt/notices-DB-Jd4Ci.js                     14.38 kB │ map:    34.24 kB
../../../../../../../var/folders/z9/99ckxr957v901zwwc8jdk8640000gn/T/wordweave-cr008-build-wFQa5l/.nuxt/dist/server/_nuxt/analytics-p_vKWi73.js                   15.27 kB │ map:    34.56 kB
../../../../../../../var/folders/z9/99ckxr957v901zwwc8jdk8640000gn/T/wordweave-cr008-build-wFQa5l/.nuxt/dist/server/_nuxt/AppIcon-B7K2XjAS.js                     17.65 kB │ map:    49.77 kB
../../../../../../../var/folders/z9/99ckxr957v901zwwc8jdk8640000gn/T/wordweave-cr008-build-wFQa5l/.nuxt/dist/server/_nuxt/plans-BXfg5ZAe.js                       18.10 kB │ map:    40.82 kB
../../../../../../../var/folders/z9/99ckxr957v901zwwc8jdk8640000gn/T/wordweave-cr008-build-wFQa5l/.nuxt/dist/server/_nuxt/_batchId_-DdEEhp2y.js                   19.25 kB │ map:    25.98 kB
../../../../../../../var/folders/z9/99ckxr957v901zwwc8jdk8640000gn/T/wordweave-cr008-build-wFQa5l/.nuxt/dist/server/_nuxt/models-cGYYwI7V.js                      21.00 kB │ map:    40.95 kB
../../../../../../../var/folders/z9/99ckxr957v901zwwc8jdk8640000gn/T/wordweave-cr008-build-wFQa5l/.nuxt/dist/server/_nuxt/devtools-CLRpXhL7-CYb7ggQw.js           21.27 kB │ map:    73.24 kB
../../../../../../../var/folders/z9/99ckxr957v901zwwc8jdk8640000gn/T/wordweave-cr008-build-wFQa5l/.nuxt/dist/server/_nuxt/library-CchDDE71.js                     23.70 kB │ map:    33.98 kB
../../../../../../../var/folders/z9/99ckxr957v901zwwc8jdk8640000gn/T/wordweave-cr008-build-wFQa5l/.nuxt/dist/server/_nuxt/presets-eQWLOjq0.js                     26.30 kB │ map:    67.42 kB
../../../../../../../var/folders/z9/99ckxr957v901zwwc8jdk8640000gn/T/wordweave-cr008-build-wFQa5l/.nuxt/dist/server/_nuxt/growth-BvcZ2n6J.js                      26.57 kB │ map:    42.76 kB
../../../../../../../var/folders/z9/99ckxr957v901zwwc8jdk8640000gn/T/wordweave-cr008-build-wFQa5l/.nuxt/dist/server/_nuxt/review-CIQBR0Uf.js                      26.97 kB │ map:    49.97 kB
../../../../../../../var/folders/z9/99ckxr957v901zwwc8jdk8640000gn/T/wordweave-cr008-build-wFQa5l/.nuxt/dist/server/_nuxt/GenerationWorkspace-T4RH2FSr.js         30.77 kB │ map:    83.87 kB
../../../../../../../var/folders/z9/99ckxr957v901zwwc8jdk8640000gn/T/wordweave-cr008-build-wFQa5l/.nuxt/dist/server/_nuxt/account-DOEC38SJ.js                     30.99 kB │ map:    37.19 kB
../../../../../../../var/folders/z9/99ckxr957v901zwwc8jdk8640000gn/T/wordweave-cr008-build-wFQa5l/.nuxt/dist/server/_nuxt/ItemsWorkspace-CpSZlIfq.js              42.79 kB │ map:    64.83 kB
../../../../../../../var/folders/z9/99ckxr957v901zwwc8jdk8640000gn/T/wordweave-cr008-build-wFQa5l/.nuxt/dist/server/_nuxt/_userId_-eg1d931y.js                    44.48 kB │ map:    88.82 kB
../../../../../../../var/folders/z9/99ckxr957v901zwwc8jdk8640000gn/T/wordweave-cr008-build-wFQa5l/.nuxt/dist/server/_nuxt/_sessionId_-DPfBnRm3.js                 60.58 kB │ map:   111.55 kB
../../../../../../../var/folders/z9/99ckxr957v901zwwc8jdk8640000gn/T/wordweave-cr008-build-wFQa5l/.nuxt/dist/server/_nuxt/growth-ChbS1kQs.js                      66.23 kB │ map:   150.98 kB
../../../../../../../var/folders/z9/99ckxr957v901zwwc8jdk8640000gn/T/wordweave-cr008-build-wFQa5l/.nuxt/dist/server/server.mjs                                   424.55 kB │ map: 1,131.15 kB

ℹ ✓ built in 3.65s

 WARN  [33m[PLUGIN_TIMINGS] [0mYour build spent 97% of 3.6s inside plugin hooks (3.5s).
Measured inside the callback, so queue time is excluded and time the callback itself awaited is not:
  - vite-plugin-checker buildEnd (67%, 2.4s, 1 call)
Those rows are 67% of the build; the rest of the 97% is below.
Not measurable — 4 hooks whose calls overlap, so elapsed time covers work other calls were doing. Profile with node --cpu-prof:
  - nuxt:ssr-styles:ssr resolveId (139 calls)
  - nuxt:resolve-externals:external resolveId (43 calls)
  - nuxt:resolve-bare-imports resolveId (21 calls)
  … and 1 more
See https://rolldown.rs/reference/InputOptions.checks#plugintimings for more details.


✔ Server built in 3667ms
[nitro] ✔ Generated public ../../../../../../../var/folders/z9/99ckxr957v901zwwc8jdk8640000gn/T/wordweave-cr008-build-wFQa5l/.output/public
[nitro] ℹ Building Nuxt Nitro server (preset: node-server, compatibility date: 2026-09-01)
[plugin esbuild] ../../../../../../../private/var/folders/z9/99ckxr957v901zwwc8jdk8640000gn/T/wordweave-cr008-build-wFQa5l/.nuxt/dist/server/_nuxt/growth-BvcZ2n6J.js: [esbuild] (../../../../../../../private/var/folders/z9/99ckxr957v901zwwc8jdk8640000gn/T/wordweave-cr008-build-wFQa5l/.nuxt/dist/server/_nuxt/growth-BvcZ2n6J.js:182:18) Big integer literals are not available in the configured target environment ("es2019") and may crash at run-time
[plugin esbuild] ../../../../../../../private/var/folders/z9/99ckxr957v901zwwc8jdk8640000gn/T/wordweave-cr008-build-wFQa5l/.nuxt/dist/server/_nuxt/growth-BvcZ2n6J.js: [esbuild] (../../../../../../../private/var/folders/z9/99ckxr957v901zwwc8jdk8640000gn/T/wordweave-cr008-build-wFQa5l/.nuxt/dist/server/_nuxt/growth-BvcZ2n6J.js:182:68) Big integer literals are not available in the configured target environment ("es2019") and may crash at run-time
[plugin esbuild] ../../../../../../../private/var/folders/z9/99ckxr957v901zwwc8jdk8640000gn/T/wordweave-cr008-build-wFQa5l/.nuxt/dist/server/_nuxt/growth-drafts-g6NGAUre.js: [esbuild] (../../../../../../../private/var/folders/z9/99ckxr957v901zwwc8jdk8640000gn/T/wordweave-cr008-build-wFQa5l/.nuxt/dist/server/_nuxt/growth-drafts-g6NGAUre.js:2:82) Big integer literals are not available in the configured target environment ("es2019") and may crash at run-time
[nitro] ✔ Nuxt Nitro server built
  ├─ ../../../../../../../var/folders/z9/99ckxr957v901zwwc8jdk8640000gn/T/wordweave-cr008-build-wFQa5l/.output/server/chunks/_/_batchId_-DdEEhp2y.mjs (21.7 kB) (4.54 kB gzip)
  ├─ ../../../../../../../var/folders/z9/99ckxr957v901zwwc8jdk8640000gn/T/wordweave-cr008-build-wFQa5l/.output/server/chunks/_/_batchId_-DdEEhp2y.mjs.map (20.2 kB) (3.87 kB gzip)
  ├─ ../../../../../../../var/folders/z9/99ckxr957v901zwwc8jdk8640000gn/T/wordweave-cr008-build-wFQa5l/.output/server/chunks/_/_batchId_-DmAvwwp7.mjs (2.28 kB) (948 B gzip)
  ├─ ../../../../../../../var/folders/z9/99ckxr957v901zwwc8jdk8640000gn/T/wordweave-cr008-build-wFQa5l/.output/server/chunks/_/_batchId_-DmAvwwp7.mjs.map (1.58 kB) (647 B gzip)
  ├─ ../../../../../../../var/folders/z9/99ckxr957v901zwwc8jdk8640000gn/T/wordweave-cr008-build-wFQa5l/.output/server/chunks/_/_plugin-vue_export-helper-BOaGB7Aw.mjs (286 B) (206 B gzip)
  ├─ ../../../../../../../var/folders/z9/99ckxr957v901zwwc8jdk8640000gn/T/wordweave-cr008-build-wFQa5l/.output/server/chunks/_/_plugin-vue_export-helper-BOaGB7Aw.mjs.map (483 B) (310 B gzip)
  ├─ ../../../../../../../var/folders/z9/99ckxr957v901zwwc8jdk8640000gn/T/wordweave-cr008-build-wFQa5l/.output/server/chunks/_/_presetId_-lTWr0rvS.mjs (2.25 kB) (924 B gzip)
  ├─ ../../../../../../../var/folders/z9/99ckxr957v901zwwc8jdk8640000gn/T/wordweave-cr008-build-wFQa5l/.output/server/chunks/_/_presetId_-lTWr0rvS.mjs.map (1.09 kB) (512 B gzip)
  ├─ ../../../../../../../var/folders/z9/99ckxr957v901zwwc8jdk8640000gn/T/wordweave-cr008-build-wFQa5l/.output/server/chunks/_/_sessionId_-DPfBnRm3.mjs (68.9 kB) (12.9 kB gzip)
  ├─ ../../../../../../../var/folders/z9/99ckxr957v901zwwc8jdk8640000gn/T/wordweave-cr008-build-wFQa5l/.output/server/chunks/_/_sessionId_-DPfBnRm3.mjs.map (73.4 kB) (11.9 kB gzip)
  ├─ ../../../../../../../var/folders/z9/99ckxr957v901zwwc8jdk8640000gn/T/wordweave-cr008-build-wFQa5l/.output/server/chunks/_/_userId_-eg1d931y.mjs (48.4 kB) (9.75 kB gzip)
  ├─ ../../../../../../../var/folders/z9/99ckxr957v901zwwc8jdk8640000gn/T/wordweave-cr008-build-wFQa5l/.output/server/chunks/_/_userId_-eg1d931y.mjs.map (52 kB) (8.71 kB gzip)
  ├─ ../../../../../../../var/folders/z9/99ckxr957v901zwwc8jdk8640000gn/T/wordweave-cr008-build-wFQa5l/.output/server/chunks/_/account-DOEC38SJ.mjs (34.8 kB) (4.54 kB gzip)
  ├─ ../../../../../../../var/folders/z9/99ckxr957v901zwwc8jdk8640000gn/T/wordweave-cr008-build-wFQa5l/.output/server/chunks/_/account-DOEC38SJ.mjs.map (32 kB) (4.07 kB gzip)
  ├─ ../../../../../../../var/folders/z9/99ckxr957v901zwwc8jdk8640000gn/T/wordweave-cr008-build-wFQa5l/.output/server/chunks/_/AccountPage-qe_GNA-M.mjs (3.14 kB) (1.01 kB gzip)
  ├─ ../../../../../../../var/folders/z9/99ckxr957v901zwwc8jdk8640000gn/T/wordweave-cr008-build-wFQa5l/.output/server/chunks/_/AccountPage-qe_GNA-M.mjs.map (2.7 kB) (883 B gzip)
  ├─ ../../../../../../../var/folders/z9/99ckxr957v901zwwc8jdk8640000gn/T/wordweave-cr008-build-wFQa5l/.output/server/chunks/_/AccountShell-EELY5xWC.mjs (4.65 kB) (1.48 kB gzip)
  ├─ ../../../../../../../var/folders/z9/99ckxr957v901zwwc8jdk8640000gn/T/wordweave-cr008-build-wFQa5l/.output/server/chunks/_/AccountShell-EELY5xWC.mjs.map (4.11 kB) (1.19 kB gzip)
  ├─ ../../../../../../../var/folders/z9/99ckxr957v901zwwc8jdk8640000gn/T/wordweave-cr008-build-wFQa5l/.output/server/chunks/_/admin-C5FnYlmC.mjs (14.4 kB) (2.81 kB gzip)
  ├─ ../../../../../../../var/folders/z9/99ckxr957v901zwwc8jdk8640000gn/T/wordweave-cr008-build-wFQa5l/.output/server/chunks/_/admin-C5FnYlmC.mjs.map (15.6 kB) (2.75 kB gzip)
  ├─ ../../../../../../../var/folders/z9/99ckxr957v901zwwc8jdk8640000gn/T/wordweave-cr008-build-wFQa5l/.output/server/chunks/_/admin-DjXBjEa5.mjs (5.6 kB) (1.81 kB gzip)
  ├─ ../../../../../../../var/folders/z9/99ckxr957v901zwwc8jdk8640000gn/T/wordweave-cr008-build-wFQa5l/.output/server/chunks/_/admin-DjXBjEa5.mjs.map (4.42 kB) (1.21 kB gzip)
  ├─ ../../../../../../../var/folders/z9/99ckxr957v901zwwc8jdk8640000gn/T/wordweave-cr008-build-wFQa5l/.output/server/chunks/_/admin-DO5dQtQ7.mjs (1.03 kB) (469 B gzip)
  ├─ ../../../../../../../var/folders/z9/99ckxr957v901zwwc8jdk8640000gn/T/wordweave-cr008-build-wFQa5l/.output/server/chunks/_/admin-DO5dQtQ7.mjs.map (552 B) (332 B gzip)
  ├─ ../../../../../../../var/folders/z9/99ckxr957v901zwwc8jdk8640000gn/T/wordweave-cr008-build-wFQa5l/.output/server/chunks/_/admin-P9WGzR_l.mjs (6.53 kB) (2.01 kB gzip)
  ├─ ../../../../../../../var/folders/z9/99ckxr957v901zwwc8jdk8640000gn/T/wordweave-cr008-build-wFQa5l/.output/server/chunks/_/admin-P9WGzR_l.mjs.map (5.85 kB) (1.47 kB gzip)
  ├─ ../../../../../../../var/folders/z9/99ckxr957v901zwwc8jdk8640000gn/T/wordweave-cr008-build-wFQa5l/.output/server/chunks/_/analytics-DPyNXSKX.mjs (3.77 kB) (1.27 kB gzip)
  ├─ ../../../../../../../var/folders/z9/99ckxr957v901zwwc8jdk8640000gn/T/wordweave-cr008-build-wFQa5l/.output/server/chunks/_/analytics-DPyNXSKX.mjs.map (4.46 kB) (1.22 kB gzip)
  ├─ ../../../../../../../var/folders/z9/99ckxr957v901zwwc8jdk8640000gn/T/wordweave-cr008-build-wFQa5l/.output/server/chunks/_/analytics-events-BeSwW41Z.mjs (498 B) (314 B gzip)
  ├─ ../../../../../../../var/folders/z9/99ckxr957v901zwwc8jdk8640000gn/T/wordweave-cr008-build-wFQa5l/.output/server/chunks/_/analytics-events-BeSwW41Z.mjs.map (648 B) (370 B gzip)
  ├─ ../../../../../../../var/folders/z9/99ckxr957v901zwwc8jdk8640000gn/T/wordweave-cr008-build-wFQa5l/.output/server/chunks/_/analytics-p_vKWi73.mjs (17.9 kB) (4.22 kB gzip)
  ├─ ../../../../../../../var/folders/z9/99ckxr957v901zwwc8jdk8640000gn/T/wordweave-cr008-build-wFQa5l/.output/server/chunks/_/analytics-p_vKWi73.mjs.map (18.1 kB) (3.37 kB gzip)
  ├─ ../../../../../../../var/folders/z9/99ckxr957v901zwwc8jdk8640000gn/T/wordweave-cr008-build-wFQa5l/.output/server/chunks/_/AppDialog-B-DqZkTk.mjs (2.74 kB) (1.08 kB gzip)
  ├─ ../../../../../../../var/folders/z9/99ckxr957v901zwwc8jdk8640000gn/T/wordweave-cr008-build-wFQa5l/.output/server/chunks/_/AppDialog-B-DqZkTk.mjs.map (2.65 kB) (914 B gzip)
  ├─ ../../../../../../../var/folders/z9/99ckxr957v901zwwc8jdk8640000gn/T/wordweave-cr008-build-wFQa5l/.output/server/chunks/_/AppError-Bl2g5x6x.mjs (1.64 kB) (707 B gzip)
  ├─ ../../../../../../../var/folders/z9/99ckxr957v901zwwc8jdk8640000gn/T/wordweave-cr008-build-wFQa5l/.output/server/chunks/_/AppError-Bl2g5x6x.mjs.map (1.52 kB) (622 B gzip)
  ├─ ../../../../../../../var/folders/z9/99ckxr957v901zwwc8jdk8640000gn/T/wordweave-cr008-build-wFQa5l/.output/server/chunks/_/AppIcon-B7K2XjAS.mjs (17.8 kB) (3.87 kB gzip)
  ├─ ../../../../../../../var/folders/z9/99ckxr957v901zwwc8jdk8640000gn/T/wordweave-cr008-build-wFQa5l/.output/server/chunks/_/AppIcon-B7K2XjAS.mjs.map (5.52 kB) (1.3 kB gzip)
  ├─ ../../../../../../../var/folders/z9/99ckxr957v901zwwc8jdk8640000gn/T/wordweave-cr008-build-wFQa5l/.output/server/chunks/_/BatchParticipation-9YUnHYzf.mjs (8.33 kB) (2.04 kB gzip)
  ├─ ../../../../../../../var/folders/z9/99ckxr957v901zwwc8jdk8640000gn/T/wordweave-cr008-build-wFQa5l/.output/server/chunks/_/BatchParticipation-9YUnHYzf.mjs.map (8.68 kB) (1.76 kB gzip)
  ├─ ../../../../../../../var/folders/z9/99ckxr957v901zwwc8jdk8640000gn/T/wordweave-cr008-build-wFQa5l/.output/server/chunks/_/BrandMark-Dfw0giN0.mjs (1.35 kB) (709 B gzip)
  ├─ ../../../../../../../var/folders/z9/99ckxr957v901zwwc8jdk8640000gn/T/wordweave-cr008-build-wFQa5l/.output/server/chunks/_/BrandMark-Dfw0giN0.mjs.map (940 B) (469 B gzip)
  ├─ ../../../../../../../var/folders/z9/99ckxr957v901zwwc8jdk8640000gn/T/wordweave-cr008-build-wFQa5l/.output/server/chunks/_/create-C1JExMIy.mjs (2.01 kB) (836 B gzip)
  ├─ ../../../../../../../var/folders/z9/99ckxr957v901zwwc8jdk8640000gn/T/wordweave-cr008-build-wFQa5l/.output/server/chunks/_/create-C1JExMIy.mjs.map (902 B) (454 B gzip)
  ├─ ../../../../../../../var/folders/z9/99ckxr957v901zwwc8jdk8640000gn/T/wordweave-cr008-build-wFQa5l/.output/server/chunks/_/default-Dg4wK-G1.mjs (9.97 kB) (2.46 kB gzip)
  ├─ ../../../../../../../var/folders/z9/99ckxr957v901zwwc8jdk8640000gn/T/wordweave-cr008-build-wFQa5l/.output/server/chunks/_/default-Dg4wK-G1.mjs.map (9.23 kB) (1.89 kB gzip)
  ├─ ../../../../../../../var/folders/z9/99ckxr957v901zwwc8jdk8640000gn/T/wordweave-cr008-build-wFQa5l/.output/server/chunks/_/error-404-DloFcJfy.mjs (5.76 kB) (2.37 kB gzip)
  ├─ ../../../../../../../var/folders/z9/99ckxr957v901zwwc8jdk8640000gn/T/wordweave-cr008-build-wFQa5l/.output/server/chunks/_/error-404-DloFcJfy.mjs.map (2.26 kB) (799 B gzip)
  ├─ ../../../../../../../var/folders/z9/99ckxr957v901zwwc8jdk8640000gn/T/wordweave-cr008-build-wFQa5l/.output/server/chunks/_/error-404-styles.UP1AHB9m.mjs (2.76 kB) (1 kB gzip)
  ├─ ../../../../../../../var/folders/z9/99ckxr957v901zwwc8jdk8640000gn/T/wordweave-cr008-build-wFQa5l/.output/server/chunks/_/error-404-styles.UP1AHB9m.mjs.map (504 B) (266 B gzip)
  ├─ ../../../../../../../var/folders/z9/99ckxr957v901zwwc8jdk8640000gn/T/wordweave-cr008-build-wFQa5l/.output/server/chunks/_/error-500-BJnntww5.mjs (5.05 kB) (2.12 kB gzip)
  ├─ ../../../../../../../var/folders/z9/99ckxr957v901zwwc8jdk8640000gn/T/wordweave-cr008-build-wFQa5l/.output/server/chunks/_/error-500-BJnntww5.mjs.map (1.76 kB) (641 B gzip)
  ├─ ../../../../../../../var/folders/z9/99ckxr957v901zwwc8jdk8640000gn/T/wordweave-cr008-build-wFQa5l/.output/server/chunks/_/error-500-styles.CvfOP9g8.mjs (2.23 kB) (877 B gzip)
  ├─ ../../../../../../../var/folders/z9/99ckxr957v901zwwc8jdk8640000gn/T/wordweave-cr008-build-wFQa5l/.output/server/chunks/_/error-500-styles.CvfOP9g8.mjs.map (504 B) (268 B gzip)
  ├─ ../../../../../../../var/folders/z9/99ckxr957v901zwwc8jdk8640000gn/T/wordweave-cr008-build-wFQa5l/.output/server/chunks/_/error-500.mjs (5.05 kB) (2.07 kB gzip)
  ├─ ../../../../../../../var/folders/z9/99ckxr957v901zwwc8jdk8640000gn/T/wordweave-cr008-build-wFQa5l/.output/server/chunks/_/error-500.mjs.map (366 B) (253 B gzip)
  ├─ ../../../../../../../var/folders/z9/99ckxr957v901zwwc8jdk8640000gn/T/wordweave-cr008-build-wFQa5l/.output/server/chunks/_/exchange-D8BXwnRN.mjs (1.98 kB) (830 B gzip)
  ├─ ../../../../../../../var/folders/z9/99ckxr957v901zwwc8jdk8640000gn/T/wordweave-cr008-build-wFQa5l/.output/server/chunks/_/exchange-D8BXwnRN.mjs.map (919 B) (458 B gzip)
  ├─ ../../../../../../../var/folders/z9/99ckxr957v901zwwc8jdk8640000gn/T/wordweave-cr008-build-wFQa5l/.output/server/chunks/_/explore-BYd140ts.mjs (13.8 kB) (3.96 kB gzip)
  ├─ ../../../../../../../var/folders/z9/99ckxr957v901zwwc8jdk8640000gn/T/wordweave-cr008-build-wFQa5l/.output/server/chunks/_/explore-BYd140ts.mjs.map (13.5 kB) (3.02 kB gzip)
  ├─ ../../../../../../../var/folders/z9/99ckxr957v901zwwc8jdk8640000gn/T/wordweave-cr008-build-wFQa5l/.output/server/chunks/_/GenerationSettings-Cr7m6dnl.mjs (2.63 kB) (848 B gzip)
  ├─ ../../../../../../../var/folders/z9/99ckxr957v901zwwc8jdk8640000gn/T/wordweave-cr008-build-wFQa5l/.output/server/chunks/_/GenerationSettings-Cr7m6dnl.mjs.map (2.09 kB) (698 B gzip)
  ├─ ../../../../../../../var/folders/z9/99ckxr957v901zwwc8jdk8640000gn/T/wordweave-cr008-build-wFQa5l/.output/server/chunks/_/GenerationWorkspace-T4RH2FSr.mjs (33.4 kB) (7.01 kB gzip)
  ├─ ../../../../../../../var/folders/z9/99ckxr957v901zwwc8jdk8640000gn/T/wordweave-cr008-build-wFQa5l/.output/server/chunks/_/GenerationWorkspace-T4RH2FSr.mjs.map (34 kB) (6.32 kB gzip)
  ├─ ../../../../../../../var/folders/z9/99ckxr957v901zwwc8jdk8640000gn/T/wordweave-cr008-build-wFQa5l/.output/server/chunks/_/growth-BvcZ2n6J.mjs (29.1 kB) (5.77 kB gzip)
  ├─ ../../../../../../../var/folders/z9/99ckxr957v901zwwc8jdk8640000gn/T/wordweave-cr008-build-wFQa5l/.output/server/chunks/_/growth-BvcZ2n6J.mjs.map (28.4 kB) (5.04 kB gzip)
  ├─ ../../../../../../../var/folders/z9/99ckxr957v901zwwc8jdk8640000gn/T/wordweave-cr008-build-wFQa5l/.output/server/chunks/_/growth-ChbS1kQs.mjs (72.6 kB) (12.5 kB gzip)
  ├─ ../../../../../../../var/folders/z9/99ckxr957v901zwwc8jdk8640000gn/T/wordweave-cr008-build-wFQa5l/.output/server/chunks/_/growth-ChbS1kQs.mjs.map (78.5 kB) (12.1 kB gzip)
  ├─ ../../../../../../../var/folders/z9/99ckxr957v901zwwc8jdk8640000gn/T/wordweave-cr008-build-wFQa5l/.output/server/chunks/_/growth-drafts-g6NGAUre.mjs (1.47 kB) (707 B gzip)
  ├─ ../../../../../../../var/folders/z9/99ckxr957v901zwwc8jdk8640000gn/T/wordweave-cr008-build-wFQa5l/.output/server/chunks/_/growth-drafts-g6NGAUre.mjs.map (1.98 kB) (713 B gzip)
  ├─ ../../../../../../../var/folders/z9/99ckxr957v901zwwc8jdk8640000gn/T/wordweave-cr008-build-wFQa5l/.output/server/chunks/_/guest-B4CgnMTv.mjs (1.13 kB) (526 B gzip)
  ├─ ../../../../../../../var/folders/z9/99ckxr957v901zwwc8jdk8640000gn/T/wordweave-cr008-build-wFQa5l/.output/server/chunks/_/guest-B4CgnMTv.mjs.map (683 B) (371 B gzip)
  ├─ ../../../../../../../var/folders/z9/99ckxr957v901zwwc8jdk8640000gn/T/wordweave-cr008-build-wFQa5l/.output/server/chunks/_/items-BYZU9T1l.mjs (1.91 kB) (809 B gzip)
  ├─ ../../../../../../../var/folders/z9/99ckxr957v901zwwc8jdk8640000gn/T/wordweave-cr008-build-wFQa5l/.output/server/chunks/_/items-BYZU9T1l.mjs.map (867 B) (439 B gzip)
  ├─ ../../../../../../../var/folders/z9/99ckxr957v901zwwc8jdk8640000gn/T/wordweave-cr008-build-wFQa5l/.output/server/chunks/_/ItemsWorkspace-CpSZlIfq.mjs (47.7 kB) (7.16 kB gzip)
  ├─ ../../../../../../../var/folders/z9/99ckxr957v901zwwc8jdk8640000gn/T/wordweave-cr008-build-wFQa5l/.output/server/chunks/_/ItemsWorkspace-CpSZlIfq.mjs.map (50 kB) (7.27 kB gzip)
  ├─ ../../../../../../../var/folders/z9/99ckxr957v901zwwc8jdk8640000gn/T/wordweave-cr008-build-wFQa5l/.output/server/chunks/_/learner-access-IasaYH57.mjs (6.38 kB) (1.86 kB gzip)
  ├─ ../../../../../../../var/folders/z9/99ckxr957v901zwwc8jdk8640000gn/T/wordweave-cr008-build-wFQa5l/.output/server/chunks/_/learner-access-IasaYH57.mjs.map (5.99 kB) (1.56 kB gzip)
  ├─ ../../../../../../../var/folders/z9/99ckxr957v901zwwc8jdk8640000gn/T/wordweave-cr008-build-wFQa5l/.output/server/chunks/_/learner-DskEvCSi.mjs (1.04 kB) (472 B gzip)
  ├─ ../../../../../../../var/folders/z9/99ckxr957v901zwwc8jdk8640000gn/T/wordweave-cr008-build-wFQa5l/.output/server/chunks/_/learner-DskEvCSi.mjs.map (551 B) (330 B gzip)
  ├─ ../../../../../../../var/folders/z9/99ckxr957v901zwwc8jdk8640000gn/T/wordweave-cr008-build-wFQa5l/.output/server/chunks/_/library-CchDDE71.mjs (27 kB) (5.18 kB gzip)
  ├─ ../../../../../../../var/folders/z9/99ckxr957v901zwwc8jdk8640000gn/T/wordweave-cr008-build-wFQa5l/.output/server/chunks/_/library-CchDDE71.mjs.map (25.7 kB) (4.57 kB gzip)
  ├─ ../../../../../../../var/folders/z9/99ckxr957v901zwwc8jdk8640000gn/T/wordweave-cr008-build-wFQa5l/.output/server/chunks/_/login-CmbAU6PS.mjs (5.93 kB) (1.93 kB gzip)
  ├─ ../../../../../../../var/folders/z9/99ckxr957v901zwwc8jdk8640000gn/T/wordweave-cr008-build-wFQa5l/.output/server/chunks/_/login-CmbAU6PS.mjs.map (4.71 kB) (1.26 kB gzip)
  ├─ ../../../../../../../var/folders/z9/99ckxr957v901zwwc8jdk8640000gn/T/wordweave-cr008-build-wFQa5l/.output/server/chunks/_/models-cGYYwI7V.mjs (22.9 kB) (4.52 kB gzip)
  ├─ ../../../../../../../var/folders/z9/99ckxr957v901zwwc8jdk8640000gn/T/wordweave-cr008-build-wFQa5l/.output/server/chunks/_/models-cGYYwI7V.mjs.map (23.2 kB) (3.84 kB gzip)
  ├─ ../../../../../../../var/folders/z9/99ckxr957v901zwwc8jdk8640000gn/T/wordweave-cr008-build-wFQa5l/.output/server/chunks/_/notices-CkyMIWm_.mjs (8.56 kB) (2.47 kB gzip)
  ├─ ../../../../../../../var/folders/z9/99ckxr957v901zwwc8jdk8640000gn/T/wordweave-cr008-build-wFQa5l/.output/server/chunks/_/notices-CkyMIWm_.mjs.map (8.57 kB) (2.02 kB gzip)
  ├─ ../../../../../../../var/folders/z9/99ckxr957v901zwwc8jdk8640000gn/T/wordweave-cr008-build-wFQa5l/.output/server/chunks/_/notices-DB-Jd4Ci.mjs (15.5 kB) (3.94 kB gzip)
  ├─ ../../../../../../../var/folders/z9/99ckxr957v901zwwc8jdk8640000gn/T/wordweave-cr008-build-wFQa5l/.output/server/chunks/_/notices-DB-Jd4Ci.mjs.map (15.2 kB) (3.25 kB gzip)
  ├─ ../../../../../../../var/folders/z9/99ckxr957v901zwwc8jdk8640000gn/T/wordweave-cr008-build-wFQa5l/.output/server/chunks/_/page-loader-BVJN2kbQ.mjs (248 B) (206 B gzip)
  ├─ ../../../../../../../var/folders/z9/99ckxr957v901zwwc8jdk8640000gn/T/wordweave-cr008-build-wFQa5l/.output/server/chunks/_/page-loader-BVJN2kbQ.mjs.map (374 B) (272 B gzip)
  ├─ ../../../../../../../var/folders/z9/99ckxr957v901zwwc8jdk8640000gn/T/wordweave-cr008-build-wFQa5l/.output/server/chunks/_/pages-Ck2GS1nP.mjs (7.86 kB) (2.54 kB gzip)
  ├─ ../../../../../../../var/folders/z9/99ckxr957v901zwwc8jdk8640000gn/T/wordweave-cr008-build-wFQa5l/.output/server/chunks/_/pages-Ck2GS1nP.mjs.map (6.47 kB) (1.52 kB gzip)
  ├─ ../../../../../../../var/folders/z9/99ckxr957v901zwwc8jdk8640000gn/T/wordweave-cr008-build-wFQa5l/.output/server/chunks/_/plans-BXfg5ZAe.mjs (19.9 kB) (4.41 kB gzip)
  ├─ ../../../../../../../var/folders/z9/99ckxr957v901zwwc8jdk8640000gn/T/wordweave-cr008-build-wFQa5l/.output/server/chunks/_/plans-BXfg5ZAe.mjs.map (20.2 kB) (3.83 kB gzip)
  ├─ ../../../../../../../var/folders/z9/99ckxr957v901zwwc8jdk8640000gn/T/wordweave-cr008-build-wFQa5l/.output/server/chunks/_/presets-CW6YRlx7.mjs (2.57 kB) (803 B gzip)
  ├─ ../../../../../../../var/folders/z9/99ckxr957v901zwwc8jdk8640000gn/T/wordweave-cr008-build-wFQa5l/.output/server/chunks/_/presets-CW6YRlx7.mjs.map (2.99 kB) (816 B gzip)
  ├─ ../../../../../../../var/folders/z9/99ckxr957v901zwwc8jdk8640000gn/T/wordweave-cr008-build-wFQa5l/.output/server/chunks/_/presets-eQWLOjq0.mjs (29.6 kB) (6.37 kB gzip)
  ├─ ../../../../../../../var/folders/z9/99ckxr957v901zwwc8jdk8640000gn/T/wordweave-cr008-build-wFQa5l/.output/server/chunks/_/presets-eQWLOjq0.mjs.map (31.8 kB) (5.71 kB gzip)
  ├─ ../../../../../../../var/folders/z9/99ckxr957v901zwwc8jdk8640000gn/T/wordweave-cr008-build-wFQa5l/.output/server/chunks/_/register-D2zCXPLj.mjs (6.51 kB) (2.03 kB gzip)
  ├─ ../../../../../../../var/folders/z9/99ckxr957v901zwwc8jdk8640000gn/T/wordweave-cr008-build-wFQa5l/.output/server/chunks/_/register-D2zCXPLj.mjs.map (5.05 kB) (1.31 kB gzip)
  ├─ ../../../../../../../var/folders/z9/99ckxr957v901zwwc8jdk8640000gn/T/wordweave-cr008-build-wFQa5l/.output/server/chunks/_/return-intent-CO5nbQnf.mjs (1.97 kB) (808 B gzip)
  ├─ ../../../../../../../var/folders/z9/99ckxr957v901zwwc8jdk8640000gn/T/wordweave-cr008-build-wFQa5l/.output/server/chunks/_/return-intent-CO5nbQnf.mjs.map (2.6 kB) (825 B gzip)
  ├─ ../../../../../../../var/folders/z9/99ckxr957v901zwwc8jdk8640000gn/T/wordweave-cr008-build-wFQa5l/.output/server/chunks/_/review-CIQBR0Uf.mjs (28.9 kB) (6.61 kB gzip)
  ├─ ../../../../../../../var/folders/z9/99ckxr957v901zwwc8jdk8640000gn/T/wordweave-cr008-build-wFQa5l/.output/server/chunks/_/review-CIQBR0Uf.mjs.map (29.7 kB) (5.6 kB gzip)
  ├─ ../../../../../../../var/folders/z9/99ckxr957v901zwwc8jdk8640000gn/T/wordweave-cr008-build-wFQa5l/.output/server/chunks/_/use-design-copy-C27vTo7e.mjs (416 B) (294 B gzip)
  ├─ ../../../../../../../var/folders/z9/99ckxr957v901zwwc8jdk8640000gn/T/wordweave-cr008-build-wFQa5l/.output/server/chunks/_/use-design-copy-C27vTo7e.mjs.map (591 B) (353 B gzip)
  ├─ ../../../../../../../var/folders/z9/99ckxr957v901zwwc8jdk8640000gn/T/wordweave-cr008-build-wFQa5l/.output/server/chunks/_/use-display-formatters-CT6_rKNu.mjs (1.5 kB) (640 B gzip)
  ├─ ../../../../../../../var/folders/z9/99ckxr957v901zwwc8jdk8640000gn/T/wordweave-cr008-build-wFQa5l/.output/server/chunks/_/use-display-formatters-CT6_rKNu.mjs.map (1.79 kB) (606 B gzip)
  ├─ ../../../../../../../var/folders/z9/99ckxr957v901zwwc8jdk8640000gn/T/wordweave-cr008-build-wFQa5l/.output/server/chunks/_/use-localized-head-BayQuIUR.mjs (270 B) (215 B gzip)
  ├─ ../../../../../../../var/folders/z9/99ckxr957v901zwwc8jdk8640000gn/T/wordweave-cr008-build-wFQa5l/.output/server/chunks/_/use-localized-head-BayQuIUR.mjs.map (426 B) (288 B gzip)
  ├─ ../../../../../../../var/folders/z9/99ckxr957v901zwwc8jdk8640000gn/T/wordweave-cr008-build-wFQa5l/.output/server/chunks/_/users-DE_RGEst.mjs (10.6 kB) (3.27 kB gzip)
  ├─ ../../../../../../../var/folders/z9/99ckxr957v901zwwc8jdk8640000gn/T/wordweave-cr008-build-wFQa5l/.output/server/chunks/_/users-DE_RGEst.mjs.map (9.74 kB) (2.49 kB gzip)
  ├─ ../../../../../../../var/folders/z9/99ckxr957v901zwwc8jdk8640000gn/T/wordweave-cr008-build-wFQa5l/.output/server/chunks/nitro/nitro.mjs (218 kB) (54.7 kB gzip)
  ├─ ../../../../../../../var/folders/z9/99ckxr957v901zwwc8jdk8640000gn/T/wordweave-cr008-build-wFQa5l/.output/server/chunks/nitro/nitro.mjs.map (17.2 kB) (1.55 kB gzip)
  ├─ ../../../../../../../var/folders/z9/99ckxr957v901zwwc8jdk8640000gn/T/wordweave-cr008-build-wFQa5l/.output/server/chunks/raw/0286ed24.mjs (50.1 kB) (14.9 kB gzip)
  ├─ ../../../../../../../var/folders/z9/99ckxr957v901zwwc8jdk8640000gn/T/wordweave-cr008-build-wFQa5l/.output/server/chunks/raw/0286ed24.mjs.map (76 B) (89 B gzip)
  ├─ ../../../../../../../var/folders/z9/99ckxr957v901zwwc8jdk8640000gn/T/wordweave-cr008-build-wFQa5l/.output/server/chunks/raw/c75dadbf.mjs (49.1 kB) (16.5 kB gzip)
  ├─ ../../../../../../../var/folders/z9/99ckxr957v901zwwc8jdk8640000gn/T/wordweave-cr008-build-wFQa5l/.output/server/chunks/raw/c75dadbf.mjs.map (76 B) (89 B gzip)
  ├─ ../../../../../../../var/folders/z9/99ckxr957v901zwwc8jdk8640000gn/T/wordweave-cr008-build-wFQa5l/.output/server/chunks/routes/renderer.mjs (15.4 kB) (5.35 kB gzip)
  ├─ ../../../../../../../var/folders/z9/99ckxr957v901zwwc8jdk8640000gn/T/wordweave-cr008-build-wFQa5l/.output/server/chunks/routes/renderer.mjs.map (3.24 kB) (489 B gzip)
  ├─ ../../../../../../../var/folders/z9/99ckxr957v901zwwc8jdk8640000gn/T/wordweave-cr008-build-wFQa5l/.output/server/chunks/virtual/_virtual_spa-template.mjs (94 B) (100 B gzip)
  ├─ ../../../../../../../var/folders/z9/99ckxr957v901zwwc8jdk8640000gn/T/wordweave-cr008-build-wFQa5l/.output/server/chunks/virtual/_virtual_spa-template.mjs.map (88 B) (97 B gzip)
  ├─ ../../../../../../../var/folders/z9/99ckxr957v901zwwc8jdk8640000gn/T/wordweave-cr008-build-wFQa5l/.output/server/chunks/virtual/entry.mjs (463 kB) (107 kB gzip)
  ├─ ../../../../../../../var/folders/z9/99ckxr957v901zwwc8jdk8640000gn/T/wordweave-cr008-build-wFQa5l/.output/server/chunks/virtual/entry.mjs.map (2.49 kB) (736 B gzip)
  ├─ ../../../../../../../var/folders/z9/99ckxr957v901zwwc8jdk8640000gn/T/wordweave-cr008-build-wFQa5l/.output/server/chunks/virtual/precomputed.mjs (51.6 kB) (4.03 kB gzip)
  ├─ ../../../../../../../var/folders/z9/99ckxr957v901zwwc8jdk8640000gn/T/wordweave-cr008-build-wFQa5l/.output/server/chunks/virtual/precomputed.mjs.map (43.2 kB) (1.38 kB gzip)
  ├─ ../../../../../../../var/folders/z9/99ckxr957v901zwwc8jdk8640000gn/T/wordweave-cr008-build-wFQa5l/.output/server/chunks/virtual/styles.mjs (682 B) (324 B gzip)
  ├─ ../../../../../../../var/folders/z9/99ckxr957v901zwwc8jdk8640000gn/T/wordweave-cr008-build-wFQa5l/.output/server/chunks/virtual/styles.mjs.map (428 B) (264 B gzip)
  ├─ ../../../../../../../var/folders/z9/99ckxr957v901zwwc8jdk8640000gn/T/wordweave-cr008-build-wFQa5l/.output/server/index.mjs (374 B) (215 B gzip)
  └─ ../../../../../../../var/folders/z9/99ckxr957v901zwwc8jdk8640000gn/T/wordweave-cr008-build-wFQa5l/.output/server/package.json (1.27 kB) (497 B gzip)
Σ Total size: 5.22 MB (1.22 MB gzip)
[nitro] ✔ You can preview this build using node ../../../../../../../var/folders/z9/99ckxr957v901zwwc8jdk8640000gn/T/wordweave-cr008-build-wFQa5l/.output/server/index.mjs
