?   	wordweave/assets/lexicon	[no test files]
?   	wordweave/assets/vocabulary	[no test files]
?   	wordweave/cmd/build-lexicon	[no test files]
?   	wordweave/cmd/wordweave	[no test files]
?   	wordweave/cmd/wordweave-admin	[no test files]
?   	wordweave/db/migrations	[no test files]
ok  	wordweave/internal/admin	1.034s
ok  	wordweave/internal/ai	10.535s
?   	wordweave/internal/dbgen	[no test files]
?   	wordweave/internal/entitlement	[no test files]
ok  	wordweave/internal/generation	1.033s
ok  	wordweave/internal/httpapi	1.044s
?   	wordweave/internal/identity	[no test files]
?   	wordweave/internal/learning	[no test files]
?   	wordweave/internal/maintenance	[no test files]
?   	wordweave/internal/observability	[no test files]
ok  	wordweave/internal/platform/config	1.011s
?   	wordweave/internal/platform/postgres	[no test files]
ok  	wordweave/internal/platform/security	3.800s
ok  	wordweave/internal/review	1.011s
?   	wordweave/internal/vocabulary	[no test files]
ok  	wordweave/internal/wordnet	1.060s
