
Running 16 tests using 1 worker

(node:66482) Warning: The 'NO_COLOR' env is ignored due to the 'FORCE_COLOR' env being set.
(Use `node --trace-warnings ...` to show where the warning was created)
  ✓   1 [desktop] › tests/e2e/m002-generic-models.spec.ts:27:5 › UI30 en › configuration, protocol retention, explicit tests, save and secret-safe edit (2.5s)
  ✓   2 [desktop] › tests/e2e/m002-generic-models.spec.ts:129:5 › UI30 en › only the clicked model shows connection test progress and result (968ms)
  ✓   3 [desktop] › tests/e2e/m002-generic-models.spec.ts:221:5 › UI30 en › provider-first batch keeps row state, isolates probes and preserves drafts on conflict (2.3s)
  ✓   4 [desktop] › tests/e2e/m002-generic-models.spec.ts:411:5 › UI30 en › discard confirmation and revision recovery preserve deliberate edits (1.3s)
  ✓   5 [desktop] › tests/e2e/m002-generic-models.spec.ts:27:5 › UI30 zh › configuration, protocol retention, explicit tests, save and secret-safe edit (2.3s)
  ✓   6 [desktop] › tests/e2e/m002-generic-models.spec.ts:129:5 › UI30 zh › only the clicked model shows connection test progress and result (952ms)
  ✓   7 [desktop] › tests/e2e/m002-generic-models.spec.ts:221:5 › UI30 zh › provider-first batch keeps row state, isolates probes and preserves drafts on conflict (2.4s)
  ✓   8 [desktop] › tests/e2e/m002-generic-models.spec.ts:411:5 › UI30 zh › discard confirmation and revision recovery preserve deliberate edits (1.8s)
(node:67435) Warning: The 'NO_COLOR' env is ignored due to the 'FORCE_COLOR' env being set.
(Use `node --trace-warnings ...` to show where the warning was created)
  ✓   9 [mobile] › tests/e2e/m002-generic-models.spec.ts:27:5 › UI30 en › configuration, protocol retention, explicit tests, save and secret-safe edit (1.9s)
  ✓  10 [mobile] › tests/e2e/m002-generic-models.spec.ts:129:5 › UI30 en › only the clicked model shows connection test progress and result (936ms)
  ✓  11 [mobile] › tests/e2e/m002-generic-models.spec.ts:221:5 › UI30 en › provider-first batch keeps row state, isolates probes and preserves drafts on conflict (1.7s)
  ✓  12 [mobile] › tests/e2e/m002-generic-models.spec.ts:411:5 › UI30 en › discard confirmation and revision recovery preserve deliberate edits (1.2s)
  ✓  13 [mobile] › tests/e2e/m002-generic-models.spec.ts:27:5 › UI30 zh › configuration, protocol retention, explicit tests, save and secret-safe edit (2.2s)
  ✓  14 [mobile] › tests/e2e/m002-generic-models.spec.ts:129:5 › UI30 zh › only the clicked model shows connection test progress and result (940ms)
  ✓  15 [mobile] › tests/e2e/m002-generic-models.spec.ts:221:5 › UI30 zh › provider-first batch keeps row state, isolates probes and preserves drafts on conflict (1.7s)
  ✓  16 [mobile] › tests/e2e/m002-generic-models.spec.ts:411:5 › UI30 zh › discard confirmation and revision recovery preserve deliberate edits (1.2s)

  16 passed (28.3s)
