#0 building with "desktop-linux" instance using docker driver

#1 [internal] load build definition from Dockerfile
#1 transferring dockerfile: 1.03kB done
#1 DONE 0.0s

#2 [internal] load metadata for docker.io/library/node:24.8.0-alpine3.22@sha256:3e843c608bb5232f39ecb2b25e41214b958b0795914707374c8acc28487dea17
#2 DONE 0.0s

#3 [internal] load .dockerignore
#3 transferring context: 155B done
#3 DONE 0.0s

#4 [build 1/7] FROM docker.io/library/node:24.8.0-alpine3.22@sha256:3e843c608bb5232f39ecb2b25e41214b958b0795914707374c8acc28487dea17
#4 DONE 0.0s

#5 [internal] load build context
#5 transferring context: 100.81kB 0.0s done
#5 DONE 0.0s

#6 [build 3/7] RUN corepack enable && corepack prepare pnpm@10.33.0 --activate
#6 CACHED

#7 [build 2/7] WORKDIR /app
#7 CACHED

#8 [build 4/7] COPY package.json pnpm-lock.yaml ./
#8 CACHED

#9 [build 5/7] RUN pnpm install --frozen-lockfile
#9 CACHED

#10 [build 6/7] COPY . .
#10 DONE 0.1s

#11 [build 7/7] RUN pnpm typecheck && pnpm lint && pnpm lint:boundaries && pnpm test && pnpm build
#11 0.531 
#11 0.531 > wordweave-frontend@0.1.0 typecheck /app
#11 0.531 > nuxt typecheck
#11 0.531 
#11 7.919 
#11 7.919 > wordweave-frontend@0.1.0 lint /app
#11 7.919 > eslint .
#11 7.919 
#11 12.30 
#11 12.30 > wordweave-frontend@0.1.0 lint:boundaries /app
#11 12.30 > depcruise app --config dependency-cruiser.cjs
#11 12.30 
#11 13.72 
#11 13.72 ✔ no dependency violations found (118 modules, 91 dependencies cruised)
#11 13.72 
#11 13.97 
#11 13.97 > wordweave-frontend@0.1.0 test /app
#11 13.97 > vitest run
#11 13.97 
#11 14.39 
#11 14.39 [1m[30m[46m RUN [49m[39m[22m [36mv4.1.11 [39m[90m/app[39m
#11 14.39 
#11 15.33  [32m✓[39m tests/unit/admin-user-search.test.ts [2m([22m[2m8 tests[22m[2m)[22m[32m 7[2mms[22m[39m
#11 15.71  [32m✓[39m tests/unit/review-range-setup.test.ts [2m([22m[2m47 tests[22m[2m)[22m[32m 53[2mms[22m[39m
#11 15.76  [32m✓[39m tests/unit/entry-meaning-contract.test.ts [2m([22m[2m9 tests[22m[2m)[22m[32m 20[2mms[22m[39m
#11 15.78  [32m✓[39m tests/unit/generation-lifecycle.test.ts [2m([22m[2m21 tests[22m[2m)[22m[32m 22[2mms[22m[39m
#11 15.80  [32m✓[39m tests/unit/strict-contracts.test.ts [2m([22m[2m6 tests[22m[2m)[22m[32m 13[2mms[22m[39m
#11 15.85  [32m✓[39m tests/unit/review-setup-presenter.test.ts [2m([22m[2m4 tests[22m[2m)[22m[32m 53[2mms[22m[39m
#11 15.86  [32m✓[39m tests/unit/admin-detail-state.test.ts [2m([22m[2m15 tests[22m[2m)[22m[32m 59[2mms[22m[39m
#11 15.93  [32m✓[39m tests/unit/generation-stream.test.ts [2m([22m[2m27 tests[22m[2m)[22m[32m 135[2mms[22m[39m
#11 15.94  [32m✓[39m tests/unit/admin-quota-contract.test.ts [2m([22m[2m26 tests[22m[2m)[22m[32m 25[2mms[22m[39m
#11 16.01  [32m✓[39m tests/unit/auth-card-design.test.ts [2m([22m[2m22 tests[22m[2m)[22m[32m 203[2mms[22m[39m
#11 16.51  [32m✓[39m tests/unit/private-session-state.test.ts [2m([22m[2m5 tests[22m[2m)[22m[32m 8[2mms[22m[39m
#11 16.54  [32m✓[39m tests/unit/passage-cloze-presenter.test.ts [2m([22m[2m4 tests[22m[2m)[22m[32m 27[2mms[22m[39m
#11 16.65  [32m✓[39m tests/unit/admin-plan-policy.test.ts [2m([22m[2m14 tests[22m[2m)[22m[32m 14[2mms[22m[39m
#11 16.66  [32m✓[39m tests/unit/auth-reader-presenters.test.ts [2m([22m[2m8 tests[22m[2m)[22m[32m 15[2mms[22m[39m
#11 16.78  [32m✓[39m tests/unit/account-password-error.test.ts [2m([22m[2m3 tests[22m[2m)[22m[32m 10[2mms[22m[39m
#11 16.79  [32m✓[39m tests/unit/review-summary-presenter.test.ts [2m([22m[2m4 tests[22m[2m)[22m[32m 4[2mms[22m[39m
#11 16.89  [32m✓[39m tests/unit/admin-layout-content.test.ts [2m([22m[2m3 tests[22m[2m)[22m[32m 13[2mms[22m[39m
#11 16.90  [32m✓[39m tests/unit/generation-reducer.test.ts [2m([22m[2m2 tests[22m[2m)[22m[32m 5[2mms[22m[39m
#11 16.97  [32m✓[39m tests/unit/generation-refund-contract.test.ts [2m([22m[2m7 tests[22m[2m)[22m[32m 33[2mms[22m[39m
#11 17.16  [32m✓[39m tests/unit/span-mapper.test.ts [2m([22m[2m3 tests[22m[2m)[22m[32m 4[2mms[22m[39m
#11 17.25  [32m✓[39m tests/unit/library-page-presenter.test.ts [2m([22m[2m3 tests[22m[2m)[22m[32m 5[2mms[22m[39m
#11 17.26  [32m✓[39m tests/unit/return-intent.test.ts [2m([22m[2m13 tests[22m[2m)[22m[32m 6[2mms[22m[39m
#11 17.30  [32m✓[39m tests/unit/generation-selection.test.ts [2m([22m[2m3 tests[22m[2m)[22m[32m 3[2mms[22m[39m
#11 17.30  [32m✓[39m tests/unit/admin-user-position.test.ts [2m([22m[2m2 tests[22m[2m)[22m[32m 8[2mms[22m[39m
#11 17.34  [32m✓[39m tests/unit/token-vault.test.ts [2m([22m[2m2 tests[22m[2m)[22m[32m 3[2mms[22m[39m
#11 17.35  [32m✓[39m tests/unit/admin-approved-copy.test.ts [2m([22m[2m2 tests[22m[2m)[22m[32m 2[2mms[22m[39m
#11 17.35 
#11 17.35 [2m Test Files [22m [1m[32m26 passed[39m[22m[90m (26)[39m
#11 17.35 [2m      Tests [22m [1m[32m263 passed[39m[22m[90m (263)[39m
#11 17.35 [2m   Start at [22m 08:55:31
#11 17.35 [2m   Duration [22m 2.95s[2m (transform 4.04s, setup 0ms, import 7.77s, tests 750ms, environment 11.62s)[22m
#11 17.35 
#11 17.70 
#11 17.70 > wordweave-frontend@0.1.0 build /app
#11 17.70 > nuxt build
#11 17.70 
#11 17.81 ┌  Building Nuxt for production...
#11 17.99 │
#11 17.99 ●  Nuxt 4.5.2 (with Nitro 2.13.4, Vite 8.2.2 and Vue 3.5.42)
#11 18.65 │
#11 18.65 ●  Nitro preset: node-server
#11 19.62 ℹ Building client...
#11 19.65 ℹ vite v8.2.2 building client environment for production...
#11 19.73 transforming...
#11 24.72 ✓ 458 modules transformed.
#11 25.00 rendering chunks...
#11 25.11 computing gzip size...
#11 25.11 ℹ node_modules/.cache/nuxt/.nuxt/dist/client/manifest.json                  15.95 kB │ gzip:  1.73 kB
#11 25.11 node_modules/.cache/nuxt/.nuxt/dist/client/_nuxt/error-500.BCwb1ls_.css    1.90 kB │ gzip:  0.72 kB
#11 25.11 node_modules/.cache/nuxt/.nuxt/dist/client/_nuxt/error-404.DtX14caB.css    2.42 kB │ gzip:  0.85 kB
#11 25.11 node_modules/.cache/nuxt/.nuxt/dist/client/_nuxt/entry.CEzDe9vQ.css       57.83 kB │ gzip: 11.37 kB
#11 25.11 node_modules/.cache/nuxt/.nuxt/dist/client/_nuxt/CNs_Ozdc.js               0.02 kB │ gzip:  0.04 kB
#11 25.11 node_modules/.cache/nuxt/.nuxt/dist/client/_nuxt/BDNMzG2s.js               0.08 kB │ gzip:  0.09 kB
#11 25.11 node_modules/.cache/nuxt/.nuxt/dist/client/_nuxt/S5_MK9-o.js               0.10 kB │ gzip:  0.10 kB
#11 25.11 node_modules/.cache/nuxt/.nuxt/dist/client/_nuxt/tCkLUWL1.js               0.10 kB │ gzip:  0.10 kB
#11 25.11 node_modules/.cache/nuxt/.nuxt/dist/client/_nuxt/DIYIsLm9.js               0.23 kB │ gzip:  0.19 kB
#11 25.11 node_modules/.cache/nuxt/.nuxt/dist/client/_nuxt/Bt_zpNgQ.js               0.24 kB │ gzip:  0.19 kB
#11 25.11 node_modules/.cache/nuxt/.nuxt/dist/client/_nuxt/BERFr0du.js               0.28 kB │ gzip:  0.22 kB
#11 25.11 node_modules/.cache/nuxt/.nuxt/dist/client/_nuxt/5GuO1-aO.js               0.52 kB │ gzip:  0.34 kB
#11 25.11 node_modules/.cache/nuxt/.nuxt/dist/client/_nuxt/-1Kx9Afa.js               0.53 kB │ gzip:  0.28 kB
#11 25.11 node_modules/.cache/nuxt/.nuxt/dist/client/_nuxt/BDYDzGT2.js               0.57 kB │ gzip:  0.40 kB
#11 25.11 node_modules/.cache/nuxt/.nuxt/dist/client/_nuxt/Cf92AYbD.js               0.94 kB │ gzip:  0.56 kB
#11 25.11 node_modules/.cache/nuxt/.nuxt/dist/client/_nuxt/BeHUuxLI.js               1.12 kB │ gzip:  0.60 kB
#11 25.11 node_modules/.cache/nuxt/.nuxt/dist/client/_nuxt/DCWT57rh.js               1.16 kB │ gzip:  0.62 kB
#11 25.11 node_modules/.cache/nuxt/.nuxt/dist/client/_nuxt/5-iaFy1v.js               1.42 kB │ gzip:  0.81 kB
#11 25.11 node_modules/.cache/nuxt/.nuxt/dist/client/_nuxt/DRgoZ4a1.js               1.99 kB │ gzip:  0.76 kB
#11 25.11 node_modules/.cache/nuxt/.nuxt/dist/client/_nuxt/DmOJ-VTW.js               2.26 kB │ gzip:  0.98 kB
#11 25.11 node_modules/.cache/nuxt/.nuxt/dist/client/_nuxt/l1sNY-Nk.js               2.88 kB │ gzip:  1.25 kB
#11 25.11 node_modules/.cache/nuxt/.nuxt/dist/client/_nuxt/BqskFqFP.js               2.92 kB │ gzip:  0.92 kB
#11 25.11 node_modules/.cache/nuxt/.nuxt/dist/client/_nuxt/DA1bTKku.js               3.09 kB │ gzip:  1.13 kB
#11 25.11 node_modules/.cache/nuxt/.nuxt/dist/client/_nuxt/C84e44Jr.js               3.18 kB │ gzip:  1.31 kB
#11 25.11 node_modules/.cache/nuxt/.nuxt/dist/client/_nuxt/kfNnKW0M.js               3.31 kB │ gzip:  1.51 kB
#11 25.11 node_modules/.cache/nuxt/.nuxt/dist/client/_nuxt/ZFMDAfrj.js               3.40 kB │ gzip:  1.54 kB
#11 25.11 node_modules/.cache/nuxt/.nuxt/dist/client/_nuxt/iNk9x6Dm.js               3.75 kB │ gzip:  1.70 kB
#11 25.11 node_modules/.cache/nuxt/.nuxt/dist/client/_nuxt/-TkFbPo6.js               3.75 kB │ gzip:  1.60 kB
#11 25.11 node_modules/.cache/nuxt/.nuxt/dist/client/_nuxt/Bm7gilV3.js               3.94 kB │ gzip:  1.40 kB
#11 25.11 node_modules/.cache/nuxt/.nuxt/dist/client/_nuxt/DcEG0Sfi.js               4.88 kB │ gzip:  2.00 kB
#11 25.11 node_modules/.cache/nuxt/.nuxt/dist/client/_nuxt/BGGrpcRf.js               5.32 kB │ gzip:  2.03 kB
#11 25.11 node_modules/.cache/nuxt/.nuxt/dist/client/_nuxt/CtxfIjMK.js               6.15 kB │ gzip:  1.73 kB
#11 25.11 node_modules/.cache/nuxt/.nuxt/dist/client/_nuxt/BJFZgYue.js               6.35 kB │ gzip:  2.81 kB
#11 25.11 node_modules/.cache/nuxt/.nuxt/dist/client/_nuxt/D5RaLiGN.js               6.72 kB │ gzip:  2.44 kB
#11 25.11 node_modules/.cache/nuxt/.nuxt/dist/client/_nuxt/BW8tLj2B.js               7.00 kB │ gzip:  2.26 kB
#11 25.11 node_modules/.cache/nuxt/.nuxt/dist/client/_nuxt/CzloljbM.js               7.95 kB │ gzip:  2.44 kB
#11 25.11 node_modules/.cache/nuxt/.nuxt/dist/client/_nuxt/wg7sL3Bu.js               8.10 kB │ gzip:  3.01 kB
#11 25.11 node_modules/.cache/nuxt/.nuxt/dist/client/_nuxt/DurFGb6a.js               8.33 kB │ gzip:  3.36 kB
#11 25.11 node_modules/.cache/nuxt/.nuxt/dist/client/_nuxt/z0aVqf-7.js               9.27 kB │ gzip:  3.92 kB
#11 25.11 node_modules/.cache/nuxt/.nuxt/dist/client/_nuxt/Cm3Y0Alp.js              13.08 kB │ gzip:  4.68 kB
#11 25.11 node_modules/.cache/nuxt/.nuxt/dist/client/_nuxt/BTZguKw7.js              13.46 kB │ gzip:  5.77 kB
#11 25.11 node_modules/.cache/nuxt/.nuxt/dist/client/_nuxt/DdtBi8z1.js              16.65 kB │ gzip:  5.63 kB
#11 25.11 node_modules/.cache/nuxt/.nuxt/dist/client/_nuxt/dAPxp9Il.js              18.94 kB │ gzip:  5.43 kB
#11 25.11 node_modules/.cache/nuxt/.nuxt/dist/client/_nuxt/BL_R9LvD.js              20.07 kB │ gzip:  6.75 kB
#11 25.11 node_modules/.cache/nuxt/.nuxt/dist/client/_nuxt/BY7JDMyC.js              87.22 kB │ gzip: 33.69 kB
#11 25.11 node_modules/.cache/nuxt/.nuxt/dist/client/_nuxt/CWwqOgzc.js             285.66 kB │ gzip: 91.68 kB
#11 25.11 
#11 25.11 ℹ ✓ built in 5.46s
#11 25.11 ✔ Client built in 5495ms
#11 25.12 ℹ Building server...
#11 25.13 ℹ vite v8.2.2 building ssr environment for production...
#11 25.16 transforming...
#11 29.94 ✓ 275 modules transformed.
#11 29.99 rendering chunks...
#11 30.09 ℹ node_modules/.cache/nuxt/.nuxt/dist/server/_nuxt/error-404-styles.UP1AHB9m.mjs            0.08 kB
#11 30.09 node_modules/.cache/nuxt/.nuxt/dist/server/_nuxt/error-500-styles.CvfOP9g8.mjs            0.08 kB
#11 30.09 node_modules/.cache/nuxt/.nuxt/dist/server/styles.mjs                                     0.61 kB
#11 30.09 node_modules/.cache/nuxt/.nuxt/dist/server/_nuxt/_plugin-vue_export-helper-BOaGB7Aw.js    0.26 kB
#11 30.09 node_modules/.cache/nuxt/.nuxt/dist/server/_nuxt/page-loader-UVBqIJ9m.js                  0.29 kB │ map:   0.42 kB
#11 30.09 node_modules/.cache/nuxt/.nuxt/dist/server/_nuxt/use-localized-head-kCfEfn-y.js           0.31 kB │ map:   0.41 kB
#11 30.09 node_modules/.cache/nuxt/.nuxt/dist/server/_nuxt/pages-D2t2w1JB.js                        0.36 kB │ map:   1.81 kB
#11 30.09 node_modules/.cache/nuxt/.nuxt/dist/server/_nuxt/admin-SUGvyn9s.js                        0.75 kB │ map:   0.52 kB
#11 30.09 node_modules/.cache/nuxt/.nuxt/dist/server/_nuxt/learner-DWYrwDof.js                      0.77 kB │ map:   0.61 kB
#11 30.09 node_modules/.cache/nuxt/.nuxt/dist/server/_nuxt/guest-CZ9dA_sH.js                        0.81 kB │ map:   0.63 kB
#11 30.09 node_modules/.cache/nuxt/.nuxt/dist/server/_nuxt/use-display-formatters-CC0sSAvc.js       0.91 kB │ map:   1.73 kB
#11 30.09 node_modules/.cache/nuxt/.nuxt/dist/server/_nuxt/AppError-QqXg0akp.js                     1.75 kB │ map:   1.50 kB
#11 30.09 node_modules/.cache/nuxt/.nuxt/dist/server/_nuxt/return-intent-BCvjMq5m.js                1.82 kB │ map:   4.18 kB
#11 30.09 node_modules/.cache/nuxt/.nuxt/dist/server/_nuxt/_batchId_-s_dskQGB.js                    1.98 kB │ map:   2.09 kB
#11 30.09 node_modules/.cache/nuxt/.nuxt/dist/server/_nuxt/AppDialog-CYBW5QxB.js                    2.10 kB │ map:   2.94 kB
#11 30.09 node_modules/.cache/nuxt/.nuxt/dist/server/_nuxt/AdminUserSearchForm-CsetNBMI.js          2.35 kB │ map:   3.07 kB
#11 30.09 node_modules/.cache/nuxt/.nuxt/dist/server/_nuxt/error-500-styles-1.mjs-BIY4rstB.js       2.44 kB │ map:   5.29 kB
#11 30.09 node_modules/.cache/nuxt/.nuxt/dist/server/_nuxt/error-404-styles-1.mjs-DwzLrrzA.js       2.97 kB │ map:   5.93 kB
#11 30.09 node_modules/.cache/nuxt/.nuxt/dist/server/_nuxt/LocaleSwitch-Dq9FGmQc.js                 3.23 kB │ map:   3.06 kB
#11 30.09 node_modules/.cache/nuxt/.nuxt/dist/server/_nuxt/AppIcon-BBgbpNJY.js                      4.11 kB │ map:   8.16 kB
#11 30.09 node_modules/.cache/nuxt/.nuxt/dist/server/_nuxt/pages-DBjaq-Lo.js                        4.18 kB │ map:   6.03 kB
#11 30.09 node_modules/.cache/nuxt/.nuxt/dist/server/_nuxt/error-500-bZxxDWmE.js                    4.65 kB │ map:   5.62 kB
#11 30.09 node_modules/.cache/nuxt/.nuxt/dist/server/_nuxt/library-PIcnRoQj.js                      4.83 kB │ map:   8.95 kB
#11 30.09 node_modules/.cache/nuxt/.nuxt/dist/server/_nuxt/login-B0Y8AWzP.js                        5.34 kB │ map:  10.79 kB
#11 30.09 node_modules/.cache/nuxt/.nuxt/dist/server/_nuxt/error-404-BqlOhFLd.js                    5.36 kB │ map:   6.42 kB
#11 30.09 node_modules/.cache/nuxt/.nuxt/dist/server/_nuxt/admin-3Uha7UV0.js                        5.74 kB │ map:   7.54 kB
#11 30.09 node_modules/.cache/nuxt/.nuxt/dist/server/_nuxt/register-Bx8ZFIXi.js                     5.80 kB │ map:  12.18 kB
#11 30.09 node_modules/.cache/nuxt/.nuxt/dist/server/_nuxt/session-DPiX-h4A.js                      6.27 kB │ map:  15.37 kB
#11 30.09 node_modules/.cache/nuxt/.nuxt/dist/server/_nuxt/learner-access-BBiXRKUa.js               6.93 kB │ map:   8.91 kB
#11 30.09 node_modules/.cache/nuxt/.nuxt/dist/server/_nuxt/plans-DnmMsMyj.js                        7.01 kB │ map:  18.57 kB
#11 30.09 node_modules/.cache/nuxt/.nuxt/dist/server/_nuxt/error-BPGGxyvI.js                        8.66 kB │ map:  22.84 kB
#11 30.09 node_modules/.cache/nuxt/.nuxt/dist/server/_nuxt/default-D63W4LCs.js                     10.89 kB │ map:  14.01 kB
#11 30.09 node_modules/.cache/nuxt/.nuxt/dist/server/_nuxt/admin-599BK9mQ.js                       11.03 kB │ map:  23.55 kB
#11 30.09 node_modules/.cache/nuxt/.nuxt/dist/server/_nuxt/users-DGoxw4e3.js                       12.33 kB │ map:  25.50 kB
#11 30.09 node_modules/.cache/nuxt/.nuxt/dist/server/_nuxt/nuxt-DW-Uw1IM.js                        12.41 kB │ map:  32.92 kB
#11 30.09 node_modules/.cache/nuxt/.nuxt/dist/server/_nuxt/nuxt-link-6DNZRqqt.js                   13.94 kB │ map:  33.44 kB
#11 30.09 node_modules/.cache/nuxt/.nuxt/dist/server/_nuxt/models-BG4k0CUt.js                      14.78 kB │ map:  27.02 kB
#11 30.09 node_modules/.cache/nuxt/.nuxt/dist/server/_nuxt/_batchId_-Cccy-rPp.js                   18.23 kB │ map:  26.50 kB
#11 30.09 node_modules/.cache/nuxt/.nuxt/dist/server/_nuxt/devtools-CLRpXhL7-CYb7ggQw.js           21.27 kB │ map:  73.01 kB
#11 30.09 node_modules/.cache/nuxt/.nuxt/dist/server/_nuxt/library-BrgUX0S5.js                     22.20 kB │ map:  30.88 kB
#11 30.09 node_modules/.cache/nuxt/.nuxt/dist/server/_nuxt/review-B5ScTS69.js                      23.70 kB │ map:  45.37 kB
#11 30.09 node_modules/.cache/nuxt/.nuxt/dist/server/_nuxt/create-13yjVjsi.js                      27.31 kB │ map:  80.89 kB
#11 30.09 node_modules/.cache/nuxt/.nuxt/dist/server/_nuxt/account-DMnB7Zby.js                     28.01 kB │ map:  37.34 kB
#11 30.09 node_modules/.cache/nuxt/.nuxt/dist/server/_nuxt/_userId_-CkGQY3ZO.js                    30.03 kB │ map:  56.40 kB
#11 30.09 node_modules/.cache/nuxt/.nuxt/dist/server/_nuxt/_sessionId_-jnN2rrk7.js                 39.95 kB │ map:  71.05 kB
#11 30.09 node_modules/.cache/nuxt/.nuxt/dist/server/server.mjs                                   324.99 kB │ map: 844.93 kB
#11 30.09 
#11 30.09 ℹ ✓ built in 4.96s
#11 30.09 
#11 30.09  WARN  [33m[PLUGIN_TIMINGS] [0mYour build spent 97% of 4.9s inside plugin hooks (4.8s).
#11 30.09 Measured inside the callback, so queue time is excluded and time the callback itself awaited is not:
#11 30.09   - vite-plugin-checker buildEnd (77%, 3.8s, 1 call)
#11 30.09 Those rows are 77% of the build; the rest of the 97% is below.
#11 30.09 Not measurable — 4 hooks whose calls overlap, so elapsed time covers work other calls were doing. Profile with node --cpu-prof:
#11 30.09   - nuxt:ssr-styles:ssr resolveId (81 calls)
#11 30.09   - nuxt:resolve-externals:external resolveId (43 calls)
#11 30.09   - nuxt:resolve-bare-imports resolveId (21 calls)
#11 30.09   … and 1 more
#11 30.09 See https://rolldown.rs/reference/InputOptions.checks#plugintimings for more details.
#11 30.09 
#11 30.09 
#11 30.10 ✔ Server built in 4982ms
#11 30.17 [nitro] ✔ Generated public .output/public
#11 30.19 [nitro] ℹ Building Nuxt Nitro server (preset: node-server, compatibility date: 2026-09-01)
#11 34.88 [nitro] ✔ Nuxt Nitro server built
#11 34.97   ├─ .output/server/chunks/_/error-500.mjs (5.05 kB) (2.07 kB gzip)
#11 34.97   ├─ .output/server/chunks/_/error-500.mjs.map (259 B) (202 B gzip)
#11 34.97   ├─ .output/server/chunks/build/_batchId_-Cccy-rPp.mjs (18.6 kB) (3.88 kB gzip)
#11 34.97   ├─ .output/server/chunks/build/_batchId_-Cccy-rPp.mjs.map (15.3 kB) (3.02 kB gzip)
#11 34.97   ├─ .output/server/chunks/build/_batchId_-s_dskQGB.mjs (2.35 kB) (976 B gzip)
#11 34.97   ├─ .output/server/chunks/build/_batchId_-s_dskQGB.mjs.map (864 B) (376 B gzip)
#11 34.97   ├─ .output/server/chunks/build/_plugin-vue_export-helper-BOaGB7Aw.mjs (320 B) (227 B gzip)
#11 34.97   ├─ .output/server/chunks/build/_plugin-vue_export-helper-BOaGB7Aw.mjs.map (225 B) (172 B gzip)
#11 34.97   ├─ .output/server/chunks/build/_sessionId_-jnN2rrk7.mjs (40.2 kB) (8.61 kB gzip)
#11 34.97   ├─ .output/server/chunks/build/_sessionId_-jnN2rrk7.mjs.map (35.3 kB) (7.21 kB gzip)
#11 34.97   ├─ .output/server/chunks/build/_userId_-CkGQY3ZO.mjs (29.9 kB) (6.95 kB gzip)
#11 34.97   ├─ .output/server/chunks/build/_userId_-CkGQY3ZO.mjs.map (28.1 kB) (5.56 kB gzip)
#11 34.97   ├─ .output/server/chunks/build/account-DMnB7Zby.mjs (28.4 kB) (4.52 kB gzip)
#11 34.97   ├─ .output/server/chunks/build/account-DMnB7Zby.mjs.map (24.2 kB) (3.74 kB gzip)
#11 34.97   ├─ .output/server/chunks/build/admin-3Uha7UV0.mjs (6.17 kB) (1.79 kB gzip)
#11 34.97   ├─ .output/server/chunks/build/admin-3Uha7UV0.mjs.map (3.65 kB) (834 B gzip)
#11 34.97   ├─ .output/server/chunks/build/admin-599BK9mQ.mjs (11 kB) (2.4 kB gzip)
#11 34.97   ├─ .output/server/chunks/build/admin-599BK9mQ.mjs.map (11.7 kB) (2.38 kB gzip)
#11 34.97   ├─ .output/server/chunks/build/admin-SUGvyn9s.mjs (1.06 kB) (485 B gzip)
#11 34.97   ├─ .output/server/chunks/build/admin-SUGvyn9s.mjs.map (411 B) (236 B gzip)
#11 34.97   ├─ .output/server/chunks/build/AdminUserSearchForm-CsetNBMI.mjs (2.35 kB) (936 B gzip)
#11 34.97   ├─ .output/server/chunks/build/AdminUserSearchForm-CsetNBMI.mjs.map (873 B) (345 B gzip)
#11 34.97   ├─ .output/server/chunks/build/AppDialog-CYBW5QxB.mjs (2.09 kB) (875 B gzip)
#11 34.97   ├─ .output/server/chunks/build/AppDialog-CYBW5QxB.mjs.map (852 B) (375 B gzip)
#11 34.97   ├─ .output/server/chunks/build/AppError-QqXg0akp.mjs (1.75 kB) (760 B gzip)
#11 34.97   ├─ .output/server/chunks/build/AppError-QqXg0akp.mjs.map (638 B) (278 B gzip)
#11 34.97   ├─ .output/server/chunks/build/AppIcon-BBgbpNJY.mjs (4.1 kB) (1.38 kB gzip)
#11 34.97   ├─ .output/server/chunks/build/AppIcon-BBgbpNJY.mjs.map (1.54 kB) (338 B gzip)
#11 34.97   ├─ .output/server/chunks/build/create-13yjVjsi.mjs (27.7 kB) (6.01 kB gzip)
#11 34.97   ├─ .output/server/chunks/build/create-13yjVjsi.mjs.map (23.9 kB) (4.82 kB gzip)
#11 34.97   ├─ .output/server/chunks/build/default-D63W4LCs.mjs (11.3 kB) (2.42 kB gzip)
#11 34.97   ├─ .output/server/chunks/build/default-D63W4LCs.mjs.map (7.18 kB) (1.25 kB gzip)
#11 34.97   ├─ .output/server/chunks/build/error-404-BqlOhFLd.mjs (5.83 kB) (2.39 kB gzip)
#11 34.97   ├─ .output/server/chunks/build/error-404-BqlOhFLd.mjs.map (323 B) (244 B gzip)
#11 34.97   ├─ .output/server/chunks/build/error-404-styles.UP1AHB9m.mjs (3.02 kB) (1.15 kB gzip)
#11 34.97   ├─ .output/server/chunks/build/error-404-styles.UP1AHB9m.mjs.map (217 B) (170 B gzip)
#11 34.97   ├─ .output/server/chunks/build/error-500-bZxxDWmE.mjs (5.17 kB) (2.14 kB gzip)
#11 34.97   ├─ .output/server/chunks/build/error-500-bZxxDWmE.mjs.map (323 B) (243 B gzip)
#11 34.97   ├─ .output/server/chunks/build/error-500-styles.CvfOP9g8.mjs (2.49 kB) (1.02 kB gzip)
#11 34.97   ├─ .output/server/chunks/build/error-500-styles.CvfOP9g8.mjs.map (217 B) (167 B gzip)
#11 34.97   ├─ .output/server/chunks/build/guest-CZ9dA_sH.mjs (1.12 kB) (527 B gzip)
#11 34.97   ├─ .output/server/chunks/build/guest-CZ9dA_sH.mjs.map (468 B) (257 B gzip)
#11 34.97   ├─ .output/server/chunks/build/learner-access-BBiXRKUa.mjs (6.78 kB) (2 kB gzip)
#11 34.97   ├─ .output/server/chunks/build/learner-access-BBiXRKUa.mjs.map (4.31 kB) (1.22 kB gzip)
#11 34.97   ├─ .output/server/chunks/build/learner-DWYrwDof.mjs (1.08 kB) (493 B gzip)
#11 34.97   ├─ .output/server/chunks/build/learner-DWYrwDof.mjs.map (410 B) (238 B gzip)
#11 34.97   ├─ .output/server/chunks/build/library-BrgUX0S5.mjs (22.7 kB) (4.49 kB gzip)
#11 34.97   ├─ .output/server/chunks/build/library-BrgUX0S5.mjs.map (18.5 kB) (3.49 kB gzip)
#11 34.97   ├─ .output/server/chunks/build/library-PIcnRoQj.mjs (4.79 kB) (1.17 kB gzip)
#11 34.97   ├─ .output/server/chunks/build/library-PIcnRoQj.mjs.map (5.2 kB) (1.08 kB gzip)
#11 34.97   ├─ .output/server/chunks/build/LocaleSwitch-Dq9FGmQc.mjs (3.24 kB) (1.26 kB gzip)
#11 34.97   ├─ .output/server/chunks/build/LocaleSwitch-Dq9FGmQc.mjs.map (834 B) (364 B gzip)
#11 34.97   ├─ .output/server/chunks/build/login-B0Y8AWzP.mjs (5.62 kB) (1.92 kB gzip)
#11 34.97   ├─ .output/server/chunks/build/login-B0Y8AWzP.mjs.map (3.29 kB) (867 B gzip)
#11 34.97   ├─ .output/server/chunks/build/models-BG4k0CUt.mjs (15.2 kB) (3.33 kB gzip)
#11 34.97   ├─ .output/server/chunks/build/models-BG4k0CUt.mjs.map (11.8 kB) (2.24 kB gzip)
#11 34.97   ├─ .output/server/chunks/build/page-loader-UVBqIJ9m.mjs (292 B) (228 B gzip)
#11 34.97   ├─ .output/server/chunks/build/page-loader-UVBqIJ9m.mjs.map (265 B) (199 B gzip)
#11 34.97   ├─ .output/server/chunks/build/pages-DBjaq-Lo.mjs (4.64 kB) (1.39 kB gzip)
#11 34.97   ├─ .output/server/chunks/build/pages-DBjaq-Lo.mjs.map (2.47 kB) (618 B gzip)
#11 34.97   ├─ .output/server/chunks/build/plans-DnmMsMyj.mjs (7.39 kB) (2.4 kB gzip)
#11 34.97   ├─ .output/server/chunks/build/plans-DnmMsMyj.mjs.map (4.46 kB) (1.26 kB gzip)
#11 34.97   ├─ .output/server/chunks/build/register-Bx8ZFIXi.mjs (6.09 kB) (1.98 kB gzip)
#11 34.97   ├─ .output/server/chunks/build/register-Bx8ZFIXi.mjs.map (3.57 kB) (902 B gzip)
#11 34.97   ├─ .output/server/chunks/build/return-intent-BCvjMq5m.mjs (1.81 kB) (795 B gzip)
#11 34.97   ├─ .output/server/chunks/build/return-intent-BCvjMq5m.mjs.map (2.28 kB) (765 B gzip)
#11 34.97   ├─ .output/server/chunks/build/review-B5ScTS69.mjs (23.7 kB) (6.05 kB gzip)
#11 34.97   ├─ .output/server/chunks/build/review-B5ScTS69.mjs.map (20.4 kB) (4.59 kB gzip)
#11 34.97   ├─ .output/server/chunks/build/use-display-formatters-CC0sSAvc.mjs (915 B) (428 B gzip)
#11 34.97   ├─ .output/server/chunks/build/use-display-formatters-CC0sSAvc.mjs.map (1.1 kB) (434 B gzip)
#11 34.97   ├─ .output/server/chunks/build/use-localized-head-kCfEfn-y.mjs (316 B) (236 B gzip)
#11 34.97   ├─ .output/server/chunks/build/use-localized-head-kCfEfn-y.mjs.map (299 B) (209 B gzip)
#11 34.97   ├─ .output/server/chunks/build/users-DGoxw4e3.mjs (12.4 kB) (3.63 kB gzip)
#11 34.97   ├─ .output/server/chunks/build/users-DGoxw4e3.mjs.map (8.57 kB) (2.27 kB gzip)
#11 34.97   ├─ .output/server/chunks/nitro/nitro.mjs (213 kB) (53.6 kB gzip)
#11 34.97   ├─ .output/server/chunks/nitro/nitro.mjs.map (10.7 kB) (1.43 kB gzip)
#11 34.97   ├─ .output/server/chunks/raw/32f854db.mjs (16.5 kB) (5.98 kB gzip)
#11 34.97   ├─ .output/server/chunks/raw/32f854db.mjs.map (76 B) (89 B gzip)
#11 34.97   ├─ .output/server/chunks/raw/5111540e.mjs (16.6 kB) (5.24 kB gzip)
#11 34.97   ├─ .output/server/chunks/raw/5111540e.mjs.map (76 B) (89 B gzip)
#11 34.97   ├─ .output/server/chunks/routes/renderer.mjs (15.4 kB) (5.35 kB gzip)
#11 34.97   ├─ .output/server/chunks/routes/renderer.mjs.map (2.07 kB) (428 B gzip)
#11 34.97   ├─ .output/server/chunks/virtual/_virtual_spa-template.mjs (94 B) (100 B gzip)
#11 34.97   ├─ .output/server/chunks/virtual/_virtual_spa-template.mjs.map (88 B) (97 B gzip)
#11 34.97   ├─ .output/server/chunks/virtual/entry.mjs (385 kB) (93.5 kB gzip)
#11 34.97   ├─ .output/server/chunks/virtual/entry.mjs.map (20.3 kB) (2.93 kB gzip)
#11 34.97   ├─ .output/server/chunks/virtual/precomputed.mjs (34.3 kB) (2.9 kB gzip)
#11 34.97   ├─ .output/server/chunks/virtual/precomputed.mjs.map (181 B) (150 B gzip)
#11 34.97   ├─ .output/server/chunks/virtual/styles.mjs (690 B) (327 B gzip)
#11 34.97   ├─ .output/server/chunks/virtual/styles.mjs.map (164 B) (142 B gzip)
#11 34.97   ├─ .output/server/index.mjs (374 B) (215 B gzip)
#11 34.97   └─ .output/server/package.json (1.27 kB) (497 B gzip)
#11 34.97 Σ Total size: 4.21 MB (1.03 MB gzip)
#11 34.97 [nitro] ✔ You can preview this build using node .output/server/index.mjs
#11 34.97 │
#11 34.97 └  ✨ Build complete!
#11 DONE 35.2s

#12 [runtime 3/4] RUN addgroup -S wordweave && adduser -S -G wordweave -u 10001 wordweave
#12 CACHED

#13 [runtime 4/4] COPY --from=build --chown=wordweave:wordweave /app/.output ./.output
#13 DONE 0.1s

#14 exporting to image
#14 exporting layers 0.1s done
#14 writing image sha256:b7ddbbe99c68d687cd101756cd79bcbb82873f52b569ebc12c9a52a15193d730
#14 writing image sha256:b7ddbbe99c68d687cd101756cd79bcbb82873f52b569ebc12c9a52a15193d730 done
#14 naming to docker.io/library/wordweave-frontend:uat-consumer-133-20260912 done
#14 DONE 0.1s

View build details: docker-desktop://dashboard/build/desktop-linux/desktop-linux/kfurjky8ww6tiezra2lflednp
