
> wordweave-frontend@0.1.0 build /Users/xekinzhuo/Desktop/xekin_develop/ai-en-learning-development/ai-en-learning/frontend
> nuxt build

┌  Building Nuxt for production...
│
●  Nuxt 4.5.2 (with Nitro 2.13.4, Vite 8.2.2 and Vue 3.5.42)
│
●  Nitro preset: node-server
ℹ Building client...
ℹ vite v8.2.2 building client environment for production...
transforming...
✓ 586 modules transformed.
rendering chunks...
computing gzip size...
ℹ node_modules/.cache/nuxt/.nuxt/dist/client/manifest.json                  25.57 kB │ gzip:  2.53 kB
node_modules/.cache/nuxt/.nuxt/dist/client/_nuxt/analytics.DvQJZLd1.css    0.94 kB │ gzip:  0.34 kB
node_modules/.cache/nuxt/.nuxt/dist/client/_nuxt/error-500.BCwb1ls_.css    1.90 kB │ gzip:  0.72 kB
node_modules/.cache/nuxt/.nuxt/dist/client/_nuxt/error-404.DtX14caB.css    2.42 kB │ gzip:  0.85 kB
node_modules/.cache/nuxt/.nuxt/dist/client/_nuxt/entry.D7sb-CSI.css       79.80 kB │ gzip: 16.42 kB
node_modules/.cache/nuxt/.nuxt/dist/client/_nuxt/CNs_Ozdc.js               0.02 kB │ gzip:  0.04 kB
node_modules/.cache/nuxt/.nuxt/dist/client/_nuxt/BDNMzG2s.js               0.08 kB │ gzip:  0.09 kB
node_modules/.cache/nuxt/.nuxt/dist/client/_nuxt/6q1QFXyC.js               0.10 kB │ gzip:  0.10 kB
node_modules/.cache/nuxt/.nuxt/dist/client/_nuxt/Ckq49t_i.js               0.11 kB │ gzip:  0.10 kB
node_modules/.cache/nuxt/.nuxt/dist/client/_nuxt/3u9LuqDO.js               0.13 kB │ gzip:  0.12 kB
node_modules/.cache/nuxt/.nuxt/dist/client/_nuxt/D_R2UrrC.js               0.14 kB │ gzip:  0.13 kB
node_modules/.cache/nuxt/.nuxt/dist/client/_nuxt/iW3vsmMi.js               0.23 kB │ gzip:  0.18 kB
node_modules/.cache/nuxt/.nuxt/dist/client/_nuxt/C0FBAvV8.js               0.23 kB │ gzip:  0.19 kB
node_modules/.cache/nuxt/.nuxt/dist/client/_nuxt/Br41k7Uc.js               0.23 kB │ gzip:  0.19 kB
node_modules/.cache/nuxt/.nuxt/dist/client/_nuxt/B_CfE4VQ.js               0.23 kB │ gzip:  0.19 kB
node_modules/.cache/nuxt/.nuxt/dist/client/_nuxt/CtaEdKhh.js               0.25 kB │ gzip:  0.20 kB
node_modules/.cache/nuxt/.nuxt/dist/client/_nuxt/Bm0Dvu2S.js               0.28 kB │ gzip:  0.22 kB
node_modules/.cache/nuxt/.nuxt/dist/client/_nuxt/BY3ymqWN.js               0.38 kB │ gzip:  0.26 kB
node_modules/.cache/nuxt/.nuxt/dist/client/_nuxt/BFgTeJ_H.js               0.42 kB │ gzip:  0.30 kB
node_modules/.cache/nuxt/.nuxt/dist/client/_nuxt/BWCaUZGo.js               0.61 kB │ gzip:  0.41 kB
node_modules/.cache/nuxt/.nuxt/dist/client/_nuxt/CN3n-FQW.js               0.71 kB │ gzip:  0.42 kB
node_modules/.cache/nuxt/.nuxt/dist/client/_nuxt/DhQoZAx7.js               0.97 kB │ gzip:  0.53 kB
node_modules/.cache/nuxt/.nuxt/dist/client/_nuxt/lBA9__Di.js               1.14 kB │ gzip:  0.48 kB
node_modules/.cache/nuxt/.nuxt/dist/client/_nuxt/UJIc1-E9.js               1.23 kB │ gzip:  0.66 kB
node_modules/.cache/nuxt/.nuxt/dist/client/_nuxt/AX30JiVt.js               1.31 kB │ gzip:  0.56 kB
node_modules/.cache/nuxt/.nuxt/dist/client/_nuxt/CLHFIjW-.js               1.32 kB │ gzip:  0.76 kB
node_modules/.cache/nuxt/.nuxt/dist/client/_nuxt/CSUIr9hc.js               2.03 kB │ gzip:  0.89 kB
node_modules/.cache/nuxt/.nuxt/dist/client/_nuxt/BEcYkwVb.js               2.05 kB │ gzip:  0.88 kB
node_modules/.cache/nuxt/.nuxt/dist/client/_nuxt/DYNLaWqW.js               2.06 kB │ gzip:  0.97 kB
node_modules/.cache/nuxt/.nuxt/dist/client/_nuxt/Bq8y62QY.js               2.07 kB │ gzip:  1.01 kB
node_modules/.cache/nuxt/.nuxt/dist/client/_nuxt/DYA2rhi9.js               2.32 kB │ gzip:  1.00 kB
node_modules/.cache/nuxt/.nuxt/dist/client/_nuxt/BDg2Kcpy.js               2.34 kB │ gzip:  1.13 kB
node_modules/.cache/nuxt/.nuxt/dist/client/_nuxt/oc7UUt1H.js               2.41 kB │ gzip:  1.06 kB
node_modules/.cache/nuxt/.nuxt/dist/client/_nuxt/D3RkBlxU.js               2.77 kB │ gzip:  1.21 kB
node_modules/.cache/nuxt/.nuxt/dist/client/_nuxt/B9WzRC_K.js               3.40 kB │ gzip:  1.54 kB
node_modules/.cache/nuxt/.nuxt/dist/client/_nuxt/Ze9seyMi.js               3.52 kB │ gzip:  1.58 kB
node_modules/.cache/nuxt/.nuxt/dist/client/_nuxt/Dmzj2ElR.js               3.72 kB │ gzip:  1.69 kB
node_modules/.cache/nuxt/.nuxt/dist/client/_nuxt/C3rLE3WB.js               3.96 kB │ gzip:  1.71 kB
node_modules/.cache/nuxt/.nuxt/dist/client/_nuxt/Sk1ABJ3o.js               4.03 kB │ gzip:  1.69 kB
node_modules/.cache/nuxt/.nuxt/dist/client/_nuxt/BS4H8q0A.js               4.44 kB │ gzip:  1.80 kB
node_modules/.cache/nuxt/.nuxt/dist/client/_nuxt/BC6p3919.js               5.14 kB │ gzip:  1.67 kB
node_modules/.cache/nuxt/.nuxt/dist/client/_nuxt/DB_WJCP2.js               5.90 kB │ gzip:  2.43 kB
node_modules/.cache/nuxt/.nuxt/dist/client/_nuxt/BSsM_-I1.js               6.28 kB │ gzip:  2.69 kB
node_modules/.cache/nuxt/.nuxt/dist/client/_nuxt/BDvz_EHx.js               6.30 kB │ gzip:  2.62 kB
node_modules/.cache/nuxt/.nuxt/dist/client/_nuxt/B07Vjqwu.js               6.35 kB │ gzip:  2.81 kB
node_modules/.cache/nuxt/.nuxt/dist/client/_nuxt/CsvjhYNe.js               6.68 kB │ gzip:  2.15 kB
node_modules/.cache/nuxt/.nuxt/dist/client/_nuxt/sQ9c2ffI.js               6.70 kB │ gzip:  3.04 kB
node_modules/.cache/nuxt/.nuxt/dist/client/_nuxt/C8rI2VZf.js               7.14 kB │ gzip:  2.88 kB
node_modules/.cache/nuxt/.nuxt/dist/client/_nuxt/C-5ATMI3.js               7.62 kB │ gzip:  2.95 kB
node_modules/.cache/nuxt/.nuxt/dist/client/_nuxt/CU0L6RbL.js               8.05 kB │ gzip:  3.09 kB
node_modules/.cache/nuxt/.nuxt/dist/client/_nuxt/BaE8f_rv.js               8.10 kB │ gzip:  2.36 kB
node_modules/.cache/nuxt/.nuxt/dist/client/_nuxt/C9LISt0Q.js               8.24 kB │ gzip:  3.16 kB
node_modules/.cache/nuxt/.nuxt/dist/client/_nuxt/BE-DtYwM.js               8.76 kB │ gzip:  3.13 kB
node_modules/.cache/nuxt/.nuxt/dist/client/_nuxt/CE9ctfIS.js               9.01 kB │ gzip:  2.89 kB
node_modules/.cache/nuxt/.nuxt/dist/client/_nuxt/FwyfeJOw.js               9.27 kB │ gzip:  3.91 kB
node_modules/.cache/nuxt/.nuxt/dist/client/_nuxt/BXq8ifxo.js               9.35 kB │ gzip:  3.07 kB
node_modules/.cache/nuxt/.nuxt/dist/client/_nuxt/io_NRhSo.js              10.23 kB │ gzip:  3.61 kB
node_modules/.cache/nuxt/.nuxt/dist/client/_nuxt/DikLVwdp.js              11.65 kB │ gzip:  4.03 kB
node_modules/.cache/nuxt/.nuxt/dist/client/_nuxt/BkZAxmWi.js              12.36 kB │ gzip:  5.37 kB
node_modules/.cache/nuxt/.nuxt/dist/client/_nuxt/DdoeLvRg.js              12.62 kB │ gzip:  4.12 kB
node_modules/.cache/nuxt/.nuxt/dist/client/_nuxt/CkKfkflq.js              13.69 kB │ gzip:  4.79 kB
node_modules/.cache/nuxt/.nuxt/dist/client/_nuxt/D4uLLsTp.js              17.05 kB │ gzip:  4.14 kB
node_modules/.cache/nuxt/.nuxt/dist/client/_nuxt/BBzMoEjn.js              17.71 kB │ gzip:  5.64 kB
node_modules/.cache/nuxt/.nuxt/dist/client/_nuxt/Dkx9uhfJ.js              18.42 kB │ gzip:  5.88 kB
node_modules/.cache/nuxt/.nuxt/dist/client/_nuxt/uVt1OTJM.js              22.53 kB │ gzip:  7.75 kB
node_modules/.cache/nuxt/.nuxt/dist/client/_nuxt/DcEBwdvp.js              23.07 kB │ gzip:  7.46 kB
node_modules/.cache/nuxt/.nuxt/dist/client/_nuxt/CtenXLnR.js              34.68 kB │ gzip:  9.73 kB
node_modules/.cache/nuxt/.nuxt/dist/client/_nuxt/DixHdjNP.js              49.47 kB │ gzip: 17.06 kB
node_modules/.cache/nuxt/.nuxt/dist/client/_nuxt/V101TQBl.js              87.49 kB │ gzip: 33.79 kB
node_modules/.cache/nuxt/.nuxt/dist/client/_nuxt/Bh_32_VS.js             306.69 kB │ gzip: 94.62 kB

ℹ ✓ built in 3.90s

 WARN  [33m[PLUGIN_TIMINGS] [0mYour build spent 95% of 3.9s inside plugin hooks (3.7s).
Measured inside the callback, so queue time is excluded and time the callback itself awaited is not:
  - vite-plugin-checker buildEnd (55%, 2.2s, 1 call)
Those rows are 55% of the build; the rest of the 95% is below.
Not measurable — 2 hooks whose calls overlap, so elapsed time covers work other calls were doing. Profile with node --cpu-prof:
  - nuxt:ssr-styles:client resolveId (165 calls)
  - nuxt:resolve-bare-imports resolveId (29 calls)
See https://rolldown.rs/reference/InputOptions.checks#plugintimings for more details.


✔ Client built in 3930ms
ℹ Building server...
ℹ vite v8.2.2 building ssr environment for production...
transforming...
✓ 401 modules transformed.
rendering chunks...
ℹ node_modules/.cache/nuxt/.nuxt/dist/server/_nuxt/analytics-styles.Di35UEDq.mjs            0.08 kB
node_modules/.cache/nuxt/.nuxt/dist/server/_nuxt/error-404-styles.UP1AHB9m.mjs            0.08 kB
node_modules/.cache/nuxt/.nuxt/dist/server/_nuxt/error-500-styles.CvfOP9g8.mjs            0.08 kB
node_modules/.cache/nuxt/.nuxt/dist/server/styles.mjs                                     0.72 kB
node_modules/.cache/nuxt/.nuxt/dist/server/_nuxt/_plugin-vue_export-helper-BOaGB7Aw.js    0.26 kB
node_modules/.cache/nuxt/.nuxt/dist/server/_nuxt/page-loader-JPF-RMuF.js                  0.29 kB │ map:     0.42 kB
node_modules/.cache/nuxt/.nuxt/dist/server/_nuxt/feedback-CmcU5SQI.js                     0.31 kB │ map:     0.34 kB
node_modules/.cache/nuxt/.nuxt/dist/server/_nuxt/use-localized-head-DXN_KNrM.js           0.35 kB │ map:     0.41 kB
node_modules/.cache/nuxt/.nuxt/dist/server/_nuxt/pages-C2KC3SdX.js                        0.36 kB │ map:     1.81 kB
node_modules/.cache/nuxt/.nuxt/dist/server/_nuxt/private-state-B3IiQHKw.js                0.43 kB │ map:     0.55 kB
node_modules/.cache/nuxt/.nuxt/dist/server/_nuxt/use-design-copy-DAtFtba3.js              0.51 kB │ map:     0.74 kB
node_modules/.cache/nuxt/.nuxt/dist/server/_nuxt/analytics-events-C30dTRZc.js             0.57 kB │ map:     2.58 kB
node_modules/.cache/nuxt/.nuxt/dist/server/_nuxt/admin-afCz7srs.js                        0.83 kB │ map:     0.52 kB
node_modules/.cache/nuxt/.nuxt/dist/server/_nuxt/learner-BK26pgYU.js                      0.85 kB │ map:     0.60 kB
node_modules/.cache/nuxt/.nuxt/dist/server/_nuxt/guest-CC64gvhf.js                        0.89 kB │ map:     0.62 kB
node_modules/.cache/nuxt/.nuxt/dist/server/_nuxt/learner-login-DnF_oOuP.js                1.20 kB │ map:     1.21 kB
node_modules/.cache/nuxt/.nuxt/dist/server/_nuxt/items-B_63xijY.js                        1.21 kB │ map:     0.49 kB
node_modules/.cache/nuxt/.nuxt/dist/server/_nuxt/create-BODiAQyj.js                       1.22 kB │ map:     0.46 kB
node_modules/.cache/nuxt/.nuxt/dist/server/_nuxt/exchange-gFLyF-Yj.js                     1.28 kB │ map:     0.58 kB
node_modules/.cache/nuxt/.nuxt/dist/server/_nuxt/analytics-styles-1.mjs-s35KHt0E.js       1.30 kB │ map:    13.50 kB
node_modules/.cache/nuxt/.nuxt/dist/server/_nuxt/growth-drafts-g6NGAUre.js                1.37 kB │ map:     6.70 kB
node_modules/.cache/nuxt/.nuxt/dist/server/_nuxt/_presetId_-CdF8Vj4x.js                   1.50 kB │ map:     0.86 kB
node_modules/.cache/nuxt/.nuxt/dist/server/_nuxt/head-Ct3iFsSb.js                         1.62 kB │ map:     4.28 kB
node_modules/.cache/nuxt/.nuxt/dist/server/_nuxt/AppError-LU6vEgMY.js                     1.74 kB │ map:     1.49 kB
node_modules/.cache/nuxt/.nuxt/dist/server/_nuxt/return-intent-CO5nbQnf.js                1.92 kB │ map:     4.37 kB
node_modules/.cache/nuxt/.nuxt/dist/server/_nuxt/_batchId_-DqtloRMz.js                    2.03 kB │ map:     2.34 kB
node_modules/.cache/nuxt/.nuxt/dist/server/_nuxt/use-display-formatters-DaWS7iXW.js       2.32 kB │ map:     4.50 kB
node_modules/.cache/nuxt/.nuxt/dist/server/_nuxt/error-500-styles-1.mjs-BIY4rstB.js       2.44 kB │ map:     5.29 kB
node_modules/.cache/nuxt/.nuxt/dist/server/_nuxt/PresetWordMeanings-CHxG1XWS.js           2.52 kB │ map:     2.65 kB
node_modules/.cache/nuxt/.nuxt/dist/server/_nuxt/presets-CPzszLp7.js                      2.53 kB │ map:     4.49 kB
node_modules/.cache/nuxt/.nuxt/dist/server/_nuxt/GenerationSettings-BLqFHBgv.js           2.75 kB │ map:     3.63 kB
node_modules/.cache/nuxt/.nuxt/dist/server/_nuxt/ssr-CB0bawPg.js                          2.84 kB │ map:     5.38 kB
node_modules/.cache/nuxt/.nuxt/dist/server/_nuxt/error-404-styles-1.mjs-DwzLrrzA.js       2.97 kB │ map:     5.93 kB
node_modules/.cache/nuxt/.nuxt/dist/server/_nuxt/AccountPage-BFMUQRa4.js                  3.14 kB │ map:     2.16 kB
node_modules/.cache/nuxt/.nuxt/dist/server/_nuxt/AppDialog-B9WcwM2N.js                    3.51 kB │ map:     6.16 kB
node_modules/.cache/nuxt/.nuxt/dist/server/_nuxt/LocaleSwitch-DbDAKlwo.js                 3.51 kB │ map:     2.87 kB
node_modules/.cache/nuxt/.nuxt/dist/server/_nuxt/analytics-BbBprsVz.js                    3.76 kB │ map:     6.99 kB
node_modules/.cache/nuxt/.nuxt/dist/server/_nuxt/AccountShell-3Vk8595s.js                 4.45 kB │ map:     6.78 kB
node_modules/.cache/nuxt/.nuxt/dist/server/_nuxt/error-500-DPlOyGox.js                    4.66 kB │ map:     5.62 kB
node_modules/.cache/nuxt/.nuxt/dist/server/_nuxt/admin-B8l4nOt-.js                        4.78 kB │ map:     6.49 kB
node_modules/.cache/nuxt/.nuxt/dist/server/_nuxt/error-404-2FN9sYUY.js                    5.36 kB │ map:     6.42 kB
node_modules/.cache/nuxt/.nuxt/dist/server/_nuxt/login-DxL4DnCu.js                        5.53 kB │ map:    12.66 kB
node_modules/.cache/nuxt/.nuxt/dist/server/_nuxt/AppSelect-5pt4LQrS.js                    5.55 kB │ map:    22.77 kB
node_modules/.cache/nuxt/.nuxt/dist/server/_nuxt/admin-z-XD6i61.js                        5.63 kB │ map:     8.69 kB
node_modules/.cache/nuxt/.nuxt/dist/server/_nuxt/register-tODQMUe1.js                     6.12 kB │ map:    14.56 kB
node_modules/.cache/nuxt/.nuxt/dist/server/_nuxt/learner-access-6fqB5ZjF.js               6.60 kB │ map:     8.45 kB
node_modules/.cache/nuxt/.nuxt/dist/server/_nuxt/pages-B1NdZidM.js                        7.90 kB │ map:    14.90 kB
node_modules/.cache/nuxt/.nuxt/dist/server/_nuxt/BatchParticipation-DLET6kfk.js           8.74 kB │ map:    15.94 kB
node_modules/.cache/nuxt/.nuxt/dist/server/_nuxt/session-C52vwORr.js                      8.80 kB │ map:    21.01 kB
node_modules/.cache/nuxt/.nuxt/dist/server/_nuxt/error-CjgzjyKf.js                        8.83 kB │ map:    22.84 kB
node_modules/.cache/nuxt/.nuxt/dist/server/_nuxt/default-Bxtd12rI.js                      9.56 kB │ map:    16.21 kB
node_modules/.cache/nuxt/.nuxt/dist/server/_nuxt/notices-DYkgUCsw.js                      9.59 kB │ map:    17.10 kB
node_modules/.cache/nuxt/.nuxt/dist/server/_nuxt/vocabulary-search-Bu9XLD4C.js           10.09 kB │ map:    28.59 kB
node_modules/.cache/nuxt/.nuxt/dist/server/_nuxt/users-CRTR4ZPM.js                       10.24 kB │ map:    21.36 kB
node_modules/.cache/nuxt/.nuxt/dist/server/_nuxt/nuxt-BmIere66.js                        12.58 kB │ map:    32.92 kB
node_modules/.cache/nuxt/.nuxt/dist/server/_nuxt/explore-BMntulD2.js                     13.29 kB │ map:    32.00 kB
node_modules/.cache/nuxt/.nuxt/dist/server/_nuxt/admin-BmayYRoI.js                       14.91 kB │ map:    31.08 kB
node_modules/.cache/nuxt/.nuxt/dist/server/_nuxt/AppIcon-vXNG6ViP.js                     17.88 kB │ map:    50.30 kB
node_modules/.cache/nuxt/.nuxt/dist/server/_nuxt/notices-DtyTtWF1.js                     18.35 kB │ map:    39.47 kB
node_modules/.cache/nuxt/.nuxt/dist/server/_nuxt/plans-DcXVa3X7.js                       18.42 kB │ map:    41.16 kB
node_modules/.cache/nuxt/.nuxt/dist/server/_nuxt/_batchId_-PKHGJZlE.js                   19.79 kB │ map:    26.65 kB
node_modules/.cache/nuxt/.nuxt/dist/server/_nuxt/models-Cs8xC8Vp.js                      20.98 kB │ map:    40.76 kB
node_modules/.cache/nuxt/.nuxt/dist/server/_nuxt/devtools-CLRpXhL7-CYb7ggQw.js           21.27 kB │ map:    73.01 kB
node_modules/.cache/nuxt/.nuxt/dist/server/_nuxt/analytics-Ca40pS8H.js                   24.66 kB │ map:    47.14 kB
node_modules/.cache/nuxt/.nuxt/dist/server/_nuxt/library-BLz7c38w.js                     25.05 kB │ map:    38.30 kB
node_modules/.cache/nuxt/.nuxt/dist/server/_nuxt/review-CkmgzoUu.js                      27.02 kB │ map:    49.19 kB
node_modules/.cache/nuxt/.nuxt/dist/server/_nuxt/growth-BtyKpfsh.js                      27.44 kB │ map:    44.79 kB
node_modules/.cache/nuxt/.nuxt/dist/server/_nuxt/presets-BRDPOw5J.js                     31.37 kB │ map:    75.42 kB
node_modules/.cache/nuxt/.nuxt/dist/server/_nuxt/account-EvBc7nE7.js                     31.53 kB │ map:    37.03 kB
node_modules/.cache/nuxt/.nuxt/dist/server/_nuxt/GenerationWorkspace-g-wPQjK0.js         32.27 kB │ map:    80.04 kB
node_modules/.cache/nuxt/.nuxt/dist/server/_nuxt/ItemsWorkspace-DIWDtCvx.js              42.69 kB │ map:    64.34 kB
node_modules/.cache/nuxt/.nuxt/dist/server/_nuxt/_userId_-lkf_h3rr.js                    45.19 kB │ map:    88.23 kB
node_modules/.cache/nuxt/.nuxt/dist/server/_nuxt/_sessionId_-eSS5ovJd.js                 60.37 kB │ map:   110.45 kB
node_modules/.cache/nuxt/.nuxt/dist/server/_nuxt/growth-DMhUPPms.js                      71.32 kB │ map:   154.29 kB
node_modules/.cache/nuxt/.nuxt/dist/server/server.mjs                                   419.30 kB │ map: 1,124.60 kB

ℹ ✓ built in 3.76s

 WARN  [33m[PLUGIN_TIMINGS] [0mYour build spent 98% of 3.8s inside plugin hooks (3.7s).
Measured inside the callback, so queue time is excluded and time the callback itself awaited is not:
  - vite-plugin-checker buildEnd (65%, 2.4s, 1 call)
Those rows are 65% of the build; the rest of the 98% is below.
Not measurable — 4 hooks whose calls overlap, so elapsed time covers work other calls were doing. Profile with node --cpu-prof:
  - nuxt:ssr-styles:ssr resolveId (163 calls)
  - nuxt:resolve-externals:external resolveId (43 calls)
  - nuxt:resolve-bare-imports resolveId (22 calls)
  … and 1 more
See https://rolldown.rs/reference/InputOptions.checks#plugintimings for more details.


✔ Server built in 3773ms
[nitro] ✔ Generated public .output/public
[nitro] ℹ Building Nuxt Nitro server (preset: node-server, compatibility date: 2026-09-01)
[nitro] ✔ Nuxt Nitro server built
  ├─ .output/server/chunks/_/error-500.mjs (5.05 kB) (2.07 kB gzip)
  ├─ .output/server/chunks/_/error-500.mjs.map (259 B) (202 B gzip)
  ├─ .output/server/chunks/build/_batchId_-DqtloRMz.mjs (2.4 kB) (995 B gzip)
  ├─ .output/server/chunks/build/_batchId_-DqtloRMz.mjs.map (940 B) (402 B gzip)
  ├─ .output/server/chunks/build/_batchId_-PKHGJZlE.mjs (20.1 kB) (4.51 kB gzip)
  ├─ .output/server/chunks/build/_batchId_-PKHGJZlE.mjs.map (16.6 kB) (3.37 kB gzip)
  ├─ .output/server/chunks/build/_plugin-vue_export-helper-BOaGB7Aw.mjs (320 B) (227 B gzip)
  ├─ .output/server/chunks/build/_plugin-vue_export-helper-BOaGB7Aw.mjs.map (225 B) (172 B gzip)
  ├─ .output/server/chunks/build/_presetId_-CdF8Vj4x.mjs (2.43 kB) (1.01 kB gzip)
  ├─ .output/server/chunks/build/_presetId_-CdF8Vj4x.mjs.map (378 B) (214 B gzip)
  ├─ .output/server/chunks/build/_sessionId_-eSS5ovJd.mjs (60.8 kB) (12 kB gzip)
  ├─ .output/server/chunks/build/_sessionId_-eSS5ovJd.mjs.map (60.9 kB) (11.1 kB gzip)
  ├─ .output/server/chunks/build/_userId_-lkf_h3rr.mjs (45.1 kB) (9.54 kB gzip)
  ├─ .output/server/chunks/build/_userId_-lkf_h3rr.mjs.map (45.3 kB) (8.39 kB gzip)
  ├─ .output/server/chunks/build/account-EvBc7nE7.mjs (31.9 kB) (4.47 kB gzip)
  ├─ .output/server/chunks/build/account-EvBc7nE7.mjs.map (28.2 kB) (3.75 kB gzip)
  ├─ .output/server/chunks/build/AccountPage-BFMUQRa4.mjs (3.14 kB) (1.03 kB gzip)
  ├─ .output/server/chunks/build/AccountPage-BFMUQRa4.mjs.map (1.47 kB) (441 B gzip)
  ├─ .output/server/chunks/build/AccountShell-3Vk8595s.mjs (4.42 kB) (1.47 kB gzip)
  ├─ .output/server/chunks/build/AccountShell-3Vk8595s.mjs.map (2.66 kB) (735 B gzip)
  ├─ .output/server/chunks/build/admin-afCz7srs.mjs (1.06 kB) (486 B gzip)
  ├─ .output/server/chunks/build/admin-afCz7srs.mjs.map (411 B) (236 B gzip)
  ├─ .output/server/chunks/build/admin-B8l4nOt-.mjs (5.3 kB) (1.82 kB gzip)
  ├─ .output/server/chunks/build/admin-B8l4nOt-.mjs.map (2.79 kB) (740 B gzip)
  ├─ .output/server/chunks/build/admin-BmayYRoI.mjs (14.8 kB) (3.17 kB gzip)
  ├─ .output/server/chunks/build/admin-BmayYRoI.mjs.map (16.1 kB) (3.23 kB gzip)
  ├─ .output/server/chunks/build/admin-z-XD6i61.mjs (6.02 kB) (1.98 kB gzip)
  ├─ .output/server/chunks/build/admin-z-XD6i61.mjs.map (3.84 kB) (972 B gzip)
  ├─ .output/server/chunks/build/analytics-BbBprsVz.mjs (3.67 kB) (1.3 kB gzip)
  ├─ .output/server/chunks/build/analytics-BbBprsVz.mjs.map (4.15 kB) (1.15 kB gzip)
  ├─ .output/server/chunks/build/analytics-Ca40pS8H.mjs (25 kB) (5.95 kB gzip)
  ├─ .output/server/chunks/build/analytics-Ca40pS8H.mjs.map (416 B) (277 B gzip)
  ├─ .output/server/chunks/build/analytics-events-C30dTRZc.mjs (525 B) (336 B gzip)
  ├─ .output/server/chunks/build/analytics-events-C30dTRZc.mjs.map (511 B) (300 B gzip)
  ├─ .output/server/chunks/build/analytics-styles.Di35UEDq.mjs (1.35 kB) (545 B gzip)
  ├─ .output/server/chunks/build/analytics-styles.Di35UEDq.mjs.map (217 B) (167 B gzip)
  ├─ .output/server/chunks/build/AppDialog-B9WcwM2N.mjs (3.51 kB) (1.33 kB gzip)
  ├─ .output/server/chunks/build/AppDialog-B9WcwM2N.mjs.map (2.11 kB) (702 B gzip)
  ├─ .output/server/chunks/build/AppError-LU6vEgMY.mjs (1.74 kB) (756 B gzip)
  ├─ .output/server/chunks/build/AppError-LU6vEgMY.mjs.map (638 B) (280 B gzip)
  ├─ .output/server/chunks/build/AppIcon-vXNG6ViP.mjs (17.9 kB) (3.96 kB gzip)
  ├─ .output/server/chunks/build/AppIcon-vXNG6ViP.mjs.map (4.72 kB) (652 B gzip)
  ├─ .output/server/chunks/build/AppSelect-5pt4LQrS.mjs (5.54 kB) (1.91 kB gzip)
  ├─ .output/server/chunks/build/AppSelect-5pt4LQrS.mjs.map (4.45 kB) (1.22 kB gzip)
  ├─ .output/server/chunks/build/BatchParticipation-DLET6kfk.mjs (8.61 kB) (2.12 kB gzip)
  ├─ .output/server/chunks/build/BatchParticipation-DLET6kfk.mjs.map (8.07 kB) (1.69 kB gzip)
  ├─ .output/server/chunks/build/create-BODiAQyj.mjs (2.18 kB) (917 B gzip)
  ├─ .output/server/chunks/build/create-BODiAQyj.mjs.map (205 B) (143 B gzip)
  ├─ .output/server/chunks/build/default-Bxtd12rI.mjs (10.1 kB) (2.66 kB gzip)
  ├─ .output/server/chunks/build/default-Bxtd12rI.mjs.map (6.54 kB) (1.45 kB gzip)
  ├─ .output/server/chunks/build/error-404-2FN9sYUY.mjs (5.83 kB) (2.39 kB gzip)
  ├─ .output/server/chunks/build/error-404-2FN9sYUY.mjs.map (323 B) (244 B gzip)
  ├─ .output/server/chunks/build/error-404-styles.UP1AHB9m.mjs (3.02 kB) (1.15 kB gzip)
  ├─ .output/server/chunks/build/error-404-styles.UP1AHB9m.mjs.map (217 B) (170 B gzip)
  ├─ .output/server/chunks/build/error-500-DPlOyGox.mjs (5.17 kB) (2.14 kB gzip)
  ├─ .output/server/chunks/build/error-500-DPlOyGox.mjs.map (323 B) (243 B gzip)
  ├─ .output/server/chunks/build/error-500-styles.CvfOP9g8.mjs (2.49 kB) (1.02 kB gzip)
  ├─ .output/server/chunks/build/error-500-styles.CvfOP9g8.mjs.map (217 B) (167 B gzip)
  ├─ .output/server/chunks/build/exchange-gFLyF-Yj.mjs (2.09 kB) (878 B gzip)
  ├─ .output/server/chunks/build/exchange-gFLyF-Yj.mjs.map (300 B) (174 B gzip)
  ├─ .output/server/chunks/build/explore-BMntulD2.mjs (13.8 kB) (4.13 kB gzip)
  ├─ .output/server/chunks/build/explore-BMntulD2.mjs.map (11.4 kB) (2.75 kB gzip)
  ├─ .output/server/chunks/build/GenerationSettings-BLqFHBgv.mjs (2.75 kB) (901 B gzip)
  ├─ .output/server/chunks/build/GenerationSettings-BLqFHBgv.mjs.map (1.28 kB) (365 B gzip)
  ├─ .output/server/chunks/build/GenerationWorkspace-g-wPQjK0.mjs (32.1 kB) (6.98 kB gzip)
  ├─ .output/server/chunks/build/GenerationWorkspace-g-wPQjK0.mjs.map (29.3 kB) (5.81 kB gzip)
  ├─ .output/server/chunks/build/growth-BtyKpfsh.mjs (27.8 kB) (5.96 kB gzip)
  ├─ .output/server/chunks/build/growth-BtyKpfsh.mjs.map (24.4 kB) (4.75 kB gzip)
  ├─ .output/server/chunks/build/growth-DMhUPPms.mjs (71.6 kB) (12.8 kB gzip)
  ├─ .output/server/chunks/build/growth-DMhUPPms.mjs.map (69.7 kB) (12 kB gzip)
  ├─ .output/server/chunks/build/growth-drafts-g6NGAUre.mjs (1.36 kB) (676 B gzip)
  ├─ .output/server/chunks/build/growth-drafts-g6NGAUre.mjs.map (1.64 kB) (618 B gzip)
  ├─ .output/server/chunks/build/guest-CC64gvhf.mjs (1.12 kB) (520 B gzip)
  ├─ .output/server/chunks/build/guest-CC64gvhf.mjs.map (467 B) (256 B gzip)
  ├─ .output/server/chunks/build/items-B_63xijY.mjs (2.02 kB) (852 B gzip)
  ├─ .output/server/chunks/build/items-B_63xijY.mjs.map (136 B) (95 B gzip)
  ├─ .output/server/chunks/build/ItemsWorkspace-DIWDtCvx.mjs (42.5 kB) (6.97 kB gzip)
  ├─ .output/server/chunks/build/ItemsWorkspace-DIWDtCvx.mjs.map (42.5 kB) (6.75 kB gzip)
  ├─ .output/server/chunks/build/learner-access-6fqB5ZjF.mjs (6.49 kB) (1.91 kB gzip)
  ├─ .output/server/chunks/build/learner-access-6fqB5ZjF.mjs.map (4.08 kB) (1.14 kB gzip)
  ├─ .output/server/chunks/build/learner-BK26pgYU.mjs (1.07 kB) (490 B gzip)
  ├─ .output/server/chunks/build/learner-BK26pgYU.mjs.map (410 B) (238 B gzip)
  ├─ .output/server/chunks/build/learner-login-DnF_oOuP.mjs (1.42 kB) (645 B gzip)
  ├─ .output/server/chunks/build/learner-login-DnF_oOuP.mjs.map (745 B) (360 B gzip)
  ├─ .output/server/chunks/build/library-BLz7c38w.mjs (24.9 kB) (5.33 kB gzip)
  ├─ .output/server/chunks/build/library-BLz7c38w.mjs.map (21.8 kB) (4.26 kB gzip)
  ├─ .output/server/chunks/build/LocaleSwitch-DbDAKlwo.mjs (3.52 kB) (1.36 kB gzip)
  ├─ .output/server/chunks/build/LocaleSwitch-DbDAKlwo.mjs.map (1.01 kB) (423 B gzip)
  ├─ .output/server/chunks/build/login-DxL4DnCu.mjs (5.86 kB) (1.97 kB gzip)
  ├─ .output/server/chunks/build/login-DxL4DnCu.mjs.map (3.54 kB) (907 B gzip)
  ├─ .output/server/chunks/build/models-Cs8xC8Vp.mjs (21.4 kB) (4.46 kB gzip)
  ├─ .output/server/chunks/build/models-Cs8xC8Vp.mjs.map (20.4 kB) (3.51 kB gzip)
  ├─ .output/server/chunks/build/notices-DtyTtWF1.mjs (18.6 kB) (4.47 kB gzip)
  ├─ .output/server/chunks/build/notices-DtyTtWF1.mjs.map (14.7 kB) (3.1 kB gzip)
  ├─ .output/server/chunks/build/notices-DYkgUCsw.mjs (9.94 kB) (2.99 kB gzip)
  ├─ .output/server/chunks/build/notices-DYkgUCsw.mjs.map (8.65 kB) (2.11 kB gzip)
  ├─ .output/server/chunks/build/page-loader-JPF-RMuF.mjs (292 B) (225 B gzip)
  ├─ .output/server/chunks/build/page-loader-JPF-RMuF.mjs.map (265 B) (199 B gzip)
  ├─ .output/server/chunks/build/pages-B1NdZidM.mjs (8.37 kB) (2.76 kB gzip)
  ├─ .output/server/chunks/build/pages-B1NdZidM.mjs.map (5.53 kB) (1.22 kB gzip)
  ├─ .output/server/chunks/build/plans-DcXVa3X7.mjs (18.8 kB) (4.41 kB gzip)
  ├─ .output/server/chunks/build/plans-DcXVa3X7.mjs.map (17 kB) (3.48 kB gzip)
  ├─ .output/server/chunks/build/presets-BRDPOw5J.mjs (31.6 kB) (7.03 kB gzip)
  ├─ .output/server/chunks/build/presets-BRDPOw5J.mjs.map (31.3 kB) (6.08 kB gzip)
  ├─ .output/server/chunks/build/presets-CPzszLp7.mjs (2.44 kB) (815 B gzip)
  ├─ .output/server/chunks/build/presets-CPzszLp7.mjs.map (2.79 kB) (741 B gzip)
  ├─ .output/server/chunks/build/PresetWordMeanings-CHxG1XWS.mjs (2.52 kB) (967 B gzip)
  ├─ .output/server/chunks/build/PresetWordMeanings-CHxG1XWS.mjs.map (964 B) (370 B gzip)
  ├─ .output/server/chunks/build/register-tODQMUe1.mjs (6.45 kB) (2.07 kB gzip)
  ├─ .output/server/chunks/build/register-tODQMUe1.mjs.map (3.84 kB) (976 B gzip)
  ├─ .output/server/chunks/build/return-intent-CO5nbQnf.mjs (1.92 kB) (834 B gzip)
  ├─ .output/server/chunks/build/return-intent-CO5nbQnf.mjs.map (2.4 kB) (796 B gzip)
  ├─ .output/server/chunks/build/review-CkmgzoUu.mjs (27 kB) (6.57 kB gzip)
  ├─ .output/server/chunks/build/review-CkmgzoUu.mjs.map (25.1 kB) (5.27 kB gzip)
  ├─ .output/server/chunks/build/use-design-copy-DAtFtba3.mjs (513 B) (358 B gzip)
  ├─ .output/server/chunks/build/use-design-copy-DAtFtba3.mjs.map (487 B) (281 B gzip)
  ├─ .output/server/chunks/build/use-display-formatters-DaWS7iXW.mjs (2.33 kB) (971 B gzip)
  ├─ .output/server/chunks/build/use-display-formatters-DaWS7iXW.mjs.map (2.77 kB) (836 B gzip)
  ├─ .output/server/chunks/build/use-localized-head-DXN_KNrM.mjs (316 B) (239 B gzip)
  ├─ .output/server/chunks/build/use-localized-head-DXN_KNrM.mjs.map (299 B) (211 B gzip)
  ├─ .output/server/chunks/build/users-CRTR4ZPM.mjs (10.3 kB) (3.3 kB gzip)
  ├─ .output/server/chunks/build/users-CRTR4ZPM.mjs.map (8.11 kB) (2.15 kB gzip)
  ├─ .output/server/chunks/build/vocabulary-search-Bu9XLD4C.mjs (10.1 kB) (2.9 kB gzip)
  ├─ .output/server/chunks/build/vocabulary-search-Bu9XLD4C.mjs.map (8.37 kB) (2.08 kB gzip)
  ├─ .output/server/chunks/nitro/nitro.mjs (219 kB) (55.1 kB gzip)
  ├─ .output/server/chunks/nitro/nitro.mjs.map (10.7 kB) (1.43 kB gzip)
  ├─ .output/server/chunks/raw/0286ed24.mjs (51.6 kB) (15.2 kB gzip)
  ├─ .output/server/chunks/raw/0286ed24.mjs.map (76 B) (89 B gzip)
  ├─ .output/server/chunks/raw/c75dadbf.mjs (50.5 kB) (16.8 kB gzip)
  ├─ .output/server/chunks/raw/c75dadbf.mjs.map (76 B) (89 B gzip)
  ├─ .output/server/chunks/routes/renderer.mjs (15.4 kB) (5.35 kB gzip)
  ├─ .output/server/chunks/routes/renderer.mjs.map (2.07 kB) (428 B gzip)
  ├─ .output/server/chunks/virtual/_virtual_spa-template.mjs (94 B) (100 B gzip)
  ├─ .output/server/chunks/virtual/_virtual_spa-template.mjs.map (88 B) (97 B gzip)
  ├─ .output/server/chunks/virtual/entry.mjs (472 kB) (111 kB gzip)
  ├─ .output/server/chunks/virtual/entry.mjs.map (23.1 kB) (3.42 kB gzip)
  ├─ .output/server/chunks/virtual/precomputed.mjs (56 kB) (4.29 kB gzip)
  ├─ .output/server/chunks/virtual/precomputed.mjs.map (181 B) (150 B gzip)
  ├─ .output/server/chunks/virtual/styles.mjs (798 B) (358 B gzip)
  ├─ .output/server/chunks/virtual/styles.mjs.map (164 B) (142 B gzip)
  ├─ .output/server/index.mjs (374 B) (215 B gzip)
  └─ .output/server/package.json (1.27 kB) (497 B gzip)
Σ Total size: 5.11 MB (1.23 MB gzip)
[nitro] ✔ You can preview this build using node .output/server/index.mjs
│
└  ✨ Build complete!
