expect(locator).toContainText(expected) failed

Locator: locator('.preset-meanings')
Expected substring: "Generate a preview to see meanings"
Received string:    "Word meaningsEnglishadaptchange to fit a new situation"
Timeout: 5000ms

Call log:
  - Expect "to.have.text" with timeout 5000ms
  - waiting for locator('.preset-meanings')
    14 × locator resolved to <section class="preset-meanings" aria-label="Word meanings">…</section>
       - unexpected value "Word meaningsEnglishadaptchange to fit a new situation"

{
  "passed": 2,
  "failed": [
    {
      "name": "FE3-V03/V06/V07 administrator picker and retained preview",
      "result": "FAIL",
      "error": "expect(locator).toContainText(expected) failed\n\nLocator: locator('.preset-meanings')\nExpected substring: \"Generate a preview to see meanings\"\nReceived string:    \"Word meaningsEnglishadaptchange to fit a new situation\"\nTimeout: 5000ms\n\nCall log:\n  - Expect \"to.have.text\" with timeout 5000ms\n  - waiting for locator('.preset-meanings')\n    14 × locator resolved to <section class=\"preset-meanings\" aria-label=\"Word meanings\">…</section>\n       - unexpected value \"Word meaningsEnglishadaptchange to fit a new situation\"\n"
    }
  ]
}
