app/application/generation/vocabulary-search.ts 34ms (unchanged)
app/assets/css/application.css 18ms (unchanged)
app/assets/css/theme.css 194ms (unchanged)
app/pages/account/index.vue 55ms (unchanged)
app/pages/admin/analytics.vue 61ms (unchanged)
app/pages/admin/growth.vue 15ms (unchanged)
app/pages/admin/notices.vue 35ms (unchanged)
app/pages/admin/presets.vue 60ms (unchanged)
app/pages/admin/users/[userId]/index.vue 79ms (unchanged)
app/pages/explore.vue 29ms (unchanged)
app/pages/index.vue 17ms (unchanged)
app/pages/notices.vue 7ms (unchanged)
app/pages/review/[sessionId].vue 42ms (unchanged)
app/presentation/admin/item-type-names.ts 2ms (unchanged)
app/presentation/components/AppDialog.vue 7ms (unchanged)
app/presentation/components/AppIcon.vue 20ms (unchanged)
app/presentation/components/AppSelect.vue 24ms
app/presentation/components/GenerationWorkspace.vue 35ms (unchanged)
app/presentation/components/LocaleSwitch.vue 3ms (unchanged)
app/presentation/components/NoticeHost.vue 6ms (unchanged)
app/presentation/components/NoticeReadingDialog.vue 4ms (unchanged)
app/presentation/components/PresetWordMeanings.vue 4ms (unchanged)
app/presentation/components/WordPicker.vue 24ms (unchanged)
app/presentation/components/admin/ItemDefinitions.vue 52ms (unchanged)
app/presentation/components/admin/TierEditor.vue 49ms (unchanged)
app/presentation/components/review/ReviewRangeSetup.vue 12ms (unchanged)
app/presentation/home/sample-stories.ts 2ms (unchanged)
app/runtime/stores/generation.ts 19ms (unchanged)
app/runtime/stores/vocabulary-search.ts 1ms (unchanged)
design/source-manifest.json 1ms (unchanged)
i18n/locales/en-US.json 11ms (unchanged)
i18n/locales/zh-CN.json 9ms (unchanged)
public/licenses/lucide-source.md 19ms (unchanged)
scripts/sync-design.mjs 9ms (unchanged)
tests/e2e/m002-admin-core.spec.ts 9ms (unchanged)
tests/e2e/m002-admin-growth.spec.ts 12ms
tests/e2e/m002-admin-presets.spec.ts 7ms
tests/e2e/m002-learning.spec.ts 6ms
tests/e2e/select-control.ts 3ms
tests/integration/m002-ui26.mjs 14ms
tests/unit/generation-lifecycle.test.ts 18ms (unchanged)
tests/unit/vocabulary-search.test.ts 4ms (unchanged)
