playwright.config.ts 28ms (unchanged)
design/source-manifest.json 7ms (unchanged)
scripts/sync-design.mjs 20ms (unchanged)
app/pages/index.vue 59ms (unchanged)
app/pages/notices.vue 13ms (unchanged)
app/pages/explore.vue 37ms (unchanged)
app/runtime/stores/vocabulary-search.ts 2ms (unchanged)
app/runtime/stores/generation.ts 26ms (unchanged)
app/application/generation/vocabulary-search.ts 4ms (unchanged)
app/assets/css/theme.css 194ms (unchanged)
app/assets/css/application.css 4ms (unchanged)
app/pages/admin/notices.vue 35ms (unchanged)
app/pages/admin/growth.vue 14ms (unchanged)
app/pages/admin/analytics.vue 70ms (unchanged)
app/pages/admin/presets.vue 58ms (unchanged)
app/pages/review/[sessionId].vue 43ms (unchanged)
app/pages/account/index.vue 19ms (unchanged)
app/pages/admin/users/[userId]/index.vue 50ms (unchanged)
app/presentation/home/sample-stories.ts 3ms (unchanged)
app/presentation/admin/item-type-names.ts 1ms (unchanged)
app/presentation/components/PresetWordMeanings.vue 5ms (unchanged)
app/presentation/components/WordPicker.vue 23ms (unchanged)
app/presentation/components/NoticeReadingDialog.vue 4ms (unchanged)
app/presentation/components/NoticeHost.vue 6ms (unchanged)
app/presentation/components/GenerationWorkspace.vue 35ms (unchanged)
app/presentation/components/AppDialog.vue 6ms (unchanged)
app/presentation/components/AppIcon.vue 23ms (unchanged)
app/presentation/components/AppSelect.vue 22ms (unchanged)
app/presentation/components/LocaleSwitch.vue 3ms (unchanged)
app/presentation/components/admin/TierEditor.vue 50ms (unchanged)
app/presentation/components/admin/ItemDefinitions.vue 48ms (unchanged)
app/presentation/components/review/ReviewRangeSetup.vue 11ms (unchanged)
tests/unit/vocabulary-search.test.ts 4ms (unchanged)
tests/unit/generation-lifecycle.test.ts 18ms (unchanged)
tests/integration/m002-ui26.mjs 16ms (unchanged)
tests/e2e/m002-admin-growth.spec.ts 10ms (unchanged)
tests/e2e/m002-admin-core.spec.ts 8ms (unchanged)
tests/e2e/select-control.ts 2ms
tests/e2e/m002-learning.spec.ts 5ms (unchanged)
tests/e2e/m002-admin-presets.spec.ts 6ms (unchanged)
public/licenses/lucide-source.md 17ms (unchanged)
i18n/locales/zh-CN.json 12ms (unchanged)
i18n/locales/en-US.json 8ms (unchanged)
