app/assets/css/application.css 21ms
app/assets/css/theme.css 192ms (unchanged)
app/pages/account/index.vue 85ms (unchanged)
app/pages/admin/analytics.vue 67ms (unchanged)
app/pages/admin/growth.vue 15ms (unchanged)
app/pages/admin/notices.vue 39ms (unchanged)
app/pages/admin/presets.vue 64ms
app/pages/admin/users/[userId]/index.vue 67ms (unchanged)
app/pages/explore.vue 27ms
app/pages/index.vue 14ms
app/pages/notices.vue 7ms
app/pages/review/[sessionId].vue 47ms (unchanged)
app/presentation/admin/item-type-names.ts 2ms (unchanged)
app/presentation/components/AppDialog.vue 7ms
app/presentation/components/AppIcon.vue 26ms (unchanged)
app/presentation/components/GenerationWorkspace.vue 35ms
app/presentation/components/LocaleSwitch.vue 3ms (unchanged)
app/presentation/components/NoticeHost.vue 7ms
app/presentation/components/admin/ItemDefinitions.vue 53ms (unchanged)
app/presentation/components/admin/TierEditor.vue 49ms (unchanged)
app/presentation/components/review/ReviewRangeSetup.vue 11ms (unchanged)
app/presentation/home/sample-stories.ts 2ms (unchanged)
app/runtime/stores/generation.ts 18ms
design/source-manifest.json 1ms (unchanged)
i18n/locales/en-US.json 12ms (unchanged)
i18n/locales/zh-CN.json 9ms (unchanged)
public/licenses/lucide-source.md 18ms (unchanged)
scripts/sync-design.mjs 10ms
tests/unit/generation-lifecycle.test.ts 21ms
app/presentation/components/AppSelect.vue 21ms
app/presentation/components/WordPicker.vue 23ms
app/presentation/components/NoticeReadingDialog.vue 4ms
app/presentation/components/PresetWordMeanings.vue 4ms
app/application/generation/vocabulary-search.ts 3ms
app/runtime/stores/vocabulary-search.ts 1ms
tests/unit/vocabulary-search.test.ts 4ms
