{"time":"2026-09-28T16:35:54.448952+08:00","level":"INFO","msg":"server_build","provenance":"unavailable"}
{"time":"2026-09-28T16:35:55.31886+08:00","level":"INFO","msg":"http_request","request_id":"req_HXvRUJtrWxqZdJA_jqirDg","method":"GET","route":"/health/ready","status":200,"duration_ms":0}
{"time":"2026-09-28T16:35:55.535711+08:00","level":"INFO","msg":"http_request","request_id":"req_7C-SK9MdMhPhUpr1roHYEQ","method":"GET","route":"/api/v1/bootstrap","status":200,"duration_ms":0}
{"time":"2026-09-28T16:35:55.699953+08:00","level":"INFO","msg":"http_request","request_id":"req_MPwcCFker80X8Vwz-fCuug","method":"GET","route":"/health/ready","status":503,"duration_ms":0}
{"time":"2026-09-28T16:35:56.222863+08:00","level":"INFO","msg":"http_request","request_id":"req_xTa351QD96TvT7D9N4Qpww","method":"GET","route":"/api/v1/bootstrap","status":200,"duration_ms":3}
{"time":"2026-09-28T16:35:56.316344+08:00","level":"INFO","msg":"http_request","request_id":"req_V3sdyOKs-qW5BTh1YOfLEA","method":"POST","route":"/api/v1/auth/login","status":200,"duration_ms":87}
{"time":"2026-09-28T16:35:56.320971+08:00","level":"INFO","msg":"http_request","request_id":"req_OzVufquDmcC2bX1Usim6bg","method":"GET","route":"/api/v1/bootstrap","status":200,"duration_ms":1}
{"time":"2026-09-28T16:35:56.325071+08:00","level":"INFO","msg":"http_request","request_id":"req_Aqn3hTfzpVKtRvEgd03-bg","method":"PUT","route":"/api/v1/me/ui-locale","status":200,"duration_ms":1}
{"time":"2026-09-28T16:35:56.33039+08:00","level":"INFO","msg":"http_request","request_id":"req_a1pN0BYQcvknEpCr8NKKzw","method":"GET","route":"/api/v1/me/batches/{batch_id}","status":200,"duration_ms":3}
{"time":"2026-09-28T16:35:56.735083+08:00","level":"INFO","msg":"http_request","request_id":"req_BdgHvE4zgt6bUjaNlFhhsg","method":"GET","route":"/api/v1/bootstrap","status":200,"duration_ms":0}
{"time":"2026-09-28T16:35:56.738917+08:00","level":"INFO","msg":"http_request","request_id":"req_Q_78gHlCaWVNg-0jPZc5dQ","method":"GET","route":"/api/v1/me/account","status":200,"duration_ms":1}
{"time":"2026-09-28T16:35:56.74768+08:00","level":"INFO","msg":"http_request","request_id":"req_LrT3US3q8UgSfJg2u-KRRA","method":"GET","route":"/api/v1/me/batches/{batch_id}","status":200,"duration_ms":1}
{"time":"2026-09-28T16:35:56.88997+08:00","level":"INFO","msg":"http_request","request_id":"req_H5HqH-aCRhQldD85Lxn2Og","method":"GET","route":"/api/v1/bootstrap","status":200,"duration_ms":0}
{"time":"2026-09-28T16:35:56.901003+08:00","level":"INFO","msg":"http_request","request_id":"req_UmtMskzFBalv9gqF_MNPUA","method":"POST","route":"/api/v1/analytics/events","status":204,"duration_ms":5}
{"time":"2026-09-28T16:35:57.246129+08:00","level":"INFO","msg":"http_request","request_id":"req_aOBZwa3hlU-Ij4JQuONJcw","method":"GET","route":"/api/v1/bootstrap","status":200,"duration_ms":0}
{"time":"2026-09-28T16:35:57.254706+08:00","level":"INFO","msg":"http_request","request_id":"req_7zI55RTwQYdRN6EwTg2nrQ","method":"PATCH","route":"/api/v1/me/batches/{batch_id}","status":200,"duration_ms":2}
{"time":"2026-09-28T16:35:58.169586+08:00","level":"INFO","msg":"http_request","request_id":"req_-LLspOU4VBEBo8SowDW_eg","method":"GET","route":"/api/v1/bootstrap","status":200,"duration_ms":0}
{"time":"2026-09-28T16:35:58.175193+08:00","level":"INFO","msg":"http_request","request_id":"req_onYI1eUFJKoFxxuXVWj7kA","method":"PATCH","route":"/api/v1/me/batches/{batch_id}","status":200,"duration_ms":2}
{"time":"2026-09-28T16:36:00.685681+08:00","level":"INFO","msg":"http_request","request_id":"req_BW9-A-yOV4DvEPyYG8VGfA","method":"GET","route":"/api/v1/bootstrap","status":200,"duration_ms":0}
{"time":"2026-09-28T16:36:00.687513+08:00","level":"INFO","msg":"http_request","request_id":"req_IMz1FZXz7qSH9THkOP36SQ","method":"GET","route":"/api/v1/me/account","status":200,"duration_ms":0}
{"time":"2026-09-28T16:36:00.691493+08:00","level":"INFO","msg":"http_request","request_id":"req_TLn1oAT0Xlp1PrJJqRvUTQ","method":"GET","route":"/api/v1/me/batches/{batch_id}","status":200,"duration_ms":1}
{"time":"2026-09-28T16:36:00.753772+08:00","level":"INFO","msg":"http_request","request_id":"req_mv_OAD1Ljck-ckTFnFneUw","method":"GET","route":"/api/v1/bootstrap","status":200,"duration_ms":0}
{"time":"2026-09-28T16:36:00.767954+08:00","level":"INFO","msg":"http_request","request_id":"req_EwnEWjn7i8sy9I3bXUKp0g","method":"POST","route":"/api/v1/analytics/events","status":204,"duration_ms":2}
{"time":"2026-09-28T16:36:01.174813+08:00","level":"INFO","msg":"http_request","request_id":"req_BBvMj9P7lAUmmgVVw6nTlQ","method":"GET","route":"/api/v1/bootstrap","status":200,"duration_ms":0}
{"time":"2026-09-28T16:36:01.257092+08:00","level":"INFO","msg":"http_request","request_id":"req_uqeLWRXkInNEbpLl7DmWEg","method":"POST","route":"/api/v1/auth/login","status":200,"duration_ms":80}
{"time":"2026-09-28T16:36:01.259925+08:00","level":"INFO","msg":"http_request","request_id":"req_2yT32I60FRczr4sEP6aH8g","method":"GET","route":"/api/v1/bootstrap","status":200,"duration_ms":0}
{"time":"2026-09-28T16:36:01.262436+08:00","level":"INFO","msg":"http_request","request_id":"req_6dDPil7UtpArboKZH1gm8g","method":"PUT","route":"/api/v1/me/ui-locale","status":200,"duration_ms":1}
{"time":"2026-09-28T16:36:01.26505+08:00","level":"INFO","msg":"http_request","request_id":"req_zA2gr5mWjHmbOowRzILBAQ","method":"GET","route":"/api/v1/me/batches/{batch_id}","status":200,"duration_ms":1}
{"time":"2026-09-28T16:36:01.643161+08:00","level":"INFO","msg":"http_request","request_id":"req_2qzJx4OspIwpkbBLLfvjXw","method":"GET","route":"/api/v1/bootstrap","status":200,"duration_ms":0}
{"time":"2026-09-28T16:36:01.644904+08:00","level":"INFO","msg":"http_request","request_id":"req_ycADJtnqLGFNxjK5S417PQ","method":"GET","route":"/api/v1/me/account","status":200,"duration_ms":0}
{"time":"2026-09-28T16:36:01.648299+08:00","level":"INFO","msg":"http_request","request_id":"req_JFaTsU-uGvzNHyMhU5bXFA","method":"GET","route":"/api/v1/me/batches/{batch_id}","status":200,"duration_ms":0}
{"time":"2026-09-28T16:36:01.771129+08:00","level":"INFO","msg":"http_request","request_id":"req_2eVrQXdWsB43KnOD-sRMxA","method":"GET","route":"/api/v1/bootstrap","status":200,"duration_ms":0}
{"time":"2026-09-28T16:36:01.779283+08:00","level":"INFO","msg":"http_request","request_id":"req_0EekAmrs38rIwGBMmoV7pg","method":"POST","route":"/api/v1/analytics/events","status":204,"duration_ms":2}
{"time":"2026-09-28T16:36:02.139292+08:00","level":"INFO","msg":"http_request","request_id":"req_tblLHECDOiUeLRGhZjH1Aw","method":"GET","route":"/api/v1/bootstrap","status":200,"duration_ms":0}
{"time":"2026-09-28T16:36:02.144607+08:00","level":"INFO","msg":"http_request","request_id":"req_-R2Lq3Xip-UZq2jRE_mCyw","method":"PATCH","route":"/api/v1/me/batches/{batch_id}","status":200,"duration_ms":1}
{"time":"2026-09-28T16:36:03.04652+08:00","level":"INFO","msg":"http_request","request_id":"req_gxgIJMa5QkTHjN_JsChrQw","method":"GET","route":"/api/v1/bootstrap","status":200,"duration_ms":0}
{"time":"2026-09-28T16:36:03.051361+08:00","level":"INFO","msg":"http_request","request_id":"req_uZ3DxEJhM6pxqRAeWr_9AA","method":"PATCH","route":"/api/v1/me/batches/{batch_id}","status":200,"duration_ms":1}
{"time":"2026-09-28T16:36:05.499424+08:00","level":"INFO","msg":"http_request","request_id":"req_yjqYvIN0W19HhhmfwCx5Lw","method":"GET","route":"/api/v1/bootstrap","status":200,"duration_ms":0}
{"time":"2026-09-28T16:36:05.500729+08:00","level":"INFO","msg":"http_request","request_id":"req_2c07FfjRXXhiboR8w6PdIA","method":"GET","route":"/api/v1/me/account","status":200,"duration_ms":0}
{"time":"2026-09-28T16:36:05.503673+08:00","level":"INFO","msg":"http_request","request_id":"req_kLP5kZPitIGa4WgQTqfZYg","method":"GET","route":"/api/v1/me/batches/{batch_id}","status":200,"duration_ms":1}
{"time":"2026-09-28T16:36:05.562058+08:00","level":"INFO","msg":"http_request","request_id":"req_xRO_otbosvEO9LGH_KSefw","method":"GET","route":"/api/v1/bootstrap","status":200,"duration_ms":0}
{"time":"2026-09-28T16:36:05.576116+08:00","level":"INFO","msg":"http_request","request_id":"req_Q6zQeNXTApLA2OnN37ZHLw","method":"POST","route":"/api/v1/analytics/events","status":204,"duration_ms":2}
{"time":"2026-09-28T16:36:05.944746+08:00","level":"INFO","msg":"http_request","request_id":"req_7nUx521J_reR49oFK7G0vQ","method":"GET","route":"/api/v1/bootstrap","status":200,"duration_ms":0}
{"time":"2026-09-28T16:36:06.027693+08:00","level":"INFO","msg":"http_request","request_id":"req_jrNJ-MEMQFN_YaUC2QFIEQ","method":"POST","route":"/api/v1/auth/login","status":200,"duration_ms":81}
{"time":"2026-09-28T16:36:06.030062+08:00","level":"INFO","msg":"http_request","request_id":"req_6yk_MELSP6ipYb-KrjhtZw","method":"GET","route":"/api/v1/bootstrap","status":200,"duration_ms":0}
{"time":"2026-09-28T16:36:06.031953+08:00","level":"INFO","msg":"http_request","request_id":"req_GCXlGD93squJXh2KrqWECg","method":"PUT","route":"/api/v1/me/ui-locale","status":200,"duration_ms":0}
{"time":"2026-09-28T16:36:06.033813+08:00","level":"INFO","msg":"http_request","request_id":"req_dPyKyHoWe1gc8LxVjZemgA","method":"GET","route":"/api/v1/me/batches/{batch_id}","status":200,"duration_ms":0}
{"time":"2026-09-28T16:36:06.428495+08:00","level":"INFO","msg":"http_request","request_id":"req_55Jl9YYL7hqyj6pq8-513w","method":"GET","route":"/api/v1/bootstrap","status":200,"duration_ms":0}
{"time":"2026-09-28T16:36:06.430127+08:00","level":"INFO","msg":"http_request","request_id":"req_n1oYcPDBLm8HuUGLJh9qFg","method":"GET","route":"/api/v1/me/account","status":200,"duration_ms":0}
{"time":"2026-09-28T16:36:06.433234+08:00","level":"INFO","msg":"http_request","request_id":"req_XpgRqHSSqUI4GZKiUGvCFA","method":"GET","route":"/api/v1/me/batches/{batch_id}","status":200,"duration_ms":1}
{"time":"2026-09-28T16:36:06.547567+08:00","level":"INFO","msg":"http_request","request_id":"req_saAzLwjJQBHW2_5pfCP6ww","method":"GET","route":"/api/v1/bootstrap","status":200,"duration_ms":0}
{"time":"2026-09-28T16:36:06.555827+08:00","level":"INFO","msg":"http_request","request_id":"req_bI-22WzvqtObbkPobP-x1Q","method":"POST","route":"/api/v1/analytics/events","status":204,"duration_ms":2}
{"time":"2026-09-28T16:36:06.914718+08:00","level":"INFO","msg":"http_request","request_id":"req_70rXzC0pXcTLx07aHg5-dA","method":"GET","route":"/api/v1/bootstrap","status":200,"duration_ms":0}
{"time":"2026-09-28T16:36:06.921804+08:00","level":"INFO","msg":"http_request","request_id":"req_HGNeRiDFFk6jVBHT8G-2BQ","method":"PATCH","route":"/api/v1/me/batches/{batch_id}","status":200,"duration_ms":2}
{"time":"2026-09-28T16:36:07.854478+08:00","level":"INFO","msg":"http_request","request_id":"req_31YJsK4TCEpyZBrQAO-dFw","method":"GET","route":"/api/v1/bootstrap","status":200,"duration_ms":0}
{"time":"2026-09-28T16:36:07.860072+08:00","level":"INFO","msg":"http_request","request_id":"req_Yl79zpcTijXABh5S_CYreQ","method":"PATCH","route":"/api/v1/me/batches/{batch_id}","status":200,"duration_ms":1}
{"time":"2026-09-28T16:36:10.34071+08:00","level":"INFO","msg":"http_request","request_id":"req_MmYRxf_TX7a9XTiGm-_rvw","method":"GET","route":"/api/v1/bootstrap","status":200,"duration_ms":0}
{"time":"2026-09-28T16:36:10.342049+08:00","level":"INFO","msg":"http_request","request_id":"req_DgSPkJN1h_R4nLvxDP3yeg","method":"GET","route":"/api/v1/me/account","status":200,"duration_ms":0}
{"time":"2026-09-28T16:36:10.345274+08:00","level":"INFO","msg":"http_request","request_id":"req_EUHFKP_rI8vDJv3_Wg-Mng","method":"GET","route":"/api/v1/me/batches/{batch_id}","status":200,"duration_ms":1}
{"time":"2026-09-28T16:36:10.404255+08:00","level":"INFO","msg":"http_request","request_id":"req_H8Uw0rN6dAaf05fQJChTHg","method":"GET","route":"/api/v1/bootstrap","status":200,"duration_ms":0}
{"time":"2026-09-28T16:36:10.417791+08:00","level":"INFO","msg":"http_request","request_id":"req_Ms2E8GBzHwWF7oUvuAT50g","method":"POST","route":"/api/v1/analytics/events","status":204,"duration_ms":2}
{"time":"2026-09-28T16:36:10.780462+08:00","level":"INFO","msg":"http_request","request_id":"req_aTs95p6rMlQlLtFgLPiGWg","method":"GET","route":"/api/v1/bootstrap","status":200,"duration_ms":0}
{"time":"2026-09-28T16:36:10.856763+08:00","level":"INFO","msg":"http_request","request_id":"req_wvZkFbAGck7yZyeHou9UVw","method":"POST","route":"/api/v1/auth/login","status":200,"duration_ms":74}
{"time":"2026-09-28T16:36:10.859053+08:00","level":"INFO","msg":"http_request","request_id":"req_eqFJ-7ZAQEfpQVAE_SIUcg","method":"GET","route":"/api/v1/bootstrap","status":200,"duration_ms":0}
{"time":"2026-09-28T16:36:10.861301+08:00","level":"INFO","msg":"http_request","request_id":"req_5vV0hxhS8PDNLmHLEWHGlA","method":"PUT","route":"/api/v1/me/ui-locale","status":200,"duration_ms":0}
{"time":"2026-09-28T16:36:10.863059+08:00","level":"INFO","msg":"http_request","request_id":"req_jlDzJFogwd2fKYQye52wrw","method":"GET","route":"/api/v1/me/batches/{batch_id}","status":200,"duration_ms":0}
{"time":"2026-09-28T16:36:11.274035+08:00","level":"INFO","msg":"http_request","request_id":"req_sXiV6v4uD3QViLBkS5-daQ","method":"GET","route":"/api/v1/bootstrap","status":200,"duration_ms":0}
{"time":"2026-09-28T16:36:11.275441+08:00","level":"INFO","msg":"http_request","request_id":"req_sxvAlMEKs6OeKLqhJ2Ctag","method":"GET","route":"/api/v1/me/account","status":200,"duration_ms":0}
{"time":"2026-09-28T16:36:11.278365+08:00","level":"INFO","msg":"http_request","request_id":"req_RUAR4y3PbJAXGkxYNf9uWg","method":"GET","route":"/api/v1/me/batches/{batch_id}","status":200,"duration_ms":0}
{"time":"2026-09-28T16:36:11.393803+08:00","level":"INFO","msg":"http_request","request_id":"req_f7zW1AUyFbByB2Bu2MMLiw","method":"GET","route":"/api/v1/bootstrap","status":200,"duration_ms":0}
{"time":"2026-09-28T16:36:11.399744+08:00","level":"INFO","msg":"http_request","request_id":"req_e9egK4DtHoTo_c6Ma9CG2g","method":"POST","route":"/api/v1/analytics/events","status":204,"duration_ms":1}
{"time":"2026-09-28T16:36:11.74767+08:00","level":"INFO","msg":"http_request","request_id":"req_ezKw-wx8pQr8SLvaRsztjQ","method":"GET","route":"/api/v1/bootstrap","status":200,"duration_ms":0}
{"time":"2026-09-28T16:36:11.75283+08:00","level":"INFO","msg":"http_request","request_id":"req_lpUsGCf3DYMYcOcTSw0hWw","method":"PATCH","route":"/api/v1/me/batches/{batch_id}","status":200,"duration_ms":1}
{"time":"2026-09-28T16:36:12.64324+08:00","level":"INFO","msg":"http_request","request_id":"req_8kKqmX5sXn8TVlvk5yFdKw","method":"GET","route":"/api/v1/bootstrap","status":200,"duration_ms":0}
{"time":"2026-09-28T16:36:12.648588+08:00","level":"INFO","msg":"http_request","request_id":"req_MMEaNcMFrGViE2Ou09vJdg","method":"PATCH","route":"/api/v1/me/batches/{batch_id}","status":200,"duration_ms":1}
{"time":"2026-09-28T16:36:15.082654+08:00","level":"INFO","msg":"http_request","request_id":"req_ljH04dkRJzLFYjYipEl2cA","method":"GET","route":"/api/v1/bootstrap","status":200,"duration_ms":0}
{"time":"2026-09-28T16:36:15.083764+08:00","level":"INFO","msg":"http_request","request_id":"req_r8gV0-5QoQ_F7ZLD48WffQ","method":"GET","route":"/api/v1/me/account","status":200,"duration_ms":0}
{"time":"2026-09-28T16:36:15.086163+08:00","level":"INFO","msg":"http_request","request_id":"req_ktjXy-53wk6Gl-OndQOqeA","method":"GET","route":"/api/v1/me/batches/{batch_id}","status":200,"duration_ms":0}
{"time":"2026-09-28T16:36:15.142134+08:00","level":"INFO","msg":"http_request","request_id":"req_imdRyCzd6IeKBt2ph5ZCJw","method":"GET","route":"/api/v1/bootstrap","status":200,"duration_ms":0}
{"time":"2026-09-28T16:36:15.154442+08:00","level":"INFO","msg":"http_request","request_id":"req_dXUAW7zEPSg8yiMQs3p4qA","method":"POST","route":"/api/v1/analytics/events","status":204,"duration_ms":1}
