
Running 16 tests using 1 worker

(node:31703) Warning: The 'NO_COLOR' env is ignored due to the 'FORCE_COLOR' env being set.
(Use `node --trace-warnings ...` to show where the warning was created)


[1/16] [chromium1440] › tests/e2e/m002-uat-fixes.spec.ts:34:5 › UAT23 en › authentication errors retain actionable text and use a compact outline icon
[2/16] [chromium1440] › tests/e2e/m002-uat-fixes.spec.ts:95:5 › UAT23 en › review and library go directly to authentication and return after login
[3/16] [chromium1440] › tests/e2e/m002-uat-fixes.spec.ts:139:5 › UAT23 en › plan fields match the approved groups and persist confirmed edits
[4/16] [chromium1440] › tests/e2e/m002-uat-fixes.spec.ts:202:5 › UAT23 en › login reminders preserve prototype hierarchy, pagination and welcome layer
[5/16] [chromium1440] › tests/e2e/m002-uat-fixes.spec.ts:34:5 › UAT23 zh › authentication errors retain actionable text and use a compact outline icon
[6/16] [chromium1440] › tests/e2e/m002-uat-fixes.spec.ts:95:5 › UAT23 zh › review and library go directly to authentication and return after login
[7/16] [chromium1440] › tests/e2e/m002-uat-fixes.spec.ts:139:5 › UAT23 zh › plan fields match the approved groups and persist confirmed edits
[8/16] [chromium1440] › tests/e2e/m002-uat-fixes.spec.ts:202:5 › UAT23 zh › login reminders preserve prototype hierarchy, pagination and welcome layer
(node:32053) Warning: The 'NO_COLOR' env is ignored due to the 'FORCE_COLOR' env being set.
(Use `node --trace-warnings ...` to show where the warning was created)


[9/16] [webkit390] › tests/e2e/m002-uat-fixes.spec.ts:34:5 › UAT23 en › authentication errors retain actionable text and use a compact outline icon
[10/16] [webkit390] › tests/e2e/m002-uat-fixes.spec.ts:95:5 › UAT23 en › review and library go directly to authentication and return after login
[11/16] [webkit390] › tests/e2e/m002-uat-fixes.spec.ts:139:5 › UAT23 en › plan fields match the approved groups and persist confirmed edits
[12/16] [webkit390] › tests/e2e/m002-uat-fixes.spec.ts:202:5 › UAT23 en › login reminders preserve prototype hierarchy, pagination and welcome layer
[13/16] [webkit390] › tests/e2e/m002-uat-fixes.spec.ts:34:5 › UAT23 zh › authentication errors retain actionable text and use a compact outline icon
[14/16] [webkit390] › tests/e2e/m002-uat-fixes.spec.ts:95:5 › UAT23 zh › review and library go directly to authentication and return after login
[15/16] [webkit390] › tests/e2e/m002-uat-fixes.spec.ts:139:5 › UAT23 zh › plan fields match the approved groups and persist confirmed edits
[16/16] [webkit390] › tests/e2e/m002-uat-fixes.spec.ts:202:5 › UAT23 zh › login reminders preserve prototype hierarchy, pagination and welcome layer
  16 passed (15.8s)
