
Running 16 tests using 1 worker

(node:19538) Warning: The 'NO_COLOR' env is ignored due to the 'FORCE_COLOR' env being set.
(Use `node --trace-warnings ...` to show where the warning was created)


[1/16] [chromium1440] › tests/e2e/m002-uat-fixes.spec.ts:34:5 › UAT23 en › authentication errors retain actionable text and use a compact outline icon
[2/16] [chromium1440] › tests/e2e/m002-uat-fixes.spec.ts:95:5 › UAT23 en › review and library go directly to authentication and return after login
  1) [chromium1440] › tests/e2e/m002-uat-fixes.spec.ts:95:5 › UAT23 en › review and library go directly to authentication and return after login 

    Error: expect(locator).toHaveCount(expected) failed

    Locator:  locator('.auth-gate')
    Expected: 0
    Received: 1
    Timeout:  5000ms

    Call log:
      - Expect "toHaveCount" with timeout 5000ms
      - waiting for locator('.auth-gate')
        14 × locator resolved to 1 element
           - unexpected value "1"


      113 |         );
      114 |         await ready(page);
    > 115 |         await expect(page.locator(".auth-gate")).toHaveCount(0);
          |                                                  ^
      116 |         await expect(
      117 |           page.locator('.auth-form input[autocomplete="username"]'),
      118 |         ).toBeVisible();
        at /Users/xekinzhuo/Desktop/xekin_develop/ai-en-learning-development/ai-en-learning/frontend/tests/e2e/m002-uat-fixes.spec.ts:115:50

    Error Context: ../../../../../../../var/folders/z9/99ckxr957v901zwwc8jdk8640000gn/T/wordweave-cr023-browser-r8ow6ghq/test-results/m002-uat-fixes-UAT23-en-re-09fc8-tion-and-return-after-login-chromium1440/error-context.md

    attachment #2: trace (application/zip) ─────────────────────────────────────────────────────────
    ../../../../../../../var/folders/z9/99ckxr957v901zwwc8jdk8640000gn/T/wordweave-cr023-browser-r8ow6ghq/test-results/m002-uat-fixes-UAT23-en-re-09fc8-tion-and-return-after-login-chromium1440/trace.zip
    Usage:

        pnpm exec playwright show-trace ../../../../../../../var/folders/z9/99ckxr957v901zwwc8jdk8640000gn/T/wordweave-cr023-browser-r8ow6ghq/test-results/m002-uat-fixes-UAT23-en-re-09fc8-tion-and-return-after-login-chromium1440/trace.zip

    ────────────────────────────────────────────────────────────────────────────────────────────────


(node:19892) Warning: The 'NO_COLOR' env is ignored due to the 'FORCE_COLOR' env being set.
(Use `node --trace-warnings ...` to show where the warning was created)


[3/16] [chromium1440] › tests/e2e/m002-uat-fixes.spec.ts:139:5 › UAT23 en › plan fields match the approved groups and persist confirmed edits
[4/16] [chromium1440] › tests/e2e/m002-uat-fixes.spec.ts:202:5 › UAT23 en › login reminders preserve prototype hierarchy, pagination and welcome layer
[5/16] [chromium1440] › tests/e2e/m002-uat-fixes.spec.ts:34:5 › UAT23 zh › authentication errors retain actionable text and use a compact outline icon
[6/16] [chromium1440] › tests/e2e/m002-uat-fixes.spec.ts:95:5 › UAT23 zh › review and library go directly to authentication and return after login
  2) [chromium1440] › tests/e2e/m002-uat-fixes.spec.ts:95:5 › UAT23 zh › review and library go directly to authentication and return after login 

    Error: expect(locator).toHaveCount(expected) failed

    Locator:  locator('.auth-gate')
    Expected: 0
    Received: 1
    Timeout:  5000ms

    Call log:
      - Expect "toHaveCount" with timeout 5000ms
      - waiting for locator('.auth-gate')
        14 × locator resolved to 1 element
           - unexpected value "1"


      113 |         );
      114 |         await ready(page);
    > 115 |         await expect(page.locator(".auth-gate")).toHaveCount(0);
          |                                                  ^
      116 |         await expect(
      117 |           page.locator('.auth-form input[autocomplete="username"]'),
      118 |         ).toBeVisible();
        at /Users/xekinzhuo/Desktop/xekin_develop/ai-en-learning-development/ai-en-learning/frontend/tests/e2e/m002-uat-fixes.spec.ts:115:50

    Error Context: ../../../../../../../var/folders/z9/99ckxr957v901zwwc8jdk8640000gn/T/wordweave-cr023-browser-r8ow6ghq/test-results/m002-uat-fixes-UAT23-zh-re-997c4-tion-and-return-after-login-chromium1440/error-context.md

    attachment #2: trace (application/zip) ─────────────────────────────────────────────────────────
    ../../../../../../../var/folders/z9/99ckxr957v901zwwc8jdk8640000gn/T/wordweave-cr023-browser-r8ow6ghq/test-results/m002-uat-fixes-UAT23-zh-re-997c4-tion-and-return-after-login-chromium1440/trace.zip
    Usage:

        pnpm exec playwright show-trace ../../../../../../../var/folders/z9/99ckxr957v901zwwc8jdk8640000gn/T/wordweave-cr023-browser-r8ow6ghq/test-results/m002-uat-fixes-UAT23-zh-re-997c4-tion-and-return-after-login-chromium1440/trace.zip

    ────────────────────────────────────────────────────────────────────────────────────────────────


(node:20305) Warning: The 'NO_COLOR' env is ignored due to the 'FORCE_COLOR' env being set.
(Use `node --trace-warnings ...` to show where the warning was created)


[7/16] [chromium1440] › tests/e2e/m002-uat-fixes.spec.ts:139:5 › UAT23 zh › plan fields match the approved groups and persist confirmed edits
[8/16] [chromium1440] › tests/e2e/m002-uat-fixes.spec.ts:202:5 › UAT23 zh › login reminders preserve prototype hierarchy, pagination and welcome layer
(node:20535) Warning: The 'NO_COLOR' env is ignored due to the 'FORCE_COLOR' env being set.
(Use `node --trace-warnings ...` to show where the warning was created)


[9/16] [webkit390] › tests/e2e/m002-uat-fixes.spec.ts:34:5 › UAT23 en › authentication errors retain actionable text and use a compact outline icon
[10/16] [webkit390] › tests/e2e/m002-uat-fixes.spec.ts:95:5 › UAT23 en › review and library go directly to authentication and return after login
  3) [webkit390] › tests/e2e/m002-uat-fixes.spec.ts:95:5 › UAT23 en › review and library go directly to authentication and return after login 

    Error: expect(locator).toHaveCount(expected) failed

    Locator:  locator('.auth-gate')
    Expected: 0
    Received: 1
    Timeout:  5000ms

    Call log:
      - Expect "toHaveCount" with timeout 5000ms
      - waiting for locator('.auth-gate')
        14 × locator resolved to 1 element
           - unexpected value "1"


      113 |         );
      114 |         await ready(page);
    > 115 |         await expect(page.locator(".auth-gate")).toHaveCount(0);
          |                                                  ^
      116 |         await expect(
      117 |           page.locator('.auth-form input[autocomplete="username"]'),
      118 |         ).toBeVisible();
        at /Users/xekinzhuo/Desktop/xekin_develop/ai-en-learning-development/ai-en-learning/frontend/tests/e2e/m002-uat-fixes.spec.ts:115:50

    Error Context: ../../../../../../../var/folders/z9/99ckxr957v901zwwc8jdk8640000gn/T/wordweave-cr023-browser-r8ow6ghq/test-results/m002-uat-fixes-UAT23-en-re-09fc8-tion-and-return-after-login-webkit390/error-context.md

    attachment #2: trace (application/zip) ─────────────────────────────────────────────────────────
    ../../../../../../../var/folders/z9/99ckxr957v901zwwc8jdk8640000gn/T/wordweave-cr023-browser-r8ow6ghq/test-results/m002-uat-fixes-UAT23-en-re-09fc8-tion-and-return-after-login-webkit390/trace.zip
    Usage:

        pnpm exec playwright show-trace ../../../../../../../var/folders/z9/99ckxr957v901zwwc8jdk8640000gn/T/wordweave-cr023-browser-r8ow6ghq/test-results/m002-uat-fixes-UAT23-en-re-09fc8-tion-and-return-after-login-webkit390/trace.zip

    ────────────────────────────────────────────────────────────────────────────────────────────────


(node:21227) Warning: The 'NO_COLOR' env is ignored due to the 'FORCE_COLOR' env being set.
(Use `node --trace-warnings ...` to show where the warning was created)


[11/16] [webkit390] › tests/e2e/m002-uat-fixes.spec.ts:139:5 › UAT23 en › plan fields match the approved groups and persist confirmed edits
[12/16] [webkit390] › tests/e2e/m002-uat-fixes.spec.ts:202:5 › UAT23 en › login reminders preserve prototype hierarchy, pagination and welcome layer
[13/16] [webkit390] › tests/e2e/m002-uat-fixes.spec.ts:34:5 › UAT23 zh › authentication errors retain actionable text and use a compact outline icon
[14/16] [webkit390] › tests/e2e/m002-uat-fixes.spec.ts:95:5 › UAT23 zh › review and library go directly to authentication and return after login
  4) [webkit390] › tests/e2e/m002-uat-fixes.spec.ts:95:5 › UAT23 zh › review and library go directly to authentication and return after login 

    Error: expect(locator).toHaveCount(expected) failed

    Locator:  locator('.auth-gate')
    Expected: 0
    Received: 1
    Timeout:  5000ms

    Call log:
      - Expect "toHaveCount" with timeout 5000ms
      - waiting for locator('.auth-gate')
        14 × locator resolved to 1 element
           - unexpected value "1"


      113 |         );
      114 |         await ready(page);
    > 115 |         await expect(page.locator(".auth-gate")).toHaveCount(0);
          |                                                  ^
      116 |         await expect(
      117 |           page.locator('.auth-form input[autocomplete="username"]'),
      118 |         ).toBeVisible();
        at /Users/xekinzhuo/Desktop/xekin_develop/ai-en-learning-development/ai-en-learning/frontend/tests/e2e/m002-uat-fixes.spec.ts:115:50

    Error Context: ../../../../../../../var/folders/z9/99ckxr957v901zwwc8jdk8640000gn/T/wordweave-cr023-browser-r8ow6ghq/test-results/m002-uat-fixes-UAT23-zh-re-997c4-tion-and-return-after-login-webkit390/error-context.md

    attachment #2: trace (application/zip) ─────────────────────────────────────────────────────────
    ../../../../../../../var/folders/z9/99ckxr957v901zwwc8jdk8640000gn/T/wordweave-cr023-browser-r8ow6ghq/test-results/m002-uat-fixes-UAT23-zh-re-997c4-tion-and-return-after-login-webkit390/trace.zip
    Usage:

        pnpm exec playwright show-trace ../../../../../../../var/folders/z9/99ckxr957v901zwwc8jdk8640000gn/T/wordweave-cr023-browser-r8ow6ghq/test-results/m002-uat-fixes-UAT23-zh-re-997c4-tion-and-return-after-login-webkit390/trace.zip

    ────────────────────────────────────────────────────────────────────────────────────────────────


(node:21573) Warning: The 'NO_COLOR' env is ignored due to the 'FORCE_COLOR' env being set.
(Use `node --trace-warnings ...` to show where the warning was created)


[15/16] [webkit390] › tests/e2e/m002-uat-fixes.spec.ts:139:5 › UAT23 zh › plan fields match the approved groups and persist confirmed edits
[16/16] [webkit390] › tests/e2e/m002-uat-fixes.spec.ts:202:5 › UAT23 zh › login reminders preserve prototype hierarchy, pagination and welcome layer
  4 failed
    [chromium1440] › tests/e2e/m002-uat-fixes.spec.ts:95:5 › UAT23 en › review and library go directly to authentication and return after login 
    [chromium1440] › tests/e2e/m002-uat-fixes.spec.ts:95:5 › UAT23 zh › review and library go directly to authentication and return after login 
    [webkit390] › tests/e2e/m002-uat-fixes.spec.ts:95:5 › UAT23 en › review and library go directly to authentication and return after login 
    [webkit390] › tests/e2e/m002-uat-fixes.spec.ts:95:5 › UAT23 zh › review and library go directly to authentication and return after login 
  12 passed (35.7s)
