ℹ Building client...
ℹ vite v8.2.2 building client environment for production...
transforming...
✓ 573 modules transformed.
rendering chunks...
computing gzip size...
ℹ ../../../../../../../var/folders/z9/99ckxr957v901zwwc8jdk8640000gn/T/wordweave-cr023-build-VoXtEG/.nuxt/dist/client/manifest.json                  24.38 kB │ gzip:  2.41 kB
../../../../../../../var/folders/z9/99ckxr957v901zwwc8jdk8640000gn/T/wordweave-cr023-build-VoXtEG/.nuxt/dist/client/_nuxt/analytics.SFhFgM4I.css    0.94 kB │ gzip:  0.34 kB
../../../../../../../var/folders/z9/99ckxr957v901zwwc8jdk8640000gn/T/wordweave-cr023-build-VoXtEG/.nuxt/dist/client/_nuxt/error-500.BCwb1ls_.css    1.90 kB │ gzip:  0.72 kB
../../../../../../../var/folders/z9/99ckxr957v901zwwc8jdk8640000gn/T/wordweave-cr023-build-VoXtEG/.nuxt/dist/client/_nuxt/error-404.DtX14caB.css    2.42 kB │ gzip:  0.85 kB
../../../../../../../var/folders/z9/99ckxr957v901zwwc8jdk8640000gn/T/wordweave-cr023-build-VoXtEG/.nuxt/dist/client/_nuxt/entry.8cm_G-JU.css       64.91 kB │ gzip: 13.59 kB
../../../../../../../var/folders/z9/99ckxr957v901zwwc8jdk8640000gn/T/wordweave-cr023-build-VoXtEG/.nuxt/dist/client/_nuxt/CNs_Ozdc.js               0.02 kB │ gzip:  0.04 kB
../../../../../../../var/folders/z9/99ckxr957v901zwwc8jdk8640000gn/T/wordweave-cr023-build-VoXtEG/.nuxt/dist/client/_nuxt/BDNMzG2s.js               0.08 kB │ gzip:  0.09 kB
../../../../../../../var/folders/z9/99ckxr957v901zwwc8jdk8640000gn/T/wordweave-cr023-build-VoXtEG/.nuxt/dist/client/_nuxt/CSWe-Lkt.js               0.10 kB │ gzip:  0.10 kB
../../../../../../../var/folders/z9/99ckxr957v901zwwc8jdk8640000gn/T/wordweave-cr023-build-VoXtEG/.nuxt/dist/client/_nuxt/CVd6l7ad.js               0.11 kB │ gzip:  0.10 kB
../../../../../../../var/folders/z9/99ckxr957v901zwwc8jdk8640000gn/T/wordweave-cr023-build-VoXtEG/.nuxt/dist/client/_nuxt/BtM1RiEk.js               0.13 kB │ gzip:  0.12 kB
../../../../../../../var/folders/z9/99ckxr957v901zwwc8jdk8640000gn/T/wordweave-cr023-build-VoXtEG/.nuxt/dist/client/_nuxt/CtLoWwMR.js               0.14 kB │ gzip:  0.13 kB
../../../../../../../var/folders/z9/99ckxr957v901zwwc8jdk8640000gn/T/wordweave-cr023-build-VoXtEG/.nuxt/dist/client/_nuxt/CQjLEwyC.js               0.23 kB │ gzip:  0.18 kB
../../../../../../../var/folders/z9/99ckxr957v901zwwc8jdk8640000gn/T/wordweave-cr023-build-VoXtEG/.nuxt/dist/client/_nuxt/BvP9HOPg.js               0.23 kB │ gzip:  0.19 kB
../../../../../../../var/folders/z9/99ckxr957v901zwwc8jdk8640000gn/T/wordweave-cr023-build-VoXtEG/.nuxt/dist/client/_nuxt/BcmnoBS-.js               0.23 kB │ gzip:  0.19 kB
../../../../../../../var/folders/z9/99ckxr957v901zwwc8jdk8640000gn/T/wordweave-cr023-build-VoXtEG/.nuxt/dist/client/_nuxt/D_pcH8yN.js               0.23 kB │ gzip:  0.19 kB
../../../../../../../var/folders/z9/99ckxr957v901zwwc8jdk8640000gn/T/wordweave-cr023-build-VoXtEG/.nuxt/dist/client/_nuxt/CS35-tbQ.js               0.25 kB │ gzip:  0.20 kB
../../../../../../../var/folders/z9/99ckxr957v901zwwc8jdk8640000gn/T/wordweave-cr023-build-VoXtEG/.nuxt/dist/client/_nuxt/BCV0MyGW.js               0.28 kB │ gzip:  0.21 kB
../../../../../../../var/folders/z9/99ckxr957v901zwwc8jdk8640000gn/T/wordweave-cr023-build-VoXtEG/.nuxt/dist/client/_nuxt/CAo6W09z.js               0.38 kB │ gzip:  0.25 kB
../../../../../../../var/folders/z9/99ckxr957v901zwwc8jdk8640000gn/T/wordweave-cr023-build-VoXtEG/.nuxt/dist/client/_nuxt/U3tNJEvM.js               0.42 kB │ gzip:  0.30 kB
../../../../../../../var/folders/z9/99ckxr957v901zwwc8jdk8640000gn/T/wordweave-cr023-build-VoXtEG/.nuxt/dist/client/_nuxt/WqizIAGF.js               0.61 kB │ gzip:  0.41 kB
../../../../../../../var/folders/z9/99ckxr957v901zwwc8jdk8640000gn/T/wordweave-cr023-build-VoXtEG/.nuxt/dist/client/_nuxt/DcViFzIV.js               0.68 kB │ gzip:  0.43 kB
../../../../../../../var/folders/z9/99ckxr957v901zwwc8jdk8640000gn/T/wordweave-cr023-build-VoXtEG/.nuxt/dist/client/_nuxt/9GTn-b58.js               0.71 kB │ gzip:  0.41 kB
../../../../../../../var/folders/z9/99ckxr957v901zwwc8jdk8640000gn/T/wordweave-cr023-build-VoXtEG/.nuxt/dist/client/_nuxt/Cfcg-Fi9.js               1.14 kB │ gzip:  0.48 kB
../../../../../../../var/folders/z9/99ckxr957v901zwwc8jdk8640000gn/T/wordweave-cr023-build-VoXtEG/.nuxt/dist/client/_nuxt/UJIc1-E9.js               1.23 kB │ gzip:  0.66 kB
../../../../../../../var/folders/z9/99ckxr957v901zwwc8jdk8640000gn/T/wordweave-cr023-build-VoXtEG/.nuxt/dist/client/_nuxt/BNHcy7Bg.js               1.31 kB │ gzip:  0.55 kB
../../../../../../../var/folders/z9/99ckxr957v901zwwc8jdk8640000gn/T/wordweave-cr023-build-VoXtEG/.nuxt/dist/client/_nuxt/CFQYipdC.js               1.92 kB │ gzip:  0.90 kB
../../../../../../../var/folders/z9/99ckxr957v901zwwc8jdk8640000gn/T/wordweave-cr023-build-VoXtEG/.nuxt/dist/client/_nuxt/BCXVeM7W.js               2.03 kB │ gzip:  0.89 kB
../../../../../../../var/folders/z9/99ckxr957v901zwwc8jdk8640000gn/T/wordweave-cr023-build-VoXtEG/.nuxt/dist/client/_nuxt/B6-10HvO.js               2.05 kB │ gzip:  0.88 kB
../../../../../../../var/folders/z9/99ckxr957v901zwwc8jdk8640000gn/T/wordweave-cr023-build-VoXtEG/.nuxt/dist/client/_nuxt/WotKBIa9.js               2.29 kB │ gzip:  1.09 kB
../../../../../../../var/folders/z9/99ckxr957v901zwwc8jdk8640000gn/T/wordweave-cr023-build-VoXtEG/.nuxt/dist/client/_nuxt/DYA2rhi9.js               2.32 kB │ gzip:  1.00 kB
../../../../../../../var/folders/z9/99ckxr957v901zwwc8jdk8640000gn/T/wordweave-cr023-build-VoXtEG/.nuxt/dist/client/_nuxt/BTilXFj5.js               2.35 kB │ gzip:  1.13 kB
../../../../../../../var/folders/z9/99ckxr957v901zwwc8jdk8640000gn/T/wordweave-cr023-build-VoXtEG/.nuxt/dist/client/_nuxt/oc7UUt1H.js               2.41 kB │ gzip:  1.06 kB
../../../../../../../var/folders/z9/99ckxr957v901zwwc8jdk8640000gn/T/wordweave-cr023-build-VoXtEG/.nuxt/dist/client/_nuxt/CnXrlRX4.js               2.77 kB │ gzip:  1.21 kB
../../../../../../../var/folders/z9/99ckxr957v901zwwc8jdk8640000gn/T/wordweave-cr023-build-VoXtEG/.nuxt/dist/client/_nuxt/VTSZeDvl.js               3.40 kB │ gzip:  1.53 kB
../../../../../../../var/folders/z9/99ckxr957v901zwwc8jdk8640000gn/T/wordweave-cr023-build-VoXtEG/.nuxt/dist/client/_nuxt/UKYR4FuE.js               3.53 kB │ gzip:  1.58 kB
../../../../../../../var/folders/z9/99ckxr957v901zwwc8jdk8640000gn/T/wordweave-cr023-build-VoXtEG/.nuxt/dist/client/_nuxt/DKfrAMTE.js               3.72 kB │ gzip:  1.69 kB
../../../../../../../var/folders/z9/99ckxr957v901zwwc8jdk8640000gn/T/wordweave-cr023-build-VoXtEG/.nuxt/dist/client/_nuxt/Cv2es8O1.js               4.04 kB │ gzip:  1.69 kB
../../../../../../../var/folders/z9/99ckxr957v901zwwc8jdk8640000gn/T/wordweave-cr023-build-VoXtEG/.nuxt/dist/client/_nuxt/DDw2JLL-.js               4.18 kB │ gzip:  1.79 kB
../../../../../../../var/folders/z9/99ckxr957v901zwwc8jdk8640000gn/T/wordweave-cr023-build-VoXtEG/.nuxt/dist/client/_nuxt/idIgFrSc.js               4.45 kB │ gzip:  1.80 kB
../../../../../../../var/folders/z9/99ckxr957v901zwwc8jdk8640000gn/T/wordweave-cr023-build-VoXtEG/.nuxt/dist/client/_nuxt/CNS5u8Sq.js               5.14 kB │ gzip:  1.67 kB
../../../../../../../var/folders/z9/99ckxr957v901zwwc8jdk8640000gn/T/wordweave-cr023-build-VoXtEG/.nuxt/dist/client/_nuxt/DFVOI9Nj.js               5.91 kB │ gzip:  2.42 kB
../../../../../../../var/folders/z9/99ckxr957v901zwwc8jdk8640000gn/T/wordweave-cr023-build-VoXtEG/.nuxt/dist/client/_nuxt/CX6_Fje4.js               6.11 kB │ gzip:  2.90 kB
../../../../../../../var/folders/z9/99ckxr957v901zwwc8jdk8640000gn/T/wordweave-cr023-build-VoXtEG/.nuxt/dist/client/_nuxt/HoOaGL1K.js               6.31 kB │ gzip:  2.61 kB
../../../../../../../var/folders/z9/99ckxr957v901zwwc8jdk8640000gn/T/wordweave-cr023-build-VoXtEG/.nuxt/dist/client/_nuxt/CV8wmWsw.js               6.35 kB │ gzip:  2.81 kB
../../../../../../../var/folders/z9/99ckxr957v901zwwc8jdk8640000gn/T/wordweave-cr023-build-VoXtEG/.nuxt/dist/client/_nuxt/D4GRNlu4.js               6.62 kB │ gzip:  2.13 kB
../../../../../../../var/folders/z9/99ckxr957v901zwwc8jdk8640000gn/T/wordweave-cr023-build-VoXtEG/.nuxt/dist/client/_nuxt/CXCw2V-i.js               7.14 kB │ gzip:  2.88 kB
../../../../../../../var/folders/z9/99ckxr957v901zwwc8jdk8640000gn/T/wordweave-cr023-build-VoXtEG/.nuxt/dist/client/_nuxt/CLyfmn_A.js               8.09 kB │ gzip:  3.09 kB
../../../../../../../var/folders/z9/99ckxr957v901zwwc8jdk8640000gn/T/wordweave-cr023-build-VoXtEG/.nuxt/dist/client/_nuxt/-Hokc_d5.js               8.09 kB │ gzip:  3.10 kB
../../../../../../../var/folders/z9/99ckxr957v901zwwc8jdk8640000gn/T/wordweave-cr023-build-VoXtEG/.nuxt/dist/client/_nuxt/BTrhxus6.js               8.10 kB │ gzip:  2.35 kB
../../../../../../../var/folders/z9/99ckxr957v901zwwc8jdk8640000gn/T/wordweave-cr023-build-VoXtEG/.nuxt/dist/client/_nuxt/-2gv3VcN.js               8.23 kB │ gzip:  2.98 kB
../../../../../../../var/folders/z9/99ckxr957v901zwwc8jdk8640000gn/T/wordweave-cr023-build-VoXtEG/.nuxt/dist/client/_nuxt/eifArZYn.js               9.03 kB │ gzip:  2.88 kB
../../../../../../../var/folders/z9/99ckxr957v901zwwc8jdk8640000gn/T/wordweave-cr023-build-VoXtEG/.nuxt/dist/client/_nuxt/DeVAbjHr.js               9.27 kB │ gzip:  3.92 kB
../../../../../../../var/folders/z9/99ckxr957v901zwwc8jdk8640000gn/T/wordweave-cr023-build-VoXtEG/.nuxt/dist/client/_nuxt/CuO02jdd.js               9.31 kB │ gzip:  3.04 kB
../../../../../../../var/folders/z9/99ckxr957v901zwwc8jdk8640000gn/T/wordweave-cr023-build-VoXtEG/.nuxt/dist/client/_nuxt/uEfhn784.js              10.27 kB │ gzip:  3.61 kB
../../../../../../../var/folders/z9/99ckxr957v901zwwc8jdk8640000gn/T/wordweave-cr023-build-VoXtEG/.nuxt/dist/client/_nuxt/CyHQDNb8.js              11.63 kB │ gzip:  4.03 kB
../../../../../../../var/folders/z9/99ckxr957v901zwwc8jdk8640000gn/T/wordweave-cr023-build-VoXtEG/.nuxt/dist/client/_nuxt/z0RYu8aB.js              12.69 kB │ gzip:  4.12 kB
../../../../../../../var/folders/z9/99ckxr957v901zwwc8jdk8640000gn/T/wordweave-cr023-build-VoXtEG/.nuxt/dist/client/_nuxt/DyUM36y0.js              13.46 kB │ gzip:  5.77 kB
../../../../../../../var/folders/z9/99ckxr957v901zwwc8jdk8640000gn/T/wordweave-cr023-build-VoXtEG/.nuxt/dist/client/_nuxt/sW5dLEli.js              13.75 kB │ gzip:  4.79 kB
../../../../../../../var/folders/z9/99ckxr957v901zwwc8jdk8640000gn/T/wordweave-cr023-build-VoXtEG/.nuxt/dist/client/_nuxt/DM1iXSuU.js              16.54 kB │ gzip:  5.34 kB
../../../../../../../var/folders/z9/99ckxr957v901zwwc8jdk8640000gn/T/wordweave-cr023-build-VoXtEG/.nuxt/dist/client/_nuxt/B4hnJx_D.js              16.94 kB │ gzip:  4.10 kB
../../../../../../../var/folders/z9/99ckxr957v901zwwc8jdk8640000gn/T/wordweave-cr023-build-VoXtEG/.nuxt/dist/client/_nuxt/BJKzGHC-.js              18.98 kB │ gzip:  5.99 kB
../../../../../../../var/folders/z9/99ckxr957v901zwwc8jdk8640000gn/T/wordweave-cr023-build-VoXtEG/.nuxt/dist/client/_nuxt/CSZdCp-w.js              22.63 kB │ gzip:  7.75 kB
../../../../../../../var/folders/z9/99ckxr957v901zwwc8jdk8640000gn/T/wordweave-cr023-build-VoXtEG/.nuxt/dist/client/_nuxt/CR3TYojE.js              23.08 kB │ gzip:  7.45 kB
../../../../../../../var/folders/z9/99ckxr957v901zwwc8jdk8640000gn/T/wordweave-cr023-build-VoXtEG/.nuxt/dist/client/_nuxt/BOtDSVk5.js              34.59 kB │ gzip:  9.71 kB
../../../../../../../var/folders/z9/99ckxr957v901zwwc8jdk8640000gn/T/wordweave-cr023-build-VoXtEG/.nuxt/dist/client/_nuxt/D-VbHypG.js              49.47 kB │ gzip: 17.06 kB
../../../../../../../var/folders/z9/99ckxr957v901zwwc8jdk8640000gn/T/wordweave-cr023-build-VoXtEG/.nuxt/dist/client/_nuxt/DyjLnLfz.js              87.22 kB │ gzip: 33.69 kB
../../../../../../../var/folders/z9/99ckxr957v901zwwc8jdk8640000gn/T/wordweave-cr023-build-VoXtEG/.nuxt/dist/client/_nuxt/i-Ra_ZYy.js             304.30 kB │ gzip: 93.94 kB

ℹ ✓ built in 4.26s

 WARN  [33m[PLUGIN_TIMINGS] [0mYour build spent 96% of 4.2s inside plugin hooks (4.1s).
Measured inside the callback, so queue time is excluded and time the callback itself awaited is not:
  - vite-plugin-checker buildEnd (53%, 2.2s, 1 call)
Those rows are 53% of the build; the rest of the 96% is below.
Not measurable — 2 hooks whose calls overlap, so elapsed time covers work other calls were doing. Profile with node --cpu-prof:
  - nuxt:ssr-styles:client resolveId (144 calls)
  - nuxt:resolve-bare-imports resolveId (29 calls)
See https://rolldown.rs/reference/InputOptions.checks#plugintimings for more details.


✔ Client built in 4299ms
ℹ Building server...
ℹ vite v8.2.2 building ssr environment for production...
transforming...
✓ 388 modules transformed.
rendering chunks...
ℹ ../../../../../../../var/folders/z9/99ckxr957v901zwwc8jdk8640000gn/T/wordweave-cr023-build-VoXtEG/.nuxt/dist/server/_nuxt/analytics-styles.COS2yGzo.mjs            0.08 kB
../../../../../../../var/folders/z9/99ckxr957v901zwwc8jdk8640000gn/T/wordweave-cr023-build-VoXtEG/.nuxt/dist/server/_nuxt/error-404-styles.UP1AHB9m.mjs            0.08 kB
../../../../../../../var/folders/z9/99ckxr957v901zwwc8jdk8640000gn/T/wordweave-cr023-build-VoXtEG/.nuxt/dist/server/_nuxt/error-500-styles.CvfOP9g8.mjs            0.08 kB
../../../../../../../var/folders/z9/99ckxr957v901zwwc8jdk8640000gn/T/wordweave-cr023-build-VoXtEG/.nuxt/dist/server/styles.mjs                                     0.72 kB
../../../../../../../var/folders/z9/99ckxr957v901zwwc8jdk8640000gn/T/wordweave-cr023-build-VoXtEG/.nuxt/dist/server/_nuxt/_plugin-vue_export-helper-BOaGB7Aw.js    0.26 kB
../../../../../../../var/folders/z9/99ckxr957v901zwwc8jdk8640000gn/T/wordweave-cr023-build-VoXtEG/.nuxt/dist/server/_nuxt/page-loader-JPF-RMuF.js                  0.29 kB │ map:     0.52 kB
../../../../../../../var/folders/z9/99ckxr957v901zwwc8jdk8640000gn/T/wordweave-cr023-build-VoXtEG/.nuxt/dist/server/_nuxt/feedback-CSGOUqZ6.js                     0.31 kB │ map:     0.44 kB
../../../../../../../var/folders/z9/99ckxr957v901zwwc8jdk8640000gn/T/wordweave-cr023-build-VoXtEG/.nuxt/dist/server/_nuxt/use-localized-head-BZkVOXIg.js           0.35 kB │ map:     0.51 kB
../../../../../../../var/folders/z9/99ckxr957v901zwwc8jdk8640000gn/T/wordweave-cr023-build-VoXtEG/.nuxt/dist/server/_nuxt/pages-SZovAAnJ.js                        0.36 kB │ map:     1.92 kB
../../../../../../../var/folders/z9/99ckxr957v901zwwc8jdk8640000gn/T/wordweave-cr023-build-VoXtEG/.nuxt/dist/server/_nuxt/private-state-DI-39Uck.js                0.43 kB │ map:     0.64 kB
../../../../../../../var/folders/z9/99ckxr957v901zwwc8jdk8640000gn/T/wordweave-cr023-build-VoXtEG/.nuxt/dist/server/_nuxt/use-design-copy-DAtFtba3.js              0.51 kB │ map:     0.84 kB
../../../../../../../var/folders/z9/99ckxr957v901zwwc8jdk8640000gn/T/wordweave-cr023-build-VoXtEG/.nuxt/dist/server/_nuxt/analytics-events-jab_Nw06.js             0.57 kB │ map:     2.68 kB
../../../../../../../var/folders/z9/99ckxr957v901zwwc8jdk8640000gn/T/wordweave-cr023-build-VoXtEG/.nuxt/dist/server/_nuxt/admin-isVjBARg.js                        0.83 kB │ map:     0.61 kB
../../../../../../../var/folders/z9/99ckxr957v901zwwc8jdk8640000gn/T/wordweave-cr023-build-VoXtEG/.nuxt/dist/server/_nuxt/learner-Dziumkt7.js                      0.85 kB │ map:     0.70 kB
../../../../../../../var/folders/z9/99ckxr957v901zwwc8jdk8640000gn/T/wordweave-cr023-build-VoXtEG/.nuxt/dist/server/_nuxt/guest-D9L-hj5R.js                        0.89 kB │ map:     0.71 kB
../../../../../../../var/folders/z9/99ckxr957v901zwwc8jdk8640000gn/T/wordweave-cr023-build-VoXtEG/.nuxt/dist/server/_nuxt/learner-login-BywbOXmQ.js                1.20 kB │ map:     1.30 kB
../../../../../../../var/folders/z9/99ckxr957v901zwwc8jdk8640000gn/T/wordweave-cr023-build-VoXtEG/.nuxt/dist/server/_nuxt/items-YJEz5bEJ.js                        1.21 kB │ map:     0.69 kB
../../../../../../../var/folders/z9/99ckxr957v901zwwc8jdk8640000gn/T/wordweave-cr023-build-VoXtEG/.nuxt/dist/server/_nuxt/create-CMaA-JJT.js                       1.22 kB │ map:     0.65 kB
../../../../../../../var/folders/z9/99ckxr957v901zwwc8jdk8640000gn/T/wordweave-cr023-build-VoXtEG/.nuxt/dist/server/_nuxt/exchange-BqA3OdfE.js                     1.28 kB │ map:     0.78 kB
../../../../../../../var/folders/z9/99ckxr957v901zwwc8jdk8640000gn/T/wordweave-cr023-build-VoXtEG/.nuxt/dist/server/_nuxt/analytics-styles-1.mjs-Cd-vY-BB.js       1.30 kB │ map:    13.60 kB
../../../../../../../var/folders/z9/99ckxr957v901zwwc8jdk8640000gn/T/wordweave-cr023-build-VoXtEG/.nuxt/dist/server/_nuxt/growth-drafts-g6NGAUre.js                1.37 kB │ map:     6.79 kB
../../../../../../../var/folders/z9/99ckxr957v901zwwc8jdk8640000gn/T/wordweave-cr023-build-VoXtEG/.nuxt/dist/server/_nuxt/BrandMark-Dfw0giN0.js                    1.40 kB │ map:     0.92 kB
../../../../../../../var/folders/z9/99ckxr957v901zwwc8jdk8640000gn/T/wordweave-cr023-build-VoXtEG/.nuxt/dist/server/_nuxt/_presetId_-CD14I-f_.js                   1.50 kB │ map:     1.05 kB
../../../../../../../var/folders/z9/99ckxr957v901zwwc8jdk8640000gn/T/wordweave-cr023-build-VoXtEG/.nuxt/dist/server/_nuxt/head-CAxsOjq1.js                         1.62 kB │ map:     4.51 kB
../../../../../../../var/folders/z9/99ckxr957v901zwwc8jdk8640000gn/T/wordweave-cr023-build-VoXtEG/.nuxt/dist/server/_nuxt/AppError-DCeFX4TF.js                     1.74 kB │ map:     1.68 kB
../../../../../../../var/folders/z9/99ckxr957v901zwwc8jdk8640000gn/T/wordweave-cr023-build-VoXtEG/.nuxt/dist/server/_nuxt/return-intent-CO5nbQnf.js                1.92 kB │ map:     4.46 kB
../../../../../../../var/folders/z9/99ckxr957v901zwwc8jdk8640000gn/T/wordweave-cr023-build-VoXtEG/.nuxt/dist/server/_nuxt/use-display-formatters-XSNkA8bB.js       1.98 kB │ map:     3.91 kB
../../../../../../../var/folders/z9/99ckxr957v901zwwc8jdk8640000gn/T/wordweave-cr023-build-VoXtEG/.nuxt/dist/server/_nuxt/_batchId_--Hgx-zOa.js                    2.03 kB │ map:     2.54 kB
../../../../../../../var/folders/z9/99ckxr957v901zwwc8jdk8640000gn/T/wordweave-cr023-build-VoXtEG/.nuxt/dist/server/_nuxt/error-500-styles-1.mjs-BIY4rstB.js       2.44 kB │ map:     5.40 kB
../../../../../../../var/folders/z9/99ckxr957v901zwwc8jdk8640000gn/T/wordweave-cr023-build-VoXtEG/.nuxt/dist/server/_nuxt/presets-r6YfVsX1.js                      2.53 kB │ map:     4.58 kB
../../../../../../../var/folders/z9/99ckxr957v901zwwc8jdk8640000gn/T/wordweave-cr023-build-VoXtEG/.nuxt/dist/server/_nuxt/AppDialog-BG2ctKZj.js                    2.75 kB │ map:     4.49 kB
../../../../../../../var/folders/z9/99ckxr957v901zwwc8jdk8640000gn/T/wordweave-cr023-build-VoXtEG/.nuxt/dist/server/_nuxt/GenerationSettings-072BWZXm.js           2.75 kB │ map:     3.83 kB
../../../../../../../var/folders/z9/99ckxr957v901zwwc8jdk8640000gn/T/wordweave-cr023-build-VoXtEG/.nuxt/dist/server/_nuxt/ssr-P5-N59i1.js                          2.93 kB │ map:     5.69 kB
../../../../../../../var/folders/z9/99ckxr957v901zwwc8jdk8640000gn/T/wordweave-cr023-build-VoXtEG/.nuxt/dist/server/_nuxt/error-404-styles-1.mjs-DwzLrrzA.js       2.97 kB │ map:     6.05 kB
../../../../../../../var/folders/z9/99ckxr957v901zwwc8jdk8640000gn/T/wordweave-cr023-build-VoXtEG/.nuxt/dist/server/_nuxt/AccountPage-sVdj5HVa.js                  3.14 kB │ map:     2.35 kB
../../../../../../../var/folders/z9/99ckxr957v901zwwc8jdk8640000gn/T/wordweave-cr023-build-VoXtEG/.nuxt/dist/server/_nuxt/analytics-BsAGmbyZ.js                    3.76 kB │ map:     7.18 kB
../../../../../../../var/folders/z9/99ckxr957v901zwwc8jdk8640000gn/T/wordweave-cr023-build-VoXtEG/.nuxt/dist/server/_nuxt/AccountShell-B-rVmJf_.js                 4.45 kB │ map:     6.98 kB
../../../../../../../var/folders/z9/99ckxr957v901zwwc8jdk8640000gn/T/wordweave-cr023-build-VoXtEG/.nuxt/dist/server/_nuxt/error-500-ByV5bne8.js                    4.66 kB │ map:     5.73 kB
../../../../../../../var/folders/z9/99ckxr957v901zwwc8jdk8640000gn/T/wordweave-cr023-build-VoXtEG/.nuxt/dist/server/_nuxt/admin-jsbkpCk4.js                        4.87 kB │ map:     7.66 kB
../../../../../../../var/folders/z9/99ckxr957v901zwwc8jdk8640000gn/T/wordweave-cr023-build-VoXtEG/.nuxt/dist/server/_nuxt/error-404-DXy7A_7c.js                    5.36 kB │ map:     6.53 kB
../../../../../../../var/folders/z9/99ckxr957v901zwwc8jdk8640000gn/T/wordweave-cr023-build-VoXtEG/.nuxt/dist/server/_nuxt/login-De3LaCIF.js                        5.53 kB │ map:    12.85 kB
../../../../../../../var/folders/z9/99ckxr957v901zwwc8jdk8640000gn/T/wordweave-cr023-build-VoXtEG/.nuxt/dist/server/_nuxt/admin-BZTMMe9g.js                        5.63 kB │ map:     8.89 kB
../../../../../../../var/folders/z9/99ckxr957v901zwwc8jdk8640000gn/T/wordweave-cr023-build-VoXtEG/.nuxt/dist/server/_nuxt/register-l5JubAax.js                     6.12 kB │ map:    14.76 kB
../../../../../../../var/folders/z9/99ckxr957v901zwwc8jdk8640000gn/T/wordweave-cr023-build-VoXtEG/.nuxt/dist/server/_nuxt/learner-access-CoxdQkm5.js               6.60 kB │ map:     9.03 kB
../../../../../../../var/folders/z9/99ckxr957v901zwwc8jdk8640000gn/T/wordweave-cr023-build-VoXtEG/.nuxt/dist/server/_nuxt/pages-Dc4tv9FR.js                        7.02 kB │ map:    13.03 kB
../../../../../../../var/folders/z9/99ckxr957v901zwwc8jdk8640000gn/T/wordweave-cr023-build-VoXtEG/.nuxt/dist/server/_nuxt/notices-BAFhkqs1.js                      7.74 kB │ map:    12.85 kB
../../../../../../../var/folders/z9/99ckxr957v901zwwc8jdk8640000gn/T/wordweave-cr023-build-VoXtEG/.nuxt/dist/server/_nuxt/BatchParticipation-Br8kAWxm.js           8.74 kB │ map:    16.24 kB
../../../../../../../var/folders/z9/99ckxr957v901zwwc8jdk8640000gn/T/wordweave-cr023-build-VoXtEG/.nuxt/dist/server/_nuxt/session-lNQYU_y4.js                      8.80 kB │ map:    21.73 kB
../../../../../../../var/folders/z9/99ckxr957v901zwwc8jdk8640000gn/T/wordweave-cr023-build-VoXtEG/.nuxt/dist/server/_nuxt/error-CHyAA2_Q.js                        8.83 kB │ map:    23.41 kB
../../../../../../../var/folders/z9/99ckxr957v901zwwc8jdk8640000gn/T/wordweave-cr023-build-VoXtEG/.nuxt/dist/server/_nuxt/default-rmnWmN-5.js                      9.66 kB │ map:    17.50 kB
../../../../../../../var/folders/z9/99ckxr957v901zwwc8jdk8640000gn/T/wordweave-cr023-build-VoXtEG/.nuxt/dist/server/_nuxt/users-CD4A-TBD.js                       10.24 kB │ map:    21.85 kB
../../../../../../../var/folders/z9/99ckxr957v901zwwc8jdk8640000gn/T/wordweave-cr023-build-VoXtEG/.nuxt/dist/server/_nuxt/nuxt-CgL3RsVE.js                        12.67 kB │ map:    33.79 kB
../../../../../../../var/folders/z9/99ckxr957v901zwwc8jdk8640000gn/T/wordweave-cr023-build-VoXtEG/.nuxt/dist/server/_nuxt/explore-COF_WPYB.js                     12.93 kB │ map:    31.87 kB
../../../../../../../var/folders/z9/99ckxr957v901zwwc8jdk8640000gn/T/wordweave-cr023-build-VoXtEG/.nuxt/dist/server/_nuxt/notices-D2aN0Rzg.js                     14.39 kB │ map:    34.26 kB
../../../../../../../var/folders/z9/99ckxr957v901zwwc8jdk8640000gn/T/wordweave-cr023-build-VoXtEG/.nuxt/dist/server/_nuxt/admin-xRzMWsdX.js                       14.91 kB │ map:    31.27 kB
../../../../../../../var/folders/z9/99ckxr957v901zwwc8jdk8640000gn/T/wordweave-cr023-build-VoXtEG/.nuxt/dist/server/_nuxt/AppIcon-CgyYWrB_.js                     17.78 kB │ map:    50.10 kB
../../../../../../../var/folders/z9/99ckxr957v901zwwc8jdk8640000gn/T/wordweave-cr023-build-VoXtEG/.nuxt/dist/server/_nuxt/plans-0mjWC6KP.js                       18.23 kB │ map:    41.20 kB
../../../../../../../var/folders/z9/99ckxr957v901zwwc8jdk8640000gn/T/wordweave-cr023-build-VoXtEG/.nuxt/dist/server/_nuxt/_batchId_-BoLoSHNG.js                   19.79 kB │ map:    26.85 kB
../../../../../../../var/folders/z9/99ckxr957v901zwwc8jdk8640000gn/T/wordweave-cr023-build-VoXtEG/.nuxt/dist/server/_nuxt/models-BAd1NTq3.js                      21.00 kB │ map:    40.95 kB
../../../../../../../var/folders/z9/99ckxr957v901zwwc8jdk8640000gn/T/wordweave-cr023-build-VoXtEG/.nuxt/dist/server/_nuxt/devtools-CLRpXhL7-CYb7ggQw.js           21.27 kB │ map:    73.24 kB
../../../../../../../var/folders/z9/99ckxr957v901zwwc8jdk8640000gn/T/wordweave-cr023-build-VoXtEG/.nuxt/dist/server/_nuxt/analytics-B5BLvahg.js                   24.12 kB │ map:    47.31 kB
../../../../../../../var/folders/z9/99ckxr957v901zwwc8jdk8640000gn/T/wordweave-cr023-build-VoXtEG/.nuxt/dist/server/_nuxt/library-BfXvD1RU.js                     25.08 kB │ map:    38.50 kB
../../../../../../../var/folders/z9/99ckxr957v901zwwc8jdk8640000gn/T/wordweave-cr023-build-VoXtEG/.nuxt/dist/server/_nuxt/presets-X6hq_MUY.js                     26.30 kB │ map:    67.42 kB
../../../../../../../var/folders/z9/99ckxr957v901zwwc8jdk8640000gn/T/wordweave-cr023-build-VoXtEG/.nuxt/dist/server/_nuxt/review-D4W-JQ_d.js                      27.08 kB │ map:    50.11 kB
../../../../../../../var/folders/z9/99ckxr957v901zwwc8jdk8640000gn/T/wordweave-cr023-build-VoXtEG/.nuxt/dist/server/_nuxt/growth-DuDh_UHV.js                      27.46 kB │ map:    45.28 kB
../../../../../../../var/folders/z9/99ckxr957v901zwwc8jdk8640000gn/T/wordweave-cr023-build-VoXtEG/.nuxt/dist/server/_nuxt/GenerationWorkspace-hcTY4SG4.js         30.77 kB │ map:    83.87 kB
../../../../../../../var/folders/z9/99ckxr957v901zwwc8jdk8640000gn/T/wordweave-cr023-build-VoXtEG/.nuxt/dist/server/_nuxt/account-CyiUrwds.js                     31.03 kB │ map:    37.19 kB
../../../../../../../var/folders/z9/99ckxr957v901zwwc8jdk8640000gn/T/wordweave-cr023-build-VoXtEG/.nuxt/dist/server/_nuxt/ItemsWorkspace-BaGHkhl-.js              42.79 kB │ map:    64.83 kB
../../../../../../../var/folders/z9/99ckxr957v901zwwc8jdk8640000gn/T/wordweave-cr023-build-VoXtEG/.nuxt/dist/server/_nuxt/_userId_-Duw9xeCA.js                    44.52 kB │ map:    88.82 kB
../../../../../../../var/folders/z9/99ckxr957v901zwwc8jdk8640000gn/T/wordweave-cr023-build-VoXtEG/.nuxt/dist/server/_nuxt/_sessionId_-DN26esk3.js                 60.58 kB │ map:   111.55 kB
../../../../../../../var/folders/z9/99ckxr957v901zwwc8jdk8640000gn/T/wordweave-cr023-build-VoXtEG/.nuxt/dist/server/_nuxt/growth-BVWY2uqj.js                      67.87 kB │ map:   154.34 kB
../../../../../../../var/folders/z9/99ckxr957v901zwwc8jdk8640000gn/T/wordweave-cr023-build-VoXtEG/.nuxt/dist/server/server.mjs                                   422.38 kB │ map: 1,136.21 kB

ℹ ✓ built in 3.74s

 WARN  [33m[PLUGIN_TIMINGS] [0mYour build spent 97% of 3.7s inside plugin hooks (3.6s).
Measured inside the callback, so queue time is excluded and time the callback itself awaited is not:
  - vite-plugin-checker buildEnd (65%, 2.4s, 1 call)
Those rows are 65% of the build; the rest of the 97% is below.
Not measurable — 4 hooks whose calls overlap, so elapsed time covers work other calls were doing. Profile with node --cpu-prof:
  - nuxt:ssr-styles:ssr resolveId (142 calls)
  - nuxt:resolve-externals:external resolveId (43 calls)
  - nuxt:resolve-bare-imports resolveId (22 calls)
  … and 1 more
See https://rolldown.rs/reference/InputOptions.checks#plugintimings for more details.


✔ Server built in 3748ms
[nitro] ✔ Generated public ../../../../../../../var/folders/z9/99ckxr957v901zwwc8jdk8640000gn/T/wordweave-cr023-build-VoXtEG/.output/public
[nitro] ℹ Building Nuxt Nitro server (preset: node-server, compatibility date: 2026-09-01)
[plugin esbuild] ../../../../../../../private/var/folders/z9/99ckxr957v901zwwc8jdk8640000gn/T/wordweave-cr023-build-VoXtEG/.nuxt/dist/server/_nuxt/growth-DuDh_UHV.js: [esbuild] (../../../../../../../private/var/folders/z9/99ckxr957v901zwwc8jdk8640000gn/T/wordweave-cr023-build-VoXtEG/.nuxt/dist/server/_nuxt/growth-DuDh_UHV.js:182:18) Big integer literals are not available in the configured target environment ("es2019") and may crash at run-time
[plugin esbuild] ../../../../../../../private/var/folders/z9/99ckxr957v901zwwc8jdk8640000gn/T/wordweave-cr023-build-VoXtEG/.nuxt/dist/server/_nuxt/growth-DuDh_UHV.js: [esbuild] (../../../../../../../private/var/folders/z9/99ckxr957v901zwwc8jdk8640000gn/T/wordweave-cr023-build-VoXtEG/.nuxt/dist/server/_nuxt/growth-DuDh_UHV.js:182:68) Big integer literals are not available in the configured target environment ("es2019") and may crash at run-time
[plugin esbuild] ../../../../../../../private/var/folders/z9/99ckxr957v901zwwc8jdk8640000gn/T/wordweave-cr023-build-VoXtEG/.nuxt/dist/server/_nuxt/growth-drafts-g6NGAUre.js: [esbuild] (../../../../../../../private/var/folders/z9/99ckxr957v901zwwc8jdk8640000gn/T/wordweave-cr023-build-VoXtEG/.nuxt/dist/server/_nuxt/growth-drafts-g6NGAUre.js:2:82) Big integer literals are not available in the configured target environment ("es2019") and may crash at run-time
[nitro] ✔ Nuxt Nitro server built
  ├─ ../../../../../../../var/folders/z9/99ckxr957v901zwwc8jdk8640000gn/T/wordweave-cr023-build-VoXtEG/.output/server/chunks/_/_batchId_--Hgx-zOa.mjs (2.28 kB) (947 B gzip)
  ├─ ../../../../../../../var/folders/z9/99ckxr957v901zwwc8jdk8640000gn/T/wordweave-cr023-build-VoXtEG/.output/server/chunks/_/_batchId_--Hgx-zOa.mjs.map (1.58 kB) (650 B gzip)
  ├─ ../../../../../../../var/folders/z9/99ckxr957v901zwwc8jdk8640000gn/T/wordweave-cr023-build-VoXtEG/.output/server/chunks/_/_batchId_-BoLoSHNG.mjs (22.3 kB) (4.64 kB gzip)
  ├─ ../../../../../../../var/folders/z9/99ckxr957v901zwwc8jdk8640000gn/T/wordweave-cr023-build-VoXtEG/.output/server/chunks/_/_batchId_-BoLoSHNG.mjs.map (20.7 kB) (3.95 kB gzip)
  ├─ ../../../../../../../var/folders/z9/99ckxr957v901zwwc8jdk8640000gn/T/wordweave-cr023-build-VoXtEG/.output/server/chunks/_/_plugin-vue_export-helper-BOaGB7Aw.mjs (286 B) (206 B gzip)
  ├─ ../../../../../../../var/folders/z9/99ckxr957v901zwwc8jdk8640000gn/T/wordweave-cr023-build-VoXtEG/.output/server/chunks/_/_plugin-vue_export-helper-BOaGB7Aw.mjs.map (483 B) (310 B gzip)
  ├─ ../../../../../../../var/folders/z9/99ckxr957v901zwwc8jdk8640000gn/T/wordweave-cr023-build-VoXtEG/.output/server/chunks/_/_presetId_-CD14I-f_.mjs (2.25 kB) (923 B gzip)
  ├─ ../../../../../../../var/folders/z9/99ckxr957v901zwwc8jdk8640000gn/T/wordweave-cr023-build-VoXtEG/.output/server/chunks/_/_presetId_-CD14I-f_.mjs.map (1.09 kB) (513 B gzip)
  ├─ ../../../../../../../var/folders/z9/99ckxr957v901zwwc8jdk8640000gn/T/wordweave-cr023-build-VoXtEG/.output/server/chunks/_/_sessionId_-DN26esk3.mjs (68.9 kB) (12.9 kB gzip)
  ├─ ../../../../../../../var/folders/z9/99ckxr957v901zwwc8jdk8640000gn/T/wordweave-cr023-build-VoXtEG/.output/server/chunks/_/_sessionId_-DN26esk3.mjs.map (73.4 kB) (11.9 kB gzip)
  ├─ ../../../../../../../var/folders/z9/99ckxr957v901zwwc8jdk8640000gn/T/wordweave-cr023-build-VoXtEG/.output/server/chunks/_/_userId_-Duw9xeCA.mjs (48.4 kB) (9.75 kB gzip)
  ├─ ../../../../../../../var/folders/z9/99ckxr957v901zwwc8jdk8640000gn/T/wordweave-cr023-build-VoXtEG/.output/server/chunks/_/_userId_-Duw9xeCA.mjs.map (52 kB) (8.7 kB gzip)
  ├─ ../../../../../../../var/folders/z9/99ckxr957v901zwwc8jdk8640000gn/T/wordweave-cr023-build-VoXtEG/.output/server/chunks/_/account-CyiUrwds.mjs (34.8 kB) (4.53 kB gzip)
  ├─ ../../../../../../../var/folders/z9/99ckxr957v901zwwc8jdk8640000gn/T/wordweave-cr023-build-VoXtEG/.output/server/chunks/_/account-CyiUrwds.mjs.map (32 kB) (4.07 kB gzip)
  ├─ ../../../../../../../var/folders/z9/99ckxr957v901zwwc8jdk8640000gn/T/wordweave-cr023-build-VoXtEG/.output/server/chunks/_/AccountPage-sVdj5HVa.mjs (3.14 kB) (1.01 kB gzip)
  ├─ ../../../../../../../var/folders/z9/99ckxr957v901zwwc8jdk8640000gn/T/wordweave-cr023-build-VoXtEG/.output/server/chunks/_/AccountPage-sVdj5HVa.mjs.map (2.7 kB) (884 B gzip)
  ├─ ../../../../../../../var/folders/z9/99ckxr957v901zwwc8jdk8640000gn/T/wordweave-cr023-build-VoXtEG/.output/server/chunks/_/AccountShell-B-rVmJf_.mjs (4.65 kB) (1.48 kB gzip)
  ├─ ../../../../../../../var/folders/z9/99ckxr957v901zwwc8jdk8640000gn/T/wordweave-cr023-build-VoXtEG/.output/server/chunks/_/AccountShell-B-rVmJf_.mjs.map (4.11 kB) (1.19 kB gzip)
  ├─ ../../../../../../../var/folders/z9/99ckxr957v901zwwc8jdk8640000gn/T/wordweave-cr023-build-VoXtEG/.output/server/chunks/_/admin-BZTMMe9g.mjs (6.53 kB) (2.01 kB gzip)
  ├─ ../../../../../../../var/folders/z9/99ckxr957v901zwwc8jdk8640000gn/T/wordweave-cr023-build-VoXtEG/.output/server/chunks/_/admin-BZTMMe9g.mjs.map (5.85 kB) (1.47 kB gzip)
  ├─ ../../../../../../../var/folders/z9/99ckxr957v901zwwc8jdk8640000gn/T/wordweave-cr023-build-VoXtEG/.output/server/chunks/_/admin-isVjBARg.mjs (1.03 kB) (469 B gzip)
  ├─ ../../../../../../../var/folders/z9/99ckxr957v901zwwc8jdk8640000gn/T/wordweave-cr023-build-VoXtEG/.output/server/chunks/_/admin-isVjBARg.mjs.map (552 B) (333 B gzip)
  ├─ ../../../../../../../var/folders/z9/99ckxr957v901zwwc8jdk8640000gn/T/wordweave-cr023-build-VoXtEG/.output/server/chunks/_/admin-jsbkpCk4.mjs (5.6 kB) (1.81 kB gzip)
  ├─ ../../../../../../../var/folders/z9/99ckxr957v901zwwc8jdk8640000gn/T/wordweave-cr023-build-VoXtEG/.output/server/chunks/_/admin-jsbkpCk4.mjs.map (4.42 kB) (1.21 kB gzip)
  ├─ ../../../../../../../var/folders/z9/99ckxr957v901zwwc8jdk8640000gn/T/wordweave-cr023-build-VoXtEG/.output/server/chunks/_/admin-xRzMWsdX.mjs (16 kB) (3.19 kB gzip)
  ├─ ../../../../../../../var/folders/z9/99ckxr957v901zwwc8jdk8640000gn/T/wordweave-cr023-build-VoXtEG/.output/server/chunks/_/admin-xRzMWsdX.mjs.map (17.3 kB) (3.09 kB gzip)
  ├─ ../../../../../../../var/folders/z9/99ckxr957v901zwwc8jdk8640000gn/T/wordweave-cr023-build-VoXtEG/.output/server/chunks/_/analytics-B5BLvahg.mjs (27.5 kB) (6.17 kB gzip)
  ├─ ../../../../../../../var/folders/z9/99ckxr957v901zwwc8jdk8640000gn/T/wordweave-cr023-build-VoXtEG/.output/server/chunks/_/analytics-B5BLvahg.mjs.map (25.2 kB) (4.54 kB gzip)
  ├─ ../../../../../../../var/folders/z9/99ckxr957v901zwwc8jdk8640000gn/T/wordweave-cr023-build-VoXtEG/.output/server/chunks/_/analytics-BsAGmbyZ.mjs (3.77 kB) (1.27 kB gzip)
  ├─ ../../../../../../../var/folders/z9/99ckxr957v901zwwc8jdk8640000gn/T/wordweave-cr023-build-VoXtEG/.output/server/chunks/_/analytics-BsAGmbyZ.mjs.map (4.46 kB) (1.22 kB gzip)
  ├─ ../../../../../../../var/folders/z9/99ckxr957v901zwwc8jdk8640000gn/T/wordweave-cr023-build-VoXtEG/.output/server/chunks/_/analytics-events-jab_Nw06.mjs (498 B) (313 B gzip)
  ├─ ../../../../../../../var/folders/z9/99ckxr957v901zwwc8jdk8640000gn/T/wordweave-cr023-build-VoXtEG/.output/server/chunks/_/analytics-events-jab_Nw06.mjs.map (648 B) (371 B gzip)
  ├─ ../../../../../../../var/folders/z9/99ckxr957v901zwwc8jdk8640000gn/T/wordweave-cr023-build-VoXtEG/.output/server/chunks/_/analytics-styles.COS2yGzo.mjs (1.25 kB) (492 B gzip)
  ├─ ../../../../../../../var/folders/z9/99ckxr957v901zwwc8jdk8640000gn/T/wordweave-cr023-build-VoXtEG/.output/server/chunks/_/analytics-styles.COS2yGzo.mjs.map (504 B) (269 B gzip)
  ├─ ../../../../../../../var/folders/z9/99ckxr957v901zwwc8jdk8640000gn/T/wordweave-cr023-build-VoXtEG/.output/server/chunks/_/AppDialog-BG2ctKZj.mjs (2.74 kB) (1.07 kB gzip)
  ├─ ../../../../../../../var/folders/z9/99ckxr957v901zwwc8jdk8640000gn/T/wordweave-cr023-build-VoXtEG/.output/server/chunks/_/AppDialog-BG2ctKZj.mjs.map (2.65 kB) (916 B gzip)
  ├─ ../../../../../../../var/folders/z9/99ckxr957v901zwwc8jdk8640000gn/T/wordweave-cr023-build-VoXtEG/.output/server/chunks/_/AppError-DCeFX4TF.mjs (1.64 kB) (707 B gzip)
  ├─ ../../../../../../../var/folders/z9/99ckxr957v901zwwc8jdk8640000gn/T/wordweave-cr023-build-VoXtEG/.output/server/chunks/_/AppError-DCeFX4TF.mjs.map (1.52 kB) (623 B gzip)
  ├─ ../../../../../../../var/folders/z9/99ckxr957v901zwwc8jdk8640000gn/T/wordweave-cr023-build-VoXtEG/.output/server/chunks/_/AppIcon-CgyYWrB_.mjs (17.9 kB) (3.9 kB gzip)
  ├─ ../../../../../../../var/folders/z9/99ckxr957v901zwwc8jdk8640000gn/T/wordweave-cr023-build-VoXtEG/.output/server/chunks/_/AppIcon-CgyYWrB_.mjs.map (5.65 kB) (1.34 kB gzip)
  ├─ ../../../../../../../var/folders/z9/99ckxr957v901zwwc8jdk8640000gn/T/wordweave-cr023-build-VoXtEG/.output/server/chunks/_/BatchParticipation-Br8kAWxm.mjs (8.91 kB) (2.1 kB gzip)
  ├─ ../../../../../../../var/folders/z9/99ckxr957v901zwwc8jdk8640000gn/T/wordweave-cr023-build-VoXtEG/.output/server/chunks/_/BatchParticipation-Br8kAWxm.mjs.map (9.23 kB) (1.85 kB gzip)
  ├─ ../../../../../../../var/folders/z9/99ckxr957v901zwwc8jdk8640000gn/T/wordweave-cr023-build-VoXtEG/.output/server/chunks/_/BrandMark-Dfw0giN0.mjs (1.35 kB) (709 B gzip)
  ├─ ../../../../../../../var/folders/z9/99ckxr957v901zwwc8jdk8640000gn/T/wordweave-cr023-build-VoXtEG/.output/server/chunks/_/BrandMark-Dfw0giN0.mjs.map (940 B) (470 B gzip)
  ├─ ../../../../../../../var/folders/z9/99ckxr957v901zwwc8jdk8640000gn/T/wordweave-cr023-build-VoXtEG/.output/server/chunks/_/create-CMaA-JJT.mjs (2.01 kB) (836 B gzip)
  ├─ ../../../../../../../var/folders/z9/99ckxr957v901zwwc8jdk8640000gn/T/wordweave-cr023-build-VoXtEG/.output/server/chunks/_/create-CMaA-JJT.mjs.map (902 B) (454 B gzip)
  ├─ ../../../../../../../var/folders/z9/99ckxr957v901zwwc8jdk8640000gn/T/wordweave-cr023-build-VoXtEG/.output/server/chunks/_/default-rmnWmN-5.mjs (10.9 kB) (2.72 kB gzip)
  ├─ ../../../../../../../var/folders/z9/99ckxr957v901zwwc8jdk8640000gn/T/wordweave-cr023-build-VoXtEG/.output/server/chunks/_/default-rmnWmN-5.mjs.map (10.2 kB) (2.1 kB gzip)
  ├─ ../../../../../../../var/folders/z9/99ckxr957v901zwwc8jdk8640000gn/T/wordweave-cr023-build-VoXtEG/.output/server/chunks/_/error-404-DXy7A_7c.mjs (5.76 kB) (2.37 kB gzip)
  ├─ ../../../../../../../var/folders/z9/99ckxr957v901zwwc8jdk8640000gn/T/wordweave-cr023-build-VoXtEG/.output/server/chunks/_/error-404-DXy7A_7c.mjs.map (2.26 kB) (799 B gzip)
  ├─ ../../../../../../../var/folders/z9/99ckxr957v901zwwc8jdk8640000gn/T/wordweave-cr023-build-VoXtEG/.output/server/chunks/_/error-404-styles.UP1AHB9m.mjs (2.76 kB) (1 kB gzip)
  ├─ ../../../../../../../var/folders/z9/99ckxr957v901zwwc8jdk8640000gn/T/wordweave-cr023-build-VoXtEG/.output/server/chunks/_/error-404-styles.UP1AHB9m.mjs.map (504 B) (268 B gzip)
  ├─ ../../../../../../../var/folders/z9/99ckxr957v901zwwc8jdk8640000gn/T/wordweave-cr023-build-VoXtEG/.output/server/chunks/_/error-500-ByV5bne8.mjs (5.05 kB) (2.12 kB gzip)
  ├─ ../../../../../../../var/folders/z9/99ckxr957v901zwwc8jdk8640000gn/T/wordweave-cr023-build-VoXtEG/.output/server/chunks/_/error-500-ByV5bne8.mjs.map (1.76 kB) (642 B gzip)
  ├─ ../../../../../../../var/folders/z9/99ckxr957v901zwwc8jdk8640000gn/T/wordweave-cr023-build-VoXtEG/.output/server/chunks/_/error-500-styles.CvfOP9g8.mjs (2.23 kB) (877 B gzip)
  ├─ ../../../../../../../var/folders/z9/99ckxr957v901zwwc8jdk8640000gn/T/wordweave-cr023-build-VoXtEG/.output/server/chunks/_/error-500-styles.CvfOP9g8.mjs.map (504 B) (269 B gzip)
  ├─ ../../../../../../../var/folders/z9/99ckxr957v901zwwc8jdk8640000gn/T/wordweave-cr023-build-VoXtEG/.output/server/chunks/_/error-500.mjs (5.05 kB) (2.07 kB gzip)
  ├─ ../../../../../../../var/folders/z9/99ckxr957v901zwwc8jdk8640000gn/T/wordweave-cr023-build-VoXtEG/.output/server/chunks/_/error-500.mjs.map (366 B) (253 B gzip)
  ├─ ../../../../../../../var/folders/z9/99ckxr957v901zwwc8jdk8640000gn/T/wordweave-cr023-build-VoXtEG/.output/server/chunks/_/exchange-BqA3OdfE.mjs (1.98 kB) (827 B gzip)
  ├─ ../../../../../../../var/folders/z9/99ckxr957v901zwwc8jdk8640000gn/T/wordweave-cr023-build-VoXtEG/.output/server/chunks/_/exchange-BqA3OdfE.mjs.map (919 B) (457 B gzip)
  ├─ ../../../../../../../var/folders/z9/99ckxr957v901zwwc8jdk8640000gn/T/wordweave-cr023-build-VoXtEG/.output/server/chunks/_/explore-COF_WPYB.mjs (14 kB) (4.02 kB gzip)
  ├─ ../../../../../../../var/folders/z9/99ckxr957v901zwwc8jdk8640000gn/T/wordweave-cr023-build-VoXtEG/.output/server/chunks/_/explore-COF_WPYB.mjs.map (13.7 kB) (3.06 kB gzip)
  ├─ ../../../../../../../var/folders/z9/99ckxr957v901zwwc8jdk8640000gn/T/wordweave-cr023-build-VoXtEG/.output/server/chunks/_/GenerationSettings-072BWZXm.mjs (2.63 kB) (850 B gzip)
  ├─ ../../../../../../../var/folders/z9/99ckxr957v901zwwc8jdk8640000gn/T/wordweave-cr023-build-VoXtEG/.output/server/chunks/_/GenerationSettings-072BWZXm.mjs.map (2.09 kB) (701 B gzip)
  ├─ ../../../../../../../var/folders/z9/99ckxr957v901zwwc8jdk8640000gn/T/wordweave-cr023-build-VoXtEG/.output/server/chunks/_/GenerationWorkspace-hcTY4SG4.mjs (33.4 kB) (7.01 kB gzip)
  ├─ ../../../../../../../var/folders/z9/99ckxr957v901zwwc8jdk8640000gn/T/wordweave-cr023-build-VoXtEG/.output/server/chunks/_/GenerationWorkspace-hcTY4SG4.mjs.map (34 kB) (6.32 kB gzip)
  ├─ ../../../../../../../var/folders/z9/99ckxr957v901zwwc8jdk8640000gn/T/wordweave-cr023-build-VoXtEG/.output/server/chunks/_/growth-BVWY2uqj.mjs (74.4 kB) (12.9 kB gzip)
  ├─ ../../../../../../../var/folders/z9/99ckxr957v901zwwc8jdk8640000gn/T/wordweave-cr023-build-VoXtEG/.output/server/chunks/_/growth-BVWY2uqj.mjs.map (80.5 kB) (12.4 kB gzip)
  ├─ ../../../../../../../var/folders/z9/99ckxr957v901zwwc8jdk8640000gn/T/wordweave-cr023-build-VoXtEG/.output/server/chunks/_/growth-drafts-g6NGAUre.mjs (1.47 kB) (707 B gzip)
  ├─ ../../../../../../../var/folders/z9/99ckxr957v901zwwc8jdk8640000gn/T/wordweave-cr023-build-VoXtEG/.output/server/chunks/_/growth-drafts-g6NGAUre.mjs.map (1.98 kB) (715 B gzip)
  ├─ ../../../../../../../var/folders/z9/99ckxr957v901zwwc8jdk8640000gn/T/wordweave-cr023-build-VoXtEG/.output/server/chunks/_/growth-DuDh_UHV.mjs (30.2 kB) (6.07 kB gzip)
  ├─ ../../../../../../../var/folders/z9/99ckxr957v901zwwc8jdk8640000gn/T/wordweave-cr023-build-VoXtEG/.output/server/chunks/_/growth-DuDh_UHV.mjs.map (29.5 kB) (5.28 kB gzip)
  ├─ ../../../../../../../var/folders/z9/99ckxr957v901zwwc8jdk8640000gn/T/wordweave-cr023-build-VoXtEG/.output/server/chunks/_/guest-D9L-hj5R.mjs (1.13 kB) (528 B gzip)
  ├─ ../../../../../../../var/folders/z9/99ckxr957v901zwwc8jdk8640000gn/T/wordweave-cr023-build-VoXtEG/.output/server/chunks/_/guest-D9L-hj5R.mjs.map (683 B) (374 B gzip)
  ├─ ../../../../../../../var/folders/z9/99ckxr957v901zwwc8jdk8640000gn/T/wordweave-cr023-build-VoXtEG/.output/server/chunks/_/items-YJEz5bEJ.mjs (1.91 kB) (805 B gzip)
  ├─ ../../../../../../../var/folders/z9/99ckxr957v901zwwc8jdk8640000gn/T/wordweave-cr023-build-VoXtEG/.output/server/chunks/_/items-YJEz5bEJ.mjs.map (867 B) (440 B gzip)
  ├─ ../../../../../../../var/folders/z9/99ckxr957v901zwwc8jdk8640000gn/T/wordweave-cr023-build-VoXtEG/.output/server/chunks/_/ItemsWorkspace-BaGHkhl-.mjs (47.7 kB) (7.16 kB gzip)
  ├─ ../../../../../../../var/folders/z9/99ckxr957v901zwwc8jdk8640000gn/T/wordweave-cr023-build-VoXtEG/.output/server/chunks/_/ItemsWorkspace-BaGHkhl-.mjs.map (50 kB) (7.27 kB gzip)
  ├─ ../../../../../../../var/folders/z9/99ckxr957v901zwwc8jdk8640000gn/T/wordweave-cr023-build-VoXtEG/.output/server/chunks/_/learner-access-CoxdQkm5.mjs (6.38 kB) (1.86 kB gzip)
  ├─ ../../../../../../../var/folders/z9/99ckxr957v901zwwc8jdk8640000gn/T/wordweave-cr023-build-VoXtEG/.output/server/chunks/_/learner-access-CoxdQkm5.mjs.map (5.99 kB) (1.56 kB gzip)
  ├─ ../../../../../../../var/folders/z9/99ckxr957v901zwwc8jdk8640000gn/T/wordweave-cr023-build-VoXtEG/.output/server/chunks/_/learner-Dziumkt7.mjs (1.04 kB) (471 B gzip)
  ├─ ../../../../../../../var/folders/z9/99ckxr957v901zwwc8jdk8640000gn/T/wordweave-cr023-build-VoXtEG/.output/server/chunks/_/learner-Dziumkt7.mjs.map (551 B) (332 B gzip)
  ├─ ../../../../../../../var/folders/z9/99ckxr957v901zwwc8jdk8640000gn/T/wordweave-cr023-build-VoXtEG/.output/server/chunks/_/learner-login-BywbOXmQ.mjs (1.44 kB) (650 B gzip)
  ├─ ../../../../../../../var/folders/z9/99ckxr957v901zwwc8jdk8640000gn/T/wordweave-cr023-build-VoXtEG/.output/server/chunks/_/learner-login-BywbOXmQ.mjs.map (978 B) (471 B gzip)
  ├─ ../../../../../../../var/folders/z9/99ckxr957v901zwwc8jdk8640000gn/T/wordweave-cr023-build-VoXtEG/.output/server/chunks/_/library-BfXvD1RU.mjs (28 kB) (5.42 kB gzip)
  ├─ ../../../../../../../var/folders/z9/99ckxr957v901zwwc8jdk8640000gn/T/wordweave-cr023-build-VoXtEG/.output/server/chunks/_/library-BfXvD1RU.mjs.map (26.9 kB) (4.79 kB gzip)
  ├─ ../../../../../../../var/folders/z9/99ckxr957v901zwwc8jdk8640000gn/T/wordweave-cr023-build-VoXtEG/.output/server/chunks/_/login-De3LaCIF.mjs (5.93 kB) (1.92 kB gzip)
  ├─ ../../../../../../../var/folders/z9/99ckxr957v901zwwc8jdk8640000gn/T/wordweave-cr023-build-VoXtEG/.output/server/chunks/_/login-De3LaCIF.mjs.map (4.71 kB) (1.27 kB gzip)
  ├─ ../../../../../../../var/folders/z9/99ckxr957v901zwwc8jdk8640000gn/T/wordweave-cr023-build-VoXtEG/.output/server/chunks/_/models-BAd1NTq3.mjs (22.9 kB) (4.52 kB gzip)
  ├─ ../../../../../../../var/folders/z9/99ckxr957v901zwwc8jdk8640000gn/T/wordweave-cr023-build-VoXtEG/.output/server/chunks/_/models-BAd1NTq3.mjs.map (23.2 kB) (3.84 kB gzip)
  ├─ ../../../../../../../var/folders/z9/99ckxr957v901zwwc8jdk8640000gn/T/wordweave-cr023-build-VoXtEG/.output/server/chunks/_/notices-BAFhkqs1.mjs (8.56 kB) (2.47 kB gzip)
  ├─ ../../../../../../../var/folders/z9/99ckxr957v901zwwc8jdk8640000gn/T/wordweave-cr023-build-VoXtEG/.output/server/chunks/_/notices-BAFhkqs1.mjs.map (8.57 kB) (2.02 kB gzip)
  ├─ ../../../../../../../var/folders/z9/99ckxr957v901zwwc8jdk8640000gn/T/wordweave-cr023-build-VoXtEG/.output/server/chunks/_/notices-D2aN0Rzg.mjs (15.5 kB) (3.94 kB gzip)
  ├─ ../../../../../../../var/folders/z9/99ckxr957v901zwwc8jdk8640000gn/T/wordweave-cr023-build-VoXtEG/.output/server/chunks/_/notices-D2aN0Rzg.mjs.map (15.2 kB) (3.25 kB gzip)
  ├─ ../../../../../../../var/folders/z9/99ckxr957v901zwwc8jdk8640000gn/T/wordweave-cr023-build-VoXtEG/.output/server/chunks/_/page-loader-JPF-RMuF.mjs (248 B) (203 B gzip)
  ├─ ../../../../../../../var/folders/z9/99ckxr957v901zwwc8jdk8640000gn/T/wordweave-cr023-build-VoXtEG/.output/server/chunks/_/page-loader-JPF-RMuF.mjs.map (374 B) (272 B gzip)
  ├─ ../../../../../../../var/folders/z9/99ckxr957v901zwwc8jdk8640000gn/T/wordweave-cr023-build-VoXtEG/.output/server/chunks/_/pages-Dc4tv9FR.mjs (7.86 kB) (2.54 kB gzip)
  ├─ ../../../../../../../var/folders/z9/99ckxr957v901zwwc8jdk8640000gn/T/wordweave-cr023-build-VoXtEG/.output/server/chunks/_/pages-Dc4tv9FR.mjs.map (6.47 kB) (1.52 kB gzip)
  ├─ ../../../../../../../var/folders/z9/99ckxr957v901zwwc8jdk8640000gn/T/wordweave-cr023-build-VoXtEG/.output/server/chunks/_/plans-0mjWC6KP.mjs (20 kB) (4.46 kB gzip)
  ├─ ../../../../../../../var/folders/z9/99ckxr957v901zwwc8jdk8640000gn/T/wordweave-cr023-build-VoXtEG/.output/server/chunks/_/plans-0mjWC6KP.mjs.map (20.2 kB) (3.85 kB gzip)
  ├─ ../../../../../../../var/folders/z9/99ckxr957v901zwwc8jdk8640000gn/T/wordweave-cr023-build-VoXtEG/.output/server/chunks/_/presets-r6YfVsX1.mjs (2.57 kB) (803 B gzip)
  ├─ ../../../../../../../var/folders/z9/99ckxr957v901zwwc8jdk8640000gn/T/wordweave-cr023-build-VoXtEG/.output/server/chunks/_/presets-r6YfVsX1.mjs.map (2.99 kB) (818 B gzip)
  ├─ ../../../../../../../var/folders/z9/99ckxr957v901zwwc8jdk8640000gn/T/wordweave-cr023-build-VoXtEG/.output/server/chunks/_/presets-X6hq_MUY.mjs (29.6 kB) (6.38 kB gzip)
  ├─ ../../../../../../../var/folders/z9/99ckxr957v901zwwc8jdk8640000gn/T/wordweave-cr023-build-VoXtEG/.output/server/chunks/_/presets-X6hq_MUY.mjs.map (31.8 kB) (5.71 kB gzip)
  ├─ ../../../../../../../var/folders/z9/99ckxr957v901zwwc8jdk8640000gn/T/wordweave-cr023-build-VoXtEG/.output/server/chunks/_/register-l5JubAax.mjs (6.51 kB) (2.03 kB gzip)
  ├─ ../../../../../../../var/folders/z9/99ckxr957v901zwwc8jdk8640000gn/T/wordweave-cr023-build-VoXtEG/.output/server/chunks/_/register-l5JubAax.mjs.map (5.05 kB) (1.31 kB gzip)
  ├─ ../../../../../../../var/folders/z9/99ckxr957v901zwwc8jdk8640000gn/T/wordweave-cr023-build-VoXtEG/.output/server/chunks/_/return-intent-CO5nbQnf.mjs (1.97 kB) (808 B gzip)
  ├─ ../../../../../../../var/folders/z9/99ckxr957v901zwwc8jdk8640000gn/T/wordweave-cr023-build-VoXtEG/.output/server/chunks/_/return-intent-CO5nbQnf.mjs.map (2.6 kB) (827 B gzip)
  ├─ ../../../../../../../var/folders/z9/99ckxr957v901zwwc8jdk8640000gn/T/wordweave-cr023-build-VoXtEG/.output/server/chunks/_/review-D4W-JQ_d.mjs (28.9 kB) (6.61 kB gzip)
  ├─ ../../../../../../../var/folders/z9/99ckxr957v901zwwc8jdk8640000gn/T/wordweave-cr023-build-VoXtEG/.output/server/chunks/_/review-D4W-JQ_d.mjs.map (29.7 kB) (5.61 kB gzip)
  ├─ ../../../../../../../var/folders/z9/99ckxr957v901zwwc8jdk8640000gn/T/wordweave-cr023-build-VoXtEG/.output/server/chunks/_/use-design-copy-DAtFtba3.mjs (416 B) (295 B gzip)
  ├─ ../../../../../../../var/folders/z9/99ckxr957v901zwwc8jdk8640000gn/T/wordweave-cr023-build-VoXtEG/.output/server/chunks/_/use-design-copy-DAtFtba3.mjs.map (591 B) (354 B gzip)
  ├─ ../../../../../../../var/folders/z9/99ckxr957v901zwwc8jdk8640000gn/T/wordweave-cr023-build-VoXtEG/.output/server/chunks/_/use-display-formatters-XSNkA8bB.mjs (2.16 kB) (917 B gzip)
  ├─ ../../../../../../../var/folders/z9/99ckxr957v901zwwc8jdk8640000gn/T/wordweave-cr023-build-VoXtEG/.output/server/chunks/_/use-display-formatters-XSNkA8bB.mjs.map (2.71 kB) (835 B gzip)
  ├─ ../../../../../../../var/folders/z9/99ckxr957v901zwwc8jdk8640000gn/T/wordweave-cr023-build-VoXtEG/.output/server/chunks/_/use-localized-head-BZkVOXIg.mjs (270 B) (217 B gzip)
  ├─ ../../../../../../../var/folders/z9/99ckxr957v901zwwc8jdk8640000gn/T/wordweave-cr023-build-VoXtEG/.output/server/chunks/_/use-localized-head-BZkVOXIg.mjs.map (426 B) (289 B gzip)
  ├─ ../../../../../../../var/folders/z9/99ckxr957v901zwwc8jdk8640000gn/T/wordweave-cr023-build-VoXtEG/.output/server/chunks/_/users-CD4A-TBD.mjs (10.6 kB) (3.27 kB gzip)
  ├─ ../../../../../../../var/folders/z9/99ckxr957v901zwwc8jdk8640000gn/T/wordweave-cr023-build-VoXtEG/.output/server/chunks/_/users-CD4A-TBD.mjs.map (9.74 kB) (2.49 kB gzip)
  ├─ ../../../../../../../var/folders/z9/99ckxr957v901zwwc8jdk8640000gn/T/wordweave-cr023-build-VoXtEG/.output/server/chunks/nitro/nitro.mjs (219 kB) (54.9 kB gzip)
  ├─ ../../../../../../../var/folders/z9/99ckxr957v901zwwc8jdk8640000gn/T/wordweave-cr023-build-VoXtEG/.output/server/chunks/nitro/nitro.mjs.map (17.2 kB) (1.55 kB gzip)
  ├─ ../../../../../../../var/folders/z9/99ckxr957v901zwwc8jdk8640000gn/T/wordweave-cr023-build-VoXtEG/.output/server/chunks/raw/0286ed24.mjs (50.1 kB) (14.9 kB gzip)
  ├─ ../../../../../../../var/folders/z9/99ckxr957v901zwwc8jdk8640000gn/T/wordweave-cr023-build-VoXtEG/.output/server/chunks/raw/0286ed24.mjs.map (76 B) (89 B gzip)
  ├─ ../../../../../../../var/folders/z9/99ckxr957v901zwwc8jdk8640000gn/T/wordweave-cr023-build-VoXtEG/.output/server/chunks/raw/c75dadbf.mjs (49.1 kB) (16.5 kB gzip)
  ├─ ../../../../../../../var/folders/z9/99ckxr957v901zwwc8jdk8640000gn/T/wordweave-cr023-build-VoXtEG/.output/server/chunks/raw/c75dadbf.mjs.map (76 B) (89 B gzip)
  ├─ ../../../../../../../var/folders/z9/99ckxr957v901zwwc8jdk8640000gn/T/wordweave-cr023-build-VoXtEG/.output/server/chunks/routes/renderer.mjs (15.4 kB) (5.34 kB gzip)
  ├─ ../../../../../../../var/folders/z9/99ckxr957v901zwwc8jdk8640000gn/T/wordweave-cr023-build-VoXtEG/.output/server/chunks/routes/renderer.mjs.map (3.24 kB) (489 B gzip)
  ├─ ../../../../../../../var/folders/z9/99ckxr957v901zwwc8jdk8640000gn/T/wordweave-cr023-build-VoXtEG/.output/server/chunks/virtual/_virtual_spa-template.mjs (94 B) (100 B gzip)
  ├─ ../../../../../../../var/folders/z9/99ckxr957v901zwwc8jdk8640000gn/T/wordweave-cr023-build-VoXtEG/.output/server/chunks/virtual/_virtual_spa-template.mjs.map (88 B) (97 B gzip)
  ├─ ../../../../../../../var/folders/z9/99ckxr957v901zwwc8jdk8640000gn/T/wordweave-cr023-build-VoXtEG/.output/server/chunks/virtual/entry.mjs (464 kB) (107 kB gzip)
  ├─ ../../../../../../../var/folders/z9/99ckxr957v901zwwc8jdk8640000gn/T/wordweave-cr023-build-VoXtEG/.output/server/chunks/virtual/entry.mjs.map (2.84 kB) (778 B gzip)
  ├─ ../../../../../../../var/folders/z9/99ckxr957v901zwwc8jdk8640000gn/T/wordweave-cr023-build-VoXtEG/.output/server/chunks/virtual/precomputed.mjs (53.2 kB) (4.07 kB gzip)
  ├─ ../../../../../../../var/folders/z9/99ckxr957v901zwwc8jdk8640000gn/T/wordweave-cr023-build-VoXtEG/.output/server/chunks/virtual/precomputed.mjs.map (44.6 kB) (1.43 kB gzip)
  ├─ ../../../../../../../var/folders/z9/99ckxr957v901zwwc8jdk8640000gn/T/wordweave-cr023-build-VoXtEG/.output/server/chunks/virtual/styles.mjs (786 B) (354 B gzip)
  ├─ ../../../../../../../var/folders/z9/99ckxr957v901zwwc8jdk8640000gn/T/wordweave-cr023-build-VoXtEG/.output/server/chunks/virtual/styles.mjs.map (498 B) (275 B gzip)
  ├─ ../../../../../../../var/folders/z9/99ckxr957v901zwwc8jdk8640000gn/T/wordweave-cr023-build-VoXtEG/.output/server/index.mjs (374 B) (215 B gzip)
  └─ ../../../../../../../var/folders/z9/99ckxr957v901zwwc8jdk8640000gn/T/wordweave-cr023-build-VoXtEG/.output/server/package.json (1.27 kB) (497 B gzip)
Σ Total size: 5.26 MB (1.23 MB gzip)
[nitro] ✔ You can preview this build using node ../../../../../../../var/folders/z9/99ckxr957v901zwwc8jdk8640000gn/T/wordweave-cr023-build-VoXtEG/.output/server/index.mjs
