node:internal/modules/run_main:107
    triggerUncaughtException(
    ^

ExpectError: expect(received).toBe(expected) // Object.is equality

Expected: 200
Received: 404
    at captureRawStack (/Users/xekinzhuo/Desktop/xekin_develop/ai-en-learning-development/ai-en-learning/frontend/node_modules/.pnpm/playwright-core@1.62.1/node_modules/playwright-core/lib/coreBundle.js:9681:17)
    at callMatcherAsStep (/Users/xekinzhuo/Desktop/xekin_develop/ai-en-learning-development/ai-en-learning/frontend/node_modules/.pnpm/playwright@1.62.1/node_modules/playwright/lib/matchers/expect.js:13310:57)
    at Object.toBe (/Users/xekinzhuo/Desktop/xekin_develop/ai-en-learning-development/ai-en-learning/frontend/node_modules/.pnpm/playwright@1.62.1/node_modules/playwright/lib/matchers/expect.js:13300:23)
    at /Users/xekinzhuo/Desktop/xekin_develop/ai-en-learning-development/ai-en-learning/.planning/milestones/M002/delivery/provider-workspace-3302-20261002/smoke.mjs:12:103 {
  matcherResult: {
    actual: 404,
    expected: 200,
    message: 'expect(received).toBe(expected) // Object.is equality\n' +
      '\n' +
      'Expected: 200\n' +
      'Received: 404',
    name: 'toBe',
    pass: false
  }
}

Node.js v24.21.0
